$ vitest --config=vitest.config.ts run .

 RUN  v4.1.5 C:/Users/Alexa/Desktop/SandBox/Banking

(node:18916) Warning: `--localstorage-file` was provided without a valid path
(Use `node --trace-warnings ...` to show where the warning was created)
(node:16164) Warning: `--localstorage-file` was provided without a valid path
(Use `node --trace-warnings ...` to show where the warning was created)
(node:7776) Warning: `--localstorage-file` was provided without a valid path
(Use `node --trace-warnings ...` to show where the warning was created)
(node:18836) Warning: `--localstorage-file` was provided without a valid path
(Use `node --trace-warnings ...` to show where the warning was created)
(node:6512) Warning: `--localstorage-file` was provided without a valid path
(Use `node --trace-warnings ...` to show where the warning was created)
(node:18604) Warning: `--localstorage-file` was provided without a valid path
(Use `node --trace-warnings ...` to show where the warning was created)
(node:1868) Warning: `--localstorage-file` was provided without a valid path
(Use `node --trace-warnings ...` to show where the warning was created)
[90m12:28:14:131[0m [34m[interceptor-source:apply][0m applying the interceptor...
[90m12:28:14:130[0m [34m[interceptor-source:apply][0m applying the interceptor...
[90m12:28:14:219[0m [34m[interceptor-source:apply][0m no running instance found, setting up a new instance...
[90m12:28:13:943[0m [34m[interceptor-source:apply][0m applying the interceptor...
[90m12:28:14:220[0m [34m[interceptor-source:apply][0m no running instance found, setting up a new instance...
[90m12:28:14:88[0m [34m[interceptor-source:apply][0m applying the interceptor...
[90m12:28:14:220[0m [34m[interceptor-source:apply][0m no running instance found, setting up a new instance...
[90m12:28:14:219[0m [34m[interceptor-source:apply][0m no running instance found, setting up a new instance...
[90m12:28:14:220[0m [34m[interceptor-source:setup][0m applying all 4 interceptors...
[90m12:28:14:219[0m [34m[interceptor-source:setup][0m applying all 4 interceptors...
[90m12:28:14:220[0m [34m[interceptor-source:setup][0m applying "ClientRequestInterceptor" interceptor...
[90m12:28:14:220[0m [34m[interceptor-source:setup][0m applying all 4 interceptors...
[90m12:28:14:221[0m [34m[interceptor-source:setup][0m applying "ClientRequestInterceptor" interceptor...
[90m12:28:14:221[0m [34m[interceptor-source:setup][0m applying all 4 interceptors...
[90m12:28:14:221[0m [34m[interceptor-source:setup][0m applying "ClientRequestInterceptor" interceptor...
[90m12:28:14:220[0m [34m[interceptor-source:setup][0m applying "ClientRequestInterceptor" interceptor...
[90m12:28:14:220[0m [34m[client-request-interceptor:apply][0m applying the interceptor...
[90m12:28:14:221[0m [34m[client-request-interceptor:apply][0m no running instance found, setting up a new instance...
[90m12:28:14:220[0m [34m[client-request-interceptor:apply][0m applying the interceptor...
[90m12:28:14:220[0m [34m[client-request-interceptor:apply][0m no running instance found, setting up a new instance...
[90m12:28:14:221[0m [34m[client-request-interceptor:apply][0m applying the interceptor...
[90m12:28:14:222[0m [34m[client-request-interceptor:apply][0m no running instance found, setting up a new instance...
[90m12:28:14:221[0m [34m[client-request-interceptor:apply][0m applying the interceptor...
[90m12:28:14:221[0m [34m[client-request-interceptor:apply][0m no running instance found, setting up a new instance...
[90m12:28:14:221[0m [34m[interceptor-source:setup][0m adding interceptor dispose subscription
[90m12:28:14:222[0m [34m[interceptor-source:setup][0m adding interceptor dispose subscription
[90m12:28:14:222[0m [34m[interceptor-source:setup][0m applying "XMLHttpRequestInterceptor" interceptor...
[90m12:28:14:222[0m [34m[interceptor-source:setup][0m adding interceptor dispose subscription
[90m12:28:14:223[0m [34m[interceptor-source:setup][0m applying "XMLHttpRequestInterceptor" interceptor...
[90m12:28:14:222[0m [34m[interceptor-source:setup][0m adding interceptor dispose subscription
[90m12:28:14:221[0m [34m[interceptor-source:setup][0m applying "XMLHttpRequestInterceptor" interceptor...
[90m12:28:14:221[0m [34m[xhr:apply][0m applying the interceptor...
[90m12:28:14:222[0m [34m[xhr:apply][0m applying the interceptor...
[90m12:28:14:223[0m [34m[xhr:apply][0m applying the interceptor...
[90m12:28:14:222[0m [34m[interceptor-source:setup][0m applying "XMLHttpRequestInterceptor" interceptor...
[90m12:28:14:223[0m [34m[xhr:apply][0m applying the interceptor...
[90m12:28:14:223[0m [34m[xhr:apply][0m no running instance found, setting up a new instance...
[90m12:28:14:222[0m [34m[xhr:apply][0m no running instance found, setting up a new instance...
[90m12:28:14:222[0m [34m[xhr:apply][0m no running instance found, setting up a new instance...
[90m12:28:14:223[0m [34m[xhr:apply][0m no running instance found, setting up a new instance...
[90m12:28:14:223[0m [34m[xhr:setup][0m patching "XMLHttpRequest" module...
[90m12:28:14:224[0m [34m[xhr:setup][0m patching "XMLHttpRequest" module...
[90m12:28:14:222[0m [34m[xhr:setup][0m patching "XMLHttpRequest" module...
[90m12:28:14:223[0m [34m[xhr:setup][0m patching "XMLHttpRequest" module...
[90m12:28:14:224[0m [34m[xhr:setup][0m native "XMLHttpRequest" module patched! XMLHttpRequest
[90m12:28:14:223[0m [34m[xhr:setup][0m native "XMLHttpRequest" module patched! XMLHttpRequest
[90m12:28:14:223[0m [34m[interceptor-source:setup][0m adding interceptor dispose subscription
[90m12:28:14:223[0m [34m[xhr:setup][0m native "XMLHttpRequest" module patched! XMLHttpRequest
[90m12:28:14:224[0m [34m[xhr:setup][0m native "XMLHttpRequest" module patched! XMLHttpRequest
[90m12:28:14:224[0m [34m[interceptor-source:setup][0m adding interceptor dispose subscription
[90m12:28:14:224[0m [34m[interceptor-source:setup][0m adding interceptor dispose subscription
[90m12:28:14:224[0m [34m[interceptor-source:setup][0m applying "FetchInterceptor" interceptor...
[90m12:28:14:224[0m [34m[fetch:apply][0m applying the interceptor...
[90m12:28:14:223[0m [34m[interceptor-source:setup][0m applying "FetchInterceptor" interceptor...
[90m12:28:14:224[0m [34m[fetch:apply][0m applying the interceptor...
[90m12:28:14:224[0m [34m[interceptor-source:setup][0m applying "FetchInterceptor" interceptor...
[90m12:28:14:224[0m [34m[fetch:apply][0m applying the interceptor...
[90m12:28:14:224[0m [34m[fetch:apply][0m no running instance found, setting up a new instance...
[90m12:28:14:225[0m [34m[fetch:apply][0m no running instance found, setting up a new instance...
[90m12:28:14:224[0m [34m[fetch:apply][0m no running instance found, setting up a new instance...
[90m12:28:14:225[0m [34m[interceptor-source:setup][0m adding interceptor dispose subscription
[90m12:28:14:224[0m [34m[interceptor-source:setup][0m adding interceptor dispose subscription
[90m12:28:14:224[0m [34m[interceptor-source:setup][0m applying "WebSocketInterceptor" interceptor...
[90m12:28:14:225[0m [34m[interceptor-source:setup][0m adding interceptor dispose subscription
[90m12:28:14:225[0m [34m[interceptor-source:setup][0m applying "WebSocketInterceptor" interceptor...
[90m12:28:14:224[0m [34m[interceptor-source:setup][0m adding interceptor dispose subscription
[90m12:28:14:224[0m [34m[interceptor-source:setup][0m applying "FetchInterceptor" interceptor...
[90m12:28:14:225[0m [34m[interceptor-source:setup][0m applying "WebSocketInterceptor" interceptor...
[90m12:28:14:225[0m [34m[websocket:apply][0m applying the interceptor...
[90m12:28:14:225[0m [34m[websocket:apply][0m applying the interceptor...
[90m12:28:14:226[0m [34m[websocket:apply][0m no running instance found, setting up a new instance...
[90m12:28:14:226[0m [34m[websocket:apply][0m no running instance found, setting up a new instance...
[90m12:28:14:225[0m [34m[fetch:apply][0m applying the interceptor...
[90m12:28:14:226[0m [34m[interceptor-source:setup][0m adding interceptor dispose subscription
[90m12:28:14:226[0m [34m[interceptor-source:setup][0m adding interceptor dispose subscription
[90m12:28:14:225[0m [34m[fetch:apply][0m no running instance found, setting up a new instance...
[90m12:28:14:226[0m [34m[client-request-interceptor:on][0m adding "request" event listener: function () { [native code] }
[90m12:28:14:227[0m [34m[client-request-interceptor:on][0m adding "request" event listener: function () { [native code] }
[90m12:28:14:226[0m [34m[interceptor-source:setup][0m adding interceptor dispose subscription
[90m12:28:14:226[0m [34m[interceptor-source:setup][0m applying "WebSocketInterceptor" interceptor...
[90m12:28:14:227[0m [34m[xhr:on][0m adding "request" event listener: function () { [native code] }
[90m12:28:14:227[0m [34m[xhr:on][0m adding "request" event listener: function () { [native code] }
[90m12:28:14:227[0m [34m[fetch:on][0m adding "request" event listener: function () { [native code] }
[90m12:28:14:226[0m [34m[websocket:apply][0m applying the interceptor...
[90m12:28:14:228[0m [34m[fetch:on][0m adding "request" event listener: function () { [native code] }
[90m12:28:14:228[0m [34m[websocket:on][0m adding "request" event listener: function () { [native code] }
[90m12:28:14:227[0m [34m[websocket:on][0m adding "request" event listener: function () { [native code] }
[90m12:28:14:228[0m [34m[client-request-interceptor:on][0m adding "response" event listener: function () { [native code] }
[90m12:28:14:228[0m [34m[xhr:on][0m adding "response" event listener: function () { [native code] }
[90m12:28:14:228[0m [34m[client-request-interceptor:on][0m adding "response" event listener: function () { [native code] }
[90m12:28:14:228[0m [34m[xhr:on][0m adding "response" event listener: function () { [native code] }
[90m12:28:14:228[0m [34m[fetch:on][0m adding "response" event listener: function () { [native code] }
[90m12:28:14:228[0m [34m[websocket:on][0m adding "response" event listener: function () { [native code] }
[90m12:28:14:228[0m [34m[fetch:on][0m adding "response" event listener: function () { [native code] }
[90m12:28:14:227[0m [34m[websocket:apply][0m no running instance found, setting up a new instance...
[90m12:28:14:228[0m [34m[client-request-interceptor:on][0m adding "connection" event listener: function () { [native code] }
[90m12:28:14:228[0m [34m[xhr:on][0m adding "connection" event listener: function () { [native code] }
[90m12:28:14:228[0m [34m[fetch:on][0m adding "connection" event listener: function () { [native code] }
[90m12:28:14:228[0m [34m[websocket:on][0m adding "response" event listener: function () { [native code] }
[90m12:28:14:228[0m [34m[client-request-interceptor:on][0m adding "connection" event listener: function () { [native code] }
[90m12:28:14:229[0m [34m[xhr:on][0m adding "connection" event listener: function () { [native code] }
[90m12:28:14:228[0m [34m[websocket:on][0m adding "connection" event listener: function () { [native code] }
[90m12:28:14:229[0m [34m[fetch:on][0m adding "connection" event listener: function () { [native code] }
[90m12:28:14:229[0m [34m[websocket:on][0m adding "connection" event listener: function () { [native code] }
[90m12:28:14:228[0m [34m[interceptor-source:setup][0m adding interceptor dispose subscription
[90m12:28:14:228[0m [34m[client-request-interceptor:on][0m adding "request" event listener: function () { [native code] }
[90m12:28:14:229[0m [34m[xhr:on][0m adding "request" event listener: function () { [native code] }
[90m12:28:14:229[0m [34m[fetch:on][0m adding "request" event listener: function () { [native code] }
[90m12:28:14:229[0m [34m[websocket:apply][0m applying the interceptor...
[90m12:28:14:229[0m [34m[websocket:on][0m adding "request" event listener: function () { [native code] }
[90m12:28:14:230[0m [34m[client-request-interceptor:on][0m adding "response" event listener: function () { [native code] }
[90m12:28:14:230[0m [34m[xhr:on][0m adding "response" event listener: function () { [native code] }
[90m12:28:14:230[0m [34m[fetch:on][0m adding "response" event listener: function () { [native code] }
[90m12:28:14:230[0m [34m[websocket:on][0m adding "response" event listener: function () { [native code] }
[90m12:28:14:230[0m [34m[client-request-interceptor:on][0m adding "connection" event listener: function () { [native code] }
[90m12:28:14:230[0m [34m[xhr:on][0m adding "connection" event listener: function () { [native code] }
[90m12:28:14:230[0m [34m[fetch:on][0m adding "connection" event listener: function () { [native code] }
[90m12:28:14:230[0m [34m[websocket:on][0m adding "connection" event listener: function () { [native code] }
[90m12:28:14:231[0m [34m[websocket:apply][0m no running instance found, setting up a new instance...
[90m12:28:14:233[0m [34m[interceptor-source:setup][0m adding interceptor dispose subscription
[90m12:28:14:234[0m [34m[client-request-interceptor:on][0m adding "request" event listener: function () { [native code] }
[90m12:28:14:235[0m [34m[xhr:on][0m adding "request" event listener: function () { [native code] }
[90m12:28:14:238[0m [34m[fetch:on][0m adding "request" event listener: function () { [native code] }
[90m12:28:14:238[0m [34m[websocket:on][0m adding "request" event listener: function () { [native code] }
[90m12:28:14:239[0m [34m[client-request-interceptor:on][0m adding "response" event listener: function () { [native code] }
[90m12:28:14:239[0m [34m[xhr:on][0m adding "response" event listener: function () { [native code] }
[90m12:28:14:240[0m [34m[fetch:on][0m adding "response" event listener: function () { [native code] }
[90m12:28:14:240[0m [34m[websocket:on][0m adding "response" event listener: function () { [native code] }
[90m12:28:14:240[0m [34m[client-request-interceptor:on][0m adding "connection" event listener: function () { [native code] }
[90m12:28:14:240[0m [34m[xhr:on][0m adding "connection" event listener: function () { [native code] }
[90m12:28:14:240[0m [34m[fetch:on][0m adding "connection" event listener: function () { [native code] }
[90m12:28:14:240[0m [34m[websocket:on][0m adding "connection" event listener: function () { [native code] }
[90m12:28:16:17[0m [34m[interceptor-source:apply][0m applying the interceptor...
[90m12:28:16:87[0m [34m[interceptor-source:apply][0m no running instance found, setting up a new instance...
[90m12:28:16:88[0m [34m[interceptor-source:setup][0m applying all 4 interceptors...
[90m12:28:16:88[0m [34m[interceptor-source:setup][0m applying "ClientRequestInterceptor" interceptor...
[90m12:28:16:89[0m [34m[client-request-interceptor:apply][0m applying the interceptor...
[90m12:28:16:89[0m [34m[client-request-interceptor:apply][0m no running instance found, setting up a new instance...
[90m12:28:16:90[0m [34m[interceptor-source:setup][0m adding interceptor dispose subscription
[90m12:28:16:90[0m [34m[interceptor-source:setup][0m applying "XMLHttpRequestInterceptor" interceptor...
[90m12:28:16:90[0m [34m[xhr:apply][0m applying the interceptor...
[90m12:28:16:91[0m [34m[xhr:apply][0m no running instance found, setting up a new instance...
[90m12:28:16:91[0m [34m[xhr:setup][0m patching "XMLHttpRequest" module...
[90m12:28:16:91[0m [34m[xhr:setup][0m native "XMLHttpRequest" module patched! XMLHttpRequest
[90m12:28:16:91[0m [34m[interceptor-source:setup][0m adding interceptor dispose subscription
[90m12:28:16:91[0m [34m[interceptor-source:setup][0m applying "FetchInterceptor" interceptor...
[90m12:28:16:92[0m [34m[fetch:apply][0m applying the interceptor...
[90m12:28:16:92[0m [34m[fetch:apply][0m no running instance found, setting up a new instance...
[90m12:28:16:92[0m [34m[interceptor-source:setup][0m adding interceptor dispose subscription
[90m12:28:16:92[0m [34m[interceptor-source:setup][0m applying "WebSocketInterceptor" interceptor...
[90m12:28:16:93[0m [34m[websocket:apply][0m applying the interceptor...
[90m12:28:16:93[0m [34m[websocket:apply][0m no running instance found, setting up a new instance...
[90m12:28:16:94[0m [34m[interceptor-source:setup][0m adding interceptor dispose subscription
[90m12:28:16:95[0m [34m[client-request-interceptor:on][0m adding "request" event listener: function () { [native code] }
[90m12:28:16:95[0m [34m[xhr:on][0m adding "request" event listener: function () { [native code] }
[90m12:28:16:95[0m [34m[fetch:on][0m adding "request" event listener: function () { [native code] }
[90m12:28:16:95[0m [34m[websocket:on][0m adding "request" event listener: function () { [native code] }
[90m12:28:16:96[0m [34m[client-request-interceptor:on][0m adding "response" event listener: function () { [native code] }
[90m12:28:16:96[0m [34m[xhr:on][0m adding "response" event listener: function () { [native code] }
[90m12:28:16:96[0m [34m[fetch:on][0m adding "response" event listener: function () { [native code] }
[90m12:28:16:96[0m [34m[websocket:on][0m adding "response" event listener: function () { [native code] }
[90m12:28:16:96[0m [34m[client-request-interceptor:on][0m adding "connection" event listener: function () { [native code] }
[90m12:28:16:96[0m [34m[xhr:on][0m adding "connection" event listener: function () { [native code] }
[90m12:28:16:96[0m [34m[fetch:on][0m adding "connection" event listener: function () { [native code] }
[90m12:28:16:96[0m [34m[websocket:on][0m adding "connection" event listener: function () { [native code] }
[90m12:28:16:411[0m [34m[interceptor-source:dispose][0m disposing the interceptor...
[90m12:28:16:411[0m [34m[interceptor-source:dispose][0m global symbol deleted: undefined
[90m12:28:16:411[0m [34m[interceptor-source:dispose][0m disposing of 4 subscriptions...
[90m12:28:16:412[0m [34m[client-request-interceptor:dispose][0m disposing the interceptor...
[90m12:28:16:412[0m [34m[client-request-interceptor:dispose][0m global symbol deleted: undefined
[90m12:28:16:412[0m [34m[client-request-interceptor:dispose][0m disposing of 1 subscriptions...
[90m12:28:16:412[0m [34m[client-request-interceptor:dispose][0m disposed of all subscriptions! 0
[90m12:28:16:412[0m [34m[client-request-interceptor:dispose][0m destroyed the listener!
[90m12:28:16:412[0m [34m[xhr:dispose][0m disposing the interceptor...
[90m12:28:16:412[0m [34m[xhr:dispose][0m global symbol deleted: undefined
[90m12:28:16:413[0m [34m[xhr:dispose][0m disposing of 1 subscriptions...
[90m12:28:16:413[0m [34m[xhr:setup][0m native "XMLHttpRequest" module restored! XMLHttpRequest
[90m12:28:16:413[0m [34m[xhr:dispose][0m disposed of all subscriptions! 0
[90m12:28:16:413[0m [34m[xhr:dispose][0m destroyed the listener!
[90m12:28:16:413[0m [34m[fetch:dispose][0m disposing the interceptor...
[90m12:28:16:413[0m [34m[fetch:dispose][0m global symbol deleted: undefined
[90m12:28:16:413[0m [34m[fetch:dispose][0m disposing of 1 subscriptions...
[90m12:28:16:413[0m [34m[fetch:dispose][0m disposed of all subscriptions! 0
[90m12:28:16:413[0m [34m[fetch:dispose][0m destroyed the listener!
[90m12:28:16:414[0m [34m[websocket:dispose][0m disposing the interceptor...
[90m12:28:16:414[0m [34m[websocket:dispose][0m global symbol deleted: undefined
[90m12:28:16:414[0m [34m[websocket:dispose][0m disposing of 1 subscriptions...
[90m12:28:16:414[0m [34m[websocket:dispose][0m disposed of all subscriptions! 0
[90m12:28:16:414[0m [34m[websocket:dispose][0m destroyed the listener!
[90m12:28:16:414[0m [34m[interceptor-source:dispose][0m disposed of all subscriptions! 0
[90m12:28:16:414[0m [34m[interceptor-source:dispose][0m destroyed the listener!
stdout | tests/unit/plan-ensure-comprehensive.test.ts
◇ injected env (110) from .env.local // tip: ⌘ multiple files { path: ['.env.local', '.env'] }

 ❯ tests/unit/plan-ensure-comprehensive.test.ts (21 tests | 4 failed) 405ms
     × matches partial path prefixes 9ms
     × parses plan title from frontmatter 37ms
     × parses plan description from frontmatter 45ms
     × extracts metadata from well-formed plan file 20ms
[90m12:28:16:921[0m [34m[interceptor-source:apply][0m applying the interceptor...
[90m12:28:17:36[0m [34m[interceptor-source:apply][0m no running instance found, setting up a new instance...
[90m12:28:17:37[0m [34m[interceptor-source:setup][0m applying all 4 interceptors...
[90m12:28:17:37[0m [34m[interceptor-source:setup][0m applying "ClientRequestInterceptor" interceptor...
[90m12:28:17:38[0m [34m[client-request-interceptor:apply][0m applying the interceptor...
[90m12:28:17:38[0m [34m[client-request-interceptor:apply][0m no running instance found, setting up a new instance...
[90m12:28:17:39[0m [34m[interceptor-source:setup][0m adding interceptor dispose subscription
[90m12:28:17:39[0m [34m[interceptor-source:setup][0m applying "XMLHttpRequestInterceptor" interceptor...
[90m12:28:17:39[0m [34m[xhr:apply][0m applying the interceptor...
[90m12:28:17:39[0m [34m[xhr:apply][0m no running instance found, setting up a new instance...
[90m12:28:17:40[0m [34m[xhr:setup][0m patching "XMLHttpRequest" module...
[90m12:28:17:40[0m [34m[xhr:setup][0m native "XMLHttpRequest" module patched! XMLHttpRequest
[90m12:28:17:40[0m [34m[interceptor-source:setup][0m adding interceptor dispose subscription
[90m12:28:17:40[0m [34m[interceptor-source:setup][0m applying "FetchInterceptor" interceptor...
[90m12:28:17:41[0m [34m[fetch:apply][0m applying the interceptor...
[90m12:28:17:41[0m [34m[fetch:apply][0m no running instance found, setting up a new instance...
[90m12:28:17:41[0m [34m[interceptor-source:setup][0m adding interceptor dispose subscription
[90m12:28:17:41[0m [34m[interceptor-source:setup][0m applying "WebSocketInterceptor" interceptor...
[90m12:28:17:42[0m [34m[websocket:apply][0m applying the interceptor...
[90m12:28:17:42[0m [34m[websocket:apply][0m no running instance found, setting up a new instance...
[90m12:28:17:43[0m [34m[interceptor-source:setup][0m adding interceptor dispose subscription
[90m12:28:17:43[0m [34m[client-request-interceptor:on][0m adding "request" event listener: function () { [native code] }
[90m12:28:17:43[0m [34m[xhr:on][0m adding "request" event listener: function () { [native code] }
[90m12:28:17:44[0m [34m[fetch:on][0m adding "request" event listener: function () { [native code] }
[90m12:28:17:44[0m [34m[websocket:on][0m adding "request" event listener: function () { [native code] }
[90m12:28:17:44[0m [34m[client-request-interceptor:on][0m adding "response" event listener: function () { [native code] }
[90m12:28:17:44[0m [34m[xhr:on][0m adding "response" event listener: function () { [native code] }
[90m12:28:17:44[0m [34m[fetch:on][0m adding "response" event listener: function () { [native code] }
[90m12:28:17:44[0m [34m[websocket:on][0m adding "response" event listener: function () { [native code] }
[90m12:28:17:44[0m [34m[client-request-interceptor:on][0m adding "connection" event listener: function () { [native code] }
[90m12:28:17:44[0m [34m[xhr:on][0m adding "connection" event listener: function () { [native code] }
[90m12:28:17:45[0m [34m[fetch:on][0m adding "connection" event listener: function () { [native code] }
[90m12:28:17:45[0m [34m[websocket:on][0m adding "connection" event listener: function () { [native code] }
[90m12:28:17:269[0m [34m[interceptor-source:dispose][0m disposing the interceptor...
[90m12:28:17:269[0m [34m[interceptor-source:dispose][0m global symbol deleted: undefined
[90m12:28:17:270[0m [34m[interceptor-source:dispose][0m disposing of 4 subscriptions...
[90m12:28:17:270[0m [34m[client-request-interceptor:dispose][0m disposing the interceptor...
[90m12:28:17:270[0m [34m[client-request-interceptor:dispose][0m global symbol deleted: undefined
[90m12:28:17:270[0m [34m[client-request-interceptor:dispose][0m disposing of 1 subscriptions...
[90m12:28:17:270[0m [34m[client-request-interceptor:dispose][0m disposed of all subscriptions! 0
[90m12:28:17:270[0m [34m[client-request-interceptor:dispose][0m destroyed the listener!
[90m12:28:17:270[0m [34m[xhr:dispose][0m disposing the interceptor...
[90m12:28:17:271[0m [34m[xhr:dispose][0m global symbol deleted: undefined
[90m12:28:17:271[0m [34m[xhr:dispose][0m disposing of 1 subscriptions...
[90m12:28:17:271[0m [34m[xhr:setup][0m native "XMLHttpRequest" module restored! XMLHttpRequest
[90m12:28:17:271[0m [34m[xhr:dispose][0m disposed of all subscriptions! 0
[90m12:28:17:271[0m [34m[xhr:dispose][0m destroyed the listener!
[90m12:28:17:271[0m [34m[fetch:dispose][0m disposing the interceptor...
[90m12:28:17:271[0m [34m[fetch:dispose][0m global symbol deleted: undefined
[90m12:28:17:271[0m [34m[fetch:dispose][0m disposing of 1 subscriptions...
[90m12:28:17:271[0m [34m[fetch:dispose][0m disposed of all subscriptions! 0
[90m12:28:17:272[0m [34m[fetch:dispose][0m destroyed the listener!
[90m12:28:17:272[0m [34m[websocket:dispose][0m disposing the interceptor...
[90m12:28:17:272[0m [34m[websocket:dispose][0m global symbol deleted: undefined
[90m12:28:17:272[0m [34m[websocket:dispose][0m disposing of 1 subscriptions...
[90m12:28:17:272[0m [34m[websocket:dispose][0m disposed of all subscriptions! 0
[90m12:28:17:272[0m [34m[websocket:dispose][0m destroyed the listener!
[90m12:28:17:272[0m [34m[interceptor-source:dispose][0m disposed of all subscriptions! 0
[90m12:28:17:273[0m [34m[interceptor-source:dispose][0m destroyed the listener!
[90m12:28:17:277[0m [34m[interceptor-source:dispose][0m disposing the interceptor...
[90m12:28:17:277[0m [34m[interceptor-source:dispose][0m global symbol deleted: undefined
[90m12:28:17:277[0m [34m[interceptor-source:dispose][0m disposing of 4 subscriptions...
[90m12:28:17:277[0m [34m[client-request-interceptor:dispose][0m disposing the interceptor...
[90m12:28:17:277[0m [34m[client-request-interceptor:dispose][0m global symbol deleted: undefined
[90m12:28:17:277[0m [34m[client-request-interceptor:dispose][0m disposing of 1 subscriptions...
[90m12:28:17:278[0m [34m[client-request-interceptor:dispose][0m disposed of all subscriptions! 0
[90m12:28:17:278[0m [34m[client-request-interceptor:dispose][0m destroyed the listener!
[90m12:28:17:278[0m [34m[xhr:dispose][0m disposing the interceptor...
[90m12:28:17:278[0m [34m[xhr:dispose][0m global symbol deleted: undefined
[90m12:28:17:278[0m [34m[xhr:dispose][0m disposing of 1 subscriptions...
[90m12:28:17:278[0m [34m[xhr:setup][0m native "XMLHttpRequest" module restored! XMLHttpRequest
[90m12:28:17:278[0m [34m[xhr:dispose][0m disposed of all subscriptions! 0
[90m12:28:17:278[0m [34m[xhr:dispose][0m destroyed the listener!
[90m12:28:17:278[0m [34m[fetch:dispose][0m disposing the interceptor...
[90m12:28:17:278[0m [34m[fetch:dispose][0m global symbol deleted: undefined
[90m12:28:17:279[0m [34m[fetch:dispose][0m disposing of 1 subscriptions...
[90m12:28:17:279[0m [34m[fetch:dispose][0m disposed of all subscriptions! 0
[90m12:28:17:279[0m [34m[fetch:dispose][0m destroyed the listener!
[90m12:28:17:279[0m [34m[websocket:dispose][0m disposing the interceptor...
[90m12:28:17:279[0m [34m[websocket:dispose][0m global symbol deleted: undefined
[90m12:28:17:279[0m [34m[websocket:dispose][0m disposing of 1 subscriptions...
[90m12:28:17:279[0m [34m[websocket:dispose][0m disposed of all subscriptions! 0
[90m12:28:17:279[0m [34m[websocket:dispose][0m destroyed the listener!
[90m12:28:17:280[0m [34m[interceptor-source:dispose][0m disposed of all subscriptions! 0
[90m12:28:17:295[0m [34m[interceptor-source:dispose][0m destroyed the listener!
[90m12:28:17:299[0m [34m[interceptor-source:dispose][0m disposing the interceptor...
[90m12:28:17:300[0m [34m[interceptor-source:dispose][0m global symbol deleted: undefined
[90m12:28:17:300[0m [34m[interceptor-source:dispose][0m disposing of 4 subscriptions...
[90m12:28:17:300[0m [34m[client-request-interceptor:dispose][0m disposing the interceptor...
[90m12:28:17:300[0m [34m[client-request-interceptor:dispose][0m global symbol deleted: undefined
[90m12:28:17:300[0m [34m[client-request-interceptor:dispose][0m disposing of 1 subscriptions...
[90m12:28:17:301[0m [34m[client-request-interceptor:dispose][0m disposed of all subscriptions! 0
[90m12:28:17:301[0m [34m[client-request-interceptor:dispose][0m destroyed the listener!
[90m12:28:17:301[0m [34m[xhr:dispose][0m disposing the interceptor...
[90m12:28:17:301[0m [34m[xhr:dispose][0m global symbol deleted: undefined
[90m12:28:17:301[0m [34m[xhr:dispose][0m disposing of 1 subscriptions...
[90m12:28:17:301[0m [34m[xhr:setup][0m native "XMLHttpRequest" module restored! XMLHttpRequest
[90m12:28:17:302[0m [34m[xhr:dispose][0m disposed of all subscriptions! 0
[90m12:28:17:302[0m [34m[xhr:dispose][0m destroyed the listener!
[90m12:28:17:302[0m [34m[fetch:dispose][0m disposing the interceptor...
[90m12:28:17:302[0m [34m[fetch:dispose][0m global symbol deleted: undefined
[90m12:28:17:302[0m [34m[fetch:dispose][0m disposing of 1 subscriptions...
[90m12:28:17:302[0m [34m[fetch:dispose][0m disposed of all subscriptions! 0
[90m12:28:17:302[0m [34m[fetch:dispose][0m destroyed the listener!
[90m12:28:17:302[0m [34m[websocket:dispose][0m disposing the interceptor...
[90m12:28:17:303[0m [34m[websocket:dispose][0m global symbol deleted: undefined
[90m12:28:17:303[0m [34m[websocket:dispose][0m disposing of 1 subscriptions...
[90m12:28:17:303[0m [34m[websocket:dispose][0m disposed of all subscriptions! 0
[90m12:28:17:303[0m [34m[websocket:dispose][0m destroyed the listener!
[90m12:28:17:303[0m [34m[interceptor-source:dispose][0m disposed of all subscriptions! 0
[90m12:28:17:303[0m [34m[interceptor-source:dispose][0m destroyed the listener!
[90m12:28:17:274[0m [34m[interceptor-source:apply][0m applying the interceptor...
[90m12:28:17:375[0m [34m[interceptor-source:apply][0m no running instance found, setting up a new instance...
[90m12:28:17:376[0m [34m[interceptor-source:setup][0m applying all 4 interceptors...
[90m12:28:17:376[0m [34m[interceptor-source:setup][0m applying "ClientRequestInterceptor" interceptor...
[90m12:28:17:376[0m [34m[client-request-interceptor:apply][0m applying the interceptor...
[90m12:28:17:377[0m [34m[client-request-interceptor:apply][0m no running instance found, setting up a new instance...
[90m12:28:17:377[0m [34m[interceptor-source:setup][0m adding interceptor dispose subscription
[90m12:28:17:378[0m [34m[interceptor-source:setup][0m applying "XMLHttpRequestInterceptor" interceptor...
[90m12:28:17:378[0m [34m[xhr:apply][0m applying the interceptor...
[90m12:28:17:378[0m [34m[xhr:apply][0m no running instance found, setting up a new instance...
[90m12:28:17:379[0m [34m[xhr:setup][0m patching "XMLHttpRequest" module...
[90m12:28:17:379[0m [34m[xhr:setup][0m native "XMLHttpRequest" module patched! XMLHttpRequest
[90m12:28:17:379[0m [34m[interceptor-source:setup][0m adding interceptor dispose subscription
[90m12:28:17:379[0m [34m[interceptor-source:setup][0m applying "FetchInterceptor" interceptor...
[90m12:28:17:379[0m [34m[fetch:apply][0m applying the interceptor...
[90m12:28:17:379[0m [34m[fetch:apply][0m no running instance found, setting up a new instance...
[90m12:28:17:380[0m [34m[interceptor-source:setup][0m adding interceptor dispose subscription
[90m12:28:17:380[0m [34m[interceptor-source:setup][0m applying "WebSocketInterceptor" interceptor...
[90m12:28:17:380[0m [34m[websocket:apply][0m applying the interceptor...
[90m12:28:17:381[0m [34m[websocket:apply][0m no running instance found, setting up a new instance...
[90m12:28:17:381[0m [34m[interceptor-source:setup][0m adding interceptor dispose subscription
[90m12:28:17:382[0m [34m[client-request-interceptor:on][0m adding "request" event listener: function () { [native code] }
[90m12:28:17:383[0m [34m[xhr:on][0m adding "request" event listener: function () { [native code] }
[90m12:28:17:383[0m [34m[fetch:on][0m adding "request" event listener: function () { [native code] }
[90m12:28:17:416[0m [34m[websocket:on][0m adding "request" event listener: function () { [native code] }
[90m12:28:17:417[0m [34m[client-request-interceptor:on][0m adding "response" event listener: function () { [native code] }
[90m12:28:17:417[0m [34m[xhr:on][0m adding "response" event listener: function () { [native code] }
[90m12:28:17:417[0m [34m[fetch:on][0m adding "response" event listener: function () { [native code] }
[90m12:28:17:418[0m [34m[websocket:on][0m adding "response" event listener: function () { [native code] }
[90m12:28:17:418[0m [34m[client-request-interceptor:on][0m adding "connection" event listener: function () { [native code] }
[90m12:28:17:418[0m [34m[xhr:on][0m adding "connection" event listener: function () { [native code] }
[90m12:28:17:418[0m [34m[fetch:on][0m adding "connection" event listener: function () { [native code] }
[90m12:28:17:419[0m [34m[websocket:on][0m adding "connection" event listener: function () { [native code] }
[90m12:28:18:680[0m [34m[interceptor-source:dispose][0m disposing the interceptor...
[90m12:28:18:681[0m [34m[interceptor-source:dispose][0m global symbol deleted: undefined
[90m12:28:18:681[0m [34m[interceptor-source:dispose][0m disposing of 4 subscriptions...
[90m12:28:18:681[0m [34m[client-request-interceptor:dispose][0m disposing the interceptor...
[90m12:28:18:681[0m [34m[client-request-interceptor:dispose][0m global symbol deleted: undefined
[90m12:28:18:681[0m [34m[client-request-interceptor:dispose][0m disposing of 1 subscriptions...
[90m12:28:18:682[0m [34m[client-request-interceptor:dispose][0m disposed of all subscriptions! 0
[90m12:28:18:682[0m [34m[client-request-interceptor:dispose][0m destroyed the listener!
[90m12:28:18:682[0m [34m[xhr:dispose][0m disposing the interceptor...
[90m12:28:18:682[0m [34m[xhr:dispose][0m global symbol deleted: undefined
[90m12:28:18:682[0m [34m[xhr:dispose][0m disposing of 1 subscriptions...
[90m12:28:18:682[0m [34m[xhr:setup][0m native "XMLHttpRequest" module restored! XMLHttpRequest
[90m12:28:18:683[0m [34m[xhr:dispose][0m disposed of all subscriptions! 0
[90m12:28:18:683[0m [34m[xhr:dispose][0m destroyed the listener!
[90m12:28:18:683[0m [34m[fetch:dispose][0m disposing the interceptor...
[90m12:28:18:683[0m [34m[fetch:dispose][0m global symbol deleted: undefined
[90m12:28:18:683[0m [34m[fetch:dispose][0m disposing of 1 subscriptions...
[90m12:28:18:683[0m [34m[fetch:dispose][0m disposed of all subscriptions! 0
[90m12:28:18:683[0m [34m[fetch:dispose][0m destroyed the listener!
[90m12:28:18:683[0m [34m[websocket:dispose][0m disposing the interceptor...
[90m12:28:18:684[0m [34m[websocket:dispose][0m global symbol deleted: undefined
[90m12:28:18:684[0m [34m[websocket:dispose][0m disposing of 1 subscriptions...
[90m12:28:18:684[0m [34m[websocket:dispose][0m disposed of all subscriptions! 0
[90m12:28:18:684[0m [34m[websocket:dispose][0m destroyed the listener!
[90m12:28:18:684[0m [34m[interceptor-source:dispose][0m disposed of all subscriptions! 0
[90m12:28:18:684[0m [34m[interceptor-source:dispose][0m destroyed the listener!
(node:8620) Warning: `--localstorage-file` was provided without a valid path
(Use `node --trace-warnings ...` to show where the warning was created)
[90m12:28:19:835[0m [34m[interceptor-source:dispose][0m disposing the interceptor...
[90m12:28:19:836[0m [34m[interceptor-source:dispose][0m global symbol deleted: undefined
[90m12:28:19:836[0m [34m[interceptor-source:dispose][0m disposing of 4 subscriptions...
[90m12:28:19:836[0m [34m[client-request-interceptor:dispose][0m disposing the interceptor...
[90m12:28:19:836[0m [34m[client-request-interceptor:dispose][0m global symbol deleted: undefined
[90m12:28:19:837[0m [34m[client-request-interceptor:dispose][0m disposing of 1 subscriptions...
[90m12:28:19:837[0m [34m[client-request-interceptor:dispose][0m disposed of all subscriptions! 0
[90m12:28:19:837[0m [34m[client-request-interceptor:dispose][0m destroyed the listener!
[90m12:28:19:838[0m [34m[xhr:dispose][0m disposing the interceptor...
[90m12:28:19:838[0m [34m[xhr:dispose][0m global symbol deleted: undefined
[90m12:28:19:838[0m [34m[xhr:dispose][0m disposing of 1 subscriptions...
[90m12:28:19:838[0m [34m[xhr:setup][0m native "XMLHttpRequest" module restored! XMLHttpRequest
[90m12:28:19:838[0m [34m[xhr:dispose][0m disposed of all subscriptions! 0
[90m12:28:19:840[0m [34m[xhr:dispose][0m destroyed the listener!
[90m12:28:19:840[0m [34m[fetch:dispose][0m disposing the interceptor...
[90m12:28:19:840[0m [34m[fetch:dispose][0m global symbol deleted: undefined
[90m12:28:19:840[0m [34m[fetch:dispose][0m disposing of 1 subscriptions...
[90m12:28:19:841[0m [34m[fetch:dispose][0m disposed of all subscriptions! 0
[90m12:28:19:841[0m [34m[fetch:dispose][0m destroyed the listener!
[90m12:28:19:841[0m [34m[websocket:dispose][0m disposing the interceptor...
[90m12:28:19:842[0m [34m[websocket:dispose][0m global symbol deleted: undefined
[90m12:28:19:842[0m [34m[websocket:dispose][0m disposing of 1 subscriptions...
[90m12:28:19:842[0m [34m[websocket:dispose][0m disposed of all subscriptions! 0
[90m12:28:19:842[0m [34m[websocket:dispose][0m destroyed the listener!
[90m12:28:19:842[0m [34m[interceptor-source:dispose][0m disposed of all subscriptions! 0
[90m12:28:19:842[0m [34m[interceptor-source:dispose][0m destroyed the listener!
[90m12:28:20:275[0m [34m[interceptor-source:apply][0m applying the interceptor...
[90m12:28:20:341[0m [34m[interceptor-source:apply][0m no running instance found, setting up a new instance...
[90m12:28:20:342[0m [34m[interceptor-source:setup][0m applying all 4 interceptors...
[90m12:28:20:342[0m [34m[interceptor-source:setup][0m applying "ClientRequestInterceptor" interceptor...
[90m12:28:20:343[0m [34m[client-request-interceptor:apply][0m applying the interceptor...
[90m12:28:20:343[0m [34m[client-request-interceptor:apply][0m no running instance found, setting up a new instance...
[90m12:28:20:344[0m [34m[interceptor-source:setup][0m adding interceptor dispose subscription
[90m12:28:20:344[0m [34m[interceptor-source:setup][0m applying "XMLHttpRequestInterceptor" interceptor...
[90m12:28:20:344[0m [34m[xhr:apply][0m applying the interceptor...
[90m12:28:20:345[0m [34m[xhr:apply][0m no running instance found, setting up a new instance...
[90m12:28:20:345[0m [34m[xhr:setup][0m patching "XMLHttpRequest" module...
[90m12:28:20:346[0m [34m[xhr:setup][0m native "XMLHttpRequest" module patched! XMLHttpRequest
[90m12:28:20:346[0m [34m[interceptor-source:setup][0m adding interceptor dispose subscription
[90m12:28:20:346[0m [34m[interceptor-source:setup][0m applying "FetchInterceptor" interceptor...
[90m12:28:20:346[0m [34m[fetch:apply][0m applying the interceptor...
[90m12:28:20:346[0m [34m[fetch:apply][0m no running instance found, setting up a new instance...
[90m12:28:20:347[0m [34m[interceptor-source:setup][0m adding interceptor dispose subscription
[90m12:28:20:347[0m [34m[interceptor-source:setup][0m applying "WebSocketInterceptor" interceptor...
[90m12:28:20:347[0m [34m[websocket:apply][0m applying the interceptor...
[90m12:28:20:348[0m [34m[websocket:apply][0m no running instance found, setting up a new instance...
[90m12:28:20:348[0m [34m[interceptor-source:setup][0m adding interceptor dispose subscription
[90m12:28:20:349[0m [34m[client-request-interceptor:on][0m adding "request" event listener: function () { [native code] }
[90m12:28:20:350[0m [34m[xhr:on][0m adding "request" event listener: function () { [native code] }
[90m12:28:20:350[0m [34m[fetch:on][0m adding "request" event listener: function () { [native code] }
[90m12:28:20:350[0m [34m[websocket:on][0m adding "request" event listener: function () { [native code] }
[90m12:28:20:350[0m [34m[client-request-interceptor:on][0m adding "response" event listener: function () { [native code] }
[90m12:28:20:350[0m [34m[xhr:on][0m adding "response" event listener: function () { [native code] }
[90m12:28:20:351[0m [34m[fetch:on][0m adding "response" event listener: function () { [native code] }
[90m12:28:20:351[0m [34m[websocket:on][0m adding "response" event listener: function () { [native code] }
[90m12:28:20:351[0m [34m[client-request-interceptor:on][0m adding "connection" event listener: function () { [native code] }
[90m12:28:20:351[0m [34m[xhr:on][0m adding "connection" event listener: function () { [native code] }
[90m12:28:20:351[0m [34m[fetch:on][0m adding "connection" event listener: function () { [native code] }
[90m12:28:20:351[0m [34m[websocket:on][0m adding "connection" event listener: function () { [native code] }
(node:14352) Warning: `--localstorage-file` was provided without a valid path
(Use `node --trace-warnings ...` to show where the warning was created)
(node:18544) Warning: `--localstorage-file` was provided without a valid path
(Use `node --trace-warnings ...` to show where the warning was created)
(node:17080) Warning: `--localstorage-file` was provided without a valid path
(Use `node --trace-warnings ...` to show where the warning was created)
[90m12:28:21:91[0m [34m[interceptor-source:apply][0m applying the interceptor...
[90m12:28:21:159[0m [34m[interceptor-source:apply][0m no running instance found, setting up a new instance...
[90m12:28:21:159[0m [34m[interceptor-source:setup][0m applying all 4 interceptors...
[90m12:28:21:160[0m [34m[interceptor-source:setup][0m applying "ClientRequestInterceptor" interceptor...
[90m12:28:21:160[0m [34m[client-request-interceptor:apply][0m applying the interceptor...
[90m12:28:21:160[0m [34m[client-request-interceptor:apply][0m no running instance found, setting up a new instance...
[90m12:28:21:162[0m [34m[interceptor-source:setup][0m adding interceptor dispose subscription
[90m12:28:21:162[0m [34m[interceptor-source:setup][0m applying "XMLHttpRequestInterceptor" interceptor...
[90m12:28:21:162[0m [34m[xhr:apply][0m applying the interceptor...
[90m12:28:21:162[0m [34m[xhr:apply][0m no running instance found, setting up a new instance...
[90m12:28:21:163[0m [34m[xhr:setup][0m patching "XMLHttpRequest" module...
[90m12:28:21:163[0m [34m[xhr:setup][0m native "XMLHttpRequest" module patched! XMLHttpRequest
[90m12:28:21:164[0m [34m[interceptor-source:setup][0m adding interceptor dispose subscription
[90m12:28:21:164[0m [34m[interceptor-source:setup][0m applying "FetchInterceptor" interceptor...
[90m12:28:21:164[0m [34m[fetch:apply][0m applying the interceptor...
[90m12:28:21:164[0m [34m[fetch:apply][0m no running instance found, setting up a new instance...
[90m12:28:21:165[0m [34m[interceptor-source:setup][0m adding interceptor dispose subscription
[90m12:28:21:165[0m [34m[interceptor-source:setup][0m applying "WebSocketInterceptor" interceptor...
[90m12:28:21:165[0m [34m[websocket:apply][0m applying the interceptor...
[90m12:28:21:165[0m [34m[websocket:apply][0m no running instance found, setting up a new instance...
[90m12:28:21:166[0m [34m[interceptor-source:setup][0m adding interceptor dispose subscription
[90m12:28:21:166[0m [34m[client-request-interceptor:on][0m adding "request" event listener: function () { [native code] }
[90m12:28:21:167[0m [34m[xhr:on][0m adding "request" event listener: function () { [native code] }
[90m12:28:21:167[0m [34m[fetch:on][0m adding "request" event listener: function () { [native code] }
[90m12:28:21:167[0m [34m[websocket:on][0m adding "request" event listener: function () { [native code] }
[90m12:28:21:168[0m [34m[client-request-interceptor:on][0m adding "response" event listener: function () { [native code] }
[90m12:28:21:168[0m [34m[xhr:on][0m adding "response" event listener: function () { [native code] }
[90m12:28:21:168[0m [34m[fetch:on][0m adding "response" event listener: function () { [native code] }
[90m12:28:21:168[0m [34m[websocket:on][0m adding "response" event listener: function () { [native code] }
[90m12:28:21:168[0m [34m[client-request-interceptor:on][0m adding "connection" event listener: function () { [native code] }
[90m12:28:21:169[0m [34m[xhr:on][0m adding "connection" event listener: function () { [native code] }
[90m12:28:21:169[0m [34m[fetch:on][0m adding "connection" event listener: function () { [native code] }
[90m12:28:21:169[0m [34m[websocket:on][0m adding "connection" event listener: function () { [native code] }
[90m12:28:21:718[0m [34m[interceptor-source:apply][0m applying the interceptor...
[90m12:28:21:785[0m [34m[interceptor-source:apply][0m no running instance found, setting up a new instance...
[90m12:28:21:785[0m [34m[interceptor-source:setup][0m applying all 4 interceptors...
[90m12:28:21:786[0m [34m[interceptor-source:setup][0m applying "ClientRequestInterceptor" interceptor...
[90m12:28:21:787[0m [34m[client-request-interceptor:apply][0m applying the interceptor...
[90m12:28:21:787[0m [34m[client-request-interceptor:apply][0m no running instance found, setting up a new instance...
[90m12:28:21:788[0m [34m[interceptor-source:setup][0m adding interceptor dispose subscription
[90m12:28:21:788[0m [34m[interceptor-source:setup][0m applying "XMLHttpRequestInterceptor" interceptor...
[90m12:28:21:788[0m [34m[xhr:apply][0m applying the interceptor...
[90m12:28:21:789[0m [34m[xhr:apply][0m no running instance found, setting up a new instance...
[90m12:28:21:789[0m [34m[xhr:setup][0m patching "XMLHttpRequest" module...
[90m12:28:21:790[0m [34m[xhr:setup][0m native "XMLHttpRequest" module patched! XMLHttpRequest
[90m12:28:21:790[0m [34m[interceptor-source:setup][0m adding interceptor dispose subscription
[90m12:28:21:790[0m [34m[interceptor-source:setup][0m applying "FetchInterceptor" interceptor...
[90m12:28:21:790[0m [34m[fetch:apply][0m applying the interceptor...
[90m12:28:21:790[0m [34m[fetch:apply][0m no running instance found, setting up a new instance...
[90m12:28:21:791[0m [34m[interceptor-source:setup][0m adding interceptor dispose subscription
[90m12:28:21:791[0m [34m[interceptor-source:setup][0m applying "WebSocketInterceptor" interceptor...
[90m12:28:21:791[0m [34m[websocket:apply][0m applying the interceptor...
[90m12:28:21:792[0m [34m[websocket:apply][0m no running instance found, setting up a new instance...
[90m12:28:21:792[0m [34m[interceptor-source:setup][0m adding interceptor dispose subscription
[90m12:28:21:793[0m [34m[client-request-interceptor:on][0m adding "request" event listener: function () { [native code] }
[90m12:28:21:793[0m [34m[xhr:on][0m adding "request" event listener: function () { [native code] }
[90m12:28:21:793[0m [34m[fetch:on][0m adding "request" event listener: function () { [native code] }
[90m12:28:21:793[0m [34m[websocket:on][0m adding "request" event listener: function () { [native code] }
[90m12:28:21:794[0m [34m[client-request-interceptor:on][0m adding "response" event listener: function () { [native code] }
[90m12:28:21:794[0m [34m[xhr:on][0m adding "response" event listener: function () { [native code] }
[90m12:28:21:794[0m [34m[fetch:on][0m adding "response" event listener: function () { [native code] }
[90m12:28:21:794[0m [34m[websocket:on][0m adding "response" event listener: function () { [native code] }
[90m12:28:21:794[0m [34m[client-request-interceptor:on][0m adding "connection" event listener: function () { [native code] }
[90m12:28:21:794[0m [34m[xhr:on][0m adding "connection" event listener: function () { [native code] }
[90m12:28:21:794[0m [34m[fetch:on][0m adding "connection" event listener: function () { [native code] }
[90m12:28:21:794[0m [34m[websocket:on][0m adding "connection" event listener: function () { [native code] }
(node:5720) Warning: `--localstorage-file` was provided without a valid path
(Use `node --trace-warnings ...` to show where the warning was created)
[90m12:28:22:361[0m [34m[interceptor-source:dispose][0m disposing the interceptor...
[90m12:28:22:361[0m [34m[interceptor-source:dispose][0m global symbol deleted: undefined
[90m12:28:22:362[0m [34m[interceptor-source:dispose][0m disposing of 4 subscriptions...
[90m12:28:22:362[0m [34m[client-request-interceptor:dispose][0m disposing the interceptor...
[90m12:28:22:362[0m [34m[client-request-interceptor:dispose][0m global symbol deleted: undefined
[90m12:28:22:362[0m [34m[client-request-interceptor:dispose][0m disposing of 1 subscriptions...
[90m12:28:22:362[0m [34m[client-request-interceptor:dispose][0m disposed of all subscriptions! 0
[90m12:28:22:363[0m [34m[client-request-interceptor:dispose][0m destroyed the listener!
[90m12:28:22:363[0m [34m[xhr:dispose][0m disposing the interceptor...
[90m12:28:22:363[0m [34m[xhr:dispose][0m global symbol deleted: undefined
[90m12:28:22:363[0m [34m[xhr:dispose][0m disposing of 1 subscriptions...
[90m12:28:22:363[0m [34m[xhr:setup][0m native "XMLHttpRequest" module restored! XMLHttpRequest
[90m12:28:22:363[0m [34m[xhr:dispose][0m disposed of all subscriptions! 0
[90m12:28:22:363[0m [34m[xhr:dispose][0m destroyed the listener!
[90m12:28:22:364[0m [34m[fetch:dispose][0m disposing the interceptor...
[90m12:28:22:364[0m [34m[fetch:dispose][0m global symbol deleted: undefined
[90m12:28:22:364[0m [34m[fetch:dispose][0m disposing of 1 subscriptions...
[90m12:28:22:364[0m [34m[fetch:dispose][0m disposed of all subscriptions! 0
[90m12:28:22:364[0m [34m[fetch:dispose][0m destroyed the listener!
[90m12:28:22:364[0m [34m[websocket:dispose][0m disposing the interceptor...
[90m12:28:22:365[0m [34m[websocket:dispose][0m global symbol deleted: undefined
[90m12:28:22:365[0m [34m[websocket:dispose][0m disposing of 1 subscriptions...
[90m12:28:22:365[0m [34m[websocket:dispose][0m disposed of all subscriptions! 0
[90m12:28:22:365[0m [34m[websocket:dispose][0m destroyed the listener!
[90m12:28:22:365[0m [34m[interceptor-source:dispose][0m disposed of all subscriptions! 0
[90m12:28:22:365[0m [34m[interceptor-source:dispose][0m destroyed the listener!
[90m12:28:22:604[0m [34m[interceptor-source:dispose][0m disposing the interceptor...
[90m12:28:22:604[0m [34m[interceptor-source:dispose][0m global symbol deleted: undefined
[90m12:28:22:605[0m [34m[interceptor-source:dispose][0m disposing of 4 subscriptions...
[90m12:28:22:606[0m [34m[client-request-interceptor:dispose][0m disposing the interceptor...
[90m12:28:22:606[0m [34m[client-request-interceptor:dispose][0m global symbol deleted: undefined
[90m12:28:22:606[0m [34m[client-request-interceptor:dispose][0m disposing of 1 subscriptions...
[90m12:28:22:607[0m [34m[client-request-interceptor:dispose][0m disposed of all subscriptions! 0
[90m12:28:22:607[0m [34m[client-request-interceptor:dispose][0m destroyed the listener!
[90m12:28:22:607[0m [34m[xhr:dispose][0m disposing the interceptor...
[90m12:28:22:608[0m [34m[xhr:dispose][0m global symbol deleted: undefined
[90m12:28:22:608[0m [34m[xhr:dispose][0m disposing of 1 subscriptions...
[90m12:28:22:608[0m [34m[xhr:setup][0m native "XMLHttpRequest" module restored! XMLHttpRequest
[90m12:28:22:609[0m [34m[xhr:dispose][0m disposed of all subscriptions! 0
[90m12:28:22:609[0m [34m[xhr:dispose][0m destroyed the listener!
[90m12:28:22:609[0m [34m[fetch:dispose][0m disposing the interceptor...
[90m12:28:22:609[0m [34m[fetch:dispose][0m global symbol deleted: undefined
[90m12:28:22:609[0m [34m[fetch:dispose][0m disposing of 1 subscriptions...
[90m12:28:22:609[0m [34m[fetch:dispose][0m disposed of all subscriptions! 0
[90m12:28:22:609[0m [34m[fetch:dispose][0m destroyed the listener!
[90m12:28:22:610[0m [34m[websocket:dispose][0m disposing the interceptor...
[90m12:28:22:610[0m [34m[websocket:dispose][0m global symbol deleted: undefined
[90m12:28:22:610[0m [34m[websocket:dispose][0m disposing of 1 subscriptions...
[90m12:28:22:610[0m [34m[websocket:dispose][0m disposed of all subscriptions! 0
[90m12:28:22:610[0m [34m[websocket:dispose][0m destroyed the listener!
[90m12:28:22:610[0m [34m[interceptor-source:dispose][0m disposed of all subscriptions! 0
[90m12:28:22:610[0m [34m[interceptor-source:dispose][0m destroyed the listener!
[90m12:28:23:55[0m [34m[interceptor-source:apply][0m applying the interceptor...
[90m12:28:23:130[0m [34m[interceptor-source:apply][0m no running instance found, setting up a new instance...
[90m12:28:23:130[0m [34m[interceptor-source:setup][0m applying all 4 interceptors...
[90m12:28:23:131[0m [34m[interceptor-source:setup][0m applying "ClientRequestInterceptor" interceptor...
[90m12:28:23:131[0m [34m[client-request-interceptor:apply][0m applying the interceptor...
[90m12:28:23:131[0m [34m[client-request-interceptor:apply][0m no running instance found, setting up a new instance...
[90m12:28:23:132[0m [34m[interceptor-source:setup][0m adding interceptor dispose subscription
[90m12:28:23:132[0m [34m[interceptor-source:setup][0m applying "XMLHttpRequestInterceptor" interceptor...
[90m12:28:23:133[0m [34m[xhr:apply][0m applying the interceptor...
[90m12:28:23:133[0m [34m[xhr:apply][0m no running instance found, setting up a new instance...
[90m12:28:23:134[0m [34m[xhr:setup][0m patching "XMLHttpRequest" module...
[90m12:28:23:134[0m [34m[xhr:setup][0m native "XMLHttpRequest" module patched! XMLHttpRequest
[90m12:28:23:134[0m [34m[interceptor-source:setup][0m adding interceptor dispose subscription
[90m12:28:23:134[0m [34m[interceptor-source:setup][0m applying "FetchInterceptor" interceptor...
[90m12:28:23:135[0m [34m[fetch:apply][0m applying the interceptor...
[90m12:28:23:135[0m [34m[fetch:apply][0m no running instance found, setting up a new instance...
[90m12:28:23:135[0m [34m[interceptor-source:setup][0m adding interceptor dispose subscription
[90m12:28:23:135[0m [34m[interceptor-source:setup][0m applying "WebSocketInterceptor" interceptor...
[90m12:28:23:136[0m [34m[websocket:apply][0m applying the interceptor...
[90m12:28:23:136[0m [34m[websocket:apply][0m no running instance found, setting up a new instance...
[90m12:28:23:137[0m [34m[interceptor-source:setup][0m adding interceptor dispose subscription
[90m12:28:23:137[0m [34m[client-request-interceptor:on][0m adding "request" event listener: function () { [native code] }
[90m12:28:23:138[0m [34m[xhr:on][0m adding "request" event listener: function () { [native code] }
[90m12:28:23:138[0m [34m[fetch:on][0m adding "request" event listener: function () { [native code] }
[90m12:28:23:138[0m [34m[websocket:on][0m adding "request" event listener: function () { [native code] }
[90m12:28:23:138[0m [34m[client-request-interceptor:on][0m adding "response" event listener: function () { [native code] }
[90m12:28:23:138[0m [34m[xhr:on][0m adding "response" event listener: function () { [native code] }
[90m12:28:23:138[0m [34m[fetch:on][0m adding "response" event listener: function () { [native code] }
[90m12:28:23:138[0m [34m[websocket:on][0m adding "response" event listener: function () { [native code] }
[90m12:28:23:138[0m [34m[client-request-interceptor:on][0m adding "connection" event listener: function () { [native code] }
[90m12:28:23:139[0m [34m[xhr:on][0m adding "connection" event listener: function () { [native code] }
[90m12:28:23:139[0m [34m[fetch:on][0m adding "connection" event listener: function () { [native code] }
[90m12:28:23:139[0m [34m[websocket:on][0m adding "connection" event listener: function () { [native code] }
(node:15748) Warning: `--localstorage-file` was provided without a valid path
(Use `node --trace-warnings ...` to show where the warning was created)
[90m12:28:23:386[0m [34m[interceptor-source:dispose][0m disposing the interceptor...
[90m12:28:23:386[0m [34m[interceptor-source:dispose][0m global symbol deleted: undefined
[90m12:28:23:386[0m [34m[interceptor-source:dispose][0m disposing of 4 subscriptions...
[90m12:28:23:387[0m [34m[client-request-interceptor:dispose][0m disposing the interceptor...
[90m12:28:23:387[0m [34m[client-request-interceptor:dispose][0m global symbol deleted: undefined
[90m12:28:23:387[0m [34m[client-request-interceptor:dispose][0m disposing of 1 subscriptions...
[90m12:28:23:387[0m [34m[client-request-interceptor:dispose][0m disposed of all subscriptions! 0
[90m12:28:23:387[0m [34m[client-request-interceptor:dispose][0m destroyed the listener!
[90m12:28:23:387[0m [34m[xhr:dispose][0m disposing the interceptor...
[90m12:28:23:388[0m [34m[xhr:dispose][0m global symbol deleted: undefined
[90m12:28:23:388[0m [34m[xhr:dispose][0m disposing of 1 subscriptions...
[90m12:28:23:388[0m [34m[xhr:setup][0m native "XMLHttpRequest" module restored! XMLHttpRequest
[90m12:28:23:388[0m [34m[xhr:dispose][0m disposed of all subscriptions! 0
[90m12:28:23:388[0m [34m[xhr:dispose][0m destroyed the listener!
[90m12:28:23:388[0m [34m[fetch:dispose][0m disposing the interceptor...
[90m12:28:23:388[0m [34m[fetch:dispose][0m global symbol deleted: undefined
[90m12:28:23:388[0m [34m[fetch:dispose][0m disposing of 1 subscriptions...
[90m12:28:23:389[0m [34m[fetch:dispose][0m disposed of all subscriptions! 0
[90m12:28:23:389[0m [34m[fetch:dispose][0m destroyed the listener!
[90m12:28:23:389[0m [34m[websocket:dispose][0m disposing the interceptor...
[90m12:28:23:389[0m [34m[websocket:dispose][0m global symbol deleted: undefined
[90m12:28:23:389[0m [34m[websocket:dispose][0m disposing of 1 subscriptions...
[90m12:28:23:390[0m [34m[websocket:dispose][0m disposed of all subscriptions! 0
[90m12:28:23:390[0m [34m[websocket:dispose][0m destroyed the listener!
[90m12:28:23:390[0m [34m[interceptor-source:dispose][0m disposed of all subscriptions! 0
[90m12:28:23:390[0m [34m[interceptor-source:dispose][0m destroyed the listener!
[90m12:28:23:872[0m [34m[interceptor-source:apply][0m applying the interceptor...
[90m12:28:23:941[0m [34m[interceptor-source:apply][0m no running instance found, setting up a new instance...
[90m12:28:23:944[0m [34m[interceptor-source:setup][0m applying all 4 interceptors...
[90m12:28:23:945[0m [34m[interceptor-source:setup][0m applying "ClientRequestInterceptor" interceptor...
[90m12:28:23:945[0m [34m[client-request-interceptor:apply][0m applying the interceptor...
[90m12:28:23:946[0m [34m[client-request-interceptor:apply][0m no running instance found, setting up a new instance...
[90m12:28:23:947[0m [34m[interceptor-source:setup][0m adding interceptor dispose subscription
[90m12:28:23:962[0m [34m[interceptor-source:setup][0m applying "XMLHttpRequestInterceptor" interceptor...
[90m12:28:23:963[0m [34m[xhr:apply][0m applying the interceptor...
[90m12:28:23:973[0m [34m[xhr:apply][0m no running instance found, setting up a new instance...
[90m12:28:23:974[0m [34m[xhr:setup][0m patching "XMLHttpRequest" module...
[90m12:28:23:974[0m [34m[xhr:setup][0m native "XMLHttpRequest" module patched! XMLHttpRequest
[90m12:28:23:975[0m [34m[interceptor-source:setup][0m adding interceptor dispose subscription
[90m12:28:23:975[0m [34m[interceptor-source:setup][0m applying "FetchInterceptor" interceptor...
[90m12:28:23:975[0m [34m[fetch:apply][0m applying the interceptor...
[90m12:28:23:975[0m [34m[fetch:apply][0m no running instance found, setting up a new instance...
[90m12:28:23:976[0m [34m[interceptor-source:setup][0m adding interceptor dispose subscription
[90m12:28:23:976[0m [34m[interceptor-source:setup][0m applying "WebSocketInterceptor" interceptor...
[90m12:28:23:976[0m [34m[websocket:apply][0m applying the interceptor...
[90m12:28:23:977[0m [34m[websocket:apply][0m no running instance found, setting up a new instance...
[90m12:28:23:977[0m [34m[interceptor-source:setup][0m adding interceptor dispose subscription
[90m12:28:23:978[0m [34m[client-request-interceptor:on][0m adding "request" event listener: function () { [native code] }
[90m12:28:23:978[0m [34m[xhr:on][0m adding "request" event listener: function () { [native code] }
[90m12:28:23:979[0m [34m[fetch:on][0m adding "request" event listener: function () { [native code] }
[90m12:28:23:979[0m [34m[websocket:on][0m adding "request" event listener: function () { [native code] }
[90m12:28:23:979[0m [34m[client-request-interceptor:on][0m adding "response" event listener: function () { [native code] }
[90m12:28:23:979[0m [34m[xhr:on][0m adding "response" event listener: function () { [native code] }
[90m12:28:23:979[0m [34m[fetch:on][0m adding "response" event listener: function () { [native code] }
[90m12:28:23:979[0m [34m[websocket:on][0m adding "response" event listener: function () { [native code] }
[90m12:28:23:980[0m [34m[client-request-interceptor:on][0m adding "connection" event listener: function () { [native code] }
[90m12:28:23:980[0m [34m[xhr:on][0m adding "connection" event listener: function () { [native code] }
[90m12:28:23:980[0m [34m[fetch:on][0m adding "connection" event listener: function () { [native code] }
[90m12:28:23:981[0m [34m[websocket:on][0m adding "connection" event listener: function () { [native code] }
[90m12:28:24:455[0m [34m[interceptor-source:dispose][0m disposing the interceptor...
[90m12:28:24:456[0m [34m[interceptor-source:dispose][0m global symbol deleted: undefined
[90m12:28:24:456[0m [34m[interceptor-source:dispose][0m disposing of 4 subscriptions...
[90m12:28:24:456[0m [34m[client-request-interceptor:dispose][0m disposing the interceptor...
[90m12:28:24:456[0m [34m[client-request-interceptor:dispose][0m global symbol deleted: undefined
[90m12:28:24:456[0m [34m[client-request-interceptor:dispose][0m disposing of 1 subscriptions...
[90m12:28:24:456[0m [34m[client-request-interceptor:dispose][0m disposed of all subscriptions! 0
[90m12:28:24:457[0m [34m[client-request-interceptor:dispose][0m destroyed the listener!
[90m12:28:24:457[0m [34m[xhr:dispose][0m disposing the interceptor...
[90m12:28:24:457[0m [34m[xhr:dispose][0m global symbol deleted: undefined
[90m12:28:24:457[0m [34m[xhr:dispose][0m disposing of 1 subscriptions...
[90m12:28:24:457[0m [34m[xhr:setup][0m native "XMLHttpRequest" module restored! XMLHttpRequest
[90m12:28:24:457[0m [34m[xhr:dispose][0m disposed of all subscriptions! 0
[90m12:28:24:457[0m [34m[xhr:dispose][0m destroyed the listener!
[90m12:28:24:457[0m [34m[fetch:dispose][0m disposing the interceptor...
[90m12:28:24:457[0m [34m[fetch:dispose][0m global symbol deleted: undefined
[90m12:28:24:457[0m [34m[fetch:dispose][0m disposing of 1 subscriptions...
[90m12:28:24:458[0m [34m[fetch:dispose][0m disposed of all subscriptions! 0
[90m12:28:24:458[0m [34m[fetch:dispose][0m destroyed the listener!
[90m12:28:24:458[0m [34m[websocket:dispose][0m disposing the interceptor...
[90m12:28:24:458[0m [34m[websocket:dispose][0m global symbol deleted: undefined
[90m12:28:24:458[0m [34m[websocket:dispose][0m disposing of 1 subscriptions...
[90m12:28:24:458[0m [34m[websocket:dispose][0m disposed of all subscriptions! 0
[90m12:28:24:458[0m [34m[websocket:dispose][0m destroyed the listener!
[90m12:28:24:458[0m [34m[interceptor-source:dispose][0m disposed of all subscriptions! 0
[90m12:28:24:459[0m [34m[interceptor-source:dispose][0m destroyed the listener!
[90m12:28:24:698[0m [34m[interceptor-source:dispose][0m disposing the interceptor...
[90m12:28:24:698[0m [34m[interceptor-source:dispose][0m global symbol deleted: undefined
[90m12:28:24:698[0m [34m[interceptor-source:dispose][0m disposing of 4 subscriptions...
[90m12:28:24:699[0m [34m[client-request-interceptor:dispose][0m disposing the interceptor...
[90m12:28:24:699[0m [34m[client-request-interceptor:dispose][0m global symbol deleted: undefined
[90m12:28:24:699[0m [34m[client-request-interceptor:dispose][0m disposing of 1 subscriptions...
[90m12:28:24:699[0m [34m[client-request-interceptor:dispose][0m disposed of all subscriptions! 0
[90m12:28:24:699[0m [34m[client-request-interceptor:dispose][0m destroyed the listener!
[90m12:28:24:699[0m [34m[xhr:dispose][0m disposing the interceptor...
[90m12:28:24:700[0m [34m[xhr:dispose][0m global symbol deleted: undefined
[90m12:28:24:700[0m [34m[xhr:dispose][0m disposing of 1 subscriptions...
[90m12:28:24:700[0m [34m[xhr:setup][0m native "XMLHttpRequest" module restored! XMLHttpRequest
[90m12:28:24:700[0m [34m[xhr:dispose][0m disposed of all subscriptions! 0
[90m12:28:24:700[0m [34m[xhr:dispose][0m destroyed the listener!
[90m12:28:24:700[0m [34m[fetch:dispose][0m disposing the interceptor...
[90m12:28:24:700[0m [34m[fetch:dispose][0m global symbol deleted: undefined
[90m12:28:24:700[0m [34m[fetch:dispose][0m disposing of 1 subscriptions...
[90m12:28:24:700[0m [34m[fetch:dispose][0m disposed of all subscriptions! 0
[90m12:28:24:700[0m [34m[fetch:dispose][0m destroyed the listener!
[90m12:28:24:701[0m [34m[websocket:dispose][0m disposing the interceptor...
[90m12:28:24:701[0m [34m[websocket:dispose][0m global symbol deleted: undefined
[90m12:28:24:701[0m [34m[websocket:dispose][0m disposing of 1 subscriptions...
[90m12:28:24:701[0m [34m[websocket:dispose][0m disposed of all subscriptions! 0
[90m12:28:24:701[0m [34m[websocket:dispose][0m destroyed the listener!
[90m12:28:24:701[0m [34m[interceptor-source:dispose][0m disposed of all subscriptions! 0
[90m12:28:24:701[0m [34m[interceptor-source:dispose][0m destroyed the listener!
(node:8856) Warning: `--localstorage-file` was provided without a valid path
(Use `node --trace-warnings ...` to show where the warning was created)
(node:19256) Warning: `--localstorage-file` was provided without a valid path
(Use `node --trace-warnings ...` to show where the warning was created)
(node:16052) Warning: `--localstorage-file` was provided without a valid path
(Use `node --trace-warnings ...` to show where the warning was created)
[90m12:28:27:242[0m [34m[interceptor-source:apply][0m applying the interceptor...
[90m12:28:27:243[0m [34m[interceptor-source:apply][0m no running instance found, setting up a new instance...
[90m12:28:27:243[0m [34m[interceptor-source:setup][0m applying all 4 interceptors...
[90m12:28:27:244[0m [34m[interceptor-source:setup][0m applying "ClientRequestInterceptor" interceptor...
[90m12:28:27:244[0m [34m[client-request-interceptor:apply][0m applying the interceptor...
[90m12:28:27:245[0m [34m[client-request-interceptor:apply][0m no running instance found, setting up a new instance...
[90m12:28:27:246[0m [34m[interceptor-source:setup][0m adding interceptor dispose subscription
[90m12:28:27:246[0m [34m[interceptor-source:setup][0m applying "XMLHttpRequestInterceptor" interceptor...
[90m12:28:27:246[0m [34m[xhr:apply][0m applying the interceptor...
[90m12:28:27:247[0m [34m[xhr:apply][0m no running instance found, setting up a new instance...
[90m12:28:27:247[0m [34m[xhr:setup][0m patching "XMLHttpRequest" module...
[90m12:28:27:248[0m [34m[xhr:setup][0m native "XMLHttpRequest" module patched! XMLHttpRequest
[90m12:28:27:248[0m [34m[interceptor-source:setup][0m adding interceptor dispose subscription
[90m12:28:27:248[0m [34m[interceptor-source:setup][0m applying "FetchInterceptor" interceptor...
[90m12:28:27:248[0m [34m[fetch:apply][0m applying the interceptor...
[90m12:28:27:248[0m [34m[fetch:apply][0m no running instance found, setting up a new instance...
[90m12:28:27:249[0m [34m[interceptor-source:setup][0m adding interceptor dispose subscription
[90m12:28:27:249[0m [34m[interceptor-source:setup][0m applying "WebSocketInterceptor" interceptor...
[90m12:28:27:249[0m [34m[websocket:apply][0m applying the interceptor...
[90m12:28:27:250[0m [34m[websocket:apply][0m no running instance found, setting up a new instance...
[90m12:28:27:250[0m [34m[interceptor-source:setup][0m adding interceptor dispose subscription
[90m12:28:27:250[0m [34m[client-request-interceptor:on][0m adding "request" event listener: function () { [native code] }
[90m12:28:27:251[0m [34m[xhr:on][0m adding "request" event listener: function () { [native code] }
[90m12:28:27:251[0m [34m[fetch:on][0m adding "request" event listener: function () { [native code] }
[90m12:28:27:251[0m [34m[websocket:on][0m adding "request" event listener: function () { [native code] }
[90m12:28:27:251[0m [34m[client-request-interceptor:on][0m adding "response" event listener: function () { [native code] }
[90m12:28:27:251[0m [34m[xhr:on][0m adding "response" event listener: function () { [native code] }
[90m12:28:27:251[0m [34m[fetch:on][0m adding "response" event listener: function () { [native code] }
[90m12:28:27:252[0m [34m[websocket:on][0m adding "response" event listener: function () { [native code] }
[90m12:28:27:252[0m [34m[client-request-interceptor:on][0m adding "connection" event listener: function () { [native code] }
[90m12:28:27:252[0m [34m[xhr:on][0m adding "connection" event listener: function () { [native code] }
[90m12:28:27:252[0m [34m[fetch:on][0m adding "connection" event listener: function () { [native code] }
[90m12:28:27:252[0m [34m[websocket:on][0m adding "connection" event listener: function () { [native code] }
(node:4516) Warning: `--localstorage-file` was provided without a valid path
(Use `node --trace-warnings ...` to show where the warning was created)
[90m12:28:27:473[0m [34m[interceptor-source:apply][0m applying the interceptor...
[90m12:28:27:538[0m [34m[interceptor-source:apply][0m no running instance found, setting up a new instance...
[90m12:28:27:538[0m [34m[interceptor-source:setup][0m applying all 4 interceptors...
[90m12:28:27:539[0m [34m[interceptor-source:setup][0m applying "ClientRequestInterceptor" interceptor...
[90m12:28:27:539[0m [34m[client-request-interceptor:apply][0m applying the interceptor...
[90m12:28:27:539[0m [34m[client-request-interceptor:apply][0m no running instance found, setting up a new instance...
[90m12:28:27:540[0m [34m[interceptor-source:setup][0m adding interceptor dispose subscription
[90m12:28:27:541[0m [34m[interceptor-source:setup][0m applying "XMLHttpRequestInterceptor" interceptor...
[90m12:28:27:542[0m [34m[xhr:apply][0m applying the interceptor...
[90m12:28:27:542[0m [34m[xhr:apply][0m no running instance found, setting up a new instance...
[90m12:28:27:544[0m [34m[xhr:setup][0m patching "XMLHttpRequest" module...
[90m12:28:27:544[0m [34m[xhr:setup][0m native "XMLHttpRequest" module patched! XMLHttpRequest
[90m12:28:27:544[0m [34m[interceptor-source:setup][0m adding interceptor dispose subscription
[90m12:28:27:545[0m [34m[interceptor-source:setup][0m applying "FetchInterceptor" interceptor...
[90m12:28:27:545[0m [34m[fetch:apply][0m applying the interceptor...
[90m12:28:27:545[0m [34m[fetch:apply][0m no running instance found, setting up a new instance...
[90m12:28:27:546[0m [34m[interceptor-source:setup][0m adding interceptor dispose subscription
[90m12:28:27:546[0m [34m[interceptor-source:setup][0m applying "WebSocketInterceptor" interceptor...
[90m12:28:27:546[0m [34m[websocket:apply][0m applying the interceptor...
[90m12:28:27:547[0m [34m[websocket:apply][0m no running instance found, setting up a new instance...
[90m12:28:27:547[0m [34m[interceptor-source:setup][0m adding interceptor dispose subscription
[90m12:28:27:548[0m [34m[client-request-interceptor:on][0m adding "request" event listener: function () { [native code] }
[90m12:28:27:548[0m [34m[xhr:on][0m adding "request" event listener: function () { [native code] }
[90m12:28:27:549[0m [34m[fetch:on][0m adding "request" event listener: function () { [native code] }
[90m12:28:27:549[0m [34m[websocket:on][0m adding "request" event listener: function () { [native code] }
[90m12:28:27:549[0m [34m[client-request-interceptor:on][0m adding "response" event listener: function () { [native code] }
[90m12:28:27:549[0m [34m[xhr:on][0m adding "response" event listener: function () { [native code] }
[90m12:28:27:549[0m [34m[fetch:on][0m adding "response" event listener: function () { [native code] }
[90m12:28:27:550[0m [34m[websocket:on][0m adding "response" event listener: function () { [native code] }
[90m12:28:27:550[0m [34m[client-request-interceptor:on][0m adding "connection" event listener: function () { [native code] }
[90m12:28:27:550[0m [34m[xhr:on][0m adding "connection" event listener: function () { [native code] }
[90m12:28:27:550[0m [34m[fetch:on][0m adding "connection" event listener: function () { [native code] }
[90m12:28:27:551[0m [34m[websocket:on][0m adding "connection" event listener: function () { [native code] }
(node:15428) Warning: `--localstorage-file` was provided without a valid path
(Use `node --trace-warnings ...` to show where the warning was created)
[90m12:28:27:664[0m [34m[interceptor-source:apply][0m applying the interceptor...
[90m12:28:27:731[0m [34m[interceptor-source:apply][0m no running instance found, setting up a new instance...
[90m12:28:27:732[0m [34m[interceptor-source:setup][0m applying all 4 interceptors...
[90m12:28:27:733[0m [34m[interceptor-source:setup][0m applying "ClientRequestInterceptor" interceptor...
[90m12:28:27:733[0m [34m[client-request-interceptor:apply][0m applying the interceptor...
[90m12:28:27:734[0m [34m[client-request-interceptor:apply][0m no running instance found, setting up a new instance...
[90m12:28:27:735[0m [34m[interceptor-source:setup][0m adding interceptor dispose subscription
[90m12:28:27:735[0m [34m[interceptor-source:setup][0m applying "XMLHttpRequestInterceptor" interceptor...
[90m12:28:27:735[0m [34m[xhr:apply][0m applying the interceptor...
[90m12:28:27:736[0m [34m[xhr:apply][0m no running instance found, setting up a new instance...
[90m12:28:27:736[0m [34m[xhr:setup][0m patching "XMLHttpRequest" module...
[90m12:28:27:736[0m [34m[xhr:setup][0m native "XMLHttpRequest" module patched! XMLHttpRequest
[90m12:28:27:737[0m [34m[interceptor-source:setup][0m adding interceptor dispose subscription
[90m12:28:27:737[0m [34m[interceptor-source:setup][0m applying "FetchInterceptor" interceptor...
[90m12:28:27:737[0m [34m[fetch:apply][0m applying the interceptor...
[90m12:28:27:737[0m [34m[fetch:apply][0m no running instance found, setting up a new instance...
[90m12:28:27:738[0m [34m[interceptor-source:setup][0m adding interceptor dispose subscription
[90m12:28:27:738[0m [34m[interceptor-source:setup][0m applying "WebSocketInterceptor" interceptor...
[90m12:28:27:738[0m [34m[websocket:apply][0m applying the interceptor...
[90m12:28:27:739[0m [34m[websocket:apply][0m no running instance found, setting up a new instance...
[90m12:28:27:739[0m [34m[interceptor-source:setup][0m adding interceptor dispose subscription
[90m12:28:27:739[0m [34m[client-request-interceptor:on][0m adding "request" event listener: function () { [native code] }
[90m12:28:27:740[0m [34m[xhr:on][0m adding "request" event listener: function () { [native code] }
[90m12:28:27:740[0m [34m[fetch:on][0m adding "request" event listener: function () { [native code] }
[90m12:28:27:740[0m [34m[websocket:on][0m adding "request" event listener: function () { [native code] }
[90m12:28:27:741[0m [34m[client-request-interceptor:on][0m adding "response" event listener: function () { [native code] }
[90m12:28:27:741[0m [34m[xhr:on][0m adding "response" event listener: function () { [native code] }
[90m12:28:27:741[0m [34m[fetch:on][0m adding "response" event listener: function () { [native code] }
[90m12:28:27:741[0m [34m[websocket:on][0m adding "response" event listener: function () { [native code] }
[90m12:28:27:741[0m [34m[client-request-interceptor:on][0m adding "connection" event listener: function () { [native code] }
[90m12:28:27:741[0m [34m[xhr:on][0m adding "connection" event listener: function () { [native code] }
[90m12:28:27:741[0m [34m[fetch:on][0m adding "connection" event listener: function () { [native code] }
[90m12:28:27:741[0m [34m[websocket:on][0m adding "connection" event listener: function () { [native code] }
[90m12:28:27:898[0m [34m[interceptor-source:dispose][0m disposing the interceptor...
[90m12:28:27:899[0m [34m[interceptor-source:dispose][0m global symbol deleted: undefined
[90m12:28:27:899[0m [34m[interceptor-source:dispose][0m disposing of 4 subscriptions...
[90m12:28:27:899[0m [34m[client-request-interceptor:dispose][0m disposing the interceptor...
[90m12:28:27:899[0m [34m[client-request-interceptor:dispose][0m global symbol deleted: undefined
[90m12:28:27:899[0m [34m[client-request-interceptor:dispose][0m disposing of 1 subscriptions...
[90m12:28:27:900[0m [34m[client-request-interceptor:dispose][0m disposed of all subscriptions! 0
[90m12:28:27:900[0m [34m[client-request-interceptor:dispose][0m destroyed the listener!
[90m12:28:27:900[0m [34m[xhr:dispose][0m disposing the interceptor...
[90m12:28:27:900[0m [34m[xhr:dispose][0m global symbol deleted: undefined
[90m12:28:27:900[0m [34m[xhr:dispose][0m disposing of 1 subscriptions...
[90m12:28:27:900[0m [34m[xhr:setup][0m native "XMLHttpRequest" module restored! XMLHttpRequest
[90m12:28:27:902[0m [34m[xhr:dispose][0m disposed of all subscriptions! 0
[90m12:28:27:902[0m [34m[xhr:dispose][0m destroyed the listener!
[90m12:28:27:903[0m [34m[fetch:dispose][0m disposing the interceptor...
[90m12:28:27:903[0m [34m[fetch:dispose][0m global symbol deleted: undefined
[90m12:28:27:904[0m [34m[fetch:dispose][0m disposing of 1 subscriptions...
[90m12:28:27:904[0m [34m[fetch:dispose][0m disposed of all subscriptions! 0
[90m12:28:27:904[0m [34m[fetch:dispose][0m destroyed the listener!
[90m12:28:27:905[0m [34m[websocket:dispose][0m disposing the interceptor...
[90m12:28:27:905[0m [34m[websocket:dispose][0m global symbol deleted: undefined
[90m12:28:27:906[0m [34m[websocket:dispose][0m disposing of 1 subscriptions...
[90m12:28:27:906[0m [34m[websocket:dispose][0m disposed of all subscriptions! 0
[90m12:28:27:906[0m [34m[websocket:dispose][0m destroyed the listener!
[90m12:28:27:906[0m [34m[interceptor-source:dispose][0m disposed of all subscriptions! 0
[90m12:28:27:906[0m [34m[interceptor-source:dispose][0m destroyed the listener!
[90m12:28:27:975[0m [34m[interceptor-source:apply][0m applying the interceptor...
[90m12:28:28:41[0m [34m[interceptor-source:apply][0m no running instance found, setting up a new instance...
[90m12:28:28:41[0m [34m[interceptor-source:setup][0m applying all 4 interceptors...
[90m12:28:28:42[0m [34m[interceptor-source:setup][0m applying "ClientRequestInterceptor" interceptor...
[90m12:28:28:43[0m [34m[client-request-interceptor:apply][0m applying the interceptor...
[90m12:28:28:43[0m [34m[client-request-interceptor:apply][0m no running instance found, setting up a new instance...
[90m12:28:28:44[0m [34m[interceptor-source:setup][0m adding interceptor dispose subscription
[90m12:28:28:44[0m [34m[interceptor-source:setup][0m applying "XMLHttpRequestInterceptor" interceptor...
[90m12:28:28:44[0m [34m[xhr:apply][0m applying the interceptor...
[90m12:28:28:45[0m [34m[xhr:apply][0m no running instance found, setting up a new instance...
[90m12:28:28:45[0m [34m[xhr:setup][0m patching "XMLHttpRequest" module...
[90m12:28:28:45[0m [34m[xhr:setup][0m native "XMLHttpRequest" module patched! XMLHttpRequest
[90m12:28:28:46[0m [34m[interceptor-source:setup][0m adding interceptor dispose subscription
[90m12:28:28:46[0m [34m[interceptor-source:setup][0m applying "FetchInterceptor" interceptor...
[90m12:28:28:46[0m [34m[fetch:apply][0m applying the interceptor...
[90m12:28:28:46[0m [34m[fetch:apply][0m no running instance found, setting up a new instance...
[90m12:28:28:46[0m [34m[interceptor-source:setup][0m adding interceptor dispose subscription
[90m12:28:28:47[0m [34m[interceptor-source:setup][0m applying "WebSocketInterceptor" interceptor...
[90m12:28:28:47[0m [34m[websocket:apply][0m applying the interceptor...
[90m12:28:28:47[0m [34m[websocket:apply][0m no running instance found, setting up a new instance...
[90m12:28:28:48[0m [34m[interceptor-source:setup][0m adding interceptor dispose subscription
[90m12:28:28:48[0m [34m[client-request-interceptor:on][0m adding "request" event listener: function () { [native code] }
[90m12:28:28:48[0m [34m[xhr:on][0m adding "request" event listener: function () { [native code] }
[90m12:28:28:49[0m [34m[fetch:on][0m adding "request" event listener: function () { [native code] }
[90m12:28:28:49[0m [34m[websocket:on][0m adding "request" event listener: function () { [native code] }
[90m12:28:28:49[0m [34m[client-request-interceptor:on][0m adding "response" event listener: function () { [native code] }
[90m12:28:28:49[0m [34m[xhr:on][0m adding "response" event listener: function () { [native code] }
[90m12:28:28:49[0m [34m[fetch:on][0m adding "response" event listener: function () { [native code] }
[90m12:28:28:49[0m [34m[websocket:on][0m adding "response" event listener: function () { [native code] }
[90m12:28:28:50[0m [34m[client-request-interceptor:on][0m adding "connection" event listener: function () { [native code] }
[90m12:28:28:50[0m [34m[xhr:on][0m adding "connection" event listener: function () { [native code] }
[90m12:28:28:50[0m [34m[fetch:on][0m adding "connection" event listener: function () { [native code] }
[90m12:28:28:50[0m [34m[websocket:on][0m adding "connection" event listener: function () { [native code] }
[90m12:28:28:112[0m [34m[interceptor-source:dispose][0m disposing the interceptor...
[90m12:28:28:113[0m [34m[interceptor-source:dispose][0m global symbol deleted: undefined
[90m12:28:28:113[0m [34m[interceptor-source:dispose][0m disposing of 4 subscriptions...
[90m12:28:28:113[0m [34m[client-request-interceptor:dispose][0m disposing the interceptor...
[90m12:28:28:113[0m [34m[client-request-interceptor:dispose][0m global symbol deleted: undefined
[90m12:28:28:113[0m [34m[client-request-interceptor:dispose][0m disposing of 1 subscriptions...
[90m12:28:28:113[0m [34m[client-request-interceptor:dispose][0m disposed of all subscriptions! 0
[90m12:28:28:113[0m [34m[client-request-interceptor:dispose][0m destroyed the listener!
[90m12:28:28:114[0m [34m[xhr:dispose][0m disposing the interceptor...
[90m12:28:28:114[0m [34m[xhr:dispose][0m global symbol deleted: undefined
[90m12:28:28:114[0m [34m[xhr:dispose][0m disposing of 1 subscriptions...
[90m12:28:28:114[0m [34m[xhr:setup][0m native "XMLHttpRequest" module restored! XMLHttpRequest
[90m12:28:28:114[0m [34m[xhr:dispose][0m disposed of all subscriptions! 0
[90m12:28:28:114[0m [34m[xhr:dispose][0m destroyed the listener!
[90m12:28:28:114[0m [34m[fetch:dispose][0m disposing the interceptor...
[90m12:28:28:114[0m [34m[fetch:dispose][0m global symbol deleted: undefined
[90m12:28:28:114[0m [34m[fetch:dispose][0m disposing of 1 subscriptions...
[90m12:28:28:114[0m [34m[fetch:dispose][0m disposed of all subscriptions! 0
[90m12:28:28:115[0m [34m[fetch:dispose][0m destroyed the listener!
[90m12:28:28:115[0m [34m[websocket:dispose][0m disposing the interceptor...
[90m12:28:28:115[0m [34m[websocket:dispose][0m global symbol deleted: undefined
[90m12:28:28:115[0m [34m[websocket:dispose][0m disposing of 1 subscriptions...
[90m12:28:28:115[0m [34m[websocket:dispose][0m disposed of all subscriptions! 0
[90m12:28:28:115[0m [34m[websocket:dispose][0m destroyed the listener!
[90m12:28:28:115[0m [34m[interceptor-source:dispose][0m disposed of all subscriptions! 0
[90m12:28:28:115[0m [34m[interceptor-source:dispose][0m destroyed the listener!
[90m12:28:28:267[0m [34m[interceptor-source:dispose][0m disposing the interceptor...
[90m12:28:28:267[0m [34m[interceptor-source:dispose][0m global symbol deleted: undefined
[90m12:28:28:267[0m [34m[interceptor-source:dispose][0m disposing of 4 subscriptions...
[90m12:28:28:267[0m [34m[client-request-interceptor:dispose][0m disposing the interceptor...
[90m12:28:28:267[0m [34m[client-request-interceptor:dispose][0m global symbol deleted: undefined
[90m12:28:28:267[0m [34m[client-request-interceptor:dispose][0m disposing of 1 subscriptions...
[90m12:28:28:268[0m [34m[client-request-interceptor:dispose][0m disposed of all subscriptions! 0
[90m12:28:28:268[0m [34m[client-request-interceptor:dispose][0m destroyed the listener!
[90m12:28:28:268[0m [34m[xhr:dispose][0m disposing the interceptor...
[90m12:28:28:268[0m [34m[xhr:dispose][0m global symbol deleted: undefined
[90m12:28:28:268[0m [34m[xhr:dispose][0m disposing of 1 subscriptions...
[90m12:28:28:268[0m [34m[xhr:setup][0m native "XMLHttpRequest" module restored! XMLHttpRequest
[90m12:28:28:268[0m [34m[xhr:dispose][0m disposed of all subscriptions! 0
[90m12:28:28:268[0m [34m[xhr:dispose][0m destroyed the listener!
[90m12:28:28:269[0m [34m[fetch:dispose][0m disposing the interceptor...
[90m12:28:28:269[0m [34m[fetch:dispose][0m global symbol deleted: undefined
[90m12:28:28:269[0m [34m[fetch:dispose][0m disposing of 1 subscriptions...
[90m12:28:28:269[0m [34m[fetch:dispose][0m disposed of all subscriptions! 0
[90m12:28:28:269[0m [34m[fetch:dispose][0m destroyed the listener!
[90m12:28:28:269[0m [34m[websocket:dispose][0m disposing the interceptor...
[90m12:28:28:270[0m [34m[websocket:dispose][0m global symbol deleted: undefined
[90m12:28:28:270[0m [34m[websocket:dispose][0m disposing of 1 subscriptions...
[90m12:28:28:270[0m [34m[websocket:dispose][0m disposed of all subscriptions! 0
[90m12:28:28:270[0m [34m[websocket:dispose][0m destroyed the listener!
[90m12:28:28:270[0m [34m[interceptor-source:dispose][0m disposed of all subscriptions! 0
[90m12:28:28:270[0m [34m[interceptor-source:dispose][0m destroyed the listener!
[90m12:28:28:304[0m [34m[interceptor-source:apply][0m applying the interceptor...
[90m12:28:28:369[0m [34m[interceptor-source:apply][0m no running instance found, setting up a new instance...
[90m12:28:28:369[0m [34m[interceptor-source:setup][0m applying all 4 interceptors...
[90m12:28:28:370[0m [34m[interceptor-source:setup][0m applying "ClientRequestInterceptor" interceptor...
[90m12:28:28:370[0m [34m[client-request-interceptor:apply][0m applying the interceptor...
[90m12:28:28:371[0m [34m[client-request-interceptor:apply][0m no running instance found, setting up a new instance...
[90m12:28:28:372[0m [34m[interceptor-source:setup][0m adding interceptor dispose subscription
[90m12:28:28:372[0m [34m[interceptor-source:setup][0m applying "XMLHttpRequestInterceptor" interceptor...
[90m12:28:28:372[0m [34m[xhr:apply][0m applying the interceptor...
[90m12:28:28:372[0m [34m[xhr:apply][0m no running instance found, setting up a new instance...
[90m12:28:28:373[0m [34m[xhr:setup][0m patching "XMLHttpRequest" module...
[90m12:28:28:373[0m [34m[xhr:setup][0m native "XMLHttpRequest" module patched! XMLHttpRequest
[90m12:28:28:373[0m [34m[interceptor-source:setup][0m adding interceptor dispose subscription
[90m12:28:28:373[0m [34m[interceptor-source:setup][0m applying "FetchInterceptor" interceptor...
[90m12:28:28:374[0m [34m[fetch:apply][0m applying the interceptor...
[90m12:28:28:374[0m [34m[fetch:apply][0m no running instance found, setting up a new instance...
[90m12:28:28:374[0m [34m[interceptor-source:setup][0m adding interceptor dispose subscription
[90m12:28:28:375[0m [34m[interceptor-source:setup][0m applying "WebSocketInterceptor" interceptor...
[90m12:28:28:375[0m [34m[websocket:apply][0m applying the interceptor...
[90m12:28:28:375[0m [34m[websocket:apply][0m no running instance found, setting up a new instance...
[90m12:28:28:376[0m [34m[interceptor-source:setup][0m adding interceptor dispose subscription
[90m12:28:28:376[0m [34m[client-request-interceptor:on][0m adding "request" event listener: function () { [native code] }
[90m12:28:28:377[0m [34m[xhr:on][0m adding "request" event listener: function () { [native code] }
[90m12:28:28:377[0m [34m[fetch:on][0m adding "request" event listener: function () { [native code] }
[90m12:28:28:377[0m [34m[websocket:on][0m adding "request" event listener: function () { [native code] }
[90m12:28:28:378[0m [34m[client-request-interceptor:on][0m adding "response" event listener: function () { [native code] }
[90m12:28:28:378[0m [34m[xhr:on][0m adding "response" event listener: function () { [native code] }
[90m12:28:28:378[0m [34m[fetch:on][0m adding "response" event listener: function () { [native code] }
[90m12:28:28:378[0m [34m[websocket:on][0m adding "response" event listener: function () { [native code] }
[90m12:28:28:378[0m [34m[client-request-interceptor:on][0m adding "connection" event listener: function () { [native code] }
[90m12:28:28:378[0m [34m[xhr:on][0m adding "connection" event listener: function () { [native code] }
[90m12:28:28:378[0m [34m[fetch:on][0m adding "connection" event listener: function () { [native code] }
[90m12:28:28:379[0m [34m[websocket:on][0m adding "connection" event listener: function () { [native code] }
[90m12:28:28:453[0m [34m[interceptor-source:dispose][0m disposing the interceptor...
[90m12:28:28:454[0m [34m[interceptor-source:dispose][0m global symbol deleted: undefined
[90m12:28:28:454[0m [34m[interceptor-source:dispose][0m disposing of 4 subscriptions...
[90m12:28:28:454[0m [34m[client-request-interceptor:dispose][0m disposing the interceptor...
[90m12:28:28:454[0m [34m[client-request-interceptor:dispose][0m global symbol deleted: undefined
[90m12:28:28:454[0m [34m[client-request-interceptor:dispose][0m disposing of 1 subscriptions...
[90m12:28:28:455[0m [34m[client-request-interceptor:dispose][0m disposed of all subscriptions! 0
[90m12:28:28:455[0m [34m[client-request-interceptor:dispose][0m destroyed the listener!
[90m12:28:28:455[0m [34m[xhr:dispose][0m disposing the interceptor...
[90m12:28:28:455[0m [34m[xhr:dispose][0m global symbol deleted: undefined
[90m12:28:28:455[0m [34m[xhr:dispose][0m disposing of 1 subscriptions...
[90m12:28:28:455[0m [34m[xhr:setup][0m native "XMLHttpRequest" module restored! XMLHttpRequest
[90m12:28:28:455[0m [34m[xhr:dispose][0m disposed of all subscriptions! 0
[90m12:28:28:455[0m [34m[xhr:dispose][0m destroyed the listener!
[90m12:28:28:455[0m [34m[fetch:dispose][0m disposing the interceptor...
[90m12:28:28:455[0m [34m[fetch:dispose][0m global symbol deleted: undefined
[90m12:28:28:456[0m [34m[fetch:dispose][0m disposing of 1 subscriptions...
[90m12:28:28:456[0m [34m[fetch:dispose][0m disposed of all subscriptions! 0
[90m12:28:28:456[0m [34m[fetch:dispose][0m destroyed the listener!
[90m12:28:28:456[0m [34m[websocket:dispose][0m disposing the interceptor...
[90m12:28:28:456[0m [34m[websocket:dispose][0m global symbol deleted: undefined
[90m12:28:28:456[0m [34m[websocket:dispose][0m disposing of 1 subscriptions...
[90m12:28:28:457[0m [34m[websocket:dispose][0m disposed of all subscriptions! 0
[90m12:28:28:457[0m [34m[websocket:dispose][0m destroyed the listener!
[90m12:28:28:457[0m [34m[interceptor-source:dispose][0m disposed of all subscriptions! 0
[90m12:28:28:457[0m [34m[interceptor-source:dispose][0m destroyed the listener!
[90m12:28:28:695[0m [34m[interceptor-source:dispose][0m disposing the interceptor...
[90m12:28:28:695[0m [34m[interceptor-source:dispose][0m global symbol deleted: undefined
[90m12:28:28:695[0m [34m[interceptor-source:dispose][0m disposing of 4 subscriptions...
[90m12:28:28:695[0m [34m[client-request-interceptor:dispose][0m disposing the interceptor...
[90m12:28:28:695[0m [34m[client-request-interceptor:dispose][0m global symbol deleted: undefined
[90m12:28:28:695[0m [34m[client-request-interceptor:dispose][0m disposing of 1 subscriptions...
[90m12:28:28:696[0m [34m[client-request-interceptor:dispose][0m disposed of all subscriptions! 0
[90m12:28:28:696[0m [34m[client-request-interceptor:dispose][0m destroyed the listener!
[90m12:28:28:696[0m [34m[xhr:dispose][0m disposing the interceptor...
[90m12:28:28:696[0m [34m[xhr:dispose][0m global symbol deleted: undefined
[90m12:28:28:696[0m [34m[xhr:dispose][0m disposing of 1 subscriptions...
[90m12:28:28:697[0m [34m[xhr:setup][0m native "XMLHttpRequest" module restored! XMLHttpRequest
[90m12:28:28:698[0m [34m[xhr:dispose][0m disposed of all subscriptions! 0
[90m12:28:28:698[0m [34m[xhr:dispose][0m destroyed the listener!
[90m12:28:28:698[0m [34m[fetch:dispose][0m disposing the interceptor...
[90m12:28:28:698[0m [34m[fetch:dispose][0m global symbol deleted: undefined
[90m12:28:28:698[0m [34m[fetch:dispose][0m disposing of 1 subscriptions...
[90m12:28:28:699[0m [34m[fetch:dispose][0m disposed of all subscriptions! 0
[90m12:28:28:699[0m [34m[fetch:dispose][0m destroyed the listener!
[90m12:28:28:699[0m [34m[websocket:dispose][0m disposing the interceptor...
[90m12:28:28:699[0m [34m[websocket:dispose][0m global symbol deleted: undefined
[90m12:28:28:700[0m [34m[websocket:dispose][0m disposing of 1 subscriptions...
[90m12:28:28:700[0m [34m[websocket:dispose][0m disposed of all subscriptions! 0
[90m12:28:28:700[0m [34m[websocket:dispose][0m destroyed the listener!
[90m12:28:28:700[0m [34m[interceptor-source:dispose][0m disposed of all subscriptions! 0
[90m12:28:28:700[0m [34m[interceptor-source:dispose][0m destroyed the listener!
[90m12:28:29:15[0m [34m[interceptor-source:apply][0m applying the interceptor...
[90m12:28:29:81[0m [34m[interceptor-source:apply][0m no running instance found, setting up a new instance...
[90m12:28:29:82[0m [34m[interceptor-source:setup][0m applying all 4 interceptors...
[90m12:28:29:82[0m [34m[interceptor-source:setup][0m applying "ClientRequestInterceptor" interceptor...
[90m12:28:29:82[0m [34m[client-request-interceptor:apply][0m applying the interceptor...
[90m12:28:29:83[0m [34m[client-request-interceptor:apply][0m no running instance found, setting up a new instance...
[90m12:28:29:84[0m [34m[interceptor-source:setup][0m adding interceptor dispose subscription
[90m12:28:29:84[0m [34m[interceptor-source:setup][0m applying "XMLHttpRequestInterceptor" interceptor...
[90m12:28:29:84[0m [34m[xhr:apply][0m applying the interceptor...
[90m12:28:29:85[0m [34m[xhr:apply][0m no running instance found, setting up a new instance...
[90m12:28:29:85[0m [34m[xhr:setup][0m patching "XMLHttpRequest" module...
[90m12:28:29:86[0m [34m[xhr:setup][0m native "XMLHttpRequest" module patched! XMLHttpRequest
[90m12:28:29:86[0m [34m[interceptor-source:setup][0m adding interceptor dispose subscription
[90m12:28:29:86[0m [34m[interceptor-source:setup][0m applying "FetchInterceptor" interceptor...
[90m12:28:29:86[0m [34m[fetch:apply][0m applying the interceptor...
[90m12:28:29:86[0m [34m[fetch:apply][0m no running instance found, setting up a new instance...
[90m12:28:29:87[0m [34m[interceptor-source:setup][0m adding interceptor dispose subscription
[90m12:28:29:87[0m [34m[interceptor-source:setup][0m applying "WebSocketInterceptor" interceptor...
[90m12:28:29:87[0m [34m[websocket:apply][0m applying the interceptor...
[90m12:28:29:88[0m [34m[websocket:apply][0m no running instance found, setting up a new instance...
[90m12:28:29:88[0m [34m[interceptor-source:setup][0m adding interceptor dispose subscription
[90m12:28:29:88[0m [34m[client-request-interceptor:on][0m adding "request" event listener: function () { [native code] }
[90m12:28:29:89[0m [34m[xhr:on][0m adding "request" event listener: function () { [native code] }
[90m12:28:29:89[0m [34m[fetch:on][0m adding "request" event listener: function () { [native code] }
[90m12:28:29:89[0m [34m[websocket:on][0m adding "request" event listener: function () { [native code] }
[90m12:28:29:89[0m [34m[client-request-interceptor:on][0m adding "response" event listener: function () { [native code] }
[90m12:28:29:89[0m [34m[xhr:on][0m adding "response" event listener: function () { [native code] }
[90m12:28:29:90[0m [34m[fetch:on][0m adding "response" event listener: function () { [native code] }
[90m12:28:29:90[0m [34m[websocket:on][0m adding "response" event listener: function () { [native code] }
[90m12:28:29:90[0m [34m[client-request-interceptor:on][0m adding "connection" event listener: function () { [native code] }
[90m12:28:29:90[0m [34m[xhr:on][0m adding "connection" event listener: function () { [native code] }
[90m12:28:29:90[0m [34m[fetch:on][0m adding "connection" event listener: function () { [native code] }
[90m12:28:29:90[0m [34m[websocket:on][0m adding "connection" event listener: function () { [native code] }
[90m12:28:29:342[0m [34m[interceptor-source:dispose][0m disposing the interceptor...
[90m12:28:29:342[0m [34m[interceptor-source:dispose][0m global symbol deleted: undefined
[90m12:28:29:342[0m [34m[interceptor-source:dispose][0m disposing of 4 subscriptions...
[90m12:28:29:343[0m [34m[client-request-interceptor:dispose][0m disposing the interceptor...
[90m12:28:29:343[0m [34m[client-request-interceptor:dispose][0m global symbol deleted: undefined
[90m12:28:29:343[0m [34m[client-request-interceptor:dispose][0m disposing of 1 subscriptions...
[90m12:28:29:343[0m [34m[client-request-interceptor:dispose][0m disposed of all subscriptions! 0
[90m12:28:29:343[0m [34m[client-request-interceptor:dispose][0m destroyed the listener!
[90m12:28:29:343[0m [34m[xhr:dispose][0m disposing the interceptor...
[90m12:28:29:344[0m [34m[xhr:dispose][0m global symbol deleted: undefined
[90m12:28:29:344[0m [34m[xhr:dispose][0m disposing of 1 subscriptions...
[90m12:28:29:344[0m [34m[xhr:setup][0m native "XMLHttpRequest" module restored! XMLHttpRequest
[90m12:28:29:344[0m [34m[xhr:dispose][0m disposed of all subscriptions! 0
[90m12:28:29:344[0m [34m[xhr:dispose][0m destroyed the listener!
[90m12:28:29:344[0m [34m[fetch:dispose][0m disposing the interceptor...
[90m12:28:29:344[0m [34m[fetch:dispose][0m global symbol deleted: undefined
[90m12:28:29:344[0m [34m[fetch:dispose][0m disposing of 1 subscriptions...
[90m12:28:29:344[0m [34m[fetch:dispose][0m disposed of all subscriptions! 0
[90m12:28:29:345[0m [34m[fetch:dispose][0m destroyed the listener!
[90m12:28:29:345[0m [34m[websocket:dispose][0m disposing the interceptor...
[90m12:28:29:345[0m [34m[websocket:dispose][0m global symbol deleted: undefined
[90m12:28:29:345[0m [34m[websocket:dispose][0m disposing of 1 subscriptions...
[90m12:28:29:345[0m [34m[websocket:dispose][0m disposed of all subscriptions! 0
[90m12:28:29:345[0m [34m[websocket:dispose][0m destroyed the listener!
[90m12:28:29:346[0m [34m[interceptor-source:dispose][0m disposed of all subscriptions! 0
[90m12:28:29:346[0m [34m[interceptor-source:dispose][0m destroyed the listener!
[90m12:28:29:966[0m [34m[interceptor-source:dispose][0m disposing the interceptor...
[90m12:28:29:966[0m [34m[interceptor-source:dispose][0m global symbol deleted: undefined
[90m12:28:29:966[0m [34m[interceptor-source:dispose][0m disposing of 4 subscriptions...
[90m12:28:29:966[0m [34m[client-request-interceptor:dispose][0m disposing the interceptor...
[90m12:28:29:967[0m [34m[client-request-interceptor:dispose][0m global symbol deleted: undefined
[90m12:28:29:967[0m [34m[client-request-interceptor:dispose][0m disposing of 1 subscriptions...
[90m12:28:29:967[0m [34m[client-request-interceptor:dispose][0m disposed of all subscriptions! 0
[90m12:28:29:967[0m [34m[client-request-interceptor:dispose][0m destroyed the listener!
[90m12:28:29:967[0m [34m[xhr:dispose][0m disposing the interceptor...
[90m12:28:29:967[0m [34m[xhr:dispose][0m global symbol deleted: undefined
[90m12:28:29:967[0m [34m[xhr:dispose][0m disposing of 1 subscriptions...
[90m12:28:29:968[0m [34m[xhr:setup][0m native "XMLHttpRequest" module restored! XMLHttpRequest
[90m12:28:29:968[0m [34m[xhr:dispose][0m disposed of all subscriptions! 0
[90m12:28:29:968[0m [34m[xhr:dispose][0m destroyed the listener!
[90m12:28:29:968[0m [34m[fetch:dispose][0m disposing the interceptor...
[90m12:28:29:968[0m [34m[fetch:dispose][0m global symbol deleted: undefined
[90m12:28:29:968[0m [34m[fetch:dispose][0m disposing of 1 subscriptions...
[90m12:28:29:968[0m [34m[fetch:dispose][0m disposed of all subscriptions! 0
[90m12:28:29:968[0m [34m[fetch:dispose][0m destroyed the listener!
[90m12:28:29:969[0m [34m[websocket:dispose][0m disposing the interceptor...
[90m12:28:29:969[0m [34m[websocket:dispose][0m global symbol deleted: undefined
[90m12:28:29:969[0m [34m[websocket:dispose][0m disposing of 1 subscriptions...
[90m12:28:29:969[0m [34m[websocket:dispose][0m disposed of all subscriptions! 0
[90m12:28:29:970[0m [34m[websocket:dispose][0m destroyed the listener!
[90m12:28:29:970[0m [34m[interceptor-source:dispose][0m disposed of all subscriptions! 0
[90m12:28:29:970[0m [34m[interceptor-source:dispose][0m destroyed the listener!
stdout | tests/unit/components/settings-content.test.tsx
◇ injected env (110) from .env.local // tip: ⌘ suppress logs { quiet: true }

 ❯ tests/unit/components/settings-content.test.tsx (32 tests | 10 failed) 13058ms
     × renders the danger zone section 173ms
     × shows confirmation dialog with cancel and delete options 1105ms
     × displays warning text about account deletion 28ms
     × shows form fields in connect dialog 1194ms
     × allows typing in form fields 1145ms
     × enables Connect button when required fields are filled 1132ms
     × adds new account when Connect button is clicked 1120ms
     × closes dialog after successful connection 1118ms
     × resets form fields after connection 1126ms
     × handles adding and removing multiple accounts 1101ms
(node:18188) Warning: `--localstorage-file` was provided without a valid path
(Use `node --trace-warnings ...` to show where the warning was created)
(node:19380) Warning: `--localstorage-file` was provided without a valid path
(Use `node --trace-warnings ...` to show where the warning was created)
(node:18668) Warning: `--localstorage-file` was provided without a valid path
(Use `node --trace-warnings ...` to show where the warning was created)
(node:14916) Warning: `--localstorage-file` was provided without a valid path
(Use `node --trace-warnings ...` to show where the warning was created)
(node:8772) Warning: `--localstorage-file` was provided without a valid path
(Use `node --trace-warnings ...` to show where the warning was created)
[90m12:28:31:885[0m [34m[interceptor-source:apply][0m applying the interceptor...
[90m12:28:31:946[0m [34m[interceptor-source:apply][0m no running instance found, setting up a new instance...
[90m12:28:31:946[0m [34m[interceptor-source:setup][0m applying all 4 interceptors...
[90m12:28:31:947[0m [34m[interceptor-source:setup][0m applying "ClientRequestInterceptor" interceptor...
[90m12:28:31:947[0m [34m[client-request-interceptor:apply][0m applying the interceptor...
[90m12:28:31:947[0m [34m[client-request-interceptor:apply][0m no running instance found, setting up a new instance...
[90m12:28:31:948[0m [34m[interceptor-source:setup][0m adding interceptor dispose subscription
[90m12:28:31:948[0m [34m[interceptor-source:setup][0m applying "XMLHttpRequestInterceptor" interceptor...
[90m12:28:31:949[0m [34m[xhr:apply][0m applying the interceptor...
[90m12:28:31:949[0m [34m[xhr:apply][0m no running instance found, setting up a new instance...
[90m12:28:31:950[0m [34m[xhr:setup][0m patching "XMLHttpRequest" module...
[90m12:28:31:950[0m [34m[xhr:setup][0m native "XMLHttpRequest" module patched! XMLHttpRequest
[90m12:28:31:950[0m [34m[interceptor-source:setup][0m adding interceptor dispose subscription
[90m12:28:31:950[0m [34m[interceptor-source:setup][0m applying "FetchInterceptor" interceptor...
[90m12:28:31:950[0m [34m[fetch:apply][0m applying the interceptor...
[90m12:28:31:951[0m [34m[fetch:apply][0m no running instance found, setting up a new instance...
[90m12:28:31:951[0m [34m[interceptor-source:setup][0m adding interceptor dispose subscription
[90m12:28:31:951[0m [34m[interceptor-source:setup][0m applying "WebSocketInterceptor" interceptor...
[90m12:28:31:951[0m [34m[websocket:apply][0m applying the interceptor...
[90m12:28:31:952[0m [34m[websocket:apply][0m no running instance found, setting up a new instance...
[90m12:28:31:952[0m [34m[interceptor-source:setup][0m adding interceptor dispose subscription
[90m12:28:31:953[0m [34m[client-request-interceptor:on][0m adding "request" event listener: function () { [native code] }
[90m12:28:31:955[0m [34m[xhr:on][0m adding "request" event listener: function () { [native code] }
[90m12:28:31:955[0m [34m[fetch:on][0m adding "request" event listener: function () { [native code] }
[90m12:28:31:955[0m [34m[websocket:on][0m adding "request" event listener: function () { [native code] }
[90m12:28:31:955[0m [34m[client-request-interceptor:on][0m adding "response" event listener: function () { [native code] }
[90m12:28:31:956[0m [34m[xhr:on][0m adding "response" event listener: function () { [native code] }
[90m12:28:31:956[0m [34m[fetch:on][0m adding "response" event listener: function () { [native code] }
[90m12:28:31:956[0m [34m[websocket:on][0m adding "response" event listener: function () { [native code] }
[90m12:28:31:956[0m [34m[client-request-interceptor:on][0m adding "connection" event listener: function () { [native code] }
[90m12:28:31:956[0m [34m[xhr:on][0m adding "connection" event listener: function () { [native code] }
[90m12:28:31:956[0m [34m[fetch:on][0m adding "connection" event listener: function () { [native code] }
[90m12:28:31:956[0m [34m[websocket:on][0m adding "connection" event listener: function () { [native code] }
[90m12:28:32:277[0m [34m[interceptor-source:dispose][0m disposing the interceptor...
[90m12:28:32:277[0m [34m[interceptor-source:dispose][0m global symbol deleted: undefined
[90m12:28:32:277[0m [34m[interceptor-source:dispose][0m disposing of 4 subscriptions...
[90m12:28:32:278[0m [34m[client-request-interceptor:dispose][0m disposing the interceptor...
[90m12:28:32:278[0m [34m[client-request-interceptor:dispose][0m global symbol deleted: undefined
[90m12:28:32:278[0m [34m[client-request-interceptor:dispose][0m disposing of 1 subscriptions...
[90m12:28:32:279[0m [34m[client-request-interceptor:dispose][0m disposed of all subscriptions! 0
[90m12:28:32:279[0m [34m[client-request-interceptor:dispose][0m destroyed the listener!
[90m12:28:32:279[0m [34m[xhr:dispose][0m disposing the interceptor...
[90m12:28:32:279[0m [34m[xhr:dispose][0m global symbol deleted: undefined
[90m12:28:32:279[0m [34m[xhr:dispose][0m disposing of 1 subscriptions...
[90m12:28:32:279[0m [34m[xhr:setup][0m native "XMLHttpRequest" module restored! XMLHttpRequest
[90m12:28:32:279[0m [34m[xhr:dispose][0m disposed of all subscriptions! 0
[90m12:28:32:279[0m [34m[xhr:dispose][0m destroyed the listener!
[90m12:28:32:279[0m [34m[fetch:dispose][0m disposing the interceptor...
[90m12:28:32:279[0m [34m[fetch:dispose][0m global symbol deleted: undefined
[90m12:28:32:279[0m [34m[fetch:dispose][0m disposing of 1 subscriptions...
[90m12:28:32:280[0m [34m[fetch:dispose][0m disposed of all subscriptions! 0
[90m12:28:32:280[0m [34m[fetch:dispose][0m destroyed the listener!
[90m12:28:32:280[0m [34m[websocket:dispose][0m disposing the interceptor...
[90m12:28:32:280[0m [34m[websocket:dispose][0m global symbol deleted: undefined
[90m12:28:32:280[0m [34m[websocket:dispose][0m disposing of 1 subscriptions...
[90m12:28:32:281[0m [34m[websocket:dispose][0m disposed of all subscriptions! 0
[90m12:28:32:281[0m [34m[websocket:dispose][0m destroyed the listener!
[90m12:28:32:281[0m [34m[interceptor-source:dispose][0m disposed of all subscriptions! 0
[90m12:28:32:281[0m [34m[interceptor-source:dispose][0m destroyed the listener!
(node:11760) Warning: `--localstorage-file` was provided without a valid path
(Use `node --trace-warnings ...` to show where the warning was created)
[90m12:28:32:445[0m [34m[interceptor-source:apply][0m applying the interceptor...
[90m12:28:32:517[0m [34m[interceptor-source:apply][0m no running instance found, setting up a new instance...
[90m12:28:32:517[0m [34m[interceptor-source:setup][0m applying all 4 interceptors...
[90m12:28:32:518[0m [34m[interceptor-source:setup][0m applying "ClientRequestInterceptor" interceptor...
[90m12:28:32:518[0m [34m[client-request-interceptor:apply][0m applying the interceptor...
[90m12:28:32:518[0m [34m[client-request-interceptor:apply][0m no running instance found, setting up a new instance...
[90m12:28:32:519[0m [34m[interceptor-source:setup][0m adding interceptor dispose subscription
[90m12:28:32:519[0m [34m[interceptor-source:setup][0m applying "XMLHttpRequestInterceptor" interceptor...
[90m12:28:32:519[0m [34m[xhr:apply][0m applying the interceptor...
[90m12:28:32:520[0m [34m[xhr:apply][0m no running instance found, setting up a new instance...
[90m12:28:32:520[0m [34m[xhr:setup][0m patching "XMLHttpRequest" module...
[90m12:28:32:521[0m [34m[xhr:setup][0m native "XMLHttpRequest" module patched! XMLHttpRequest
[90m12:28:32:521[0m [34m[interceptor-source:setup][0m adding interceptor dispose subscription
[90m12:28:32:521[0m [34m[interceptor-source:setup][0m applying "FetchInterceptor" interceptor...
[90m12:28:32:521[0m [34m[fetch:apply][0m applying the interceptor...
[90m12:28:32:521[0m [34m[fetch:apply][0m no running instance found, setting up a new instance...
[90m12:28:32:522[0m [34m[interceptor-source:setup][0m adding interceptor dispose subscription
[90m12:28:32:522[0m [34m[interceptor-source:setup][0m applying "WebSocketInterceptor" interceptor...
[90m12:28:32:523[0m [34m[websocket:apply][0m applying the interceptor...
[90m12:28:32:523[0m [34m[websocket:apply][0m no running instance found, setting up a new instance...
[90m12:28:32:524[0m [34m[interceptor-source:setup][0m adding interceptor dispose subscription
[90m12:28:32:524[0m [34m[client-request-interceptor:on][0m adding "request" event listener: function () { [native code] }
[90m12:28:32:525[0m [34m[xhr:on][0m adding "request" event listener: function () { [native code] }
[90m12:28:32:525[0m [34m[fetch:on][0m adding "request" event listener: function () { [native code] }
[90m12:28:32:525[0m [34m[websocket:on][0m adding "request" event listener: function () { [native code] }
[90m12:28:32:525[0m [34m[client-request-interceptor:on][0m adding "response" event listener: function () { [native code] }
[90m12:28:32:525[0m [34m[xhr:on][0m adding "response" event listener: function () { [native code] }
[90m12:28:32:526[0m [34m[fetch:on][0m adding "response" event listener: function () { [native code] }
[90m12:28:32:526[0m [34m[websocket:on][0m adding "response" event listener: function () { [native code] }
[90m12:28:32:526[0m [34m[client-request-interceptor:on][0m adding "connection" event listener: function () { [native code] }
[90m12:28:32:526[0m [34m[xhr:on][0m adding "connection" event listener: function () { [native code] }
[90m12:28:32:526[0m [34m[fetch:on][0m adding "connection" event listener: function () { [native code] }
[90m12:28:32:526[0m [34m[websocket:on][0m adding "connection" event listener: function () { [native code] }
[90m12:28:32:601[0m [34m[interceptor-source:apply][0m applying the interceptor...
[90m12:28:32:669[0m [34m[interceptor-source:apply][0m no running instance found, setting up a new instance...
[90m12:28:32:669[0m [34m[interceptor-source:setup][0m applying all 4 interceptors...
[90m12:28:32:670[0m [34m[interceptor-source:setup][0m applying "ClientRequestInterceptor" interceptor...
[90m12:28:32:671[0m [34m[client-request-interceptor:apply][0m applying the interceptor...
[90m12:28:32:671[0m [34m[client-request-interceptor:apply][0m no running instance found, setting up a new instance...
[90m12:28:32:672[0m [34m[interceptor-source:setup][0m adding interceptor dispose subscription
[90m12:28:32:672[0m [34m[interceptor-source:setup][0m applying "XMLHttpRequestInterceptor" interceptor...
[90m12:28:32:672[0m [34m[xhr:apply][0m applying the interceptor...
[90m12:28:32:673[0m [34m[xhr:apply][0m no running instance found, setting up a new instance...
[90m12:28:32:673[0m [34m[xhr:setup][0m patching "XMLHttpRequest" module...
[90m12:28:32:673[0m [34m[xhr:setup][0m native "XMLHttpRequest" module patched! XMLHttpRequest
[90m12:28:32:674[0m [34m[interceptor-source:setup][0m adding interceptor dispose subscription
[90m12:28:32:674[0m [34m[interceptor-source:setup][0m applying "FetchInterceptor" interceptor...
[90m12:28:32:674[0m [34m[fetch:apply][0m applying the interceptor...
[90m12:28:32:674[0m [34m[fetch:apply][0m no running instance found, setting up a new instance...
[90m12:28:32:675[0m [34m[interceptor-source:setup][0m adding interceptor dispose subscription
[90m12:28:32:675[0m [34m[interceptor-source:setup][0m applying "WebSocketInterceptor" interceptor...
[90m12:28:32:675[0m [34m[websocket:apply][0m applying the interceptor...
[90m12:28:32:675[0m [34m[websocket:apply][0m no running instance found, setting up a new instance...
[90m12:28:32:676[0m [34m[interceptor-source:setup][0m adding interceptor dispose subscription
[90m12:28:32:676[0m [34m[client-request-interceptor:on][0m adding "request" event listener: function () { [native code] }
[90m12:28:32:677[0m [34m[xhr:on][0m adding "request" event listener: function () { [native code] }
[90m12:28:32:677[0m [34m[fetch:on][0m adding "request" event listener: function () { [native code] }
[90m12:28:32:677[0m [34m[websocket:on][0m adding "request" event listener: function () { [native code] }
[90m12:28:32:678[0m [34m[client-request-interceptor:on][0m adding "response" event listener: function () { [native code] }
[90m12:28:32:678[0m [34m[xhr:on][0m adding "response" event listener: function () { [native code] }
[90m12:28:32:678[0m [34m[fetch:on][0m adding "response" event listener: function () { [native code] }
[90m12:28:32:678[0m [34m[websocket:on][0m adding "response" event listener: function () { [native code] }
[90m12:28:32:678[0m [34m[client-request-interceptor:on][0m adding "connection" event listener: function () { [native code] }
[90m12:28:32:678[0m [34m[xhr:on][0m adding "connection" event listener: function () { [native code] }
[90m12:28:32:678[0m [34m[fetch:on][0m adding "connection" event listener: function () { [native code] }
[90m12:28:32:678[0m [34m[websocket:on][0m adding "connection" event listener: function () { [native code] }
[90m12:28:32:812[0m [34m[interceptor-source:dispose][0m disposing the interceptor...
[90m12:28:32:812[0m [34m[interceptor-source:dispose][0m global symbol deleted: undefined
[90m12:28:32:812[0m [34m[interceptor-source:dispose][0m disposing of 4 subscriptions...
[90m12:28:32:813[0m [34m[client-request-interceptor:dispose][0m disposing the interceptor...
[90m12:28:32:813[0m [34m[client-request-interceptor:dispose][0m global symbol deleted: undefined
[90m12:28:32:813[0m [34m[client-request-interceptor:dispose][0m disposing of 1 subscriptions...
[90m12:28:32:813[0m [34m[client-request-interceptor:dispose][0m disposed of all subscriptions! 0
[90m12:28:32:813[0m [34m[client-request-interceptor:dispose][0m destroyed the listener!
[90m12:28:32:813[0m [34m[xhr:dispose][0m disposing the interceptor...
[90m12:28:32:813[0m [34m[xhr:dispose][0m global symbol deleted: undefined
[90m12:28:32:814[0m [34m[xhr:dispose][0m disposing of 1 subscriptions...
[90m12:28:32:814[0m [34m[xhr:setup][0m native "XMLHttpRequest" module restored! XMLHttpRequest
[90m12:28:32:814[0m [34m[xhr:dispose][0m disposed of all subscriptions! 0
[90m12:28:32:814[0m [34m[xhr:dispose][0m destroyed the listener!
[90m12:28:32:814[0m [34m[fetch:dispose][0m disposing the interceptor...
[90m12:28:32:814[0m [34m[fetch:dispose][0m global symbol deleted: undefined
[90m12:28:32:814[0m [34m[fetch:dispose][0m disposing of 1 subscriptions...
[90m12:28:32:814[0m [34m[fetch:dispose][0m disposed of all subscriptions! 0
[90m12:28:32:815[0m [34m[fetch:dispose][0m destroyed the listener!
[90m12:28:32:815[0m [34m[websocket:dispose][0m disposing the interceptor...
[90m12:28:32:815[0m [34m[websocket:dispose][0m global symbol deleted: undefined
[90m12:28:32:815[0m [34m[websocket:dispose][0m disposing of 1 subscriptions...
[90m12:28:32:816[0m [34m[websocket:dispose][0m disposed of all subscriptions! 0
[90m12:28:32:816[0m [34m[websocket:dispose][0m destroyed the listener!
[90m12:28:32:816[0m [34m[interceptor-source:dispose][0m disposed of all subscriptions! 0
[90m12:28:32:816[0m [34m[interceptor-source:dispose][0m destroyed the listener!
[90m12:28:33:31[0m [34m[interceptor-source:dispose][0m disposing the interceptor...
[90m12:28:33:31[0m [34m[interceptor-source:dispose][0m global symbol deleted: undefined
[90m12:28:33:32[0m [34m[interceptor-source:dispose][0m disposing of 4 subscriptions...
[90m12:28:33:32[0m [34m[client-request-interceptor:dispose][0m disposing the interceptor...
[90m12:28:33:32[0m [34m[client-request-interceptor:dispose][0m global symbol deleted: undefined
[90m12:28:33:33[0m [34m[client-request-interceptor:dispose][0m disposing of 1 subscriptions...
[90m12:28:33:33[0m [34m[client-request-interceptor:dispose][0m disposed of all subscriptions! 0
[90m12:28:33:33[0m [34m[client-request-interceptor:dispose][0m destroyed the listener!
[90m12:28:33:34[0m [34m[xhr:dispose][0m disposing the interceptor...
[90m12:28:33:35[0m [34m[xhr:dispose][0m global symbol deleted: undefined
[90m12:28:33:35[0m [34m[xhr:dispose][0m disposing of 1 subscriptions...
[90m12:28:33:35[0m [34m[xhr:setup][0m native "XMLHttpRequest" module restored! XMLHttpRequest
[90m12:28:33:35[0m [34m[xhr:dispose][0m disposed of all subscriptions! 0
[90m12:28:33:35[0m [34m[xhr:dispose][0m destroyed the listener!
[90m12:28:33:35[0m [34m[fetch:dispose][0m disposing the interceptor...
[90m12:28:33:35[0m [34m[fetch:dispose][0m global symbol deleted: undefined
[90m12:28:33:35[0m [34m[fetch:dispose][0m disposing of 1 subscriptions...
[90m12:28:33:36[0m [34m[fetch:dispose][0m disposed of all subscriptions! 0
[90m12:28:33:36[0m [34m[fetch:dispose][0m destroyed the listener!
[90m12:28:33:36[0m [34m[websocket:dispose][0m disposing the interceptor...
[90m12:28:33:36[0m [34m[websocket:dispose][0m global symbol deleted: undefined
[90m12:28:33:36[0m [34m[websocket:dispose][0m disposing of 1 subscriptions...
[90m12:28:33:37[0m [34m[websocket:dispose][0m disposed of all subscriptions! 0
[90m12:28:33:37[0m [34m[websocket:dispose][0m destroyed the listener!
[90m12:28:33:37[0m [34m[interceptor-source:dispose][0m disposed of all subscriptions! 0
[90m12:28:33:37[0m [34m[interceptor-source:dispose][0m destroyed the listener!
(node:5860) Warning: `--localstorage-file` was provided without a valid path
(Use `node --trace-warnings ...` to show where the warning was created)
[90m12:28:33:128[0m [34m[interceptor-source:apply][0m applying the interceptor...
[90m12:28:33:194[0m [34m[interceptor-source:apply][0m no running instance found, setting up a new instance...
[90m12:28:33:195[0m [34m[interceptor-source:setup][0m applying all 4 interceptors...
[90m12:28:33:195[0m [34m[interceptor-source:setup][0m applying "ClientRequestInterceptor" interceptor...
[90m12:28:33:195[0m [34m[client-request-interceptor:apply][0m applying the interceptor...
[90m12:28:33:196[0m [34m[client-request-interceptor:apply][0m no running instance found, setting up a new instance...
[90m12:28:33:197[0m [34m[interceptor-source:setup][0m adding interceptor dispose subscription
[90m12:28:33:197[0m [34m[interceptor-source:setup][0m applying "XMLHttpRequestInterceptor" interceptor...
[90m12:28:33:198[0m [34m[xhr:apply][0m applying the interceptor...
[90m12:28:33:198[0m [34m[xhr:apply][0m no running instance found, setting up a new instance...
[90m12:28:33:198[0m [34m[xhr:setup][0m patching "XMLHttpRequest" module...
[90m12:28:33:199[0m [34m[xhr:setup][0m native "XMLHttpRequest" module patched! XMLHttpRequest
[90m12:28:33:199[0m [34m[interceptor-source:setup][0m adding interceptor dispose subscription
[90m12:28:33:199[0m [34m[interceptor-source:setup][0m applying "FetchInterceptor" interceptor...
[90m12:28:33:199[0m [34m[fetch:apply][0m applying the interceptor...
[90m12:28:33:199[0m [34m[fetch:apply][0m no running instance found, setting up a new instance...
[90m12:28:33:200[0m [34m[interceptor-source:setup][0m adding interceptor dispose subscription
[90m12:28:33:200[0m [34m[interceptor-source:setup][0m applying "WebSocketInterceptor" interceptor...
[90m12:28:33:200[0m [34m[websocket:apply][0m applying the interceptor...
[90m12:28:33:201[0m [34m[websocket:apply][0m no running instance found, setting up a new instance...
[90m12:28:33:201[0m [34m[interceptor-source:setup][0m adding interceptor dispose subscription
[90m12:28:33:202[0m [34m[client-request-interceptor:on][0m adding "request" event listener: function () { [native code] }
[90m12:28:33:203[0m [34m[xhr:on][0m adding "request" event listener: function () { [native code] }
[90m12:28:33:203[0m [34m[fetch:on][0m adding "request" event listener: function () { [native code] }
[90m12:28:33:204[0m [34m[websocket:on][0m adding "request" event listener: function () { [native code] }
[90m12:28:33:204[0m [34m[client-request-interceptor:on][0m adding "response" event listener: function () { [native code] }
[90m12:28:33:204[0m [34m[xhr:on][0m adding "response" event listener: function () { [native code] }
[90m12:28:33:204[0m [34m[fetch:on][0m adding "response" event listener: function () { [native code] }
[90m12:28:33:204[0m [34m[websocket:on][0m adding "response" event listener: function () { [native code] }
[90m12:28:33:204[0m [34m[client-request-interceptor:on][0m adding "connection" event listener: function () { [native code] }
[90m12:28:33:204[0m [34m[xhr:on][0m adding "connection" event listener: function () { [native code] }
[90m12:28:33:205[0m [34m[fetch:on][0m adding "connection" event listener: function () { [native code] }
[90m12:28:33:205[0m [34m[websocket:on][0m adding "connection" event listener: function () { [native code] }
[90m12:28:33:342[0m [34m[interceptor-source:apply][0m applying the interceptor...
[90m12:28:33:415[0m [34m[interceptor-source:apply][0m no running instance found, setting up a new instance...
[90m12:28:33:415[0m [34m[interceptor-source:setup][0m applying all 4 interceptors...
[90m12:28:33:416[0m [34m[interceptor-source:setup][0m applying "ClientRequestInterceptor" interceptor...
[90m12:28:33:416[0m [34m[client-request-interceptor:apply][0m applying the interceptor...
[90m12:28:33:416[0m [34m[client-request-interceptor:apply][0m no running instance found, setting up a new instance...
[90m12:28:33:417[0m [34m[interceptor-source:setup][0m adding interceptor dispose subscription
[90m12:28:33:418[0m [34m[interceptor-source:setup][0m applying "XMLHttpRequestInterceptor" interceptor...
[90m12:28:33:418[0m [34m[xhr:apply][0m applying the interceptor...
[90m12:28:33:418[0m [34m[xhr:apply][0m no running instance found, setting up a new instance...
[90m12:28:33:419[0m [34m[xhr:setup][0m patching "XMLHttpRequest" module...
[90m12:28:33:419[0m [34m[xhr:setup][0m native "XMLHttpRequest" module patched! XMLHttpRequest
[90m12:28:33:419[0m [34m[interceptor-source:setup][0m adding interceptor dispose subscription
[90m12:28:33:419[0m [34m[interceptor-source:setup][0m applying "FetchInterceptor" interceptor...
[90m12:28:33:419[0m [34m[fetch:apply][0m applying the interceptor...
[90m12:28:33:420[0m [34m[fetch:apply][0m no running instance found, setting up a new instance...
[90m12:28:33:420[0m [34m[interceptor-source:setup][0m adding interceptor dispose subscription
[90m12:28:33:420[0m [34m[interceptor-source:setup][0m applying "WebSocketInterceptor" interceptor...
[90m12:28:33:421[0m [34m[websocket:apply][0m applying the interceptor...
[90m12:28:33:421[0m [34m[websocket:apply][0m no running instance found, setting up a new instance...
[90m12:28:33:422[0m [34m[interceptor-source:setup][0m adding interceptor dispose subscription
[90m12:28:33:422[0m [34m[client-request-interceptor:on][0m adding "request" event listener: function () { [native code] }
[90m12:28:33:423[0m [34m[xhr:on][0m adding "request" event listener: function () { [native code] }
[90m12:28:33:423[0m [34m[fetch:on][0m adding "request" event listener: function () { [native code] }
[90m12:28:33:424[0m [34m[websocket:on][0m adding "request" event listener: function () { [native code] }
[90m12:28:33:424[0m [34m[client-request-interceptor:on][0m adding "response" event listener: function () { [native code] }
[90m12:28:33:424[0m [34m[xhr:on][0m adding "response" event listener: function () { [native code] }
[90m12:28:33:424[0m [34m[fetch:on][0m adding "response" event listener: function () { [native code] }
[90m12:28:33:424[0m [34m[websocket:on][0m adding "response" event listener: function () { [native code] }
[90m12:28:33:424[0m [34m[client-request-interceptor:on][0m adding "connection" event listener: function () { [native code] }
[90m12:28:33:425[0m [34m[xhr:on][0m adding "connection" event listener: function () { [native code] }
[90m12:28:33:425[0m [34m[fetch:on][0m adding "connection" event listener: function () { [native code] }
[90m12:28:33:425[0m [34m[websocket:on][0m adding "connection" event listener: function () { [native code] }
[90m12:28:33:458[0m [34m[interceptor-source:dispose][0m disposing the interceptor...
[90m12:28:33:459[0m [34m[interceptor-source:dispose][0m global symbol deleted: undefined
[90m12:28:33:459[0m [34m[interceptor-source:dispose][0m disposing of 4 subscriptions...
[90m12:28:33:459[0m [34m[client-request-interceptor:dispose][0m disposing the interceptor...
[90m12:28:33:459[0m [34m[client-request-interceptor:dispose][0m global symbol deleted: undefined
[90m12:28:33:459[0m [34m[client-request-interceptor:dispose][0m disposing of 1 subscriptions...
[90m12:28:33:460[0m [34m[client-request-interceptor:dispose][0m disposed of all subscriptions! 0
[90m12:28:33:460[0m [34m[client-request-interceptor:dispose][0m destroyed the listener!
[90m12:28:33:461[0m [34m[xhr:dispose][0m disposing the interceptor...
[90m12:28:33:461[0m [34m[xhr:dispose][0m global symbol deleted: undefined
[90m12:28:33:461[0m [34m[xhr:dispose][0m disposing of 1 subscriptions...
[90m12:28:33:461[0m [34m[xhr:setup][0m native "XMLHttpRequest" module restored! XMLHttpRequest
[90m12:28:33:462[0m [34m[xhr:dispose][0m disposed of all subscriptions! 0
[90m12:28:33:462[0m [34m[xhr:dispose][0m destroyed the listener!
[90m12:28:33:462[0m [34m[fetch:dispose][0m disposing the interceptor...
[90m12:28:33:462[0m [34m[fetch:dispose][0m global symbol deleted: undefined
[90m12:28:33:462[0m [34m[fetch:dispose][0m disposing of 1 subscriptions...
[90m12:28:33:462[0m [34m[fetch:dispose][0m disposed of all subscriptions! 0
[90m12:28:33:462[0m [34m[fetch:dispose][0m destroyed the listener!
[90m12:28:33:463[0m [34m[websocket:dispose][0m disposing the interceptor...
[90m12:28:33:463[0m [34m[websocket:dispose][0m global symbol deleted: undefined
[90m12:28:33:463[0m [34m[websocket:dispose][0m disposing of 1 subscriptions...
[90m12:28:33:463[0m [34m[websocket:dispose][0m disposed of all subscriptions! 0
[90m12:28:33:463[0m [34m[websocket:dispose][0m destroyed the listener!
[90m12:28:33:463[0m [34m[interceptor-source:dispose][0m disposed of all subscriptions! 0
[90m12:28:33:463[0m [34m[interceptor-source:dispose][0m destroyed the listener!
[90m12:28:33:744[0m [34m[interceptor-source:dispose][0m disposing the interceptor...
[90m12:28:33:744[0m [34m[interceptor-source:dispose][0m global symbol deleted: undefined
[90m12:28:33:744[0m [34m[interceptor-source:dispose][0m disposing of 4 subscriptions...
[90m12:28:33:744[0m [34m[client-request-interceptor:dispose][0m disposing the interceptor...
[90m12:28:33:745[0m [34m[client-request-interceptor:dispose][0m global symbol deleted: undefined
[90m12:28:33:745[0m [34m[client-request-interceptor:dispose][0m disposing of 1 subscriptions...
[90m12:28:33:745[0m [34m[client-request-interceptor:dispose][0m disposed of all subscriptions! 0
[90m12:28:33:745[0m [34m[client-request-interceptor:dispose][0m destroyed the listener!
[90m12:28:33:745[0m [34m[xhr:dispose][0m disposing the interceptor...
[90m12:28:33:745[0m [34m[xhr:dispose][0m global symbol deleted: undefined
[90m12:28:33:746[0m [34m[xhr:dispose][0m disposing of 1 subscriptions...
[90m12:28:33:746[0m [34m[xhr:setup][0m native "XMLHttpRequest" module restored! XMLHttpRequest
[90m12:28:33:746[0m [34m[xhr:dispose][0m disposed of all subscriptions! 0
[90m12:28:33:746[0m [34m[xhr:dispose][0m destroyed the listener!
[90m12:28:33:746[0m [34m[fetch:dispose][0m disposing the interceptor...
[90m12:28:33:746[0m [34m[fetch:dispose][0m global symbol deleted: undefined
[90m12:28:33:746[0m [34m[fetch:dispose][0m disposing of 1 subscriptions...
[90m12:28:33:746[0m [34m[fetch:dispose][0m disposed of all subscriptions! 0
[90m12:28:33:746[0m [34m[fetch:dispose][0m destroyed the listener!
[90m12:28:33:747[0m [34m[websocket:dispose][0m disposing the interceptor...
[90m12:28:33:747[0m [34m[websocket:dispose][0m global symbol deleted: undefined
[90m12:28:33:747[0m [34m[websocket:dispose][0m disposing of 1 subscriptions...
[90m12:28:33:747[0m [34m[websocket:dispose][0m disposed of all subscriptions! 0
[90m12:28:33:747[0m [34m[websocket:dispose][0m destroyed the listener!
[90m12:28:33:747[0m [34m[interceptor-source:dispose][0m disposed of all subscriptions! 0
[90m12:28:33:747[0m [34m[interceptor-source:dispose][0m destroyed the listener!
[90m12:28:34:123[0m [34m[interceptor-source:apply][0m applying the interceptor...
[90m12:28:34:201[0m [34m[interceptor-source:apply][0m no running instance found, setting up a new instance...
[90m12:28:34:201[0m [34m[interceptor-source:setup][0m applying all 4 interceptors...
[90m12:28:34:201[0m [34m[interceptor-source:setup][0m applying "ClientRequestInterceptor" interceptor...
[90m12:28:34:202[0m [34m[client-request-interceptor:apply][0m applying the interceptor...
[90m12:28:34:202[0m [34m[client-request-interceptor:apply][0m no running instance found, setting up a new instance...
[90m12:28:34:203[0m [34m[interceptor-source:setup][0m adding interceptor dispose subscription
[90m12:28:34:204[0m [34m[interceptor-source:setup][0m applying "XMLHttpRequestInterceptor" interceptor...
[90m12:28:34:204[0m [34m[xhr:apply][0m applying the interceptor...
[90m12:28:34:204[0m [34m[xhr:apply][0m no running instance found, setting up a new instance...
[90m12:28:34:205[0m [34m[xhr:setup][0m patching "XMLHttpRequest" module...
[90m12:28:34:205[0m [34m[xhr:setup][0m native "XMLHttpRequest" module patched! XMLHttpRequest
[90m12:28:34:205[0m [34m[interceptor-source:setup][0m adding interceptor dispose subscription
[90m12:28:34:205[0m [34m[interceptor-source:setup][0m applying "FetchInterceptor" interceptor...
[90m12:28:34:205[0m [34m[fetch:apply][0m applying the interceptor...
[90m12:28:34:205[0m [34m[fetch:apply][0m no running instance found, setting up a new instance...
[90m12:28:34:206[0m [34m[interceptor-source:setup][0m adding interceptor dispose subscription
[90m12:28:34:206[0m [34m[interceptor-source:setup][0m applying "WebSocketInterceptor" interceptor...
[90m12:28:34:206[0m [34m[websocket:apply][0m applying the interceptor...
[90m12:28:34:207[0m [34m[websocket:apply][0m no running instance found, setting up a new instance...
[90m12:28:34:207[0m [34m[interceptor-source:setup][0m adding interceptor dispose subscription
[90m12:28:34:208[0m [34m[client-request-interceptor:on][0m adding "request" event listener: function () { [native code] }
[90m12:28:34:208[0m [34m[xhr:on][0m adding "request" event listener: function () { [native code] }
[90m12:28:34:208[0m [34m[fetch:on][0m adding "request" event listener: function () { [native code] }
[90m12:28:34:208[0m [34m[websocket:on][0m adding "request" event listener: function () { [native code] }
[90m12:28:34:208[0m [34m[client-request-interceptor:on][0m adding "response" event listener: function () { [native code] }
[90m12:28:34:209[0m [34m[xhr:on][0m adding "response" event listener: function () { [native code] }
[90m12:28:34:209[0m [34m[fetch:on][0m adding "response" event listener: function () { [native code] }
[90m12:28:34:209[0m [34m[websocket:on][0m adding "response" event listener: function () { [native code] }
[90m12:28:34:209[0m [34m[client-request-interceptor:on][0m adding "connection" event listener: function () { [native code] }
[90m12:28:34:209[0m [34m[xhr:on][0m adding "connection" event listener: function () { [native code] }
[90m12:28:34:209[0m [34m[fetch:on][0m adding "connection" event listener: function () { [native code] }
[90m12:28:34:212[0m [34m[websocket:on][0m adding "connection" event listener: function () { [native code] }
[90m12:28:34:490[0m [34m[interceptor-source:dispose][0m disposing the interceptor...
[90m12:28:34:490[0m [34m[interceptor-source:dispose][0m global symbol deleted: undefined
[90m12:28:34:491[0m [34m[interceptor-source:dispose][0m disposing of 4 subscriptions...
[90m12:28:34:491[0m [34m[client-request-interceptor:dispose][0m disposing the interceptor...
[90m12:28:34:491[0m [34m[client-request-interceptor:dispose][0m global symbol deleted: undefined
[90m12:28:34:491[0m [34m[client-request-interceptor:dispose][0m disposing of 1 subscriptions...
[90m12:28:34:491[0m [34m[client-request-interceptor:dispose][0m disposed of all subscriptions! 0
[90m12:28:34:491[0m [34m[client-request-interceptor:dispose][0m destroyed the listener!
[90m12:28:34:492[0m [34m[xhr:dispose][0m disposing the interceptor...
[90m12:28:34:492[0m [34m[xhr:dispose][0m global symbol deleted: undefined
[90m12:28:34:492[0m [34m[xhr:dispose][0m disposing of 1 subscriptions...
[90m12:28:34:492[0m [34m[xhr:setup][0m native "XMLHttpRequest" module restored! XMLHttpRequest
[90m12:28:34:492[0m [34m[xhr:dispose][0m disposed of all subscriptions! 0
[90m12:28:34:492[0m [34m[xhr:dispose][0m destroyed the listener!
[90m12:28:34:492[0m [34m[fetch:dispose][0m disposing the interceptor...
[90m12:28:34:492[0m [34m[fetch:dispose][0m global symbol deleted: undefined
[90m12:28:34:492[0m [34m[fetch:dispose][0m disposing of 1 subscriptions...
[90m12:28:34:492[0m [34m[fetch:dispose][0m disposed of all subscriptions! 0
[90m12:28:34:493[0m [34m[fetch:dispose][0m destroyed the listener!
[90m12:28:34:493[0m [34m[websocket:dispose][0m disposing the interceptor...
[90m12:28:34:493[0m [34m[websocket:dispose][0m global symbol deleted: undefined
[90m12:28:34:493[0m [34m[websocket:dispose][0m disposing of 1 subscriptions...
[90m12:28:34:493[0m [34m[websocket:dispose][0m disposed of all subscriptions! 0
[90m12:28:34:493[0m [34m[websocket:dispose][0m destroyed the listener!
[90m12:28:34:493[0m [34m[interceptor-source:dispose][0m disposed of all subscriptions! 0
[90m12:28:34:493[0m [34m[interceptor-source:dispose][0m destroyed the listener!
(node:1656) Warning: `--localstorage-file` was provided without a valid path
(Use `node --trace-warnings ...` to show where the warning was created)
(node:17028) Warning: `--localstorage-file` was provided without a valid path
(Use `node --trace-warnings ...` to show where the warning was created)
[90m12:28:36:103[0m [34m[interceptor-source:apply][0m applying the interceptor...
[90m12:28:36:104[0m [34m[interceptor-source:apply][0m no running instance found, setting up a new instance...
[90m12:28:36:105[0m [34m[interceptor-source:setup][0m applying all 4 interceptors...
[90m12:28:36:105[0m [34m[interceptor-source:setup][0m applying "ClientRequestInterceptor" interceptor...
[90m12:28:36:105[0m [34m[client-request-interceptor:apply][0m applying the interceptor...
[90m12:28:36:105[0m [34m[client-request-interceptor:apply][0m no running instance found, setting up a new instance...
[90m12:28:36:106[0m [34m[interceptor-source:setup][0m adding interceptor dispose subscription
[90m12:28:36:107[0m [34m[interceptor-source:setup][0m applying "XMLHttpRequestInterceptor" interceptor...
[90m12:28:36:107[0m [34m[xhr:apply][0m applying the interceptor...
[90m12:28:36:107[0m [34m[xhr:apply][0m no running instance found, setting up a new instance...
[90m12:28:36:108[0m [34m[xhr:setup][0m patching "XMLHttpRequest" module...
[90m12:28:36:108[0m [34m[xhr:setup][0m native "XMLHttpRequest" module patched! XMLHttpRequest
[90m12:28:36:108[0m [34m[interceptor-source:setup][0m adding interceptor dispose subscription
[90m12:28:36:109[0m [34m[interceptor-source:setup][0m applying "FetchInterceptor" interceptor...
[90m12:28:36:109[0m [34m[fetch:apply][0m applying the interceptor...
[90m12:28:36:109[0m [34m[fetch:apply][0m no running instance found, setting up a new instance...
[90m12:28:36:109[0m [34m[interceptor-source:setup][0m adding interceptor dispose subscription
[90m12:28:36:110[0m [34m[interceptor-source:setup][0m applying "WebSocketInterceptor" interceptor...
[90m12:28:36:110[0m [34m[websocket:apply][0m applying the interceptor...
[90m12:28:36:110[0m [34m[websocket:apply][0m no running instance found, setting up a new instance...
[90m12:28:36:111[0m [34m[interceptor-source:setup][0m adding interceptor dispose subscription
[90m12:28:36:111[0m [34m[client-request-interceptor:on][0m adding "request" event listener: function () { [native code] }
[90m12:28:36:112[0m [34m[xhr:on][0m adding "request" event listener: function () { [native code] }
[90m12:28:36:112[0m [34m[fetch:on][0m adding "request" event listener: function () { [native code] }
[90m12:28:36:112[0m [34m[websocket:on][0m adding "request" event listener: function () { [native code] }
[90m12:28:36:113[0m [34m[client-request-interceptor:on][0m adding "response" event listener: function () { [native code] }
[90m12:28:36:113[0m [34m[xhr:on][0m adding "response" event listener: function () { [native code] }
[90m12:28:36:113[0m [34m[fetch:on][0m adding "response" event listener: function () { [native code] }
[90m12:28:36:113[0m [34m[websocket:on][0m adding "response" event listener: function () { [native code] }
[90m12:28:36:113[0m [34m[client-request-interceptor:on][0m adding "connection" event listener: function () { [native code] }
[90m12:28:36:113[0m [34m[xhr:on][0m adding "connection" event listener: function () { [native code] }
[90m12:28:36:113[0m [34m[fetch:on][0m adding "connection" event listener: function () { [native code] }
[90m12:28:36:114[0m [34m[websocket:on][0m adding "connection" event listener: function () { [native code] }
(node:15572) Warning: `--localstorage-file` was provided without a valid path
(Use `node --trace-warnings ...` to show where the warning was created)
[90m12:28:36:486[0m [34m[interceptor-source:dispose][0m disposing the interceptor...
[90m12:28:36:486[0m [34m[interceptor-source:dispose][0m global symbol deleted: undefined
[90m12:28:36:486[0m [34m[interceptor-source:dispose][0m disposing of 4 subscriptions...
[90m12:28:36:486[0m [34m[client-request-interceptor:dispose][0m disposing the interceptor...
[90m12:28:36:486[0m [34m[client-request-interceptor:dispose][0m global symbol deleted: undefined
[90m12:28:36:487[0m [34m[client-request-interceptor:dispose][0m disposing of 1 subscriptions...
[90m12:28:36:487[0m [34m[client-request-interceptor:dispose][0m disposed of all subscriptions! 0
[90m12:28:36:487[0m [34m[client-request-interceptor:dispose][0m destroyed the listener!
[90m12:28:36:487[0m [34m[xhr:dispose][0m disposing the interceptor...
[90m12:28:36:487[0m [34m[xhr:dispose][0m global symbol deleted: undefined
[90m12:28:36:487[0m [34m[xhr:dispose][0m disposing of 1 subscriptions...
[90m12:28:36:488[0m [34m[xhr:setup][0m native "XMLHttpRequest" module restored! XMLHttpRequest
[90m12:28:36:488[0m [34m[xhr:dispose][0m disposed of all subscriptions! 0
[90m12:28:36:488[0m [34m[xhr:dispose][0m destroyed the listener!
[90m12:28:36:488[0m [34m[fetch:dispose][0m disposing the interceptor...
[90m12:28:36:488[0m [34m[fetch:dispose][0m global symbol deleted: undefined
[90m12:28:36:488[0m [34m[fetch:dispose][0m disposing of 1 subscriptions...
[90m12:28:36:488[0m [34m[fetch:dispose][0m disposed of all subscriptions! 0
[90m12:28:36:488[0m [34m[fetch:dispose][0m destroyed the listener!
[90m12:28:36:489[0m [34m[websocket:dispose][0m disposing the interceptor...
[90m12:28:36:489[0m [34m[websocket:dispose][0m global symbol deleted: undefined
[90m12:28:36:489[0m [34m[websocket:dispose][0m disposing of 1 subscriptions...
[90m12:28:36:489[0m [34m[websocket:dispose][0m disposed of all subscriptions! 0
[90m12:28:36:489[0m [34m[websocket:dispose][0m destroyed the listener!
[90m12:28:36:489[0m [34m[interceptor-source:dispose][0m disposed of all subscriptions! 0
[90m12:28:36:489[0m [34m[interceptor-source:dispose][0m destroyed the listener!
(node:4640) Warning: `--localstorage-file` was provided without a valid path
(Use `node --trace-warnings ...` to show where the warning was created)
(node:7460) Warning: `--localstorage-file` was provided without a valid path
(Use `node --trace-warnings ...` to show where the warning was created)
[90m12:28:37:73[0m [34m[interceptor-source:apply][0m applying the interceptor...
[90m12:28:37:142[0m [34m[interceptor-source:apply][0m no running instance found, setting up a new instance...
[90m12:28:37:142[0m [34m[interceptor-source:setup][0m applying all 4 interceptors...
[90m12:28:37:143[0m [34m[interceptor-source:setup][0m applying "ClientRequestInterceptor" interceptor...
[90m12:28:37:143[0m [34m[client-request-interceptor:apply][0m applying the interceptor...
[90m12:28:37:143[0m [34m[client-request-interceptor:apply][0m no running instance found, setting up a new instance...
[90m12:28:37:144[0m [34m[interceptor-source:setup][0m adding interceptor dispose subscription
[90m12:28:37:145[0m [34m[interceptor-source:setup][0m applying "XMLHttpRequestInterceptor" interceptor...
[90m12:28:37:145[0m [34m[xhr:apply][0m applying the interceptor...
[90m12:28:37:146[0m [34m[xhr:apply][0m no running instance found, setting up a new instance...
[90m12:28:37:146[0m [34m[xhr:setup][0m patching "XMLHttpRequest" module...
[90m12:28:37:147[0m [34m[xhr:setup][0m native "XMLHttpRequest" module patched! XMLHttpRequest
[90m12:28:37:147[0m [34m[interceptor-source:setup][0m adding interceptor dispose subscription
[90m12:28:37:147[0m [34m[interceptor-source:setup][0m applying "FetchInterceptor" interceptor...
[90m12:28:37:147[0m [34m[fetch:apply][0m applying the interceptor...
[90m12:28:37:148[0m [34m[fetch:apply][0m no running instance found, setting up a new instance...
[90m12:28:37:148[0m [34m[interceptor-source:setup][0m adding interceptor dispose subscription
[90m12:28:37:148[0m [34m[interceptor-source:setup][0m applying "WebSocketInterceptor" interceptor...
[90m12:28:37:149[0m [34m[websocket:apply][0m applying the interceptor...
[90m12:28:37:149[0m [34m[websocket:apply][0m no running instance found, setting up a new instance...
[90m12:28:37:150[0m [34m[interceptor-source:setup][0m adding interceptor dispose subscription
[90m12:28:37:151[0m [34m[client-request-interceptor:on][0m adding "request" event listener: function () { [native code] }
[90m12:28:37:152[0m [34m[xhr:on][0m adding "request" event listener: function () { [native code] }
[90m12:28:37:152[0m [34m[fetch:on][0m adding "request" event listener: function () { [native code] }
[90m12:28:37:152[0m [34m[websocket:on][0m adding "request" event listener: function () { [native code] }
[90m12:28:37:153[0m [34m[client-request-interceptor:on][0m adding "response" event listener: function () { [native code] }
[90m12:28:37:153[0m [34m[xhr:on][0m adding "response" event listener: function () { [native code] }
[90m12:28:37:153[0m [34m[fetch:on][0m adding "response" event listener: function () { [native code] }
[90m12:28:37:153[0m [34m[websocket:on][0m adding "response" event listener: function () { [native code] }
[90m12:28:37:153[0m [34m[client-request-interceptor:on][0m adding "connection" event listener: function () { [native code] }
[90m12:28:37:153[0m [34m[xhr:on][0m adding "connection" event listener: function () { [native code] }
[90m12:28:37:153[0m [34m[fetch:on][0m adding "connection" event listener: function () { [native code] }
[90m12:28:37:153[0m [34m[websocket:on][0m adding "connection" event listener: function () { [native code] }
[90m12:28:37:338[0m [34m[interceptor-source:dispose][0m disposing the interceptor...
[90m12:28:37:338[0m [34m[interceptor-source:dispose][0m global symbol deleted: undefined
[90m12:28:37:338[0m [34m[interceptor-source:dispose][0m disposing of 4 subscriptions...
[90m12:28:37:338[0m [34m[client-request-interceptor:dispose][0m disposing the interceptor...
[90m12:28:37:338[0m [34m[client-request-interceptor:dispose][0m global symbol deleted: undefined
[90m12:28:37:338[0m [34m[client-request-interceptor:dispose][0m disposing of 1 subscriptions...
[90m12:28:37:339[0m [34m[client-request-interceptor:dispose][0m disposed of all subscriptions! 0
[90m12:28:37:339[0m [34m[client-request-interceptor:dispose][0m destroyed the listener!
[90m12:28:37:339[0m [34m[xhr:dispose][0m disposing the interceptor...
[90m12:28:37:339[0m [34m[xhr:dispose][0m global symbol deleted: undefined
[90m12:28:37:339[0m [34m[xhr:dispose][0m disposing of 1 subscriptions...
[90m12:28:37:339[0m [34m[xhr:setup][0m native "XMLHttpRequest" module restored! XMLHttpRequest
[90m12:28:37:340[0m [34m[xhr:dispose][0m disposed of all subscriptions! 0
[90m12:28:37:340[0m [34m[xhr:dispose][0m destroyed the listener!
[90m12:28:37:340[0m [34m[fetch:dispose][0m disposing the interceptor...
[90m12:28:37:340[0m [34m[fetch:dispose][0m global symbol deleted: undefined
[90m12:28:37:340[0m [34m[fetch:dispose][0m disposing of 1 subscriptions...
[90m12:28:37:340[0m [34m[fetch:dispose][0m disposed of all subscriptions! 0
[90m12:28:37:340[0m [34m[fetch:dispose][0m destroyed the listener!
[90m12:28:37:340[0m [34m[websocket:dispose][0m disposing the interceptor...
[90m12:28:37:341[0m [34m[websocket:dispose][0m global symbol deleted: undefined
[90m12:28:37:341[0m [34m[websocket:dispose][0m disposing of 1 subscriptions...
[90m12:28:37:341[0m [34m[websocket:dispose][0m disposed of all subscriptions! 0
[90m12:28:37:341[0m [34m[websocket:dispose][0m destroyed the listener!
[90m12:28:37:341[0m [34m[interceptor-source:dispose][0m disposed of all subscriptions! 0
[90m12:28:37:341[0m [34m[interceptor-source:dispose][0m destroyed the listener!
[90m12:28:37:331[0m [34m[interceptor-source:apply][0m applying the interceptor...
[90m12:28:37:394[0m [34m[interceptor-source:apply][0m no running instance found, setting up a new instance...
[90m12:28:37:395[0m [34m[interceptor-source:setup][0m applying all 4 interceptors...
[90m12:28:37:395[0m [34m[interceptor-source:setup][0m applying "ClientRequestInterceptor" interceptor...
[90m12:28:37:395[0m [34m[client-request-interceptor:apply][0m applying the interceptor...
[90m12:28:37:396[0m [34m[client-request-interceptor:apply][0m no running instance found, setting up a new instance...
[90m12:28:37:397[0m [34m[interceptor-source:setup][0m adding interceptor dispose subscription
[90m12:28:37:397[0m [34m[interceptor-source:setup][0m applying "XMLHttpRequestInterceptor" interceptor...
[90m12:28:37:397[0m [34m[xhr:apply][0m applying the interceptor...
[90m12:28:37:397[0m [34m[xhr:apply][0m no running instance found, setting up a new instance...
[90m12:28:37:398[0m [34m[xhr:setup][0m patching "XMLHttpRequest" module...
[90m12:28:37:398[0m [34m[xhr:setup][0m native "XMLHttpRequest" module patched! XMLHttpRequest
[90m12:28:37:399[0m [34m[interceptor-source:setup][0m adding interceptor dispose subscription
[90m12:28:37:399[0m [34m[interceptor-source:setup][0m applying "FetchInterceptor" interceptor...
[90m12:28:37:399[0m [34m[fetch:apply][0m applying the interceptor...
[90m12:28:37:399[0m [34m[fetch:apply][0m no running instance found, setting up a new instance...
[90m12:28:37:400[0m [34m[interceptor-source:setup][0m adding interceptor dispose subscription
[90m12:28:37:401[0m [34m[interceptor-source:setup][0m applying "WebSocketInterceptor" interceptor...
[90m12:28:37:401[0m [34m[websocket:apply][0m applying the interceptor...
[90m12:28:37:401[0m [34m[websocket:apply][0m no running instance found, setting up a new instance...
[90m12:28:37:402[0m [34m[interceptor-source:setup][0m adding interceptor dispose subscription
[90m12:28:37:402[0m [34m[client-request-interceptor:on][0m adding "request" event listener: function () { [native code] }
[90m12:28:37:403[0m [34m[xhr:on][0m adding "request" event listener: function () { [native code] }
[90m12:28:37:403[0m [34m[fetch:on][0m adding "request" event listener: function () { [native code] }
[90m12:28:37:403[0m [34m[websocket:on][0m adding "request" event listener: function () { [native code] }
[90m12:28:37:403[0m [34m[client-request-interceptor:on][0m adding "response" event listener: function () { [native code] }
[90m12:28:37:403[0m [34m[xhr:on][0m adding "response" event listener: function () { [native code] }
[90m12:28:37:403[0m [34m[fetch:on][0m adding "response" event listener: function () { [native code] }
[90m12:28:37:403[0m [34m[websocket:on][0m adding "response" event listener: function () { [native code] }
[90m12:28:37:403[0m [34m[client-request-interceptor:on][0m adding "connection" event listener: function () { [native code] }
[90m12:28:37:404[0m [34m[xhr:on][0m adding "connection" event listener: function () { [native code] }
[90m12:28:37:404[0m [34m[fetch:on][0m adding "connection" event listener: function () { [native code] }
[90m12:28:37:404[0m [34m[websocket:on][0m adding "connection" event listener: function () { [native code] }
[90m12:28:37:496[0m [34m[interceptor-source:apply][0m applying the interceptor...
[90m12:28:37:565[0m [34m[interceptor-source:apply][0m no running instance found, setting up a new instance...
[90m12:28:37:565[0m [34m[interceptor-source:setup][0m applying all 4 interceptors...
[90m12:28:37:566[0m [34m[interceptor-source:setup][0m applying "ClientRequestInterceptor" interceptor...
[90m12:28:37:566[0m [34m[client-request-interceptor:apply][0m applying the interceptor...
[90m12:28:37:566[0m [34m[client-request-interceptor:apply][0m no running instance found, setting up a new instance...
[90m12:28:37:567[0m [34m[interceptor-source:setup][0m adding interceptor dispose subscription
[90m12:28:37:568[0m [34m[interceptor-source:setup][0m applying "XMLHttpRequestInterceptor" interceptor...
[90m12:28:37:568[0m [34m[xhr:apply][0m applying the interceptor...
[90m12:28:37:569[0m [34m[xhr:apply][0m no running instance found, setting up a new instance...
[90m12:28:37:570[0m [34m[xhr:setup][0m patching "XMLHttpRequest" module...
[90m12:28:37:575[0m [34m[xhr:setup][0m native "XMLHttpRequest" module patched! XMLHttpRequest
[90m12:28:37:575[0m [34m[interceptor-source:setup][0m adding interceptor dispose subscription
[90m12:28:37:575[0m [34m[interceptor-source:setup][0m applying "FetchInterceptor" interceptor...
[90m12:28:37:575[0m [34m[fetch:apply][0m applying the interceptor...
[90m12:28:37:576[0m [34m[fetch:apply][0m no running instance found, setting up a new instance...
[90m12:28:37:576[0m [34m[interceptor-source:setup][0m adding interceptor dispose subscription
[90m12:28:37:576[0m [34m[interceptor-source:setup][0m applying "WebSocketInterceptor" interceptor...
[90m12:28:37:577[0m [34m[websocket:apply][0m applying the interceptor...
[90m12:28:37:578[0m [34m[websocket:apply][0m no running instance found, setting up a new instance...
[90m12:28:37:578[0m [34m[interceptor-source:setup][0m adding interceptor dispose subscription
[90m12:28:37:579[0m [34m[client-request-interceptor:on][0m adding "request" event listener: function () { [native code] }
[90m12:28:37:580[0m [34m[xhr:on][0m adding "request" event listener: function () { [native code] }
[90m12:28:37:580[0m [34m[fetch:on][0m adding "request" event listener: function () { [native code] }
[90m12:28:37:580[0m [34m[websocket:on][0m adding "request" event listener: function () { [native code] }
[90m12:28:37:581[0m [34m[client-request-interceptor:on][0m adding "response" event listener: function () { [native code] }
[90m12:28:37:581[0m [34m[xhr:on][0m adding "response" event listener: function () { [native code] }
[90m12:28:37:581[0m [34m[fetch:on][0m adding "response" event listener: function () { [native code] }
[90m12:28:37:581[0m [34m[websocket:on][0m adding "response" event listener: function () { [native code] }
[90m12:28:37:581[0m [34m[client-request-interceptor:on][0m adding "connection" event listener: function () { [native code] }
[90m12:28:37:581[0m [34m[xhr:on][0m adding "connection" event listener: function () { [native code] }
[90m12:28:37:582[0m [34m[fetch:on][0m adding "connection" event listener: function () { [native code] }
[90m12:28:37:582[0m [34m[websocket:on][0m adding "connection" event listener: function () { [native code] }
[90m12:28:37:604[0m [34m[interceptor-source:dispose][0m disposing the interceptor...
[90m12:28:37:605[0m [34m[interceptor-source:dispose][0m global symbol deleted: undefined
[90m12:28:37:605[0m [34m[interceptor-source:dispose][0m disposing of 4 subscriptions...
[90m12:28:37:605[0m [34m[client-request-interceptor:dispose][0m disposing the interceptor...
[90m12:28:37:606[0m [34m[client-request-interceptor:dispose][0m global symbol deleted: undefined
[90m12:28:37:606[0m [34m[client-request-interceptor:dispose][0m disposing of 1 subscriptions...
[90m12:28:37:606[0m [34m[client-request-interceptor:dispose][0m disposed of all subscriptions! 0
[90m12:28:37:607[0m [34m[client-request-interceptor:dispose][0m destroyed the listener!
[90m12:28:37:607[0m [34m[xhr:dispose][0m disposing the interceptor...
[90m12:28:37:607[0m [34m[xhr:dispose][0m global symbol deleted: undefined
[90m12:28:37:607[0m [34m[xhr:dispose][0m disposing of 1 subscriptions...
[90m12:28:37:607[0m [34m[xhr:setup][0m native "XMLHttpRequest" module restored! XMLHttpRequest
[90m12:28:37:607[0m [34m[xhr:dispose][0m disposed of all subscriptions! 0
[90m12:28:37:607[0m [34m[xhr:dispose][0m destroyed the listener!
[90m12:28:37:607[0m [34m[fetch:dispose][0m disposing the interceptor...
[90m12:28:37:607[0m [34m[fetch:dispose][0m global symbol deleted: undefined
[90m12:28:37:608[0m [34m[fetch:dispose][0m disposing of 1 subscriptions...
[90m12:28:37:608[0m [34m[fetch:dispose][0m disposed of all subscriptions! 0
[90m12:28:37:608[0m [34m[fetch:dispose][0m destroyed the listener!
[90m12:28:37:608[0m [34m[websocket:dispose][0m disposing the interceptor...
[90m12:28:37:608[0m [34m[websocket:dispose][0m global symbol deleted: undefined
[90m12:28:37:608[0m [34m[websocket:dispose][0m disposing of 1 subscriptions...
[90m12:28:37:609[0m [34m[websocket:dispose][0m disposed of all subscriptions! 0
[90m12:28:37:609[0m [34m[websocket:dispose][0m destroyed the listener!
[90m12:28:37:609[0m [34m[interceptor-source:dispose][0m disposed of all subscriptions! 0
[90m12:28:37:609[0m [34m[interceptor-source:dispose][0m destroyed the listener!
(node:12252) Warning: `--localstorage-file` was provided without a valid path
(Use `node --trace-warnings ...` to show where the warning was created)
[90m12:28:37:757[0m [34m[interceptor-source:dispose][0m disposing the interceptor...
[90m12:28:37:757[0m [34m[interceptor-source:dispose][0m global symbol deleted: undefined
[90m12:28:37:757[0m [34m[interceptor-source:dispose][0m disposing of 4 subscriptions...
[90m12:28:37:757[0m [34m[client-request-interceptor:dispose][0m disposing the interceptor...
[90m12:28:37:757[0m [34m[client-request-interceptor:dispose][0m global symbol deleted: undefined
[90m12:28:37:758[0m [34m[client-request-interceptor:dispose][0m disposing of 1 subscriptions...
[90m12:28:37:758[0m [34m[client-request-interceptor:dispose][0m disposed of all subscriptions! 0
[90m12:28:37:758[0m [34m[client-request-interceptor:dispose][0m destroyed the listener!
[90m12:28:37:758[0m [34m[xhr:dispose][0m disposing the interceptor...
[90m12:28:37:758[0m [34m[xhr:dispose][0m global symbol deleted: undefined
[90m12:28:37:758[0m [34m[xhr:dispose][0m disposing of 1 subscriptions...
[90m12:28:37:759[0m [34m[xhr:setup][0m native "XMLHttpRequest" module restored! XMLHttpRequest
[90m12:28:37:759[0m [34m[xhr:dispose][0m disposed of all subscriptions! 0
[90m12:28:37:759[0m [34m[xhr:dispose][0m destroyed the listener!
[90m12:28:37:759[0m [34m[fetch:dispose][0m disposing the interceptor...
[90m12:28:37:759[0m [34m[fetch:dispose][0m global symbol deleted: undefined
[90m12:28:37:759[0m [34m[fetch:dispose][0m disposing of 1 subscriptions...
[90m12:28:37:759[0m [34m[fetch:dispose][0m disposed of all subscriptions! 0
[90m12:28:37:759[0m [34m[fetch:dispose][0m destroyed the listener!
[90m12:28:37:760[0m [34m[websocket:dispose][0m disposing the interceptor...
[90m12:28:37:760[0m [34m[websocket:dispose][0m global symbol deleted: undefined
[90m12:28:37:760[0m [34m[websocket:dispose][0m disposing of 1 subscriptions...
[90m12:28:37:760[0m [34m[websocket:dispose][0m disposed of all subscriptions! 0
[90m12:28:37:761[0m [34m[websocket:dispose][0m destroyed the listener!
[90m12:28:37:761[0m [34m[interceptor-source:dispose][0m disposed of all subscriptions! 0
[90m12:28:37:761[0m [34m[interceptor-source:dispose][0m destroyed the listener!
[90m12:28:37:824[0m [34m[interceptor-source:apply][0m applying the interceptor...
[90m12:28:37:889[0m [34m[interceptor-source:apply][0m no running instance found, setting up a new instance...
[90m12:28:37:890[0m [34m[interceptor-source:setup][0m applying all 4 interceptors...
[90m12:28:37:893[0m [34m[interceptor-source:setup][0m applying "ClientRequestInterceptor" interceptor...
[90m12:28:37:893[0m [34m[client-request-interceptor:apply][0m applying the interceptor...
[90m12:28:37:893[0m [34m[client-request-interceptor:apply][0m no running instance found, setting up a new instance...
[90m12:28:37:894[0m [34m[interceptor-source:setup][0m adding interceptor dispose subscription
[90m12:28:37:894[0m [34m[interceptor-source:setup][0m applying "XMLHttpRequestInterceptor" interceptor...
[90m12:28:37:895[0m [34m[xhr:apply][0m applying the interceptor...
[90m12:28:37:895[0m [34m[xhr:apply][0m no running instance found, setting up a new instance...
[90m12:28:37:896[0m [34m[xhr:setup][0m patching "XMLHttpRequest" module...
[90m12:28:37:896[0m [34m[xhr:setup][0m native "XMLHttpRequest" module patched! XMLHttpRequest
[90m12:28:37:896[0m [34m[interceptor-source:setup][0m adding interceptor dispose subscription
[90m12:28:37:896[0m [34m[interceptor-source:setup][0m applying "FetchInterceptor" interceptor...
[90m12:28:37:896[0m [34m[fetch:apply][0m applying the interceptor...
[90m12:28:37:897[0m [34m[fetch:apply][0m no running instance found, setting up a new instance...
[90m12:28:37:897[0m [34m[interceptor-source:setup][0m adding interceptor dispose subscription
[90m12:28:37:897[0m [34m[interceptor-source:setup][0m applying "WebSocketInterceptor" interceptor...
[90m12:28:37:898[0m [34m[websocket:apply][0m applying the interceptor...
[90m12:28:37:898[0m [34m[websocket:apply][0m no running instance found, setting up a new instance...
[90m12:28:37:899[0m [34m[interceptor-source:setup][0m adding interceptor dispose subscription
[90m12:28:37:899[0m [34m[client-request-interceptor:on][0m adding "request" event listener: function () { [native code] }
[90m12:28:37:900[0m [34m[xhr:on][0m adding "request" event listener: function () { [native code] }
[90m12:28:37:900[0m [34m[fetch:on][0m adding "request" event listener: function () { [native code] }
[90m12:28:37:900[0m [34m[websocket:on][0m adding "request" event listener: function () { [native code] }
[90m12:28:37:900[0m [34m[client-request-interceptor:on][0m adding "response" event listener: function () { [native code] }
[90m12:28:37:900[0m [34m[xhr:on][0m adding "response" event listener: function () { [native code] }
[90m12:28:37:901[0m [34m[fetch:on][0m adding "response" event listener: function () { [native code] }
[90m12:28:37:901[0m [34m[websocket:on][0m adding "response" event listener: function () { [native code] }
[90m12:28:37:901[0m [34m[client-request-interceptor:on][0m adding "connection" event listener: function () { [native code] }
[90m12:28:37:901[0m [34m[xhr:on][0m adding "connection" event listener: function () { [native code] }
[90m12:28:37:901[0m [34m[fetch:on][0m adding "connection" event listener: function () { [native code] }
[90m12:28:37:901[0m [34m[websocket:on][0m adding "connection" event listener: function () { [native code] }
[90m12:28:38:78[0m [34m[interceptor-source:dispose][0m disposing the interceptor...
[90m12:28:38:78[0m [34m[interceptor-source:dispose][0m global symbol deleted: undefined
[90m12:28:38:78[0m [34m[interceptor-source:dispose][0m disposing of 4 subscriptions...
[90m12:28:38:79[0m [34m[client-request-interceptor:dispose][0m disposing the interceptor...
[90m12:28:38:79[0m [34m[client-request-interceptor:dispose][0m global symbol deleted: undefined
[90m12:28:38:79[0m [34m[client-request-interceptor:dispose][0m disposing of 1 subscriptions...
[90m12:28:38:79[0m [34m[client-request-interceptor:dispose][0m disposed of all subscriptions! 0
[90m12:28:38:79[0m [34m[client-request-interceptor:dispose][0m destroyed the listener!
[90m12:28:38:80[0m [34m[xhr:dispose][0m disposing the interceptor...
[90m12:28:38:80[0m [34m[xhr:dispose][0m global symbol deleted: undefined
[90m12:28:38:80[0m [34m[xhr:dispose][0m disposing of 1 subscriptions...
[90m12:28:38:80[0m [34m[xhr:setup][0m native "XMLHttpRequest" module restored! XMLHttpRequest
[90m12:28:38:80[0m [34m[xhr:dispose][0m disposed of all subscriptions! 0
[90m12:28:38:80[0m [34m[xhr:dispose][0m destroyed the listener!
[90m12:28:38:80[0m [34m[fetch:dispose][0m disposing the interceptor...
[90m12:28:38:80[0m [34m[fetch:dispose][0m global symbol deleted: undefined
[90m12:28:38:80[0m [34m[fetch:dispose][0m disposing of 1 subscriptions...
[90m12:28:38:81[0m [34m[fetch:dispose][0m disposed of all subscriptions! 0
[90m12:28:38:81[0m [34m[fetch:dispose][0m destroyed the listener!
[90m12:28:38:81[0m [34m[websocket:dispose][0m disposing the interceptor...
[90m12:28:38:81[0m [34m[websocket:dispose][0m global symbol deleted: undefined
[90m12:28:38:81[0m [34m[websocket:dispose][0m disposing of 1 subscriptions...
[90m12:28:38:82[0m [34m[websocket:dispose][0m disposed of all subscriptions! 0
[90m12:28:38:82[0m [34m[websocket:dispose][0m destroyed the listener!
[90m12:28:38:82[0m [34m[interceptor-source:dispose][0m disposed of all subscriptions! 0
[90m12:28:38:82[0m [34m[interceptor-source:dispose][0m destroyed the listener!
[90m12:28:38:639[0m [34m[interceptor-source:apply][0m applying the interceptor...
[90m12:28:38:654[0m [34m[interceptor-source:apply][0m no running instance found, setting up a new instance...
[90m12:28:38:655[0m [34m[interceptor-source:setup][0m applying all 4 interceptors...
[90m12:28:38:655[0m [34m[interceptor-source:setup][0m applying "ClientRequestInterceptor" interceptor...
[90m12:28:38:656[0m [34m[client-request-interceptor:apply][0m applying the interceptor...
[90m12:28:38:656[0m [34m[client-request-interceptor:apply][0m no running instance found, setting up a new instance...
[90m12:28:38:657[0m [34m[interceptor-source:setup][0m adding interceptor dispose subscription
[90m12:28:38:657[0m [34m[interceptor-source:setup][0m applying "XMLHttpRequestInterceptor" interceptor...
[90m12:28:38:658[0m [34m[xhr:apply][0m applying the interceptor...
[90m12:28:38:658[0m [34m[xhr:apply][0m no running instance found, setting up a new instance...
[90m12:28:38:659[0m [34m[xhr:setup][0m patching "XMLHttpRequest" module...
[90m12:28:38:659[0m [34m[xhr:setup][0m native "XMLHttpRequest" module patched! XMLHttpRequest
[90m12:28:38:659[0m [34m[interceptor-source:setup][0m adding interceptor dispose subscription
[90m12:28:38:659[0m [34m[interceptor-source:setup][0m applying "FetchInterceptor" interceptor...
[90m12:28:38:659[0m [34m[fetch:apply][0m applying the interceptor...
[90m12:28:38:660[0m [34m[fetch:apply][0m no running instance found, setting up a new instance...
[90m12:28:38:660[0m [34m[interceptor-source:setup][0m adding interceptor dispose subscription
[90m12:28:38:660[0m [34m[interceptor-source:setup][0m applying "WebSocketInterceptor" interceptor...
[90m12:28:38:661[0m [34m[websocket:apply][0m applying the interceptor...
[90m12:28:38:661[0m [34m[websocket:apply][0m no running instance found, setting up a new instance...
[90m12:28:38:662[0m [34m[interceptor-source:setup][0m adding interceptor dispose subscription
[90m12:28:38:662[0m [34m[client-request-interceptor:on][0m adding "request" event listener: function () { [native code] }
[90m12:28:38:662[0m [34m[xhr:on][0m adding "request" event listener: function () { [native code] }
[90m12:28:38:663[0m [34m[fetch:on][0m adding "request" event listener: function () { [native code] }
[90m12:28:38:663[0m [34m[websocket:on][0m adding "request" event listener: function () { [native code] }
[90m12:28:38:663[0m [34m[client-request-interceptor:on][0m adding "response" event listener: function () { [native code] }
[90m12:28:38:663[0m [34m[xhr:on][0m adding "response" event listener: function () { [native code] }
[90m12:28:38:663[0m [34m[fetch:on][0m adding "response" event listener: function () { [native code] }
[90m12:28:38:663[0m [34m[websocket:on][0m adding "response" event listener: function () { [native code] }
[90m12:28:38:663[0m [34m[client-request-interceptor:on][0m adding "connection" event listener: function () { [native code] }
[90m12:28:38:663[0m [34m[xhr:on][0m adding "connection" event listener: function () { [native code] }
[90m12:28:38:664[0m [34m[fetch:on][0m adding "connection" event listener: function () { [native code] }
[90m12:28:38:664[0m [34m[websocket:on][0m adding "connection" event listener: function () { [native code] }
[90m12:28:38:909[0m [34m[interceptor-source:dispose][0m disposing the interceptor...
[90m12:28:38:909[0m [34m[interceptor-source:dispose][0m global symbol deleted: undefined
[90m12:28:38:909[0m [34m[interceptor-source:dispose][0m disposing of 4 subscriptions...
[90m12:28:38:909[0m [34m[client-request-interceptor:dispose][0m disposing the interceptor...
[90m12:28:38:909[0m [34m[client-request-interceptor:dispose][0m global symbol deleted: undefined
[90m12:28:38:909[0m [34m[client-request-interceptor:dispose][0m disposing of 1 subscriptions...
[90m12:28:38:910[0m [34m[client-request-interceptor:dispose][0m disposed of all subscriptions! 0
[90m12:28:38:910[0m [34m[client-request-interceptor:dispose][0m destroyed the listener!
[90m12:28:38:910[0m [34m[xhr:dispose][0m disposing the interceptor...
[90m12:28:38:910[0m [34m[xhr:dispose][0m global symbol deleted: undefined
[90m12:28:38:910[0m [34m[xhr:dispose][0m disposing of 1 subscriptions...
[90m12:28:38:911[0m [34m[xhr:setup][0m native "XMLHttpRequest" module restored! XMLHttpRequest
[90m12:28:38:911[0m [34m[xhr:dispose][0m disposed of all subscriptions! 0
[90m12:28:38:911[0m [34m[xhr:dispose][0m destroyed the listener!
[90m12:28:38:911[0m [34m[fetch:dispose][0m disposing the interceptor...
[90m12:28:38:911[0m [34m[fetch:dispose][0m global symbol deleted: undefined
[90m12:28:38:911[0m [34m[fetch:dispose][0m disposing of 1 subscriptions...
[90m12:28:38:911[0m [34m[fetch:dispose][0m disposed of all subscriptions! 0
[90m12:28:38:911[0m [34m[fetch:dispose][0m destroyed the listener!
[90m12:28:38:912[0m [34m[websocket:dispose][0m disposing the interceptor...
[90m12:28:38:912[0m [34m[websocket:dispose][0m global symbol deleted: undefined
[90m12:28:38:912[0m [34m[websocket:dispose][0m disposing of 1 subscriptions...
[90m12:28:38:912[0m [34m[websocket:dispose][0m disposed of all subscriptions! 0
[90m12:28:38:912[0m [34m[websocket:dispose][0m destroyed the listener!
[90m12:28:38:912[0m [34m[interceptor-source:dispose][0m disposed of all subscriptions! 0
[90m12:28:38:912[0m [34m[interceptor-source:dispose][0m destroyed the listener!
(node:10972) Warning: `--localstorage-file` was provided without a valid path
(Use `node --trace-warnings ...` to show where the warning was created)
[90m12:28:40:140[0m [34m[interceptor-source:apply][0m applying the interceptor...
[90m12:28:40:249[0m [34m[interceptor-source:apply][0m no running instance found, setting up a new instance...
[90m12:28:40:249[0m [34m[interceptor-source:setup][0m applying all 4 interceptors...
[90m12:28:40:250[0m [34m[interceptor-source:setup][0m applying "ClientRequestInterceptor" interceptor...
[90m12:28:40:250[0m [34m[client-request-interceptor:apply][0m applying the interceptor...
[90m12:28:40:251[0m [34m[client-request-interceptor:apply][0m no running instance found, setting up a new instance...
[90m12:28:40:252[0m [34m[interceptor-source:setup][0m adding interceptor dispose subscription
[90m12:28:40:252[0m [34m[interceptor-source:setup][0m applying "XMLHttpRequestInterceptor" interceptor...
[90m12:28:40:253[0m [34m[xhr:apply][0m applying the interceptor...
[90m12:28:40:254[0m [34m[xhr:apply][0m no running instance found, setting up a new instance...
[90m12:28:40:254[0m [34m[xhr:setup][0m patching "XMLHttpRequest" module...
[90m12:28:40:255[0m [34m[xhr:setup][0m native "XMLHttpRequest" module patched! XMLHttpRequest
[90m12:28:40:256[0m [34m[interceptor-source:setup][0m adding interceptor dispose subscription
[90m12:28:40:256[0m [34m[interceptor-source:setup][0m applying "FetchInterceptor" interceptor...
[90m12:28:40:256[0m [34m[fetch:apply][0m applying the interceptor...
[90m12:28:40:256[0m [34m[fetch:apply][0m no running instance found, setting up a new instance...
[90m12:28:40:257[0m [34m[interceptor-source:setup][0m adding interceptor dispose subscription
[90m12:28:40:257[0m [34m[interceptor-source:setup][0m applying "WebSocketInterceptor" interceptor...
[90m12:28:40:257[0m [34m[websocket:apply][0m applying the interceptor...
[90m12:28:40:258[0m [34m[websocket:apply][0m no running instance found, setting up a new instance...
[90m12:28:40:259[0m [34m[interceptor-source:setup][0m adding interceptor dispose subscription
[90m12:28:40:259[0m [34m[client-request-interceptor:on][0m adding "request" event listener: function () { [native code] }
[90m12:28:40:260[0m [34m[xhr:on][0m adding "request" event listener: function () { [native code] }
[90m12:28:40:260[0m [34m[fetch:on][0m adding "request" event listener: function () { [native code] }
[90m12:28:40:260[0m [34m[websocket:on][0m adding "request" event listener: function () { [native code] }
[90m12:28:40:261[0m [34m[client-request-interceptor:on][0m adding "response" event listener: function () { [native code] }
[90m12:28:40:261[0m [34m[xhr:on][0m adding "response" event listener: function () { [native code] }
[90m12:28:40:261[0m [34m[fetch:on][0m adding "response" event listener: function () { [native code] }
[90m12:28:40:261[0m [34m[websocket:on][0m adding "response" event listener: function () { [native code] }
[90m12:28:40:261[0m [34m[client-request-interceptor:on][0m adding "connection" event listener: function () { [native code] }
[90m12:28:40:265[0m [34m[xhr:on][0m adding "connection" event listener: function () { [native code] }
[90m12:28:40:266[0m [34m[fetch:on][0m adding "connection" event listener: function () { [native code] }
[90m12:28:40:266[0m [34m[websocket:on][0m adding "connection" event listener: function () { [native code] }
[90m12:28:40:351[0m [34m[interceptor-source:apply][0m applying the interceptor...
[90m12:28:40:417[0m [34m[interceptor-source:apply][0m no running instance found, setting up a new instance...
[90m12:28:40:417[0m [34m[interceptor-source:setup][0m applying all 4 interceptors...
[90m12:28:40:418[0m [34m[interceptor-source:setup][0m applying "ClientRequestInterceptor" interceptor...
[90m12:28:40:419[0m [34m[client-request-interceptor:apply][0m applying the interceptor...
[90m12:28:40:419[0m [34m[client-request-interceptor:apply][0m no running instance found, setting up a new instance...
[90m12:28:40:421[0m [34m[interceptor-source:setup][0m adding interceptor dispose subscription
[90m12:28:40:425[0m [34m[interceptor-source:setup][0m applying "XMLHttpRequestInterceptor" interceptor...
[90m12:28:40:425[0m [34m[xhr:apply][0m applying the interceptor...
[90m12:28:40:426[0m [34m[xhr:apply][0m no running instance found, setting up a new instance...
[90m12:28:40:427[0m [34m[xhr:setup][0m patching "XMLHttpRequest" module...
(node:5920) Warning: `--localstorage-file` was provided without a valid path
(Use `node --trace-warnings ...` to show where the warning was created)
[90m12:28:40:427[0m [34m[xhr:setup][0m native "XMLHttpRequest" module patched! XMLHttpRequest
[90m12:28:40:427[0m [34m[interceptor-source:setup][0m adding interceptor dispose subscription
[90m12:28:40:428[0m [34m[interceptor-source:setup][0m applying "FetchInterceptor" interceptor...
[90m12:28:40:428[0m [34m[fetch:apply][0m applying the interceptor...
[90m12:28:40:428[0m [34m[fetch:apply][0m no running instance found, setting up a new instance...
[90m12:28:40:433[0m [34m[interceptor-source:setup][0m adding interceptor dispose subscription
[90m12:28:40:434[0m [34m[interceptor-source:setup][0m applying "WebSocketInterceptor" interceptor...
[90m12:28:40:434[0m [34m[websocket:apply][0m applying the interceptor...
[90m12:28:40:435[0m [34m[websocket:apply][0m no running instance found, setting up a new instance...
[90m12:28:40:436[0m [34m[interceptor-source:setup][0m adding interceptor dispose subscription
[90m12:28:40:437[0m [34m[client-request-interceptor:on][0m adding "request" event listener: function () { [native code] }
[90m12:28:40:438[0m [34m[xhr:on][0m adding "request" event listener: function () { [native code] }
[90m12:28:40:438[0m [34m[fetch:on][0m adding "request" event listener: function () { [native code] }
[90m12:28:40:438[0m [34m[websocket:on][0m adding "request" event listener: function () { [native code] }
[90m12:28:40:438[0m [34m[client-request-interceptor:on][0m adding "response" event listener: function () { [native code] }
[90m12:28:40:438[0m [34m[xhr:on][0m adding "response" event listener: function () { [native code] }
[90m12:28:40:439[0m [34m[fetch:on][0m adding "response" event listener: function () { [native code] }
[90m12:28:40:439[0m [34m[websocket:on][0m adding "response" event listener: function () { [native code] }
[90m12:28:40:439[0m [34m[client-request-interceptor:on][0m adding "connection" event listener: function () { [native code] }
[90m12:28:40:439[0m [34m[xhr:on][0m adding "connection" event listener: function () { [native code] }
[90m12:28:40:439[0m [34m[fetch:on][0m adding "connection" event listener: function () { [native code] }
[90m12:28:40:439[0m [34m[websocket:on][0m adding "connection" event listener: function () { [native code] }
[90m12:28:40:450[0m [34m[interceptor-source:dispose][0m disposing the interceptor...
[90m12:28:40:450[0m [34m[interceptor-source:dispose][0m global symbol deleted: undefined
[90m12:28:40:450[0m [34m[interceptor-source:dispose][0m disposing of 4 subscriptions...
[90m12:28:40:451[0m [34m[client-request-interceptor:dispose][0m disposing the interceptor...
[90m12:28:40:451[0m [34m[client-request-interceptor:dispose][0m global symbol deleted: undefined
[90m12:28:40:451[0m [34m[client-request-interceptor:dispose][0m disposing of 1 subscriptions...
[90m12:28:40:451[0m [34m[client-request-interceptor:dispose][0m disposed of all subscriptions! 0
[90m12:28:40:451[0m [34m[client-request-interceptor:dispose][0m destroyed the listener!
[90m12:28:40:452[0m [34m[xhr:dispose][0m disposing the interceptor...
[90m12:28:40:452[0m [34m[xhr:dispose][0m global symbol deleted: undefined
[90m12:28:40:452[0m [34m[xhr:dispose][0m disposing of 1 subscriptions...
[90m12:28:40:452[0m [34m[xhr:setup][0m native "XMLHttpRequest" module restored! XMLHttpRequest
[90m12:28:40:452[0m [34m[xhr:dispose][0m disposed of all subscriptions! 0
[90m12:28:40:452[0m [34m[xhr:dispose][0m destroyed the listener!
[90m12:28:40:452[0m [34m[fetch:dispose][0m disposing the interceptor...
[90m12:28:40:452[0m [34m[fetch:dispose][0m global symbol deleted: undefined
[90m12:28:40:452[0m [34m[fetch:dispose][0m disposing of 1 subscriptions...
[90m12:28:40:453[0m [34m[fetch:dispose][0m disposed of all subscriptions! 0
[90m12:28:40:453[0m [34m[fetch:dispose][0m destroyed the listener!
[90m12:28:40:453[0m [34m[websocket:dispose][0m disposing the interceptor...
[90m12:28:40:453[0m [34m[websocket:dispose][0m global symbol deleted: undefined
[90m12:28:40:454[0m [34m[websocket:dispose][0m disposing of 1 subscriptions...
[90m12:28:40:454[0m [34m[websocket:dispose][0m disposed of all subscriptions! 0
[90m12:28:40:454[0m [34m[websocket:dispose][0m destroyed the listener!
[90m12:28:40:454[0m [34m[interceptor-source:dispose][0m disposed of all subscriptions! 0
[90m12:28:40:454[0m [34m[interceptor-source:dispose][0m destroyed the listener!
[90m12:28:40:471[0m [34m[interceptor-source:dispose][0m disposing the interceptor...
[90m12:28:40:471[0m [34m[interceptor-source:dispose][0m global symbol deleted: undefined
[90m12:28:40:471[0m [34m[interceptor-source:dispose][0m disposing of 4 subscriptions...
[90m12:28:40:472[0m [34m[client-request-interceptor:dispose][0m disposing the interceptor...
[90m12:28:40:472[0m [34m[client-request-interceptor:dispose][0m global symbol deleted: undefined
[90m12:28:40:472[0m [34m[client-request-interceptor:dispose][0m disposing of 1 subscriptions...
[90m12:28:40:473[0m [34m[client-request-interceptor:dispose][0m disposed of all subscriptions! 0
[90m12:28:40:473[0m [34m[client-request-interceptor:dispose][0m destroyed the listener!
[90m12:28:40:473[0m [34m[xhr:dispose][0m disposing the interceptor...
[90m12:28:40:473[0m [34m[xhr:dispose][0m global symbol deleted: undefined
[90m12:28:40:473[0m [34m[xhr:dispose][0m disposing of 1 subscriptions...
[90m12:28:40:473[0m [34m[xhr:setup][0m native "XMLHttpRequest" module restored! XMLHttpRequest
[90m12:28:40:474[0m [34m[xhr:dispose][0m disposed of all subscriptions! 0
[90m12:28:40:474[0m [34m[xhr:dispose][0m destroyed the listener!
[90m12:28:40:474[0m [34m[fetch:dispose][0m disposing the interceptor...
[90m12:28:40:474[0m [34m[fetch:dispose][0m global symbol deleted: undefined
[90m12:28:40:474[0m [34m[fetch:dispose][0m disposing of 1 subscriptions...
[90m12:28:40:476[0m [34m[fetch:dispose][0m disposed of all subscriptions! 0
[90m12:28:40:476[0m [34m[fetch:dispose][0m destroyed the listener!
[90m12:28:40:478[0m [34m[websocket:dispose][0m disposing the interceptor...
[90m12:28:40:478[0m [34m[websocket:dispose][0m global symbol deleted: undefined
[90m12:28:40:478[0m [34m[websocket:dispose][0m disposing of 1 subscriptions...
[90m12:28:40:478[0m [34m[websocket:dispose][0m disposed of all subscriptions! 0
[90m12:28:40:478[0m [34m[websocket:dispose][0m destroyed the listener!
[90m12:28:40:479[0m [34m[interceptor-source:dispose][0m disposed of all subscriptions! 0
[90m12:28:40:479[0m [34m[interceptor-source:dispose][0m destroyed the listener!
(node:18536) Warning: `--localstorage-file` was provided without a valid path
(Use `node --trace-warnings ...` to show where the warning was created)
(node:8344) Warning: `--localstorage-file` was provided without a valid path
(Use `node --trace-warnings ...` to show where the warning was created)
(node:18032) Warning: `--localstorage-file` was provided without a valid path
(Use `node --trace-warnings ...` to show where the warning was created)
[90m12:28:41:219[0m [34m[interceptor-source:apply][0m applying the interceptor...
[90m12:28:41:288[0m [34m[interceptor-source:apply][0m no running instance found, setting up a new instance...
[90m12:28:41:289[0m [34m[interceptor-source:setup][0m applying all 4 interceptors...
[90m12:28:41:289[0m [34m[interceptor-source:setup][0m applying "ClientRequestInterceptor" interceptor...
[90m12:28:41:289[0m [34m[client-request-interceptor:apply][0m applying the interceptor...
[90m12:28:41:290[0m [34m[client-request-interceptor:apply][0m no running instance found, setting up a new instance...
[90m12:28:41:290[0m [34m[interceptor-source:setup][0m adding interceptor dispose subscription
[90m12:28:41:291[0m [34m[interceptor-source:setup][0m applying "XMLHttpRequestInterceptor" interceptor...
[90m12:28:41:291[0m [34m[xhr:apply][0m applying the interceptor...
[90m12:28:41:292[0m [34m[xhr:apply][0m no running instance found, setting up a new instance...
[90m12:28:41:292[0m [34m[xhr:setup][0m patching "XMLHttpRequest" module...
[90m12:28:41:293[0m [34m[xhr:setup][0m native "XMLHttpRequest" module patched! XMLHttpRequest
[90m12:28:41:293[0m [34m[interceptor-source:setup][0m adding interceptor dispose subscription
[90m12:28:41:293[0m [34m[interceptor-source:setup][0m applying "FetchInterceptor" interceptor...
[90m12:28:41:293[0m [34m[fetch:apply][0m applying the interceptor...
[90m12:28:41:293[0m [34m[fetch:apply][0m no running instance found, setting up a new instance...
[90m12:28:41:294[0m [34m[interceptor-source:setup][0m adding interceptor dispose subscription
[90m12:28:41:294[0m [34m[interceptor-source:setup][0m applying "WebSocketInterceptor" interceptor...
[90m12:28:41:294[0m [34m[websocket:apply][0m applying the interceptor...
[90m12:28:41:294[0m [34m[websocket:apply][0m no running instance found, setting up a new instance...
[90m12:28:41:295[0m [34m[interceptor-source:setup][0m adding interceptor dispose subscription
[90m12:28:41:295[0m [34m[client-request-interceptor:on][0m adding "request" event listener: function () { [native code] }
[90m12:28:41:296[0m [34m[xhr:on][0m adding "request" event listener: function () { [native code] }
[90m12:28:41:296[0m [34m[fetch:on][0m adding "request" event listener: function () { [native code] }
[90m12:28:41:296[0m [34m[websocket:on][0m adding "request" event listener: function () { [native code] }
[90m12:28:41:296[0m [34m[client-request-interceptor:on][0m adding "response" event listener: function () { [native code] }
[90m12:28:41:296[0m [34m[xhr:on][0m adding "response" event listener: function () { [native code] }
[90m12:28:41:297[0m [34m[fetch:on][0m adding "response" event listener: function () { [native code] }
[90m12:28:41:297[0m [34m[websocket:on][0m adding "response" event listener: function () { [native code] }
[90m12:28:41:297[0m [34m[client-request-interceptor:on][0m adding "connection" event listener: function () { [native code] }
[90m12:28:41:297[0m [34m[xhr:on][0m adding "connection" event listener: function () { [native code] }
[90m12:28:41:297[0m [34m[fetch:on][0m adding "connection" event listener: function () { [native code] }
[90m12:28:41:297[0m [34m[websocket:on][0m adding "connection" event listener: function () { [native code] }
[90m12:28:41:615[0m [34m[interceptor-source:dispose][0m disposing the interceptor...
[90m12:28:41:615[0m [34m[interceptor-source:dispose][0m global symbol deleted: undefined
[90m12:28:41:616[0m [34m[interceptor-source:dispose][0m disposing of 4 subscriptions...
[90m12:28:41:616[0m [34m[client-request-interceptor:dispose][0m disposing the interceptor...
[90m12:28:41:616[0m [34m[client-request-interceptor:dispose][0m global symbol deleted: undefined
[90m12:28:41:616[0m [34m[client-request-interceptor:dispose][0m disposing of 1 subscriptions...
[90m12:28:41:616[0m [34m[client-request-interceptor:dispose][0m disposed of all subscriptions! 0
[90m12:28:41:616[0m [34m[client-request-interceptor:dispose][0m destroyed the listener!
[90m12:28:41:616[0m [34m[xhr:dispose][0m disposing the interceptor...
[90m12:28:41:617[0m [34m[xhr:dispose][0m global symbol deleted: undefined
[90m12:28:41:617[0m [34m[xhr:dispose][0m disposing of 1 subscriptions...
[90m12:28:41:617[0m [34m[xhr:setup][0m native "XMLHttpRequest" module restored! XMLHttpRequest
[90m12:28:41:617[0m [34m[xhr:dispose][0m disposed of all subscriptions! 0
[90m12:28:41:617[0m [34m[xhr:dispose][0m destroyed the listener!
[90m12:28:41:617[0m [34m[fetch:dispose][0m disposing the interceptor...
[90m12:28:41:617[0m [34m[fetch:dispose][0m global symbol deleted: undefined
[90m12:28:41:617[0m [34m[fetch:dispose][0m disposing of 1 subscriptions...
[90m12:28:41:618[0m [34m[fetch:dispose][0m disposed of all subscriptions! 0
[90m12:28:41:618[0m [34m[fetch:dispose][0m destroyed the listener!
[90m12:28:41:618[0m [34m[websocket:dispose][0m disposing the interceptor...
[90m12:28:41:618[0m [34m[websocket:dispose][0m global symbol deleted: undefined
[90m12:28:41:618[0m [34m[websocket:dispose][0m disposing of 1 subscriptions...
[90m12:28:41:618[0m [34m[websocket:dispose][0m disposed of all subscriptions! 0
[90m12:28:41:618[0m [34m[websocket:dispose][0m destroyed the listener!
[90m12:28:41:619[0m [34m[interceptor-source:dispose][0m disposed of all subscriptions! 0
[90m12:28:41:619[0m [34m[interceptor-source:dispose][0m destroyed the listener!
(node:8420) Warning: `--localstorage-file` was provided without a valid path
(Use `node --trace-warnings ...` to show where the warning was created)
[90m12:28:42:431[0m [34m[interceptor-source:apply][0m applying the interceptor...
[90m12:28:42:507[0m [34m[interceptor-source:apply][0m no running instance found, setting up a new instance...
[90m12:28:42:507[0m [34m[interceptor-source:setup][0m applying all 4 interceptors...
[90m12:28:42:509[0m [34m[interceptor-source:setup][0m applying "ClientRequestInterceptor" interceptor...
[90m12:28:42:509[0m [34m[client-request-interceptor:apply][0m applying the interceptor...
[90m12:28:42:509[0m [34m[client-request-interceptor:apply][0m no running instance found, setting up a new instance...
[90m12:28:42:510[0m [34m[interceptor-source:setup][0m adding interceptor dispose subscription
[90m12:28:42:511[0m [34m[interceptor-source:setup][0m applying "XMLHttpRequestInterceptor" interceptor...
[90m12:28:42:511[0m [34m[xhr:apply][0m applying the interceptor...
[90m12:28:42:512[0m [34m[xhr:apply][0m no running instance found, setting up a new instance...
[90m12:28:42:514[0m [34m[xhr:setup][0m patching "XMLHttpRequest" module...
[90m12:28:42:514[0m [34m[xhr:setup][0m native "XMLHttpRequest" module patched! XMLHttpRequest
[90m12:28:42:514[0m [34m[interceptor-source:setup][0m adding interceptor dispose subscription
[90m12:28:42:515[0m [34m[interceptor-source:setup][0m applying "FetchInterceptor" interceptor...
[90m12:28:42:515[0m [34m[fetch:apply][0m applying the interceptor...
[90m12:28:42:515[0m [34m[fetch:apply][0m no running instance found, setting up a new instance...
[90m12:28:42:515[0m [34m[interceptor-source:setup][0m adding interceptor dispose subscription
[90m12:28:42:516[0m [34m[interceptor-source:setup][0m applying "WebSocketInterceptor" interceptor...
[90m12:28:42:516[0m [34m[websocket:apply][0m applying the interceptor...
[90m12:28:42:516[0m [34m[websocket:apply][0m no running instance found, setting up a new instance...
[90m12:28:42:520[0m [34m[interceptor-source:setup][0m adding interceptor dispose subscription
[90m12:28:42:520[0m [34m[client-request-interceptor:on][0m adding "request" event listener: function () { [native code] }
[90m12:28:42:521[0m [34m[xhr:on][0m adding "request" event listener: function () { [native code] }
[90m12:28:42:522[0m [34m[fetch:on][0m adding "request" event listener: function () { [native code] }
[90m12:28:42:522[0m [34m[websocket:on][0m adding "request" event listener: function () { [native code] }
[90m12:28:42:523[0m [34m[client-request-interceptor:on][0m adding "response" event listener: function () { [native code] }
[90m12:28:42:523[0m [34m[xhr:on][0m adding "response" event listener: function () { [native code] }
[90m12:28:42:523[0m [34m[fetch:on][0m adding "response" event listener: function () { [native code] }
[90m12:28:42:524[0m [34m[websocket:on][0m adding "response" event listener: function () { [native code] }
[90m12:28:42:524[0m [34m[client-request-interceptor:on][0m adding "connection" event listener: function () { [native code] }
[90m12:28:42:527[0m [34m[xhr:on][0m adding "connection" event listener: function () { [native code] }
[90m12:28:42:530[0m [34m[fetch:on][0m adding "connection" event listener: function () { [native code] }
[90m12:28:42:530[0m [34m[websocket:on][0m adding "connection" event listener: function () { [native code] }
[90m12:28:42:718[0m [34m[interceptor-source:dispose][0m disposing the interceptor...
[90m12:28:42:719[0m [34m[interceptor-source:dispose][0m global symbol deleted: undefined
[90m12:28:42:719[0m [34m[interceptor-source:dispose][0m disposing of 4 subscriptions...
[90m12:28:42:719[0m [34m[client-request-interceptor:dispose][0m disposing the interceptor...
[90m12:28:42:719[0m [34m[client-request-interceptor:dispose][0m global symbol deleted: undefined
[90m12:28:42:719[0m [34m[client-request-interceptor:dispose][0m disposing of 1 subscriptions...
[90m12:28:42:720[0m [34m[client-request-interceptor:dispose][0m disposed of all subscriptions! 0
[90m12:28:42:721[0m [34m[client-request-interceptor:dispose][0m destroyed the listener!
[90m12:28:42:721[0m [34m[xhr:dispose][0m disposing the interceptor...
[90m12:28:42:721[0m [34m[xhr:dispose][0m global symbol deleted: undefined
[90m12:28:42:722[0m [34m[xhr:dispose][0m disposing of 1 subscriptions...
[90m12:28:42:722[0m [34m[xhr:setup][0m native "XMLHttpRequest" module restored! XMLHttpRequest
[90m12:28:42:722[0m [34m[xhr:dispose][0m disposed of all subscriptions! 0
[90m12:28:42:722[0m [34m[xhr:dispose][0m destroyed the listener!
[90m12:28:42:722[0m [34m[fetch:dispose][0m disposing the interceptor...
[90m12:28:42:723[0m [34m[fetch:dispose][0m global symbol deleted: undefined
[90m12:28:42:723[0m [34m[fetch:dispose][0m disposing of 1 subscriptions...
[90m12:28:42:724[0m [34m[fetch:dispose][0m disposed of all subscriptions! 0
[90m12:28:42:724[0m [34m[fetch:dispose][0m destroyed the listener!
[90m12:28:42:726[0m [34m[websocket:dispose][0m disposing the interceptor...
[90m12:28:42:726[0m [34m[websocket:dispose][0m global symbol deleted: undefined
[90m12:28:42:726[0m [34m[websocket:dispose][0m disposing of 1 subscriptions...
[90m12:28:42:727[0m [34m[websocket:dispose][0m disposed of all subscriptions! 0
[90m12:28:42:727[0m [34m[websocket:dispose][0m destroyed the listener!
[90m12:28:42:727[0m [34m[interceptor-source:dispose][0m disposed of all subscriptions! 0
[90m12:28:42:727[0m [34m[interceptor-source:dispose][0m destroyed the listener!
[90m12:28:42:902[0m [34m[interceptor-source:apply][0m applying the interceptor...
[90m12:28:42:971[0m [34m[interceptor-source:apply][0m no running instance found, setting up a new instance...
[90m12:28:42:972[0m [34m[interceptor-source:setup][0m applying all 4 interceptors...
[90m12:28:42:973[0m [34m[interceptor-source:setup][0m applying "ClientRequestInterceptor" interceptor...
[90m12:28:42:973[0m [34m[client-request-interceptor:apply][0m applying the interceptor...
[90m12:28:42:973[0m [34m[client-request-interceptor:apply][0m no running instance found, setting up a new instance...
[90m12:28:42:974[0m [34m[interceptor-source:setup][0m adding interceptor dispose subscription
[90m12:28:42:975[0m [34m[interceptor-source:setup][0m applying "XMLHttpRequestInterceptor" interceptor...
[90m12:28:42:975[0m [34m[xhr:apply][0m applying the interceptor...
[90m12:28:42:975[0m [34m[xhr:apply][0m no running instance found, setting up a new instance...
[90m12:28:42:976[0m [34m[xhr:setup][0m patching "XMLHttpRequest" module...
[90m12:28:42:976[0m [34m[xhr:setup][0m native "XMLHttpRequest" module patched! XMLHttpRequest
[90m12:28:42:976[0m [34m[interceptor-source:setup][0m adding interceptor dispose subscription
[90m12:28:42:976[0m [34m[interceptor-source:setup][0m applying "FetchInterceptor" interceptor...
[90m12:28:42:976[0m [34m[fetch:apply][0m applying the interceptor...
[90m12:28:42:977[0m [34m[fetch:apply][0m no running instance found, setting up a new instance...
[90m12:28:42:977[0m [34m[interceptor-source:setup][0m adding interceptor dispose subscription
[90m12:28:42:977[0m [34m[interceptor-source:setup][0m applying "WebSocketInterceptor" interceptor...
[90m12:28:42:978[0m [34m[websocket:apply][0m applying the interceptor...
[90m12:28:42:978[0m [34m[websocket:apply][0m no running instance found, setting up a new instance...
[90m12:28:42:979[0m [34m[interceptor-source:setup][0m adding interceptor dispose subscription
[90m12:28:42:979[0m [34m[client-request-interceptor:on][0m adding "request" event listener: function () { [native code] }
[90m12:28:42:980[0m [34m[xhr:on][0m adding "request" event listener: function () { [native code] }
[90m12:28:42:981[0m [34m[fetch:on][0m adding "request" event listener: function () { [native code] }
[90m12:28:42:981[0m [34m[websocket:on][0m adding "request" event listener: function () { [native code] }
[90m12:28:42:981[0m [34m[client-request-interceptor:on][0m adding "response" event listener: function () { [native code] }
[90m12:28:42:981[0m [34m[xhr:on][0m adding "response" event listener: function () { [native code] }
[90m12:28:42:982[0m [34m[fetch:on][0m adding "response" event listener: function () { [native code] }
[90m12:28:42:982[0m [34m[websocket:on][0m adding "response" event listener: function () { [native code] }
[90m12:28:42:982[0m [34m[client-request-interceptor:on][0m adding "connection" event listener: function () { [native code] }
[90m12:28:42:982[0m [34m[xhr:on][0m adding "connection" event listener: function () { [native code] }
[90m12:28:42:982[0m [34m[fetch:on][0m adding "connection" event listener: function () { [native code] }
[90m12:28:42:982[0m [34m[websocket:on][0m adding "connection" event listener: function () { [native code] }
[90m12:28:43:2[0m [34m[interceptor-source:apply][0m applying the interceptor...
[90m12:28:43:68[0m [34m[interceptor-source:apply][0m no running instance found, setting up a new instance...
[90m12:28:43:69[0m [34m[interceptor-source:setup][0m applying all 4 interceptors...
[90m12:28:43:69[0m [34m[interceptor-source:setup][0m applying "ClientRequestInterceptor" interceptor...
[90m12:28:43:70[0m [34m[client-request-interceptor:apply][0m applying the interceptor...
[90m12:28:43:70[0m [34m[client-request-interceptor:apply][0m no running instance found, setting up a new instance...
[90m12:28:43:71[0m [34m[interceptor-source:setup][0m adding interceptor dispose subscription
[90m12:28:43:71[0m [34m[interceptor-source:setup][0m applying "XMLHttpRequestInterceptor" interceptor...
[90m12:28:43:71[0m [34m[xhr:apply][0m applying the interceptor...
[90m12:28:43:72[0m [34m[xhr:apply][0m no running instance found, setting up a new instance...
[90m12:28:43:72[0m [34m[xhr:setup][0m patching "XMLHttpRequest" module...
[90m12:28:43:72[0m [34m[xhr:setup][0m native "XMLHttpRequest" module patched! XMLHttpRequest
[90m12:28:43:73[0m [34m[interceptor-source:setup][0m adding interceptor dispose subscription
[90m12:28:43:73[0m [34m[interceptor-source:setup][0m applying "FetchInterceptor" interceptor...
[90m12:28:43:73[0m [34m[fetch:apply][0m applying the interceptor...
[90m12:28:43:73[0m [34m[fetch:apply][0m no running instance found, setting up a new instance...
[90m12:28:43:73[0m [34m[interceptor-source:setup][0m adding interceptor dispose subscription
[90m12:28:43:73[0m [34m[interceptor-source:setup][0m applying "WebSocketInterceptor" interceptor...
[90m12:28:43:74[0m [34m[websocket:apply][0m applying the interceptor...
[90m12:28:43:74[0m [34m[websocket:apply][0m no running instance found, setting up a new instance...
[90m12:28:43:75[0m [34m[interceptor-source:setup][0m adding interceptor dispose subscription
[90m12:28:43:75[0m [34m[client-request-interceptor:on][0m adding "request" event listener: function () { [native code] }
[90m12:28:43:75[0m [34m[xhr:on][0m adding "request" event listener: function () { [native code] }
[90m12:28:43:76[0m [34m[fetch:on][0m adding "request" event listener: function () { [native code] }
[90m12:28:43:76[0m [34m[websocket:on][0m adding "request" event listener: function () { [native code] }
[90m12:28:43:76[0m [34m[client-request-interceptor:on][0m adding "response" event listener: function () { [native code] }
[90m12:28:43:76[0m [34m[xhr:on][0m adding "response" event listener: function () { [native code] }
[90m12:28:43:76[0m [34m[fetch:on][0m adding "response" event listener: function () { [native code] }
[90m12:28:43:76[0m [34m[websocket:on][0m adding "response" event listener: function () { [native code] }
[90m12:28:43:77[0m [34m[client-request-interceptor:on][0m adding "connection" event listener: function () { [native code] }
[90m12:28:43:77[0m [34m[xhr:on][0m adding "connection" event listener: function () { [native code] }
[90m12:28:43:77[0m [34m[fetch:on][0m adding "connection" event listener: function () { [native code] }
[90m12:28:43:77[0m [34m[websocket:on][0m adding "connection" event listener: function () { [native code] }
[90m12:28:43:195[0m [34m[interceptor-source:dispose][0m disposing the interceptor...
[90m12:28:43:195[0m [34m[interceptor-source:dispose][0m global symbol deleted: undefined
[90m12:28:43:195[0m [34m[interceptor-source:dispose][0m disposing of 4 subscriptions...
[90m12:28:43:196[0m [34m[client-request-interceptor:dispose][0m disposing the interceptor...
[90m12:28:43:196[0m [34m[client-request-interceptor:dispose][0m global symbol deleted: undefined
[90m12:28:43:196[0m [34m[client-request-interceptor:dispose][0m disposing of 1 subscriptions...
[90m12:28:43:196[0m [34m[client-request-interceptor:dispose][0m disposed of all subscriptions! 0
[90m12:28:43:196[0m [34m[client-request-interceptor:dispose][0m destroyed the listener!
[90m12:28:43:197[0m [34m[xhr:dispose][0m disposing the interceptor...
[90m12:28:43:197[0m [34m[xhr:dispose][0m global symbol deleted: undefined
[90m12:28:43:197[0m [34m[xhr:dispose][0m disposing of 1 subscriptions...
[90m12:28:43:197[0m [34m[xhr:setup][0m native "XMLHttpRequest" module restored! XMLHttpRequest
[90m12:28:43:197[0m [34m[xhr:dispose][0m disposed of all subscriptions! 0
[90m12:28:43:197[0m [34m[xhr:dispose][0m destroyed the listener!
[90m12:28:43:197[0m [34m[fetch:dispose][0m disposing the interceptor...
[90m12:28:43:197[0m [34m[fetch:dispose][0m global symbol deleted: undefined
[90m12:28:43:197[0m [34m[fetch:dispose][0m disposing of 1 subscriptions...
[90m12:28:43:198[0m [34m[fetch:dispose][0m disposed of all subscriptions! 0
[90m12:28:43:198[0m [34m[fetch:dispose][0m destroyed the listener!
[90m12:28:43:198[0m [34m[websocket:dispose][0m disposing the interceptor...
[90m12:28:43:198[0m [34m[websocket:dispose][0m global symbol deleted: undefined
[90m12:28:43:198[0m [34m[websocket:dispose][0m disposing of 1 subscriptions...
[90m12:28:43:198[0m [34m[websocket:dispose][0m disposed of all subscriptions! 0
[90m12:28:43:199[0m [34m[websocket:dispose][0m destroyed the listener!
[90m12:28:43:199[0m [34m[interceptor-source:dispose][0m disposed of all subscriptions! 0
[90m12:28:43:199[0m [34m[interceptor-source:dispose][0m destroyed the listener!
[90m12:28:43:231[0m [34m[interceptor-source:dispose][0m disposing the interceptor...
[90m12:28:43:231[0m [34m[interceptor-source:dispose][0m global symbol deleted: undefined
[90m12:28:43:231[0m [34m[interceptor-source:dispose][0m disposing of 4 subscriptions...
[90m12:28:43:231[0m [34m[client-request-interceptor:dispose][0m disposing the interceptor...
[90m12:28:43:232[0m [34m[client-request-interceptor:dispose][0m global symbol deleted: undefined
[90m12:28:43:232[0m [34m[client-request-interceptor:dispose][0m disposing of 1 subscriptions...
[90m12:28:43:232[0m [34m[client-request-interceptor:dispose][0m disposed of all subscriptions! 0
[90m12:28:43:232[0m [34m[client-request-interceptor:dispose][0m destroyed the listener!
[90m12:28:43:232[0m [34m[xhr:dispose][0m disposing the interceptor...
[90m12:28:43:232[0m [34m[xhr:dispose][0m global symbol deleted: undefined
[90m12:28:43:233[0m [34m[xhr:dispose][0m disposing of 1 subscriptions...
[90m12:28:43:233[0m [34m[xhr:setup][0m native "XMLHttpRequest" module restored! XMLHttpRequest
[90m12:28:43:233[0m [34m[xhr:dispose][0m disposed of all subscriptions! 0
[90m12:28:43:233[0m [34m[xhr:dispose][0m destroyed the listener!
[90m12:28:43:233[0m [34m[fetch:dispose][0m disposing the interceptor...
[90m12:28:43:233[0m [34m[fetch:dispose][0m global symbol deleted: undefined
[90m12:28:43:233[0m [34m[fetch:dispose][0m disposing of 1 subscriptions...
[90m12:28:43:233[0m [34m[fetch:dispose][0m disposed of all subscriptions! 0
[90m12:28:43:234[0m [34m[fetch:dispose][0m destroyed the listener!
[90m12:28:43:234[0m [34m[websocket:dispose][0m disposing the interceptor...
[90m12:28:43:234[0m [34m[websocket:dispose][0m global symbol deleted: undefined
[90m12:28:43:234[0m [34m[websocket:dispose][0m disposing of 1 subscriptions...
[90m12:28:43:234[0m [34m[websocket:dispose][0m disposed of all subscriptions! 0
[90m12:28:43:234[0m [34m[websocket:dispose][0m destroyed the listener!
[90m12:28:43:234[0m [34m[interceptor-source:dispose][0m disposed of all subscriptions! 0
[90m12:28:43:234[0m [34m[interceptor-source:dispose][0m destroyed the listener!
(node:17240) Warning: `--localstorage-file` was provided without a valid path
(Use `node --trace-warnings ...` to show where the warning was created)
(node:2244) Warning: `--localstorage-file` was provided without a valid path
(Use `node --trace-warnings ...` to show where the warning was created)
[90m12:28:44:71[0m [34m[interceptor-source:apply][0m applying the interceptor...
[90m12:28:44:88[0m [34m[interceptor-source:apply][0m no running instance found, setting up a new instance...
[90m12:28:44:89[0m [34m[interceptor-source:setup][0m applying all 4 interceptors...
[90m12:28:44:89[0m [34m[interceptor-source:setup][0m applying "ClientRequestInterceptor" interceptor...
[90m12:28:44:90[0m [34m[client-request-interceptor:apply][0m applying the interceptor...
[90m12:28:44:90[0m [34m[client-request-interceptor:apply][0m no running instance found, setting up a new instance...
[90m12:28:44:92[0m [34m[interceptor-source:setup][0m adding interceptor dispose subscription
[90m12:28:44:92[0m [34m[interceptor-source:setup][0m applying "XMLHttpRequestInterceptor" interceptor...
[90m12:28:44:92[0m [34m[xhr:apply][0m applying the interceptor...
[90m12:28:44:93[0m [34m[xhr:apply][0m no running instance found, setting up a new instance...
[90m12:28:44:93[0m [34m[xhr:setup][0m patching "XMLHttpRequest" module...
[90m12:28:44:94[0m [34m[xhr:setup][0m native "XMLHttpRequest" module patched! XMLHttpRequest
[90m12:28:44:94[0m [34m[interceptor-source:setup][0m adding interceptor dispose subscription
[90m12:28:44:94[0m [34m[interceptor-source:setup][0m applying "FetchInterceptor" interceptor...
[90m12:28:44:94[0m [34m[fetch:apply][0m applying the interceptor...
[90m12:28:44:94[0m [34m[fetch:apply][0m no running instance found, setting up a new instance...
[90m12:28:44:95[0m [34m[interceptor-source:setup][0m adding interceptor dispose subscription
[90m12:28:44:95[0m [34m[interceptor-source:setup][0m applying "WebSocketInterceptor" interceptor...
[90m12:28:44:96[0m [34m[websocket:apply][0m applying the interceptor...
[90m12:28:44:96[0m [34m[websocket:apply][0m no running instance found, setting up a new instance...
[90m12:28:44:97[0m [34m[interceptor-source:setup][0m adding interceptor dispose subscription
[90m12:28:44:97[0m [34m[client-request-interceptor:on][0m adding "request" event listener: function () { [native code] }
[90m12:28:44:98[0m [34m[xhr:on][0m adding "request" event listener: function () { [native code] }
[90m12:28:44:98[0m [34m[fetch:on][0m adding "request" event listener: function () { [native code] }
[90m12:28:44:98[0m [34m[websocket:on][0m adding "request" event listener: function () { [native code] }
[90m12:28:44:99[0m [34m[client-request-interceptor:on][0m adding "response" event listener: function () { [native code] }
[90m12:28:44:99[0m [34m[xhr:on][0m adding "response" event listener: function () { [native code] }
[90m12:28:44:99[0m [34m[fetch:on][0m adding "response" event listener: function () { [native code] }
[90m12:28:44:99[0m [34m[websocket:on][0m adding "response" event listener: function () { [native code] }
[90m12:28:44:99[0m [34m[client-request-interceptor:on][0m adding "connection" event listener: function () { [native code] }
[90m12:28:44:99[0m [34m[xhr:on][0m adding "connection" event listener: function () { [native code] }
[90m12:28:44:99[0m [34m[fetch:on][0m adding "connection" event listener: function () { [native code] }
[90m12:28:44:100[0m [34m[websocket:on][0m adding "connection" event listener: function () { [native code] }
[90m12:28:44:339[0m [34m[interceptor-source:dispose][0m disposing the interceptor...
[90m12:28:44:340[0m [34m[interceptor-source:dispose][0m global symbol deleted: undefined
[90m12:28:44:340[0m [34m[interceptor-source:dispose][0m disposing of 4 subscriptions...
[90m12:28:44:340[0m [34m[client-request-interceptor:dispose][0m disposing the interceptor...
[90m12:28:44:340[0m [34m[client-request-interceptor:dispose][0m global symbol deleted: undefined
[90m12:28:44:340[0m [34m[client-request-interceptor:dispose][0m disposing of 1 subscriptions...
[90m12:28:44:341[0m [34m[client-request-interceptor:dispose][0m disposed of all subscriptions! 0
[90m12:28:44:341[0m [34m[client-request-interceptor:dispose][0m destroyed the listener!
[90m12:28:44:341[0m [34m[xhr:dispose][0m disposing the interceptor...
[90m12:28:44:341[0m [34m[xhr:dispose][0m global symbol deleted: undefined
[90m12:28:44:341[0m [34m[xhr:dispose][0m disposing of 1 subscriptions...
[90m12:28:44:341[0m [34m[xhr:setup][0m native "XMLHttpRequest" module restored! XMLHttpRequest
[90m12:28:44:341[0m [34m[xhr:dispose][0m disposed of all subscriptions! 0
[90m12:28:44:342[0m [34m[xhr:dispose][0m destroyed the listener!
[90m12:28:44:342[0m [34m[fetch:dispose][0m disposing the interceptor...
[90m12:28:44:342[0m [34m[fetch:dispose][0m global symbol deleted: undefined
[90m12:28:44:342[0m [34m[fetch:dispose][0m disposing of 1 subscriptions...
[90m12:28:44:342[0m [34m[fetch:dispose][0m disposed of all subscriptions! 0
[90m12:28:44:342[0m [34m[fetch:dispose][0m destroyed the listener!
[90m12:28:44:342[0m [34m[websocket:dispose][0m disposing the interceptor...
[90m12:28:44:343[0m [34m[websocket:dispose][0m global symbol deleted: undefined
[90m12:28:44:343[0m [34m[websocket:dispose][0m disposing of 1 subscriptions...
[90m12:28:44:343[0m [34m[websocket:dispose][0m disposed of all subscriptions! 0
[90m12:28:44:343[0m [34m[websocket:dispose][0m destroyed the listener!
[90m12:28:44:343[0m [34m[interceptor-source:dispose][0m disposed of all subscriptions! 0
[90m12:28:44:343[0m [34m[interceptor-source:dispose][0m destroyed the listener!
[90m12:28:44:567[0m [34m[interceptor-source:apply][0m applying the interceptor...
[90m12:28:44:628[0m [34m[interceptor-source:apply][0m no running instance found, setting up a new instance...
[90m12:28:44:629[0m [34m[interceptor-source:setup][0m applying all 4 interceptors...
[90m12:28:44:629[0m [34m[interceptor-source:setup][0m applying "ClientRequestInterceptor" interceptor...
[90m12:28:44:629[0m [34m[client-request-interceptor:apply][0m applying the interceptor...
[90m12:28:44:630[0m [34m[client-request-interceptor:apply][0m no running instance found, setting up a new instance...
[90m12:28:44:631[0m [34m[interceptor-source:setup][0m adding interceptor dispose subscription
[90m12:28:44:631[0m [34m[interceptor-source:setup][0m applying "XMLHttpRequestInterceptor" interceptor...
[90m12:28:44:631[0m [34m[xhr:apply][0m applying the interceptor...
[90m12:28:44:631[0m [34m[xhr:apply][0m no running instance found, setting up a new instance...
[90m12:28:44:632[0m [34m[xhr:setup][0m patching "XMLHttpRequest" module...
[90m12:28:44:632[0m [34m[xhr:setup][0m native "XMLHttpRequest" module patched! XMLHttpRequest
[90m12:28:44:632[0m [34m[interceptor-source:setup][0m adding interceptor dispose subscription
[90m12:28:44:633[0m [34m[interceptor-source:setup][0m applying "FetchInterceptor" interceptor...
[90m12:28:44:633[0m [34m[fetch:apply][0m applying the interceptor...
[90m12:28:44:633[0m [34m[fetch:apply][0m no running instance found, setting up a new instance...
[90m12:28:44:633[0m [34m[interceptor-source:setup][0m adding interceptor dispose subscription
[90m12:28:44:633[0m [34m[interceptor-source:setup][0m applying "WebSocketInterceptor" interceptor...
[90m12:28:44:634[0m [34m[websocket:apply][0m applying the interceptor...
[90m12:28:44:634[0m [34m[websocket:apply][0m no running instance found, setting up a new instance...
[90m12:28:44:635[0m [34m[interceptor-source:setup][0m adding interceptor dispose subscription
[90m12:28:44:635[0m [34m[client-request-interceptor:on][0m adding "request" event listener: function () { [native code] }
[90m12:28:44:636[0m [34m[xhr:on][0m adding "request" event listener: function () { [native code] }
[90m12:28:44:636[0m [34m[fetch:on][0m adding "request" event listener: function () { [native code] }
[90m12:28:44:636[0m [34m[websocket:on][0m adding "request" event listener: function () { [native code] }
[90m12:28:44:636[0m [34m[client-request-interceptor:on][0m adding "response" event listener: function () { [native code] }
[90m12:28:44:636[0m [34m[xhr:on][0m adding "response" event listener: function () { [native code] }
[90m12:28:44:636[0m [34m[fetch:on][0m adding "response" event listener: function () { [native code] }
[90m12:28:44:636[0m [34m[websocket:on][0m adding "response" event listener: function () { [native code] }
[90m12:28:44:637[0m [34m[client-request-interceptor:on][0m adding "connection" event listener: function () { [native code] }
[90m12:28:44:637[0m [34m[xhr:on][0m adding "connection" event listener: function () { [native code] }
[90m12:28:44:637[0m [34m[fetch:on][0m adding "connection" event listener: function () { [native code] }
[90m12:28:44:637[0m [34m[websocket:on][0m adding "connection" event listener: function () { [native code] }
(node:18040) Warning: `--localstorage-file` was provided without a valid path
(Use `node --trace-warnings ...` to show where the warning was created)
[90m12:28:44:788[0m [34m[interceptor-source:dispose][0m disposing the interceptor...
[90m12:28:44:788[0m [34m[interceptor-source:dispose][0m global symbol deleted: undefined
[90m12:28:44:788[0m [34m[interceptor-source:dispose][0m disposing of 4 subscriptions...
[90m12:28:44:789[0m [34m[client-request-interceptor:dispose][0m disposing the interceptor...
[90m12:28:44:789[0m [34m[client-request-interceptor:dispose][0m global symbol deleted: undefined
[90m12:28:44:789[0m [34m[client-request-interceptor:dispose][0m disposing of 1 subscriptions...
[90m12:28:44:789[0m [34m[client-request-interceptor:dispose][0m disposed of all subscriptions! 0
[90m12:28:44:789[0m [34m[client-request-interceptor:dispose][0m destroyed the listener!
[90m12:28:44:789[0m [34m[xhr:dispose][0m disposing the interceptor...
[90m12:28:44:790[0m [34m[xhr:dispose][0m global symbol deleted: undefined
[90m12:28:44:790[0m [34m[xhr:dispose][0m disposing of 1 subscriptions...
[90m12:28:44:790[0m [34m[xhr:setup][0m native "XMLHttpRequest" module restored! XMLHttpRequest
[90m12:28:44:790[0m [34m[xhr:dispose][0m disposed of all subscriptions! 0
[90m12:28:44:790[0m [34m[xhr:dispose][0m destroyed the listener!
[90m12:28:44:790[0m [34m[fetch:dispose][0m disposing the interceptor...
[90m12:28:44:790[0m [34m[fetch:dispose][0m global symbol deleted: undefined
[90m12:28:44:790[0m [34m[fetch:dispose][0m disposing of 1 subscriptions...
[90m12:28:44:790[0m [34m[fetch:dispose][0m disposed of all subscriptions! 0
[90m12:28:44:791[0m [34m[fetch:dispose][0m destroyed the listener!
[90m12:28:44:791[0m [34m[websocket:dispose][0m disposing the interceptor...
[90m12:28:44:791[0m [34m[websocket:dispose][0m global symbol deleted: undefined
[90m12:28:44:791[0m [34m[websocket:dispose][0m disposing of 1 subscriptions...
[90m12:28:44:791[0m [34m[websocket:dispose][0m disposed of all subscriptions! 0
[90m12:28:44:791[0m [34m[websocket:dispose][0m destroyed the listener!
[90m12:28:44:791[0m [34m[interceptor-source:dispose][0m disposed of all subscriptions! 0
[90m12:28:44:792[0m [34m[interceptor-source:dispose][0m destroyed the listener!
[90m12:28:44:993[0m [34m[interceptor-source:apply][0m applying the interceptor...
[90m12:28:45:69[0m [34m[interceptor-source:apply][0m no running instance found, setting up a new instance...
[90m12:28:45:69[0m [34m[interceptor-source:setup][0m applying all 4 interceptors...
[90m12:28:45:70[0m [34m[interceptor-source:setup][0m applying "ClientRequestInterceptor" interceptor...
[90m12:28:45:70[0m [34m[client-request-interceptor:apply][0m applying the interceptor...
[90m12:28:45:72[0m [34m[client-request-interceptor:apply][0m no running instance found, setting up a new instance...
[90m12:28:45:74[0m [34m[interceptor-source:setup][0m adding interceptor dispose subscription
[90m12:28:45:99[0m [34m[interceptor-source:setup][0m applying "XMLHttpRequestInterceptor" interceptor...
[90m12:28:45:101[0m [34m[xhr:apply][0m applying the interceptor...
[90m12:28:45:102[0m [34m[xhr:apply][0m no running instance found, setting up a new instance...
[90m12:28:45:103[0m [34m[xhr:setup][0m patching "XMLHttpRequest" module...
[90m12:28:45:103[0m [34m[xhr:setup][0m native "XMLHttpRequest" module patched! XMLHttpRequest
[90m12:28:45:103[0m [34m[interceptor-source:setup][0m adding interceptor dispose subscription
[90m12:28:45:104[0m [34m[interceptor-source:setup][0m applying "FetchInterceptor" interceptor...
[90m12:28:45:104[0m [34m[fetch:apply][0m applying the interceptor...
[90m12:28:45:104[0m [34m[fetch:apply][0m no running instance found, setting up a new instance...
[90m12:28:45:105[0m [34m[interceptor-source:setup][0m adding interceptor dispose subscription
[90m12:28:45:105[0m [34m[interceptor-source:setup][0m applying "WebSocketInterceptor" interceptor...
[90m12:28:45:105[0m [34m[websocket:apply][0m applying the interceptor...
[90m12:28:45:105[0m [34m[websocket:apply][0m no running instance found, setting up a new instance...
[90m12:28:45:106[0m [34m[interceptor-source:setup][0m adding interceptor dispose subscription
[90m12:28:45:107[0m [34m[client-request-interceptor:on][0m adding "request" event listener: function () { [native code] }
[90m12:28:45:107[0m [34m[xhr:on][0m adding "request" event listener: function () { [native code] }
[90m12:28:45:107[0m [34m[fetch:on][0m adding "request" event listener: function () { [native code] }
[90m12:28:45:108[0m [34m[websocket:on][0m adding "request" event listener: function () { [native code] }
[90m12:28:45:108[0m [34m[client-request-interceptor:on][0m adding "response" event listener: function () { [native code] }
[90m12:28:45:122[0m [34m[xhr:on][0m adding "response" event listener: function () { [native code] }
[90m12:28:45:123[0m [34m[fetch:on][0m adding "response" event listener: function () { [native code] }
[90m12:28:45:123[0m [34m[websocket:on][0m adding "response" event listener: function () { [native code] }
[90m12:28:45:151[0m [34m[client-request-interceptor:on][0m adding "connection" event listener: function () { [native code] }
[90m12:28:45:151[0m [34m[xhr:on][0m adding "connection" event listener: function () { [native code] }
[90m12:28:45:151[0m [34m[fetch:on][0m adding "connection" event listener: function () { [native code] }
[90m12:28:45:151[0m [34m[websocket:on][0m adding "connection" event listener: function () { [native code] }
[90m12:28:45:182[0m [34m[interceptor-source:dispose][0m disposing the interceptor...
[90m12:28:45:182[0m [34m[interceptor-source:dispose][0m global symbol deleted: undefined
[90m12:28:45:183[0m [34m[interceptor-source:dispose][0m disposing of 4 subscriptions...
[90m12:28:45:183[0m [34m[client-request-interceptor:dispose][0m disposing the interceptor...
[90m12:28:45:183[0m [34m[client-request-interceptor:dispose][0m global symbol deleted: undefined
[90m12:28:45:184[0m [34m[client-request-interceptor:dispose][0m disposing of 1 subscriptions...
[90m12:28:45:184[0m [34m[client-request-interceptor:dispose][0m disposed of all subscriptions! 0
[90m12:28:45:185[0m [34m[client-request-interceptor:dispose][0m destroyed the listener!
[90m12:28:45:185[0m [34m[xhr:dispose][0m disposing the interceptor...
[90m12:28:45:185[0m [34m[xhr:dispose][0m global symbol deleted: undefined
[90m12:28:45:186[0m [34m[xhr:dispose][0m disposing of 1 subscriptions...
[90m12:28:45:186[0m [34m[xhr:setup][0m native "XMLHttpRequest" module restored! XMLHttpRequest
[90m12:28:45:186[0m [34m[xhr:dispose][0m disposed of all subscriptions! 0
[90m12:28:45:186[0m [34m[xhr:dispose][0m destroyed the listener!
[90m12:28:45:186[0m [34m[fetch:dispose][0m disposing the interceptor...
[90m12:28:45:186[0m [34m[fetch:dispose][0m global symbol deleted: undefined
[90m12:28:45:187[0m [34m[fetch:dispose][0m disposing of 1 subscriptions...
[90m12:28:45:187[0m [34m[fetch:dispose][0m disposed of all subscriptions! 0
[90m12:28:45:187[0m [34m[fetch:dispose][0m destroyed the listener!
[90m12:28:45:187[0m [34m[websocket:dispose][0m disposing the interceptor...
[90m12:28:45:188[0m [34m[websocket:dispose][0m global symbol deleted: undefined
[90m12:28:45:188[0m [34m[websocket:dispose][0m disposing of 1 subscriptions...
[90m12:28:45:188[0m [34m[websocket:dispose][0m disposed of all subscriptions! 0
[90m12:28:45:188[0m [34m[websocket:dispose][0m destroyed the listener!
[90m12:28:45:188[0m [34m[interceptor-source:dispose][0m disposed of all subscriptions! 0
[90m12:28:45:188[0m [34m[interceptor-source:dispose][0m destroyed the listener!
[90m12:28:45:499[0m [34m[interceptor-source:apply][0m applying the interceptor...
[90m12:28:45:563[0m [34m[interceptor-source:apply][0m no running instance found, setting up a new instance...
[90m12:28:45:563[0m [34m[interceptor-source:setup][0m applying all 4 interceptors...
[90m12:28:45:564[0m [34m[interceptor-source:setup][0m applying "ClientRequestInterceptor" interceptor...
[90m12:28:45:565[0m [34m[client-request-interceptor:apply][0m applying the interceptor...
[90m12:28:45:565[0m [34m[client-request-interceptor:apply][0m no running instance found, setting up a new instance...
[90m12:28:45:566[0m [34m[interceptor-source:setup][0m adding interceptor dispose subscription
[90m12:28:45:566[0m [34m[interceptor-source:setup][0m applying "XMLHttpRequestInterceptor" interceptor...
[90m12:28:45:566[0m [34m[xhr:apply][0m applying the interceptor...
[90m12:28:45:567[0m [34m[xhr:apply][0m no running instance found, setting up a new instance...
[90m12:28:45:567[0m [34m[xhr:setup][0m patching "XMLHttpRequest" module...
[90m12:28:45:568[0m [34m[xhr:setup][0m native "XMLHttpRequest" module patched! XMLHttpRequest
[90m12:28:45:568[0m [34m[interceptor-source:setup][0m adding interceptor dispose subscription
[90m12:28:45:568[0m [34m[interceptor-source:setup][0m applying "FetchInterceptor" interceptor...
[90m12:28:45:569[0m [34m[fetch:apply][0m applying the interceptor...
[90m12:28:45:569[0m [34m[fetch:apply][0m no running instance found, setting up a new instance...
[90m12:28:45:569[0m [34m[interceptor-source:setup][0m adding interceptor dispose subscription
[90m12:28:45:569[0m [34m[interceptor-source:setup][0m applying "WebSocketInterceptor" interceptor...
[90m12:28:45:570[0m [34m[websocket:apply][0m applying the interceptor...
[90m12:28:45:570[0m [34m[websocket:apply][0m no running instance found, setting up a new instance...
[90m12:28:45:571[0m [34m[interceptor-source:setup][0m adding interceptor dispose subscription
[90m12:28:45:573[0m [34m[client-request-interceptor:on][0m adding "request" event listener: function () { [native code] }
[90m12:28:45:573[0m [34m[xhr:on][0m adding "request" event listener: function () { [native code] }
[90m12:28:45:574[0m [34m[fetch:on][0m adding "request" event listener: function () { [native code] }
[90m12:28:45:574[0m [34m[websocket:on][0m adding "request" event listener: function () { [native code] }
[90m12:28:45:574[0m [34m[client-request-interceptor:on][0m adding "response" event listener: function () { [native code] }
[90m12:28:45:574[0m [34m[xhr:on][0m adding "response" event listener: function () { [native code] }
[90m12:28:45:574[0m [34m[fetch:on][0m adding "response" event listener: function () { [native code] }
[90m12:28:45:575[0m [34m[websocket:on][0m adding "response" event listener: function () { [native code] }
[90m12:28:45:575[0m [34m[client-request-interceptor:on][0m adding "connection" event listener: function () { [native code] }
[90m12:28:45:575[0m [34m[xhr:on][0m adding "connection" event listener: function () { [native code] }
[90m12:28:45:575[0m [34m[fetch:on][0m adding "connection" event listener: function () { [native code] }
[90m12:28:45:575[0m [34m[websocket:on][0m adding "connection" event listener: function () { [native code] }
[90m12:28:45:712[0m [34m[interceptor-source:dispose][0m disposing the interceptor...
[90m12:28:45:712[0m [34m[interceptor-source:dispose][0m global symbol deleted: undefined
[90m12:28:45:712[0m [34m[interceptor-source:dispose][0m disposing of 4 subscriptions...
[90m12:28:45:713[0m [34m[client-request-interceptor:dispose][0m disposing the interceptor...
[90m12:28:45:713[0m [34m[client-request-interceptor:dispose][0m global symbol deleted: undefined
[90m12:28:45:713[0m [34m[client-request-interceptor:dispose][0m disposing of 1 subscriptions...
[90m12:28:45:713[0m [34m[client-request-interceptor:dispose][0m disposed of all subscriptions! 0
[90m12:28:45:713[0m [34m[client-request-interceptor:dispose][0m destroyed the listener!
[90m12:28:45:713[0m [34m[xhr:dispose][0m disposing the interceptor...
[90m12:28:45:714[0m [34m[xhr:dispose][0m global symbol deleted: undefined
[90m12:28:45:714[0m [34m[xhr:dispose][0m disposing of 1 subscriptions...
[90m12:28:45:714[0m [34m[xhr:setup][0m native "XMLHttpRequest" module restored! XMLHttpRequest
[90m12:28:45:714[0m [34m[xhr:dispose][0m disposed of all subscriptions! 0
[90m12:28:45:714[0m [34m[xhr:dispose][0m destroyed the listener!
[90m12:28:45:714[0m [34m[fetch:dispose][0m disposing the interceptor...
[90m12:28:45:714[0m [34m[fetch:dispose][0m global symbol deleted: undefined
[90m12:28:45:714[0m [34m[fetch:dispose][0m disposing of 1 subscriptions...
[90m12:28:45:715[0m [34m[fetch:dispose][0m disposed of all subscriptions! 0
[90m12:28:45:715[0m [34m[fetch:dispose][0m destroyed the listener!
[90m12:28:45:715[0m [34m[websocket:dispose][0m disposing the interceptor...
[90m12:28:45:715[0m [34m[websocket:dispose][0m global symbol deleted: undefined
[90m12:28:45:715[0m [34m[websocket:dispose][0m disposing of 1 subscriptions...
[90m12:28:45:715[0m [34m[websocket:dispose][0m disposed of all subscriptions! 0
[90m12:28:45:715[0m [34m[websocket:dispose][0m destroyed the listener!
[90m12:28:45:716[0m [34m[interceptor-source:dispose][0m disposed of all subscriptions! 0
[90m12:28:45:716[0m [34m[interceptor-source:dispose][0m destroyed the listener!
(node:3164) Warning: `--localstorage-file` was provided without a valid path
(Use `node --trace-warnings ...` to show where the warning was created)
(node:3232) Warning: `--localstorage-file` was provided without a valid path
(Use `node --trace-warnings ...` to show where the warning was created)
(node:6344) Warning: `--localstorage-file` was provided without a valid path
(Use `node --trace-warnings ...` to show where the warning was created)
(node:16024) Warning: `--localstorage-file` was provided without a valid path
(Use `node --trace-warnings ...` to show where the warning was created)
[90m12:28:47:774[0m [34m[interceptor-source:apply][0m applying the interceptor...
[90m12:28:47:835[0m [34m[interceptor-source:apply][0m no running instance found, setting up a new instance...
[90m12:28:47:836[0m [34m[interceptor-source:setup][0m applying all 4 interceptors...
[90m12:28:47:836[0m [34m[interceptor-source:setup][0m applying "ClientRequestInterceptor" interceptor...
[90m12:28:47:836[0m [34m[client-request-interceptor:apply][0m applying the interceptor...
[90m12:28:47:836[0m [34m[client-request-interceptor:apply][0m no running instance found, setting up a new instance...
[90m12:28:47:837[0m [34m[interceptor-source:setup][0m adding interceptor dispose subscription
[90m12:28:47:837[0m [34m[interceptor-source:setup][0m applying "XMLHttpRequestInterceptor" interceptor...
[90m12:28:47:838[0m [34m[xhr:apply][0m applying the interceptor...
[90m12:28:47:838[0m [34m[xhr:apply][0m no running instance found, setting up a new instance...
[90m12:28:47:838[0m [34m[xhr:setup][0m patching "XMLHttpRequest" module...
[90m12:28:47:839[0m [34m[xhr:setup][0m native "XMLHttpRequest" module patched! XMLHttpRequest
[90m12:28:47:839[0m [34m[interceptor-source:setup][0m adding interceptor dispose subscription
[90m12:28:47:840[0m [34m[interceptor-source:setup][0m applying "FetchInterceptor" interceptor...
[90m12:28:47:840[0m [34m[fetch:apply][0m applying the interceptor...
[90m12:28:47:840[0m [34m[fetch:apply][0m no running instance found, setting up a new instance...
[90m12:28:47:841[0m [34m[interceptor-source:setup][0m adding interceptor dispose subscription
[90m12:28:47:841[0m [34m[interceptor-source:setup][0m applying "WebSocketInterceptor" interceptor...
[90m12:28:47:842[0m [34m[websocket:apply][0m applying the interceptor...
[90m12:28:47:842[0m [34m[websocket:apply][0m no running instance found, setting up a new instance...
[90m12:28:47:842[0m [34m[interceptor-source:setup][0m adding interceptor dispose subscription
[90m12:28:47:843[0m [34m[client-request-interceptor:on][0m adding "request" event listener: function () { [native code] }
[90m12:28:47:843[0m [34m[xhr:on][0m adding "request" event listener: function () { [native code] }
[90m12:28:47:843[0m [34m[fetch:on][0m adding "request" event listener: function () { [native code] }
[90m12:28:47:844[0m [34m[websocket:on][0m adding "request" event listener: function () { [native code] }
[90m12:28:47:844[0m [34m[client-request-interceptor:on][0m adding "response" event listener: function () { [native code] }
[90m12:28:47:844[0m [34m[xhr:on][0m adding "response" event listener: function () { [native code] }
[90m12:28:47:844[0m [34m[fetch:on][0m adding "response" event listener: function () { [native code] }
[90m12:28:47:844[0m [34m[websocket:on][0m adding "response" event listener: function () { [native code] }
[90m12:28:47:844[0m [34m[client-request-interceptor:on][0m adding "connection" event listener: function () { [native code] }
[90m12:28:47:844[0m [34m[xhr:on][0m adding "connection" event listener: function () { [native code] }
[90m12:28:47:844[0m [34m[fetch:on][0m adding "connection" event listener: function () { [native code] }
[90m12:28:47:844[0m [34m[websocket:on][0m adding "connection" event listener: function () { [native code] }
(node:3556) Warning: `--localstorage-file` was provided without a valid path
(Use `node --trace-warnings ...` to show where the warning was created)
[90m12:28:47:889[0m [34m[interceptor-source:apply][0m applying the interceptor...
[90m12:28:47:954[0m [34m[interceptor-source:apply][0m no running instance found, setting up a new instance...
[90m12:28:47:955[0m [34m[interceptor-source:setup][0m applying all 4 interceptors...
[90m12:28:47:955[0m [34m[interceptor-source:setup][0m applying "ClientRequestInterceptor" interceptor...
[90m12:28:47:955[0m [34m[client-request-interceptor:apply][0m applying the interceptor...
[90m12:28:47:956[0m [34m[client-request-interceptor:apply][0m no running instance found, setting up a new instance...
[90m12:28:47:957[0m [34m[interceptor-source:setup][0m adding interceptor dispose subscription
[90m12:28:47:957[0m [34m[interceptor-source:setup][0m applying "XMLHttpRequestInterceptor" interceptor...
[90m12:28:47:957[0m [34m[xhr:apply][0m applying the interceptor...
[90m12:28:47:958[0m [34m[xhr:apply][0m no running instance found, setting up a new instance...
[90m12:28:47:958[0m [34m[xhr:setup][0m patching "XMLHttpRequest" module...
[90m12:28:47:958[0m [34m[xhr:setup][0m native "XMLHttpRequest" module patched! XMLHttpRequest
[90m12:28:47:959[0m [34m[interceptor-source:setup][0m adding interceptor dispose subscription
[90m12:28:47:959[0m [34m[interceptor-source:setup][0m applying "FetchInterceptor" interceptor...
[90m12:28:47:959[0m [34m[fetch:apply][0m applying the interceptor...
[90m12:28:47:959[0m [34m[fetch:apply][0m no running instance found, setting up a new instance...
[90m12:28:47:959[0m [34m[interceptor-source:setup][0m adding interceptor dispose subscription
[90m12:28:47:960[0m [34m[interceptor-source:setup][0m applying "WebSocketInterceptor" interceptor...
[90m12:28:47:960[0m [34m[websocket:apply][0m applying the interceptor...
[90m12:28:47:960[0m [34m[websocket:apply][0m no running instance found, setting up a new instance...
[90m12:28:47:961[0m [34m[interceptor-source:setup][0m adding interceptor dispose subscription
[90m12:28:47:962[0m [34m[client-request-interceptor:on][0m adding "request" event listener: function () { [native code] }
[90m12:28:47:962[0m [34m[xhr:on][0m adding "request" event listener: function () { [native code] }
[90m12:28:47:962[0m [34m[fetch:on][0m adding "request" event listener: function () { [native code] }
[90m12:28:47:963[0m [34m[websocket:on][0m adding "request" event listener: function () { [native code] }
[90m12:28:47:963[0m [34m[client-request-interceptor:on][0m adding "response" event listener: function () { [native code] }
[90m12:28:47:963[0m [34m[xhr:on][0m adding "response" event listener: function () { [native code] }
[90m12:28:47:964[0m [34m[fetch:on][0m adding "response" event listener: function () { [native code] }
[90m12:28:47:964[0m [34m[websocket:on][0m adding "response" event listener: function () { [native code] }
[90m12:28:47:964[0m [34m[client-request-interceptor:on][0m adding "connection" event listener: function () { [native code] }
[90m12:28:47:964[0m [34m[xhr:on][0m adding "connection" event listener: function () { [native code] }
[90m12:28:47:964[0m [34m[fetch:on][0m adding "connection" event listener: function () { [native code] }
[90m12:28:47:965[0m [34m[websocket:on][0m adding "connection" event listener: function () { [native code] }
[90m12:28:48:12[0m [34m[interceptor-source:dispose][0m disposing the interceptor...
[90m12:28:48:13[0m [34m[interceptor-source:dispose][0m global symbol deleted: undefined
[90m12:28:48:13[0m [34m[interceptor-source:dispose][0m disposing of 4 subscriptions...
[90m12:28:48:13[0m [34m[client-request-interceptor:dispose][0m disposing the interceptor...
[90m12:28:48:13[0m [34m[client-request-interceptor:dispose][0m global symbol deleted: undefined
[90m12:28:48:13[0m [34m[client-request-interceptor:dispose][0m disposing of 1 subscriptions...
[90m12:28:48:13[0m [34m[client-request-interceptor:dispose][0m disposed of all subscriptions! 0
[90m12:28:48:14[0m [34m[client-request-interceptor:dispose][0m destroyed the listener!
[90m12:28:48:14[0m [34m[xhr:dispose][0m disposing the interceptor...
[90m12:28:48:14[0m [34m[xhr:dispose][0m global symbol deleted: undefined
[90m12:28:48:14[0m [34m[xhr:dispose][0m disposing of 1 subscriptions...
[90m12:28:48:14[0m [34m[xhr:setup][0m native "XMLHttpRequest" module restored! XMLHttpRequest
[90m12:28:48:14[0m [34m[xhr:dispose][0m disposed of all subscriptions! 0
[90m12:28:48:14[0m [34m[xhr:dispose][0m destroyed the listener!
[90m12:28:48:15[0m [34m[fetch:dispose][0m disposing the interceptor...
[90m12:28:48:15[0m [34m[fetch:dispose][0m global symbol deleted: undefined
[90m12:28:48:15[0m [34m[fetch:dispose][0m disposing of 1 subscriptions...
[90m12:28:48:15[0m [34m[fetch:dispose][0m disposed of all subscriptions! 0
[90m12:28:48:15[0m [34m[fetch:dispose][0m destroyed the listener!
[90m12:28:48:15[0m [34m[websocket:dispose][0m disposing the interceptor...
[90m12:28:48:16[0m [34m[websocket:dispose][0m global symbol deleted: undefined
[90m12:28:48:16[0m [34m[websocket:dispose][0m disposing of 1 subscriptions...
[90m12:28:48:16[0m [34m[websocket:dispose][0m disposed of all subscriptions! 0
[90m12:28:48:16[0m [34m[websocket:dispose][0m destroyed the listener!
[90m12:28:48:16[0m [34m[interceptor-source:dispose][0m disposed of all subscriptions! 0
[90m12:28:48:16[0m [34m[interceptor-source:dispose][0m destroyed the listener!
[90m12:28:48:118[0m [34m[interceptor-source:dispose][0m disposing the interceptor...
[90m12:28:48:118[0m [34m[interceptor-source:dispose][0m global symbol deleted: undefined
[90m12:28:48:118[0m [34m[interceptor-source:dispose][0m disposing of 4 subscriptions...
[90m12:28:48:118[0m [34m[client-request-interceptor:dispose][0m disposing the interceptor...
[90m12:28:48:118[0m [34m[client-request-interceptor:dispose][0m global symbol deleted: undefined
[90m12:28:48:119[0m [34m[client-request-interceptor:dispose][0m disposing of 1 subscriptions...
[90m12:28:48:119[0m [34m[client-request-interceptor:dispose][0m disposed of all subscriptions! 0
[90m12:28:48:119[0m [34m[client-request-interceptor:dispose][0m destroyed the listener!
[90m12:28:48:119[0m [34m[xhr:dispose][0m disposing the interceptor...
[90m12:28:48:119[0m [34m[xhr:dispose][0m global symbol deleted: undefined
[90m12:28:48:119[0m [34m[xhr:dispose][0m disposing of 1 subscriptions...
[90m12:28:48:120[0m [34m[xhr:setup][0m native "XMLHttpRequest" module restored! XMLHttpRequest
[90m12:28:48:120[0m [34m[xhr:dispose][0m disposed of all subscriptions! 0
[90m12:28:48:120[0m [34m[xhr:dispose][0m destroyed the listener!
[90m12:28:48:120[0m [34m[fetch:dispose][0m disposing the interceptor...
[90m12:28:48:120[0m [34m[fetch:dispose][0m global symbol deleted: undefined
[90m12:28:48:120[0m [34m[fetch:dispose][0m disposing of 1 subscriptions...
[90m12:28:48:120[0m [34m[fetch:dispose][0m disposed of all subscriptions! 0
[90m12:28:48:120[0m [34m[fetch:dispose][0m destroyed the listener!
[90m12:28:48:120[0m [34m[websocket:dispose][0m disposing the interceptor...
[90m12:28:48:120[0m [34m[websocket:dispose][0m global symbol deleted: undefined
[90m12:28:48:121[0m [34m[websocket:dispose][0m disposing of 1 subscriptions...
[90m12:28:48:121[0m [34m[websocket:dispose][0m disposed of all subscriptions! 0
[90m12:28:48:121[0m [34m[websocket:dispose][0m destroyed the listener!
[90m12:28:48:121[0m [34m[interceptor-source:dispose][0m disposed of all subscriptions! 0
[90m12:28:48:121[0m [34m[interceptor-source:dispose][0m destroyed the listener!
(node:14252) Warning: `--localstorage-file` was provided without a valid path
(Use `node --trace-warnings ...` to show where the warning was created)
[90m12:28:48:432[0m [34m[interceptor-source:apply][0m applying the interceptor...
[90m12:28:48:502[0m [34m[interceptor-source:apply][0m no running instance found, setting up a new instance...
[90m12:28:48:503[0m [34m[interceptor-source:setup][0m applying all 4 interceptors...
[90m12:28:48:503[0m [34m[interceptor-source:setup][0m applying "ClientRequestInterceptor" interceptor...
[90m12:28:48:504[0m [34m[client-request-interceptor:apply][0m applying the interceptor...
[90m12:28:48:504[0m [34m[client-request-interceptor:apply][0m no running instance found, setting up a new instance...
[90m12:28:48:505[0m [34m[interceptor-source:setup][0m adding interceptor dispose subscription
[90m12:28:48:505[0m [34m[interceptor-source:setup][0m applying "XMLHttpRequestInterceptor" interceptor...
[90m12:28:48:505[0m [34m[xhr:apply][0m applying the interceptor...
[90m12:28:48:506[0m [34m[xhr:apply][0m no running instance found, setting up a new instance...
[90m12:28:48:507[0m [34m[xhr:setup][0m patching "XMLHttpRequest" module...
[90m12:28:48:507[0m [34m[xhr:setup][0m native "XMLHttpRequest" module patched! XMLHttpRequest
[90m12:28:48:508[0m [34m[interceptor-source:setup][0m adding interceptor dispose subscription
[90m12:28:48:508[0m [34m[interceptor-source:setup][0m applying "FetchInterceptor" interceptor...
[90m12:28:48:508[0m [34m[fetch:apply][0m applying the interceptor...
[90m12:28:48:508[0m [34m[fetch:apply][0m no running instance found, setting up a new instance...
[90m12:28:48:509[0m [34m[interceptor-source:setup][0m adding interceptor dispose subscription
[90m12:28:48:509[0m [34m[interceptor-source:setup][0m applying "WebSocketInterceptor" interceptor...
[90m12:28:48:509[0m [34m[websocket:apply][0m applying the interceptor...
[90m12:28:48:510[0m [34m[websocket:apply][0m no running instance found, setting up a new instance...
[90m12:28:48:511[0m [34m[interceptor-source:setup][0m adding interceptor dispose subscription
[90m12:28:48:511[0m [34m[client-request-interceptor:on][0m adding "request" event listener: function () { [native code] }
[90m12:28:48:512[0m [34m[xhr:on][0m adding "request" event listener: function () { [native code] }
[90m12:28:48:512[0m [34m[fetch:on][0m adding "request" event listener: function () { [native code] }
[90m12:28:48:512[0m [34m[websocket:on][0m adding "request" event listener: function () { [native code] }
[90m12:28:48:512[0m [34m[client-request-interceptor:on][0m adding "response" event listener: function () { [native code] }
[90m12:28:48:513[0m [34m[xhr:on][0m adding "response" event listener: function () { [native code] }
[90m12:28:48:513[0m [34m[fetch:on][0m adding "response" event listener: function () { [native code] }
[90m12:28:48:513[0m [34m[websocket:on][0m adding "response" event listener: function () { [native code] }
[90m12:28:48:513[0m [34m[client-request-interceptor:on][0m adding "connection" event listener: function () { [native code] }
[90m12:28:48:513[0m [34m[xhr:on][0m adding "connection" event listener: function () { [native code] }
[90m12:28:48:513[0m [34m[fetch:on][0m adding "connection" event listener: function () { [native code] }
[90m12:28:48:514[0m [34m[websocket:on][0m adding "connection" event listener: function () { [native code] }
[90m12:28:48:637[0m [34m[interceptor-source:dispose][0m disposing the interceptor...
[90m12:28:48:637[0m [34m[interceptor-source:dispose][0m global symbol deleted: undefined
[90m12:28:48:637[0m [34m[interceptor-source:dispose][0m disposing of 4 subscriptions...
[90m12:28:48:637[0m [34m[client-request-interceptor:dispose][0m disposing the interceptor...
[90m12:28:48:637[0m [34m[client-request-interceptor:dispose][0m global symbol deleted: undefined
[90m12:28:48:637[0m [34m[client-request-interceptor:dispose][0m disposing of 1 subscriptions...
[90m12:28:48:638[0m [34m[client-request-interceptor:dispose][0m disposed of all subscriptions! 0
[90m12:28:48:638[0m [34m[client-request-interceptor:dispose][0m destroyed the listener!
[90m12:28:48:638[0m [34m[xhr:dispose][0m disposing the interceptor...
[90m12:28:48:638[0m [34m[xhr:dispose][0m global symbol deleted: undefined
[90m12:28:48:638[0m [34m[xhr:dispose][0m disposing of 1 subscriptions...
[90m12:28:48:638[0m [34m[xhr:setup][0m native "XMLHttpRequest" module restored! XMLHttpRequest
[90m12:28:48:638[0m [34m[xhr:dispose][0m disposed of all subscriptions! 0
[90m12:28:48:639[0m [34m[xhr:dispose][0m destroyed the listener!
[90m12:28:48:639[0m [34m[fetch:dispose][0m disposing the interceptor...
[90m12:28:48:639[0m [34m[fetch:dispose][0m global symbol deleted: undefined
[90m12:28:48:639[0m [34m[fetch:dispose][0m disposing of 1 subscriptions...
[90m12:28:48:639[0m [34m[fetch:dispose][0m disposed of all subscriptions! 0
[90m12:28:48:639[0m [34m[fetch:dispose][0m destroyed the listener!
[90m12:28:48:639[0m [34m[websocket:dispose][0m disposing the interceptor...
[90m12:28:48:640[0m [34m[websocket:dispose][0m global symbol deleted: undefined
[90m12:28:48:640[0m [34m[websocket:dispose][0m disposing of 1 subscriptions...
[90m12:28:48:640[0m [34m[websocket:dispose][0m disposed of all subscriptions! 0
[90m12:28:48:640[0m [34m[websocket:dispose][0m destroyed the listener!
[90m12:28:48:640[0m [34m[interceptor-source:dispose][0m disposed of all subscriptions! 0
[90m12:28:48:640[0m [34m[interceptor-source:dispose][0m destroyed the listener!
(node:15504) Warning: `--localstorage-file` was provided without a valid path
(Use `node --trace-warnings ...` to show where the warning was created)
[90m12:28:49:342[0m [34m[interceptor-source:apply][0m applying the interceptor...
[90m12:28:49:357[0m [34m[interceptor-source:apply][0m no running instance found, setting up a new instance...
[90m12:28:49:357[0m [34m[interceptor-source:setup][0m applying all 4 interceptors...
[90m12:28:49:358[0m [34m[interceptor-source:setup][0m applying "ClientRequestInterceptor" interceptor...
[90m12:28:49:358[0m [34m[client-request-interceptor:apply][0m applying the interceptor...
[90m12:28:49:358[0m [34m[client-request-interceptor:apply][0m no running instance found, setting up a new instance...
[90m12:28:49:359[0m [34m[interceptor-source:setup][0m adding interceptor dispose subscription
[90m12:28:49:359[0m [34m[interceptor-source:setup][0m applying "XMLHttpRequestInterceptor" interceptor...
[90m12:28:49:360[0m [34m[xhr:apply][0m applying the interceptor...
[90m12:28:49:360[0m [34m[xhr:apply][0m no running instance found, setting up a new instance...
[90m12:28:49:360[0m [34m[xhr:setup][0m patching "XMLHttpRequest" module...
[90m12:28:49:361[0m [34m[xhr:setup][0m native "XMLHttpRequest" module patched! XMLHttpRequest
[90m12:28:49:361[0m [34m[interceptor-source:setup][0m adding interceptor dispose subscription
[90m12:28:49:361[0m [34m[interceptor-source:setup][0m applying "FetchInterceptor" interceptor...
[90m12:28:49:361[0m [34m[fetch:apply][0m applying the interceptor...
[90m12:28:49:361[0m [34m[fetch:apply][0m no running instance found, setting up a new instance...
[90m12:28:49:362[0m [34m[interceptor-source:setup][0m adding interceptor dispose subscription
[90m12:28:49:362[0m [34m[interceptor-source:setup][0m applying "WebSocketInterceptor" interceptor...
[90m12:28:49:362[0m [34m[websocket:apply][0m applying the interceptor...
[90m12:28:49:363[0m [34m[websocket:apply][0m no running instance found, setting up a new instance...
[90m12:28:49:363[0m [34m[interceptor-source:setup][0m adding interceptor dispose subscription
[90m12:28:49:364[0m [34m[client-request-interceptor:on][0m adding "request" event listener: function () { [native code] }
[90m12:28:49:365[0m [34m[xhr:on][0m adding "request" event listener: function () { [native code] }
[90m12:28:49:365[0m [34m[fetch:on][0m adding "request" event listener: function () { [native code] }
[90m12:28:49:365[0m [34m[websocket:on][0m adding "request" event listener: function () { [native code] }
[90m12:28:49:365[0m [34m[client-request-interceptor:on][0m adding "response" event listener: function () { [native code] }
[90m12:28:49:366[0m [34m[xhr:on][0m adding "response" event listener: function () { [native code] }
[90m12:28:49:366[0m [34m[fetch:on][0m adding "response" event listener: function () { [native code] }
[90m12:28:49:366[0m [34m[websocket:on][0m adding "response" event listener: function () { [native code] }
[90m12:28:49:366[0m [34m[client-request-interceptor:on][0m adding "connection" event listener: function () { [native code] }
[90m12:28:49:366[0m [34m[xhr:on][0m adding "connection" event listener: function () { [native code] }
[90m12:28:49:366[0m [34m[fetch:on][0m adding "connection" event listener: function () { [native code] }
[90m12:28:49:366[0m [34m[websocket:on][0m adding "connection" event listener: function () { [native code] }
[90m12:28:49:533[0m [34m[interceptor-source:dispose][0m disposing the interceptor...
[90m12:28:49:533[0m [34m[interceptor-source:dispose][0m global symbol deleted: undefined
[90m12:28:49:533[0m [34m[interceptor-source:dispose][0m disposing of 4 subscriptions...
[90m12:28:49:533[0m [34m[client-request-interceptor:dispose][0m disposing the interceptor...
[90m12:28:49:533[0m [34m[client-request-interceptor:dispose][0m global symbol deleted: undefined
[90m12:28:49:534[0m [34m[client-request-interceptor:dispose][0m disposing of 1 subscriptions...
[90m12:28:49:534[0m [34m[client-request-interceptor:dispose][0m disposed of all subscriptions! 0
[90m12:28:49:534[0m [34m[client-request-interceptor:dispose][0m destroyed the listener!
[90m12:28:49:534[0m [34m[xhr:dispose][0m disposing the interceptor...
[90m12:28:49:534[0m [34m[xhr:dispose][0m global symbol deleted: undefined
[90m12:28:49:534[0m [34m[xhr:dispose][0m disposing of 1 subscriptions...
[90m12:28:49:535[0m [34m[xhr:setup][0m native "XMLHttpRequest" module restored! XMLHttpRequest
[90m12:28:49:535[0m [34m[xhr:dispose][0m disposed of all subscriptions! 0
[90m12:28:49:535[0m [34m[xhr:dispose][0m destroyed the listener!
[90m12:28:49:535[0m [34m[fetch:dispose][0m disposing the interceptor...
[90m12:28:49:535[0m [34m[fetch:dispose][0m global symbol deleted: undefined
[90m12:28:49:535[0m [34m[fetch:dispose][0m disposing of 1 subscriptions...
[90m12:28:49:535[0m [34m[fetch:dispose][0m disposed of all subscriptions! 0
[90m12:28:49:535[0m [34m[fetch:dispose][0m destroyed the listener!
[90m12:28:49:536[0m [34m[websocket:dispose][0m disposing the interceptor...
[90m12:28:49:536[0m [34m[websocket:dispose][0m global symbol deleted: undefined
[90m12:28:49:536[0m [34m[websocket:dispose][0m disposing of 1 subscriptions...
[90m12:28:49:536[0m [34m[websocket:dispose][0m disposed of all subscriptions! 0
[90m12:28:49:536[0m [34m[websocket:dispose][0m destroyed the listener!
[90m12:28:49:536[0m [34m[interceptor-source:dispose][0m disposed of all subscriptions! 0
[90m12:28:49:536[0m [34m[interceptor-source:dispose][0m destroyed the listener!
[90m12:28:50:57[0m [34m[interceptor-source:apply][0m applying the interceptor...
[90m12:28:50:126[0m [34m[interceptor-source:apply][0m no running instance found, setting up a new instance...
[90m12:28:50:127[0m [34m[interceptor-source:setup][0m applying all 4 interceptors...
[90m12:28:50:127[0m [34m[interceptor-source:setup][0m applying "ClientRequestInterceptor" interceptor...
[90m12:28:50:128[0m [34m[client-request-interceptor:apply][0m applying the interceptor...
[90m12:28:50:128[0m [34m[client-request-interceptor:apply][0m no running instance found, setting up a new instance...
[90m12:28:50:129[0m [34m[interceptor-source:setup][0m adding interceptor dispose subscription
[90m12:28:50:130[0m [34m[interceptor-source:setup][0m applying "XMLHttpRequestInterceptor" interceptor...
[90m12:28:50:130[0m [34m[xhr:apply][0m applying the interceptor...
[90m12:28:50:130[0m [34m[xhr:apply][0m no running instance found, setting up a new instance...
[90m12:28:50:131[0m [34m[xhr:setup][0m patching "XMLHttpRequest" module...
[90m12:28:50:131[0m [34m[xhr:setup][0m native "XMLHttpRequest" module patched! XMLHttpRequest
[90m12:28:50:131[0m [34m[interceptor-source:setup][0m adding interceptor dispose subscription
[90m12:28:50:132[0m [34m[interceptor-source:setup][0m applying "FetchInterceptor" interceptor...
[90m12:28:50:132[0m [34m[fetch:apply][0m applying the interceptor...
[90m12:28:50:132[0m [34m[fetch:apply][0m no running instance found, setting up a new instance...
[90m12:28:50:132[0m [34m[interceptor-source:setup][0m adding interceptor dispose subscription
[90m12:28:50:133[0m [34m[interceptor-source:setup][0m applying "WebSocketInterceptor" interceptor...
[90m12:28:50:133[0m [34m[websocket:apply][0m applying the interceptor...
[90m12:28:50:133[0m [34m[websocket:apply][0m no running instance found, setting up a new instance...
[90m12:28:50:134[0m [34m[interceptor-source:setup][0m adding interceptor dispose subscription
[90m12:28:50:134[0m [34m[client-request-interceptor:on][0m adding "request" event listener: function () { [native code] }
[90m12:28:50:135[0m [34m[xhr:on][0m adding "request" event listener: function () { [native code] }
[90m12:28:50:135[0m [34m[fetch:on][0m adding "request" event listener: function () { [native code] }
[90m12:28:50:135[0m [34m[websocket:on][0m adding "request" event listener: function () { [native code] }
[90m12:28:50:136[0m [34m[client-request-interceptor:on][0m adding "response" event listener: function () { [native code] }
[90m12:28:50:136[0m [34m[xhr:on][0m adding "response" event listener: function () { [native code] }
[90m12:28:50:136[0m [34m[fetch:on][0m adding "response" event listener: function () { [native code] }
[90m12:28:50:136[0m [34m[websocket:on][0m adding "response" event listener: function () { [native code] }
[90m12:28:50:168[0m [34m[client-request-interceptor:on][0m adding "connection" event listener: function () { [native code] }
[90m12:28:50:169[0m [34m[xhr:on][0m adding "connection" event listener: function () { [native code] }
[90m12:28:50:169[0m [34m[fetch:on][0m adding "connection" event listener: function () { [native code] }
[90m12:28:50:169[0m [34m[websocket:on][0m adding "connection" event listener: function () { [native code] }
[90m12:28:50:232[0m [34m[interceptor-source:dispose][0m disposing the interceptor...
[90m12:28:50:232[0m [34m[interceptor-source:dispose][0m global symbol deleted: undefined
[90m12:28:50:233[0m [34m[interceptor-source:dispose][0m disposing of 4 subscriptions...
[90m12:28:50:233[0m [34m[client-request-interceptor:dispose][0m disposing the interceptor...
[90m12:28:50:233[0m [34m[client-request-interceptor:dispose][0m global symbol deleted: undefined
[90m12:28:50:233[0m [34m[client-request-interceptor:dispose][0m disposing of 1 subscriptions...
[90m12:28:50:234[0m [34m[client-request-interceptor:dispose][0m disposed of all subscriptions! 0
[90m12:28:50:234[0m [34m[client-request-interceptor:dispose][0m destroyed the listener!
[90m12:28:50:235[0m [34m[xhr:dispose][0m disposing the interceptor...
[90m12:28:50:235[0m [34m[xhr:dispose][0m global symbol deleted: undefined
[90m12:28:50:235[0m [34m[xhr:dispose][0m disposing of 1 subscriptions...
[90m12:28:50:235[0m [34m[xhr:setup][0m native "XMLHttpRequest" module restored! XMLHttpRequest
[90m12:28:50:236[0m [34m[xhr:dispose][0m disposed of all subscriptions! 0
[90m12:28:50:236[0m [34m[xhr:dispose][0m destroyed the listener!
[90m12:28:50:236[0m [34m[fetch:dispose][0m disposing the interceptor...
[90m12:28:50:236[0m [34m[fetch:dispose][0m global symbol deleted: undefined
[90m12:28:50:237[0m [34m[fetch:dispose][0m disposing of 1 subscriptions...
[90m12:28:50:237[0m [34m[fetch:dispose][0m disposed of all subscriptions! 0
[90m12:28:50:240[0m [34m[fetch:dispose][0m destroyed the listener!
[90m12:28:50:241[0m [34m[websocket:dispose][0m disposing the interceptor...
[90m12:28:50:241[0m [34m[websocket:dispose][0m global symbol deleted: undefined
[90m12:28:50:241[0m [34m[websocket:dispose][0m disposing of 1 subscriptions...
[90m12:28:50:242[0m [34m[websocket:dispose][0m disposed of all subscriptions! 0
[90m12:28:50:242[0m [34m[websocket:dispose][0m destroyed the listener!
[90m12:28:50:242[0m [34m[interceptor-source:dispose][0m disposed of all subscriptions! 0
[90m12:28:50:242[0m [34m[interceptor-source:dispose][0m destroyed the listener!
[90m12:28:50:196[0m [34m[interceptor-source:apply][0m applying the interceptor...
[90m12:28:50:272[0m [34m[interceptor-source:apply][0m no running instance found, setting up a new instance...
[90m12:28:50:273[0m [34m[interceptor-source:setup][0m applying all 4 interceptors...
[90m12:28:50:273[0m [34m[interceptor-source:setup][0m applying "ClientRequestInterceptor" interceptor...
[90m12:28:50:274[0m [34m[client-request-interceptor:apply][0m applying the interceptor...
[90m12:28:50:274[0m [34m[client-request-interceptor:apply][0m no running instance found, setting up a new instance...
[90m12:28:50:278[0m [34m[interceptor-source:setup][0m adding interceptor dispose subscription
[90m12:28:50:279[0m [34m[interceptor-source:setup][0m applying "XMLHttpRequestInterceptor" interceptor...
[90m12:28:50:279[0m [34m[xhr:apply][0m applying the interceptor...
[90m12:28:50:280[0m [34m[xhr:apply][0m no running instance found, setting up a new instance...
[90m12:28:50:280[0m [34m[xhr:setup][0m patching "XMLHttpRequest" module...
[90m12:28:50:281[0m [34m[xhr:setup][0m native "XMLHttpRequest" module patched! XMLHttpRequest
[90m12:28:50:281[0m [34m[interceptor-source:setup][0m adding interceptor dispose subscription
[90m12:28:50:281[0m [34m[interceptor-source:setup][0m applying "FetchInterceptor" interceptor...
[90m12:28:50:281[0m [34m[fetch:apply][0m applying the interceptor...
[90m12:28:50:282[0m [34m[fetch:apply][0m no running instance found, setting up a new instance...
[90m12:28:50:282[0m [34m[interceptor-source:setup][0m adding interceptor dispose subscription
[90m12:28:50:282[0m [34m[interceptor-source:setup][0m applying "WebSocketInterceptor" interceptor...
[90m12:28:50:283[0m [34m[websocket:apply][0m applying the interceptor...
[90m12:28:50:283[0m [34m[websocket:apply][0m no running instance found, setting up a new instance...
[90m12:28:50:284[0m [34m[interceptor-source:setup][0m adding interceptor dispose subscription
[90m12:28:50:286[0m [34m[client-request-interceptor:on][0m adding "request" event listener: function () { [native code] }
[90m12:28:50:287[0m [34m[xhr:on][0m adding "request" event listener: function () { [native code] }
[90m12:28:50:288[0m [34m[fetch:on][0m adding "request" event listener: function () { [native code] }
[90m12:28:50:288[0m [34m[websocket:on][0m adding "request" event listener: function () { [native code] }
[90m12:28:50:288[0m [34m[client-request-interceptor:on][0m adding "response" event listener: function () { [native code] }
[90m12:28:50:289[0m [34m[xhr:on][0m adding "response" event listener: function () { [native code] }
[90m12:28:50:289[0m [34m[fetch:on][0m adding "response" event listener: function () { [native code] }
[90m12:28:50:290[0m [34m[websocket:on][0m adding "response" event listener: function () { [native code] }
[90m12:28:50:290[0m [34m[client-request-interceptor:on][0m adding "connection" event listener: function () { [native code] }
[90m12:28:50:290[0m [34m[xhr:on][0m adding "connection" event listener: function () { [native code] }
[90m12:28:50:290[0m [34m[fetch:on][0m adding "connection" event listener: function () { [native code] }
[90m12:28:50:291[0m [34m[websocket:on][0m adding "connection" event listener: function () { [native code] }
[90m12:28:50:327[0m [34m[interceptor-source:dispose][0m disposing the interceptor...
[90m12:28:50:328[0m [34m[interceptor-source:dispose][0m global symbol deleted: undefined
[90m12:28:50:328[0m [34m[interceptor-source:dispose][0m disposing of 4 subscriptions...
[90m12:28:50:328[0m [34m[client-request-interceptor:dispose][0m disposing the interceptor...
[90m12:28:50:329[0m [34m[client-request-interceptor:dispose][0m global symbol deleted: undefined
[90m12:28:50:329[0m [34m[client-request-interceptor:dispose][0m disposing of 1 subscriptions...
[90m12:28:50:329[0m [34m[client-request-interceptor:dispose][0m disposed of all subscriptions! 0
[90m12:28:50:330[0m [34m[client-request-interceptor:dispose][0m destroyed the listener!
[90m12:28:50:330[0m [34m[xhr:dispose][0m disposing the interceptor...
[90m12:28:50:330[0m [34m[xhr:dispose][0m global symbol deleted: undefined
[90m12:28:50:330[0m [34m[xhr:dispose][0m disposing of 1 subscriptions...
[90m12:28:50:330[0m [34m[xhr:setup][0m native "XMLHttpRequest" module restored! XMLHttpRequest
[90m12:28:50:330[0m [34m[xhr:dispose][0m disposed of all subscriptions! 0
[90m12:28:50:330[0m [34m[xhr:dispose][0m destroyed the listener!
[90m12:28:50:330[0m [34m[fetch:dispose][0m disposing the interceptor...
[90m12:28:50:330[0m [34m[fetch:dispose][0m global symbol deleted: undefined
[90m12:28:50:331[0m [34m[fetch:dispose][0m disposing of 1 subscriptions...
[90m12:28:50:331[0m [34m[fetch:dispose][0m disposed of all subscriptions! 0
[90m12:28:50:331[0m [34m[fetch:dispose][0m destroyed the listener!
[90m12:28:50:331[0m [34m[websocket:dispose][0m disposing the interceptor...
[90m12:28:50:332[0m [34m[websocket:dispose][0m global symbol deleted: undefined
[90m12:28:50:332[0m [34m[websocket:dispose][0m disposing of 1 subscriptions...
[90m12:28:50:332[0m [34m[websocket:dispose][0m disposed of all subscriptions! 0
[90m12:28:50:332[0m [34m[websocket:dispose][0m destroyed the listener!
[90m12:28:50:332[0m [34m[interceptor-source:dispose][0m disposed of all subscriptions! 0
[90m12:28:50:332[0m [34m[interceptor-source:dispose][0m destroyed the listener!
[90m12:28:50:586[0m [34m[interceptor-source:apply][0m applying the interceptor...
[90m12:28:50:651[0m [34m[interceptor-source:apply][0m no running instance found, setting up a new instance...
[90m12:28:50:651[0m [34m[interceptor-source:setup][0m applying all 4 interceptors...
[90m12:28:50:652[0m [34m[interceptor-source:setup][0m applying "ClientRequestInterceptor" interceptor...
[90m12:28:50:653[0m [34m[client-request-interceptor:apply][0m applying the interceptor...
[90m12:28:50:653[0m [34m[client-request-interceptor:apply][0m no running instance found, setting up a new instance...
[90m12:28:50:654[0m [34m[interceptor-source:setup][0m adding interceptor dispose subscription
[90m12:28:50:654[0m [34m[interceptor-source:setup][0m applying "XMLHttpRequestInterceptor" interceptor...
[90m12:28:50:655[0m [34m[xhr:apply][0m applying the interceptor...
[90m12:28:50:655[0m [34m[xhr:apply][0m no running instance found, setting up a new instance...
[90m12:28:50:655[0m [34m[xhr:setup][0m patching "XMLHttpRequest" module...
[90m12:28:50:656[0m [34m[xhr:setup][0m native "XMLHttpRequest" module patched! XMLHttpRequest
[90m12:28:50:656[0m [34m[interceptor-source:setup][0m adding interceptor dispose subscription
[90m12:28:50:656[0m [34m[interceptor-source:setup][0m applying "FetchInterceptor" interceptor...
[90m12:28:50:656[0m [34m[fetch:apply][0m applying the interceptor...
[90m12:28:50:656[0m [34m[fetch:apply][0m no running instance found, setting up a new instance...
[90m12:28:50:657[0m [34m[interceptor-source:setup][0m adding interceptor dispose subscription
[90m12:28:50:657[0m [34m[interceptor-source:setup][0m applying "WebSocketInterceptor" interceptor...
[90m12:28:50:657[0m [34m[websocket:apply][0m applying the interceptor...
[90m12:28:50:657[0m [34m[websocket:apply][0m no running instance found, setting up a new instance...
[90m12:28:50:658[0m [34m[interceptor-source:setup][0m adding interceptor dispose subscription
[90m12:28:50:658[0m [34m[client-request-interceptor:on][0m adding "request" event listener: function () { [native code] }
[90m12:28:50:659[0m [34m[xhr:on][0m adding "request" event listener: function () { [native code] }
[90m12:28:50:659[0m [34m[fetch:on][0m adding "request" event listener: function () { [native code] }
[90m12:28:50:660[0m [34m[websocket:on][0m adding "request" event listener: function () { [native code] }
[90m12:28:50:660[0m [34m[client-request-interceptor:on][0m adding "response" event listener: function () { [native code] }
[90m12:28:50:660[0m [34m[xhr:on][0m adding "response" event listener: function () { [native code] }
[90m12:28:50:660[0m [34m[fetch:on][0m adding "response" event listener: function () { [native code] }
[90m12:28:50:660[0m [34m[websocket:on][0m adding "response" event listener: function () { [native code] }
[90m12:28:50:661[0m [34m[client-request-interceptor:on][0m adding "connection" event listener: function () { [native code] }
[90m12:28:50:661[0m [34m[xhr:on][0m adding "connection" event listener: function () { [native code] }
[90m12:28:50:661[0m [34m[fetch:on][0m adding "connection" event listener: function () { [native code] }
[90m12:28:50:661[0m [34m[websocket:on][0m adding "connection" event listener: function () { [native code] }
[90m12:28:50:681[0m [34m[interceptor-source:dispose][0m disposing the interceptor...
[90m12:28:50:681[0m [34m[interceptor-source:dispose][0m global symbol deleted: undefined
[90m12:28:50:681[0m [34m[interceptor-source:dispose][0m disposing of 4 subscriptions...
[90m12:28:50:682[0m [34m[client-request-interceptor:dispose][0m disposing the interceptor...
[90m12:28:50:682[0m [34m[client-request-interceptor:dispose][0m global symbol deleted: undefined
[90m12:28:50:682[0m [34m[client-request-interceptor:dispose][0m disposing of 1 subscriptions...
[90m12:28:50:682[0m [34m[client-request-interceptor:dispose][0m disposed of all subscriptions! 0
[90m12:28:50:682[0m [34m[client-request-interceptor:dispose][0m destroyed the listener!
[90m12:28:50:682[0m [34m[xhr:dispose][0m disposing the interceptor...
[90m12:28:50:682[0m [34m[xhr:dispose][0m global symbol deleted: undefined
[90m12:28:50:683[0m [34m[xhr:dispose][0m disposing of 1 subscriptions...
[90m12:28:50:683[0m [34m[xhr:setup][0m native "XMLHttpRequest" module restored! XMLHttpRequest
[90m12:28:50:683[0m [34m[xhr:dispose][0m disposed of all subscriptions! 0
[90m12:28:50:683[0m [34m[xhr:dispose][0m destroyed the listener!
[90m12:28:50:683[0m [34m[fetch:dispose][0m disposing the interceptor...
[90m12:28:50:683[0m [34m[fetch:dispose][0m global symbol deleted: undefined
[90m12:28:50:683[0m [34m[fetch:dispose][0m disposing of 1 subscriptions...
[90m12:28:50:683[0m [34m[fetch:dispose][0m disposed of all subscriptions! 0
[90m12:28:50:684[0m [34m[fetch:dispose][0m destroyed the listener!
[90m12:28:50:684[0m [34m[websocket:dispose][0m disposing the interceptor...
[90m12:28:50:684[0m [34m[websocket:dispose][0m global symbol deleted: undefined
[90m12:28:50:684[0m [34m[websocket:dispose][0m disposing of 1 subscriptions...
[90m12:28:50:684[0m [34m[websocket:dispose][0m disposed of all subscriptions! 0
[90m12:28:50:684[0m [34m[websocket:dispose][0m destroyed the listener!
[90m12:28:50:685[0m [34m[interceptor-source:dispose][0m disposed of all subscriptions! 0
[90m12:28:50:685[0m [34m[interceptor-source:dispose][0m destroyed the listener!
(node:6916) Warning: `--localstorage-file` was provided without a valid path
(Use `node --trace-warnings ...` to show where the warning was created)
(node:9248) Warning: `--localstorage-file` was provided without a valid path
(Use `node --trace-warnings ...` to show where the warning was created)
[90m12:28:51:417[0m [34m[interceptor-source:apply][0m applying the interceptor...
[90m12:28:51:478[0m [34m[interceptor-source:apply][0m no running instance found, setting up a new instance...
[90m12:28:51:478[0m [34m[interceptor-source:setup][0m applying all 4 interceptors...
[90m12:28:51:479[0m [34m[interceptor-source:setup][0m applying "ClientRequestInterceptor" interceptor...
[90m12:28:51:479[0m [34m[client-request-interceptor:apply][0m applying the interceptor...
[90m12:28:51:479[0m [34m[client-request-interceptor:apply][0m no running instance found, setting up a new instance...
[90m12:28:51:481[0m [34m[interceptor-source:setup][0m adding interceptor dispose subscription
[90m12:28:51:481[0m [34m[interceptor-source:setup][0m applying "XMLHttpRequestInterceptor" interceptor...
[90m12:28:51:481[0m [34m[xhr:apply][0m applying the interceptor...
[90m12:28:51:482[0m [34m[xhr:apply][0m no running instance found, setting up a new instance...
[90m12:28:51:482[0m [34m[xhr:setup][0m patching "XMLHttpRequest" module...
[90m12:28:51:482[0m [34m[xhr:setup][0m native "XMLHttpRequest" module patched! XMLHttpRequest
[90m12:28:51:482[0m [34m[interceptor-source:setup][0m adding interceptor dispose subscription
[90m12:28:51:483[0m [34m[interceptor-source:setup][0m applying "FetchInterceptor" interceptor...
[90m12:28:51:483[0m [34m[fetch:apply][0m applying the interceptor...
[90m12:28:51:483[0m [34m[fetch:apply][0m no running instance found, setting up a new instance...
[90m12:28:51:483[0m [34m[interceptor-source:setup][0m adding interceptor dispose subscription
[90m12:28:51:484[0m [34m[interceptor-source:setup][0m applying "WebSocketInterceptor" interceptor...
[90m12:28:51:484[0m [34m[websocket:apply][0m applying the interceptor...
[90m12:28:51:484[0m [34m[websocket:apply][0m no running instance found, setting up a new instance...
[90m12:28:51:488[0m [34m[interceptor-source:setup][0m adding interceptor dispose subscription
[90m12:28:51:488[0m [34m[client-request-interceptor:on][0m adding "request" event listener: function () { [native code] }
[90m12:28:51:489[0m [34m[xhr:on][0m adding "request" event listener: function () { [native code] }
[90m12:28:51:489[0m [34m[fetch:on][0m adding "request" event listener: function () { [native code] }
[90m12:28:51:489[0m [34m[websocket:on][0m adding "request" event listener: function () { [native code] }
[90m12:28:51:489[0m [34m[client-request-interceptor:on][0m adding "response" event listener: function () { [native code] }
[90m12:28:51:489[0m [34m[xhr:on][0m adding "response" event listener: function () { [native code] }
[90m12:28:51:490[0m [34m[fetch:on][0m adding "response" event listener: function () { [native code] }
[90m12:28:51:490[0m [34m[websocket:on][0m adding "response" event listener: function () { [native code] }
[90m12:28:51:490[0m [34m[client-request-interceptor:on][0m adding "connection" event listener: function () { [native code] }
[90m12:28:51:490[0m [34m[xhr:on][0m adding "connection" event listener: function () { [native code] }
[90m12:28:51:491[0m [34m[fetch:on][0m adding "connection" event listener: function () { [native code] }
[90m12:28:51:491[0m [34m[websocket:on][0m adding "connection" event listener: function () { [native code] }
[90m12:28:51:586[0m [34m[interceptor-source:dispose][0m disposing the interceptor...
[90m12:28:51:587[0m [34m[interceptor-source:dispose][0m global symbol deleted: undefined
[90m12:28:51:587[0m [34m[interceptor-source:dispose][0m disposing of 4 subscriptions...
[90m12:28:51:588[0m [34m[client-request-interceptor:dispose][0m disposing the interceptor...
[90m12:28:51:588[0m [34m[client-request-interceptor:dispose][0m global symbol deleted: undefined
[90m12:28:51:588[0m [34m[client-request-interceptor:dispose][0m disposing of 1 subscriptions...
[90m12:28:51:588[0m [34m[client-request-interceptor:dispose][0m disposed of all subscriptions! 0
[90m12:28:51:588[0m [34m[client-request-interceptor:dispose][0m destroyed the listener!
[90m12:28:51:588[0m [34m[xhr:dispose][0m disposing the interceptor...
[90m12:28:51:588[0m [34m[xhr:dispose][0m global symbol deleted: undefined
[90m12:28:51:588[0m [34m[xhr:dispose][0m disposing of 1 subscriptions...
[90m12:28:51:589[0m [34m[xhr:setup][0m native "XMLHttpRequest" module restored! XMLHttpRequest
[90m12:28:51:589[0m [34m[xhr:dispose][0m disposed of all subscriptions! 0
[90m12:28:51:589[0m [34m[xhr:dispose][0m destroyed the listener!
[90m12:28:51:589[0m [34m[fetch:dispose][0m disposing the interceptor...
[90m12:28:51:589[0m [34m[fetch:dispose][0m global symbol deleted: undefined
[90m12:28:51:589[0m [34m[fetch:dispose][0m disposing of 1 subscriptions...
[90m12:28:51:589[0m [34m[fetch:dispose][0m disposed of all subscriptions! 0
[90m12:28:51:589[0m [34m[fetch:dispose][0m destroyed the listener!
[90m12:28:51:589[0m [34m[websocket:dispose][0m disposing the interceptor...
[90m12:28:51:590[0m [34m[websocket:dispose][0m global symbol deleted: undefined
[90m12:28:51:590[0m [34m[websocket:dispose][0m disposing of 1 subscriptions...
[90m12:28:51:590[0m [34m[websocket:dispose][0m disposed of all subscriptions! 0
[90m12:28:51:590[0m [34m[websocket:dispose][0m destroyed the listener!
[90m12:28:51:590[0m [34m[interceptor-source:dispose][0m disposed of all subscriptions! 0
[90m12:28:51:590[0m [34m[interceptor-source:dispose][0m destroyed the listener!
(node:14120) Warning: `--localstorage-file` was provided without a valid path
(Use `node --trace-warnings ...` to show where the warning was created)
[90m12:28:51:588[0m [34m[interceptor-source:apply][0m applying the interceptor...
[90m12:28:51:651[0m [34m[interceptor-source:apply][0m no running instance found, setting up a new instance...
[90m12:28:51:653[0m [34m[interceptor-source:setup][0m applying all 4 interceptors...
[90m12:28:51:653[0m [34m[interceptor-source:setup][0m applying "ClientRequestInterceptor" interceptor...
[90m12:28:51:653[0m [34m[client-request-interceptor:apply][0m applying the interceptor...
[90m12:28:51:653[0m [34m[client-request-interceptor:apply][0m no running instance found, setting up a new instance...
[90m12:28:51:655[0m [34m[interceptor-source:setup][0m adding interceptor dispose subscription
[90m12:28:51:655[0m [34m[interceptor-source:setup][0m applying "XMLHttpRequestInterceptor" interceptor...
[90m12:28:51:655[0m [34m[xhr:apply][0m applying the interceptor...
[90m12:28:51:656[0m [34m[xhr:apply][0m no running instance found, setting up a new instance...
[90m12:28:51:656[0m [34m[xhr:setup][0m patching "XMLHttpRequest" module...
[90m12:28:51:656[0m [34m[xhr:setup][0m native "XMLHttpRequest" module patched! XMLHttpRequest
[90m12:28:51:657[0m [34m[interceptor-source:setup][0m adding interceptor dispose subscription
[90m12:28:51:657[0m [34m[interceptor-source:setup][0m applying "FetchInterceptor" interceptor...
[90m12:28:51:657[0m [34m[fetch:apply][0m applying the interceptor...
[90m12:28:51:657[0m [34m[fetch:apply][0m no running instance found, setting up a new instance...
[90m12:28:51:657[0m [34m[interceptor-source:setup][0m adding interceptor dispose subscription
[90m12:28:51:658[0m [34m[interceptor-source:setup][0m applying "WebSocketInterceptor" interceptor...
[90m12:28:51:658[0m [34m[websocket:apply][0m applying the interceptor...
[90m12:28:51:658[0m [34m[websocket:apply][0m no running instance found, setting up a new instance...
[90m12:28:51:659[0m [34m[interceptor-source:setup][0m adding interceptor dispose subscription
[90m12:28:51:659[0m [34m[client-request-interceptor:on][0m adding "request" event listener: function () { [native code] }
[90m12:28:51:660[0m [34m[xhr:on][0m adding "request" event listener: function () { [native code] }
[90m12:28:51:660[0m [34m[fetch:on][0m adding "request" event listener: function () { [native code] }
[90m12:28:51:660[0m [34m[websocket:on][0m adding "request" event listener: function () { [native code] }
[90m12:28:51:660[0m [34m[client-request-interceptor:on][0m adding "response" event listener: function () { [native code] }
[90m12:28:51:661[0m [34m[xhr:on][0m adding "response" event listener: function () { [native code] }
[90m12:28:51:661[0m [34m[fetch:on][0m adding "response" event listener: function () { [native code] }
[90m12:28:51:661[0m [34m[websocket:on][0m adding "response" event listener: function () { [native code] }
[90m12:28:51:661[0m [34m[client-request-interceptor:on][0m adding "connection" event listener: function () { [native code] }
[90m12:28:51:661[0m [34m[xhr:on][0m adding "connection" event listener: function () { [native code] }
[90m12:28:51:661[0m [34m[fetch:on][0m adding "connection" event listener: function () { [native code] }
[90m12:28:51:661[0m [34m[websocket:on][0m adding "connection" event listener: function () { [native code] }
[90m12:28:51:698[0m [34m[interceptor-source:dispose][0m disposing the interceptor...
[90m12:28:51:698[0m [34m[interceptor-source:dispose][0m global symbol deleted: undefined
[90m12:28:51:698[0m [34m[interceptor-source:dispose][0m disposing of 4 subscriptions...
[90m12:28:51:698[0m [34m[client-request-interceptor:dispose][0m disposing the interceptor...
[90m12:28:51:699[0m [34m[client-request-interceptor:dispose][0m global symbol deleted: undefined
[90m12:28:51:699[0m [34m[client-request-interceptor:dispose][0m disposing of 1 subscriptions...
[90m12:28:51:699[0m [34m[client-request-interceptor:dispose][0m disposed of all subscriptions! 0
[90m12:28:51:700[0m [34m[client-request-interceptor:dispose][0m destroyed the listener!
[90m12:28:51:700[0m [34m[xhr:dispose][0m disposing the interceptor...
[90m12:28:51:700[0m [34m[xhr:dispose][0m global symbol deleted: undefined
[90m12:28:51:700[0m [34m[xhr:dispose][0m disposing of 1 subscriptions...
[90m12:28:51:700[0m [34m[xhr:setup][0m native "XMLHttpRequest" module restored! XMLHttpRequest
[90m12:28:51:701[0m [34m[xhr:dispose][0m disposed of all subscriptions! 0
[90m12:28:51:701[0m [34m[xhr:dispose][0m destroyed the listener!
[90m12:28:51:701[0m [34m[fetch:dispose][0m disposing the interceptor...
[90m12:28:51:701[0m [34m[fetch:dispose][0m global symbol deleted: undefined
[90m12:28:51:701[0m [34m[fetch:dispose][0m disposing of 1 subscriptions...
[90m12:28:51:701[0m [34m[fetch:dispose][0m disposed of all subscriptions! 0
[90m12:28:51:701[0m [34m[fetch:dispose][0m destroyed the listener!
[90m12:28:51:702[0m [34m[websocket:dispose][0m disposing the interceptor...
[90m12:28:51:702[0m [34m[websocket:dispose][0m global symbol deleted: undefined
[90m12:28:51:702[0m [34m[websocket:dispose][0m disposing of 1 subscriptions...
[90m12:28:51:702[0m [34m[websocket:dispose][0m disposed of all subscriptions! 0
[90m12:28:51:702[0m [34m[websocket:dispose][0m destroyed the listener!
[90m12:28:51:702[0m [34m[interceptor-source:dispose][0m disposed of all subscriptions! 0
[90m12:28:51:703[0m [34m[interceptor-source:dispose][0m destroyed the listener!
[90m12:28:52:130[0m [34m[interceptor-source:apply][0m applying the interceptor...
[90m12:28:52:198[0m [34m[interceptor-source:apply][0m no running instance found, setting up a new instance...
[90m12:28:52:199[0m [34m[interceptor-source:setup][0m applying all 4 interceptors...
[90m12:28:52:199[0m [34m[interceptor-source:setup][0m applying "ClientRequestInterceptor" interceptor...
[90m12:28:52:200[0m [34m[client-request-interceptor:apply][0m applying the interceptor...
[90m12:28:52:200[0m [34m[client-request-interceptor:apply][0m no running instance found, setting up a new instance...
[90m12:28:52:201[0m [34m[interceptor-source:setup][0m adding interceptor dispose subscription
[90m12:28:52:201[0m [34m[interceptor-source:setup][0m applying "XMLHttpRequestInterceptor" interceptor...
[90m12:28:52:201[0m [34m[xhr:apply][0m applying the interceptor...
[90m12:28:52:201[0m [34m[xhr:apply][0m no running instance found, setting up a new instance...
[90m12:28:52:202[0m [34m[xhr:setup][0m patching "XMLHttpRequest" module...
[90m12:28:52:202[0m [34m[xhr:setup][0m native "XMLHttpRequest" module patched! XMLHttpRequest
[90m12:28:52:202[0m [34m[interceptor-source:setup][0m adding interceptor dispose subscription
[90m12:28:52:202[0m [34m[interceptor-source:setup][0m applying "FetchInterceptor" interceptor...
[90m12:28:52:203[0m [34m[fetch:apply][0m applying the interceptor...
[90m12:28:52:203[0m [34m[fetch:apply][0m no running instance found, setting up a new instance...
[90m12:28:52:203[0m [34m[interceptor-source:setup][0m adding interceptor dispose subscription
[90m12:28:52:203[0m [34m[interceptor-source:setup][0m applying "WebSocketInterceptor" interceptor...
[90m12:28:52:204[0m [34m[websocket:apply][0m applying the interceptor...
[90m12:28:52:204[0m [34m[websocket:apply][0m no running instance found, setting up a new instance...
[90m12:28:52:204[0m [34m[interceptor-source:setup][0m adding interceptor dispose subscription
[90m12:28:52:205[0m [34m[client-request-interceptor:on][0m adding "request" event listener: function () { [native code] }
[90m12:28:52:205[0m [34m[xhr:on][0m adding "request" event listener: function () { [native code] }
[90m12:28:52:206[0m [34m[fetch:on][0m adding "request" event listener: function () { [native code] }
[90m12:28:52:206[0m [34m[websocket:on][0m adding "request" event listener: function () { [native code] }
[90m12:28:52:206[0m [34m[client-request-interceptor:on][0m adding "response" event listener: function () { [native code] }
[90m12:28:52:206[0m [34m[xhr:on][0m adding "response" event listener: function () { [native code] }
[90m12:28:52:206[0m [34m[fetch:on][0m adding "response" event listener: function () { [native code] }
[90m12:28:52:206[0m [34m[websocket:on][0m adding "response" event listener: function () { [native code] }
[90m12:28:52:207[0m [34m[client-request-interceptor:on][0m adding "connection" event listener: function () { [native code] }
[90m12:28:52:207[0m [34m[xhr:on][0m adding "connection" event listener: function () { [native code] }
[90m12:28:52:207[0m [34m[fetch:on][0m adding "connection" event listener: function () { [native code] }
[90m12:28:52:207[0m [34m[websocket:on][0m adding "connection" event listener: function () { [native code] }
[90m12:28:52:236[0m [34m[interceptor-source:dispose][0m disposing the interceptor...
[90m12:28:52:236[0m [34m[interceptor-source:dispose][0m global symbol deleted: undefined
[90m12:28:52:236[0m [34m[interceptor-source:dispose][0m disposing of 4 subscriptions...
[90m12:28:52:236[0m [34m[client-request-interceptor:dispose][0m disposing the interceptor...
[90m12:28:52:236[0m [34m[client-request-interceptor:dispose][0m global symbol deleted: undefined
[90m12:28:52:236[0m [34m[client-request-interceptor:dispose][0m disposing of 1 subscriptions...
[90m12:28:52:237[0m [34m[client-request-interceptor:dispose][0m disposed of all subscriptions! 0
[90m12:28:52:237[0m [34m[client-request-interceptor:dispose][0m destroyed the listener!
[90m12:28:52:237[0m [34m[xhr:dispose][0m disposing the interceptor...
[90m12:28:52:237[0m [34m[xhr:dispose][0m global symbol deleted: undefined
[90m12:28:52:237[0m [34m[xhr:dispose][0m disposing of 1 subscriptions...
[90m12:28:52:238[0m [34m[xhr:setup][0m native "XMLHttpRequest" module restored! XMLHttpRequest
[90m12:28:52:238[0m [34m[xhr:dispose][0m disposed of all subscriptions! 0
[90m12:28:52:238[0m [34m[xhr:dispose][0m destroyed the listener!
[90m12:28:52:238[0m [34m[fetch:dispose][0m disposing the interceptor...
[90m12:28:52:238[0m [34m[fetch:dispose][0m global symbol deleted: undefined
[90m12:28:52:238[0m [34m[fetch:dispose][0m disposing of 1 subscriptions...
[90m12:28:52:238[0m [34m[fetch:dispose][0m disposed of all subscriptions! 0
[90m12:28:52:238[0m [34m[fetch:dispose][0m destroyed the listener!
[90m12:28:52:238[0m [34m[websocket:dispose][0m disposing the interceptor...
[90m12:28:52:239[0m [34m[websocket:dispose][0m global symbol deleted: undefined
[90m12:28:52:239[0m [34m[websocket:dispose][0m disposing of 1 subscriptions...
[90m12:28:52:239[0m [34m[websocket:dispose][0m disposed of all subscriptions! 0
[90m12:28:52:239[0m [34m[websocket:dispose][0m destroyed the listener!
[90m12:28:52:239[0m [34m[interceptor-source:dispose][0m disposed of all subscriptions! 0
[90m12:28:52:239[0m [34m[interceptor-source:dispose][0m destroyed the listener!
(node:15456) Warning: `--localstorage-file` was provided without a valid path
(Use `node --trace-warnings ...` to show where the warning was created)
(node:4856) Warning: `--localstorage-file` was provided without a valid path
(Use `node --trace-warnings ...` to show where the warning was created)
(node:9256) Warning: `--localstorage-file` was provided without a valid path
(Use `node --trace-warnings ...` to show where the warning was created)
(node:3508) Warning: `--localstorage-file` was provided without a valid path
(Use `node --trace-warnings ...` to show where the warning was created)
[90m12:28:53:724[0m [34m[interceptor-source:apply][0m applying the interceptor...
[90m12:28:53:794[0m [34m[interceptor-source:apply][0m no running instance found, setting up a new instance...
[90m12:28:53:795[0m [34m[interceptor-source:setup][0m applying all 4 interceptors...
[90m12:28:53:796[0m [34m[interceptor-source:setup][0m applying "ClientRequestInterceptor" interceptor...
[90m12:28:53:796[0m [34m[client-request-interceptor:apply][0m applying the interceptor...
[90m12:28:53:796[0m [34m[client-request-interceptor:apply][0m no running instance found, setting up a new instance...
[90m12:28:53:797[0m [34m[interceptor-source:setup][0m adding interceptor dispose subscription
[90m12:28:53:797[0m [34m[interceptor-source:setup][0m applying "XMLHttpRequestInterceptor" interceptor...
[90m12:28:53:798[0m [34m[xhr:apply][0m applying the interceptor...
[90m12:28:53:798[0m [34m[xhr:apply][0m no running instance found, setting up a new instance...
[90m12:28:53:799[0m [34m[xhr:setup][0m patching "XMLHttpRequest" module...
[90m12:28:53:799[0m [34m[xhr:setup][0m native "XMLHttpRequest" module patched! XMLHttpRequest
[90m12:28:53:799[0m [34m[interceptor-source:setup][0m adding interceptor dispose subscription
[90m12:28:53:799[0m [34m[interceptor-source:setup][0m applying "FetchInterceptor" interceptor...
[90m12:28:53:799[0m [34m[fetch:apply][0m applying the interceptor...
[90m12:28:53:800[0m [34m[fetch:apply][0m no running instance found, setting up a new instance...
[90m12:28:53:800[0m [34m[interceptor-source:setup][0m adding interceptor dispose subscription
[90m12:28:53:800[0m [34m[interceptor-source:setup][0m applying "WebSocketInterceptor" interceptor...
[90m12:28:53:801[0m [34m[websocket:apply][0m applying the interceptor...
[90m12:28:53:801[0m [34m[websocket:apply][0m no running instance found, setting up a new instance...
[90m12:28:53:801[0m [34m[interceptor-source:setup][0m adding interceptor dispose subscription
[90m12:28:53:802[0m [34m[client-request-interceptor:on][0m adding "request" event listener: function () { [native code] }
[90m12:28:53:802[0m [34m[xhr:on][0m adding "request" event listener: function () { [native code] }
[90m12:28:53:802[0m [34m[fetch:on][0m adding "request" event listener: function () { [native code] }
[90m12:28:53:803[0m [34m[websocket:on][0m adding "request" event listener: function () { [native code] }
[90m12:28:53:803[0m [34m[client-request-interceptor:on][0m adding "response" event listener: function () { [native code] }
[90m12:28:53:803[0m [34m[xhr:on][0m adding "response" event listener: function () { [native code] }
[90m12:28:53:803[0m [34m[fetch:on][0m adding "response" event listener: function () { [native code] }
[90m12:28:53:803[0m [34m[websocket:on][0m adding "response" event listener: function () { [native code] }
[90m12:28:53:803[0m [34m[client-request-interceptor:on][0m adding "connection" event listener: function () { [native code] }
[90m12:28:53:803[0m [34m[xhr:on][0m adding "connection" event listener: function () { [native code] }
[90m12:28:53:804[0m [34m[fetch:on][0m adding "connection" event listener: function () { [native code] }
[90m12:28:53:804[0m [34m[websocket:on][0m adding "connection" event listener: function () { [native code] }
[90m12:28:53:909[0m [34m[interceptor-source:dispose][0m disposing the interceptor...
[90m12:28:53:910[0m [34m[interceptor-source:dispose][0m global symbol deleted: undefined
[90m12:28:53:910[0m [34m[interceptor-source:dispose][0m disposing of 4 subscriptions...
[90m12:28:53:910[0m [34m[client-request-interceptor:dispose][0m disposing the interceptor...
[90m12:28:53:910[0m [34m[client-request-interceptor:dispose][0m global symbol deleted: undefined
[90m12:28:53:910[0m [34m[client-request-interceptor:dispose][0m disposing of 1 subscriptions...
[90m12:28:53:910[0m [34m[client-request-interceptor:dispose][0m disposed of all subscriptions! 0
[90m12:28:53:910[0m [34m[client-request-interceptor:dispose][0m destroyed the listener!
[90m12:28:53:910[0m [34m[xhr:dispose][0m disposing the interceptor...
[90m12:28:53:911[0m [34m[xhr:dispose][0m global symbol deleted: undefined
[90m12:28:53:911[0m [34m[xhr:dispose][0m disposing of 1 subscriptions...
[90m12:28:53:911[0m [34m[xhr:setup][0m native "XMLHttpRequest" module restored! XMLHttpRequest
[90m12:28:53:911[0m [34m[xhr:dispose][0m disposed of all subscriptions! 0
[90m12:28:53:911[0m [34m[xhr:dispose][0m destroyed the listener!
[90m12:28:53:911[0m [34m[fetch:dispose][0m disposing the interceptor...
[90m12:28:53:911[0m [34m[fetch:dispose][0m global symbol deleted: undefined
[90m12:28:53:911[0m [34m[fetch:dispose][0m disposing of 1 subscriptions...
[90m12:28:53:911[0m [34m[fetch:dispose][0m disposed of all subscriptions! 0
[90m12:28:53:912[0m [34m[fetch:dispose][0m destroyed the listener!
[90m12:28:53:912[0m [34m[websocket:dispose][0m disposing the interceptor...
[90m12:28:53:912[0m [34m[websocket:dispose][0m global symbol deleted: undefined
[90m12:28:53:912[0m [34m[websocket:dispose][0m disposing of 1 subscriptions...
[90m12:28:53:912[0m [34m[websocket:dispose][0m disposed of all subscriptions! 0
[90m12:28:53:912[0m [34m[websocket:dispose][0m destroyed the listener!
[90m12:28:53:912[0m [34m[interceptor-source:dispose][0m disposed of all subscriptions! 0
[90m12:28:53:913[0m [34m[interceptor-source:dispose][0m destroyed the listener!
[90m12:28:53:880[0m [34m[interceptor-source:apply][0m applying the interceptor...
[90m12:28:53:948[0m [34m[interceptor-source:apply][0m no running instance found, setting up a new instance...
[90m12:28:53:948[0m [34m[interceptor-source:setup][0m applying all 4 interceptors...
[90m12:28:53:949[0m [34m[interceptor-source:setup][0m applying "ClientRequestInterceptor" interceptor...
[90m12:28:53:949[0m [34m[client-request-interceptor:apply][0m applying the interceptor...
[90m12:28:53:950[0m [34m[client-request-interceptor:apply][0m no running instance found, setting up a new instance...
[90m12:28:53:951[0m [34m[interceptor-source:setup][0m adding interceptor dispose subscription
[90m12:28:53:956[0m [34m[interceptor-source:setup][0m applying "XMLHttpRequestInterceptor" interceptor...
[90m12:28:53:956[0m [34m[xhr:apply][0m applying the interceptor...
[90m12:28:53:957[0m [34m[xhr:apply][0m no running instance found, setting up a new instance...
[90m12:28:53:958[0m [34m[xhr:setup][0m patching "XMLHttpRequest" module...
[90m12:28:53:959[0m [34m[xhr:setup][0m native "XMLHttpRequest" module patched! XMLHttpRequest
[90m12:28:53:959[0m [34m[interceptor-source:setup][0m adding interceptor dispose subscription
[90m12:28:53:959[0m [34m[interceptor-source:setup][0m applying "FetchInterceptor" interceptor...
[90m12:28:53:960[0m [34m[fetch:apply][0m applying the interceptor...
[90m12:28:53:960[0m [34m[fetch:apply][0m no running instance found, setting up a new instance...
[90m12:28:53:961[0m [34m[interceptor-source:setup][0m adding interceptor dispose subscription
[90m12:28:53:961[0m [34m[interceptor-source:setup][0m applying "WebSocketInterceptor" interceptor...
[90m12:28:53:961[0m [34m[websocket:apply][0m applying the interceptor...
[90m12:28:53:961[0m [34m[websocket:apply][0m no running instance found, setting up a new instance...
[90m12:28:53:963[0m [34m[interceptor-source:setup][0m adding interceptor dispose subscription
[90m12:28:53:964[0m [34m[client-request-interceptor:on][0m adding "request" event listener: function () { [native code] }
[90m12:28:53:965[0m [34m[xhr:on][0m adding "request" event listener: function () { [native code] }
[90m12:28:53:965[0m [34m[fetch:on][0m adding "request" event listener: function () { [native code] }
[90m12:28:53:965[0m [34m[websocket:on][0m adding "request" event listener: function () { [native code] }
[90m12:28:53:966[0m [34m[client-request-interceptor:on][0m adding "response" event listener: function () { [native code] }
[90m12:28:53:966[0m [34m[xhr:on][0m adding "response" event listener: function () { [native code] }
[90m12:28:53:967[0m [34m[fetch:on][0m adding "response" event listener: function () { [native code] }
[90m12:28:53:967[0m [34m[websocket:on][0m adding "response" event listener: function () { [native code] }
[90m12:28:53:990[0m [34m[client-request-interceptor:on][0m adding "connection" event listener: function () { [native code] }
[90m12:28:53:990[0m [34m[xhr:on][0m adding "connection" event listener: function () { [native code] }
[90m12:28:53:991[0m [34m[fetch:on][0m adding "connection" event listener: function () { [native code] }
[90m12:28:53:991[0m [34m[websocket:on][0m adding "connection" event listener: function () { [native code] }
[90m12:28:54:28[0m [34m[interceptor-source:dispose][0m disposing the interceptor...
[90m12:28:54:28[0m [34m[interceptor-source:dispose][0m global symbol deleted: undefined
[90m12:28:54:28[0m [34m[interceptor-source:dispose][0m disposing of 4 subscriptions...
[90m12:28:54:28[0m [34m[client-request-interceptor:dispose][0m disposing the interceptor...
[90m12:28:54:28[0m [34m[client-request-interceptor:dispose][0m global symbol deleted: undefined
[90m12:28:54:28[0m [34m[client-request-interceptor:dispose][0m disposing of 1 subscriptions...
[90m12:28:54:29[0m [34m[client-request-interceptor:dispose][0m disposed of all subscriptions! 0
[90m12:28:54:29[0m [34m[client-request-interceptor:dispose][0m destroyed the listener!
[90m12:28:54:29[0m [34m[xhr:dispose][0m disposing the interceptor...
[90m12:28:54:29[0m [34m[xhr:dispose][0m global symbol deleted: undefined
[90m12:28:54:29[0m [34m[xhr:dispose][0m disposing of 1 subscriptions...
[90m12:28:54:30[0m [34m[xhr:setup][0m native "XMLHttpRequest" module restored! XMLHttpRequest
[90m12:28:54:30[0m [34m[xhr:dispose][0m disposed of all subscriptions! 0
[90m12:28:54:30[0m [34m[xhr:dispose][0m destroyed the listener!
[90m12:28:54:30[0m [34m[fetch:dispose][0m disposing the interceptor...
[90m12:28:54:30[0m [34m[fetch:dispose][0m global symbol deleted: undefined
[90m12:28:54:30[0m [34m[fetch:dispose][0m disposing of 1 subscriptions...
[90m12:28:54:30[0m [34m[fetch:dispose][0m disposed of all subscriptions! 0
[90m12:28:54:30[0m [34m[fetch:dispose][0m destroyed the listener!
[90m12:28:54:31[0m [34m[websocket:dispose][0m disposing the interceptor...
[90m12:28:54:31[0m [34m[websocket:dispose][0m global symbol deleted: undefined
[90m12:28:54:31[0m [34m[websocket:dispose][0m disposing of 1 subscriptions...
[90m12:28:54:31[0m [34m[websocket:dispose][0m disposed of all subscriptions! 0
[90m12:28:54:31[0m [34m[websocket:dispose][0m destroyed the listener!
[90m12:28:54:31[0m [34m[interceptor-source:dispose][0m disposed of all subscriptions! 0
[90m12:28:54:31[0m [34m[interceptor-source:dispose][0m destroyed the listener!
[90m12:28:54:84[0m [34m[interceptor-source:apply][0m applying the interceptor...
[90m12:28:54:166[0m [34m[interceptor-source:apply][0m no running instance found, setting up a new instance...
[90m12:28:54:166[0m [34m[interceptor-source:setup][0m applying all 4 interceptors...
[90m12:28:54:167[0m [34m[interceptor-source:setup][0m applying "ClientRequestInterceptor" interceptor...
[90m12:28:54:167[0m [34m[client-request-interceptor:apply][0m applying the interceptor...
[90m12:28:54:167[0m [34m[client-request-interceptor:apply][0m no running instance found, setting up a new instance...
[90m12:28:54:168[0m [34m[interceptor-source:setup][0m adding interceptor dispose subscription
[90m12:28:54:168[0m [34m[interceptor-source:setup][0m applying "XMLHttpRequestInterceptor" interceptor...
[90m12:28:54:169[0m [34m[xhr:apply][0m applying the interceptor...
[90m12:28:54:169[0m [34m[xhr:apply][0m no running instance found, setting up a new instance...
[90m12:28:54:170[0m [34m[xhr:setup][0m patching "XMLHttpRequest" module...
[90m12:28:54:170[0m [34m[xhr:setup][0m native "XMLHttpRequest" module patched! XMLHttpRequest
[90m12:28:54:170[0m [34m[interceptor-source:setup][0m adding interceptor dispose subscription
[90m12:28:54:170[0m [34m[interceptor-source:setup][0m applying "FetchInterceptor" interceptor...
[90m12:28:54:171[0m [34m[fetch:apply][0m applying the interceptor...
[90m12:28:54:171[0m [34m[fetch:apply][0m no running instance found, setting up a new instance...
[90m12:28:54:171[0m [34m[interceptor-source:setup][0m adding interceptor dispose subscription
[90m12:28:54:171[0m [34m[interceptor-source:setup][0m applying "WebSocketInterceptor" interceptor...
[90m12:28:54:172[0m [34m[websocket:apply][0m applying the interceptor...
[90m12:28:54:173[0m [34m[websocket:apply][0m no running instance found, setting up a new instance...
[90m12:28:54:174[0m [34m[interceptor-source:setup][0m adding interceptor dispose subscription
[90m12:28:54:174[0m [34m[client-request-interceptor:on][0m adding "request" event listener: function () { [native code] }
[90m12:28:54:174[0m [34m[xhr:on][0m adding "request" event listener: function () { [native code] }
[90m12:28:54:175[0m [34m[fetch:on][0m adding "request" event listener: function () { [native code] }
[90m12:28:54:175[0m [34m[websocket:on][0m adding "request" event listener: function () { [native code] }
[90m12:28:54:175[0m [34m[client-request-interceptor:on][0m adding "response" event listener: function () { [native code] }
[90m12:28:54:175[0m [34m[xhr:on][0m adding "response" event listener: function () { [native code] }
[90m12:28:54:175[0m [34m[fetch:on][0m adding "response" event listener: function () { [native code] }
[90m12:28:54:175[0m [34m[websocket:on][0m adding "response" event listener: function () { [native code] }
[90m12:28:54:175[0m [34m[client-request-interceptor:on][0m adding "connection" event listener: function () { [native code] }
[90m12:28:54:175[0m [34m[xhr:on][0m adding "connection" event listener: function () { [native code] }
[90m12:28:54:176[0m [34m[fetch:on][0m adding "connection" event listener: function () { [native code] }
[90m12:28:54:176[0m [34m[websocket:on][0m adding "connection" event listener: function () { [native code] }
[90m12:28:54:223[0m [34m[interceptor-source:apply][0m applying the interceptor...
[90m12:28:54:292[0m [34m[interceptor-source:apply][0m no running instance found, setting up a new instance...
[90m12:28:54:293[0m [34m[interceptor-source:setup][0m applying all 4 interceptors...
[90m12:28:54:293[0m [34m[interceptor-source:setup][0m applying "ClientRequestInterceptor" interceptor...
[90m12:28:54:294[0m [34m[client-request-interceptor:apply][0m applying the interceptor...
[90m12:28:54:294[0m [34m[client-request-interceptor:apply][0m no running instance found, setting up a new instance...
[90m12:28:54:295[0m [34m[interceptor-source:setup][0m adding interceptor dispose subscription
[90m12:28:54:295[0m [34m[interceptor-source:setup][0m applying "XMLHttpRequestInterceptor" interceptor...
[90m12:28:54:295[0m [34m[xhr:apply][0m applying the interceptor...
[90m12:28:54:296[0m [34m[xhr:apply][0m no running instance found, setting up a new instance...
[90m12:28:54:296[0m [34m[xhr:setup][0m patching "XMLHttpRequest" module...
[90m12:28:54:297[0m [34m[xhr:setup][0m native "XMLHttpRequest" module patched! XMLHttpRequest
[90m12:28:54:297[0m [34m[interceptor-source:setup][0m adding interceptor dispose subscription
[90m12:28:54:297[0m [34m[interceptor-source:setup][0m applying "FetchInterceptor" interceptor...
[90m12:28:54:297[0m [34m[fetch:apply][0m applying the interceptor...
[90m12:28:54:298[0m [34m[fetch:apply][0m no running instance found, setting up a new instance...
[90m12:28:54:298[0m [34m[interceptor-source:setup][0m adding interceptor dispose subscription
[90m12:28:54:298[0m [34m[interceptor-source:setup][0m applying "WebSocketInterceptor" interceptor...
[90m12:28:54:298[0m [34m[websocket:apply][0m applying the interceptor...
[90m12:28:54:299[0m [34m[websocket:apply][0m no running instance found, setting up a new instance...
[90m12:28:54:299[0m [34m[interceptor-source:setup][0m adding interceptor dispose subscription
[90m12:28:54:300[0m [34m[client-request-interceptor:on][0m adding "request" event listener: function () { [native code] }
[90m12:28:54:300[0m [34m[xhr:on][0m adding "request" event listener: function () { [native code] }
[90m12:28:54:300[0m [34m[fetch:on][0m adding "request" event listener: function () { [native code] }
[90m12:28:54:301[0m [34m[websocket:on][0m adding "request" event listener: function () { [native code] }
[90m12:28:54:301[0m [34m[client-request-interceptor:on][0m adding "response" event listener: function () { [native code] }
[90m12:28:54:301[0m [34m[xhr:on][0m adding "response" event listener: function () { [native code] }
[90m12:28:54:301[0m [34m[fetch:on][0m adding "response" event listener: function () { [native code] }
[90m12:28:54:301[0m [34m[websocket:on][0m adding "response" event listener: function () { [native code] }
[90m12:28:54:301[0m [34m[client-request-interceptor:on][0m adding "connection" event listener: function () { [native code] }
[90m12:28:54:301[0m [34m[xhr:on][0m adding "connection" event listener: function () { [native code] }
[90m12:28:54:301[0m [34m[fetch:on][0m adding "connection" event listener: function () { [native code] }
[90m12:28:54:301[0m [34m[websocket:on][0m adding "connection" event listener: function () { [native code] }
[90m12:28:54:331[0m [34m[interceptor-source:dispose][0m disposing the interceptor...
[90m12:28:54:331[0m [34m[interceptor-source:dispose][0m global symbol deleted: undefined
[90m12:28:54:332[0m [34m[interceptor-source:dispose][0m disposing of 4 subscriptions...
[90m12:28:54:332[0m [34m[client-request-interceptor:dispose][0m disposing the interceptor...
[90m12:28:54:332[0m [34m[client-request-interceptor:dispose][0m global symbol deleted: undefined
[90m12:28:54:332[0m [34m[client-request-interceptor:dispose][0m disposing of 1 subscriptions...
[90m12:28:54:332[0m [34m[client-request-interceptor:dispose][0m disposed of all subscriptions! 0
[90m12:28:54:332[0m [34m[client-request-interceptor:dispose][0m destroyed the listener!
[90m12:28:54:332[0m [34m[xhr:dispose][0m disposing the interceptor...
[90m12:28:54:333[0m [34m[xhr:dispose][0m global symbol deleted: undefined
[90m12:28:54:333[0m [34m[xhr:dispose][0m disposing of 1 subscriptions...
[90m12:28:54:333[0m [34m[xhr:setup][0m native "XMLHttpRequest" module restored! XMLHttpRequest
[90m12:28:54:333[0m [34m[xhr:dispose][0m disposed of all subscriptions! 0
[90m12:28:54:333[0m [34m[xhr:dispose][0m destroyed the listener!
[90m12:28:54:333[0m [34m[fetch:dispose][0m disposing the interceptor...
[90m12:28:54:333[0m [34m[fetch:dispose][0m global symbol deleted: undefined
[90m12:28:54:333[0m [34m[fetch:dispose][0m disposing of 1 subscriptions...
[90m12:28:54:333[0m [34m[fetch:dispose][0m disposed of all subscriptions! 0
[90m12:28:54:333[0m [34m[fetch:dispose][0m destroyed the listener!
[90m12:28:54:334[0m [34m[websocket:dispose][0m disposing the interceptor...
[90m12:28:54:334[0m [34m[websocket:dispose][0m global symbol deleted: undefined
[90m12:28:54:334[0m [34m[websocket:dispose][0m disposing of 1 subscriptions...
[90m12:28:54:334[0m [34m[websocket:dispose][0m disposed of all subscriptions! 0
[90m12:28:54:334[0m [34m[websocket:dispose][0m destroyed the listener!
[90m12:28:54:334[0m [34m[interceptor-source:dispose][0m disposed of all subscriptions! 0
[90m12:28:54:334[0m [34m[interceptor-source:dispose][0m destroyed the listener!
(node:16320) Warning: `--localstorage-file` was provided without a valid path
(Use `node --trace-warnings ...` to show where the warning was created)
(node:12704) Warning: `--localstorage-file` was provided without a valid path
(Use `node --trace-warnings ...` to show where the warning was created)
(node:8664) Warning: `--localstorage-file` was provided without a valid path
(Use `node --trace-warnings ...` to show where the warning was created)
[90m12:28:55:269[0m [34m[interceptor-source:apply][0m applying the interceptor...
[90m12:28:55:341[0m [34m[interceptor-source:apply][0m no running instance found, setting up a new instance...
[90m12:28:55:341[0m [34m[interceptor-source:setup][0m applying all 4 interceptors...
[90m12:28:55:342[0m [34m[interceptor-source:setup][0m applying "ClientRequestInterceptor" interceptor...
[90m12:28:55:342[0m [34m[client-request-interceptor:apply][0m applying the interceptor...
[90m12:28:55:342[0m [34m[client-request-interceptor:apply][0m no running instance found, setting up a new instance...
[90m12:28:55:344[0m [34m[interceptor-source:setup][0m adding interceptor dispose subscription
[90m12:28:55:344[0m [34m[interceptor-source:setup][0m applying "XMLHttpRequestInterceptor" interceptor...
[90m12:28:55:344[0m [34m[xhr:apply][0m applying the interceptor...
[90m12:28:55:345[0m [34m[xhr:apply][0m no running instance found, setting up a new instance...
[90m12:28:55:345[0m [34m[xhr:setup][0m patching "XMLHttpRequest" module...
[90m12:28:55:345[0m [34m[xhr:setup][0m native "XMLHttpRequest" module patched! XMLHttpRequest
[90m12:28:55:345[0m [34m[interceptor-source:setup][0m adding interceptor dispose subscription
[90m12:28:55:346[0m [34m[interceptor-source:setup][0m applying "FetchInterceptor" interceptor...
[90m12:28:55:346[0m [34m[fetch:apply][0m applying the interceptor...
[90m12:28:55:346[0m [34m[fetch:apply][0m no running instance found, setting up a new instance...
[90m12:28:55:346[0m [34m[interceptor-source:setup][0m adding interceptor dispose subscription
[90m12:28:55:346[0m [34m[interceptor-source:setup][0m applying "WebSocketInterceptor" interceptor...
[90m12:28:55:347[0m [34m[websocket:apply][0m applying the interceptor...
[90m12:28:55:347[0m [34m[websocket:apply][0m no running instance found, setting up a new instance...
[90m12:28:55:348[0m [34m[interceptor-source:setup][0m adding interceptor dispose subscription
[90m12:28:55:348[0m [34m[client-request-interceptor:on][0m adding "request" event listener: function () { [native code] }
[90m12:28:55:349[0m [34m[xhr:on][0m adding "request" event listener: function () { [native code] }
[90m12:28:55:349[0m [34m[fetch:on][0m adding "request" event listener: function () { [native code] }
[90m12:28:55:349[0m [34m[websocket:on][0m adding "request" event listener: function () { [native code] }
[90m12:28:55:349[0m [34m[client-request-interceptor:on][0m adding "response" event listener: function () { [native code] }
[90m12:28:55:349[0m [34m[xhr:on][0m adding "response" event listener: function () { [native code] }
[90m12:28:55:349[0m [34m[fetch:on][0m adding "response" event listener: function () { [native code] }
[90m12:28:55:350[0m [34m[websocket:on][0m adding "response" event listener: function () { [native code] }
[90m12:28:55:350[0m [34m[client-request-interceptor:on][0m adding "connection" event listener: function () { [native code] }
[90m12:28:55:350[0m [34m[xhr:on][0m adding "connection" event listener: function () { [native code] }
[90m12:28:55:350[0m [34m[fetch:on][0m adding "connection" event listener: function () { [native code] }
[90m12:28:55:350[0m [34m[websocket:on][0m adding "connection" event listener: function () { [native code] }
[90m12:28:55:413[0m [34m[interceptor-source:dispose][0m disposing the interceptor...
[90m12:28:55:413[0m [34m[interceptor-source:dispose][0m global symbol deleted: undefined
[90m12:28:55:413[0m [34m[interceptor-source:dispose][0m disposing of 4 subscriptions...
[90m12:28:55:414[0m [34m[client-request-interceptor:dispose][0m disposing the interceptor...
[90m12:28:55:414[0m [34m[client-request-interceptor:dispose][0m global symbol deleted: undefined
[90m12:28:55:414[0m [34m[client-request-interceptor:dispose][0m disposing of 1 subscriptions...
[90m12:28:55:415[0m [34m[client-request-interceptor:dispose][0m disposed of all subscriptions! 0
[90m12:28:55:415[0m [34m[client-request-interceptor:dispose][0m destroyed the listener!
[90m12:28:55:415[0m [34m[xhr:dispose][0m disposing the interceptor...
[90m12:28:55:415[0m [34m[xhr:dispose][0m global symbol deleted: undefined
[90m12:28:55:415[0m [34m[xhr:dispose][0m disposing of 1 subscriptions...
[90m12:28:55:416[0m [34m[xhr:setup][0m native "XMLHttpRequest" module restored! XMLHttpRequest
[90m12:28:55:416[0m [34m[xhr:dispose][0m disposed of all subscriptions! 0
[90m12:28:55:416[0m [34m[xhr:dispose][0m destroyed the listener!
[90m12:28:55:416[0m [34m[fetch:dispose][0m disposing the interceptor...
[90m12:28:55:416[0m [34m[fetch:dispose][0m global symbol deleted: undefined
[90m12:28:55:416[0m [34m[fetch:dispose][0m disposing of 1 subscriptions...
[90m12:28:55:416[0m [34m[fetch:dispose][0m disposed of all subscriptions! 0
[90m12:28:55:416[0m [34m[fetch:dispose][0m destroyed the listener!
[90m12:28:55:417[0m [34m[websocket:dispose][0m disposing the interceptor...
[90m12:28:55:417[0m [34m[websocket:dispose][0m global symbol deleted: undefined
[90m12:28:55:417[0m [34m[websocket:dispose][0m disposing of 1 subscriptions...
[90m12:28:55:417[0m [34m[websocket:dispose][0m disposed of all subscriptions! 0
[90m12:28:55:417[0m [34m[websocket:dispose][0m destroyed the listener!
[90m12:28:55:417[0m [34m[interceptor-source:dispose][0m disposed of all subscriptions! 0
[90m12:28:55:417[0m [34m[interceptor-source:dispose][0m destroyed the listener!
[90m12:28:55:843[0m [34m[interceptor-source:apply][0m applying the interceptor...
[90m12:28:55:907[0m [34m[interceptor-source:apply][0m no running instance found, setting up a new instance...
[90m12:28:55:907[0m [34m[interceptor-source:setup][0m applying all 4 interceptors...
[90m12:28:55:908[0m [34m[interceptor-source:setup][0m applying "ClientRequestInterceptor" interceptor...
[90m12:28:55:908[0m [34m[client-request-interceptor:apply][0m applying the interceptor...
[90m12:28:55:909[0m [34m[client-request-interceptor:apply][0m no running instance found, setting up a new instance...
[90m12:28:55:910[0m [34m[interceptor-source:setup][0m adding interceptor dispose subscription
[90m12:28:55:910[0m [34m[interceptor-source:setup][0m applying "XMLHttpRequestInterceptor" interceptor...
[90m12:28:55:910[0m [34m[xhr:apply][0m applying the interceptor...
[90m12:28:55:910[0m [34m[xhr:apply][0m no running instance found, setting up a new instance...
[90m12:28:55:911[0m [34m[xhr:setup][0m patching "XMLHttpRequest" module...
[90m12:28:55:911[0m [34m[xhr:setup][0m native "XMLHttpRequest" module patched! XMLHttpRequest
[90m12:28:55:911[0m [34m[interceptor-source:setup][0m adding interceptor dispose subscription
[90m12:28:55:911[0m [34m[interceptor-source:setup][0m applying "FetchInterceptor" interceptor...
[90m12:28:55:911[0m [34m[fetch:apply][0m applying the interceptor...
[90m12:28:55:912[0m [34m[fetch:apply][0m no running instance found, setting up a new instance...
[90m12:28:55:912[0m [34m[interceptor-source:setup][0m adding interceptor dispose subscription
[90m12:28:55:912[0m [34m[interceptor-source:setup][0m applying "WebSocketInterceptor" interceptor...
[90m12:28:55:912[0m [34m[websocket:apply][0m applying the interceptor...
[90m12:28:55:913[0m [34m[websocket:apply][0m no running instance found, setting up a new instance...
[90m12:28:55:913[0m [34m[interceptor-source:setup][0m adding interceptor dispose subscription
[90m12:28:55:914[0m [34m[client-request-interceptor:on][0m adding "request" event listener: function () { [native code] }
[90m12:28:55:914[0m [34m[xhr:on][0m adding "request" event listener: function () { [native code] }
[90m12:28:55:914[0m [34m[fetch:on][0m adding "request" event listener: function () { [native code] }
[90m12:28:55:914[0m [34m[websocket:on][0m adding "request" event listener: function () { [native code] }
[90m12:28:55:915[0m [34m[client-request-interceptor:on][0m adding "response" event listener: function () { [native code] }
[90m12:28:55:915[0m [34m[xhr:on][0m adding "response" event listener: function () { [native code] }
[90m12:28:55:915[0m [34m[fetch:on][0m adding "response" event listener: function () { [native code] }
[90m12:28:55:915[0m [34m[websocket:on][0m adding "response" event listener: function () { [native code] }
[90m12:28:55:942[0m [34m[client-request-interceptor:on][0m adding "connection" event listener: function () { [native code] }
[90m12:28:55:943[0m [34m[xhr:on][0m adding "connection" event listener: function () { [native code] }
[90m12:28:55:943[0m [34m[fetch:on][0m adding "connection" event listener: function () { [native code] }
[90m12:28:55:943[0m [34m[websocket:on][0m adding "connection" event listener: function () { [native code] }
[90m12:28:55:968[0m [34m[interceptor-source:dispose][0m disposing the interceptor...
[90m12:28:55:968[0m [34m[interceptor-source:dispose][0m global symbol deleted: undefined
[90m12:28:55:968[0m [34m[interceptor-source:dispose][0m disposing of 4 subscriptions...
[90m12:28:55:968[0m [34m[client-request-interceptor:dispose][0m disposing the interceptor...
[90m12:28:55:968[0m [34m[client-request-interceptor:dispose][0m global symbol deleted: undefined
[90m12:28:55:968[0m [34m[client-request-interceptor:dispose][0m disposing of 1 subscriptions...
[90m12:28:55:969[0m [34m[client-request-interceptor:dispose][0m disposed of all subscriptions! 0
[90m12:28:55:969[0m [34m[client-request-interceptor:dispose][0m destroyed the listener!
[90m12:28:55:969[0m [34m[xhr:dispose][0m disposing the interceptor...
[90m12:28:55:969[0m [34m[xhr:dispose][0m global symbol deleted: undefined
[90m12:28:55:969[0m [34m[xhr:dispose][0m disposing of 1 subscriptions...
[90m12:28:55:969[0m [34m[xhr:setup][0m native "XMLHttpRequest" module restored! XMLHttpRequest
[90m12:28:55:969[0m [34m[xhr:dispose][0m disposed of all subscriptions! 0
[90m12:28:55:969[0m [34m[xhr:dispose][0m destroyed the listener!
[90m12:28:55:969[0m [34m[fetch:dispose][0m disposing the interceptor...
[90m12:28:55:969[0m [34m[fetch:dispose][0m global symbol deleted: undefined
[90m12:28:55:970[0m [34m[fetch:dispose][0m disposing of 1 subscriptions...
[90m12:28:55:970[0m [34m[fetch:dispose][0m disposed of all subscriptions! 0
[90m12:28:55:970[0m [34m[fetch:dispose][0m destroyed the listener!
[90m12:28:55:970[0m [34m[websocket:dispose][0m disposing the interceptor...
[90m12:28:55:970[0m [34m[websocket:dispose][0m global symbol deleted: undefined
[90m12:28:55:970[0m [34m[websocket:dispose][0m disposing of 1 subscriptions...
[90m12:28:55:970[0m [34m[websocket:dispose][0m disposed of all subscriptions! 0
[90m12:28:55:971[0m [34m[websocket:dispose][0m destroyed the listener!
[90m12:28:55:971[0m [34m[interceptor-source:dispose][0m disposed of all subscriptions! 0
[90m12:28:55:971[0m [34m[interceptor-source:dispose][0m destroyed the listener!
(node:7872) Warning: `--localstorage-file` was provided without a valid path
(Use `node --trace-warnings ...` to show where the warning was created)
(node:19056) Warning: `--localstorage-file` was provided without a valid path
(Use `node --trace-warnings ...` to show where the warning was created)
(node:16992) Warning: `--localstorage-file` was provided without a valid path
(Use `node --trace-warnings ...` to show where the warning was created)
[90m12:28:57:317[0m [34m[interceptor-source:apply][0m applying the interceptor...
[90m12:28:57:388[0m [34m[interceptor-source:apply][0m no running instance found, setting up a new instance...
[90m12:28:57:389[0m [34m[interceptor-source:setup][0m applying all 4 interceptors...
[90m12:28:57:390[0m [34m[interceptor-source:setup][0m applying "ClientRequestInterceptor" interceptor...
[90m12:28:57:390[0m [34m[client-request-interceptor:apply][0m applying the interceptor...
[90m12:28:57:390[0m [34m[client-request-interceptor:apply][0m no running instance found, setting up a new instance...
[90m12:28:57:391[0m [34m[interceptor-source:setup][0m adding interceptor dispose subscription
[90m12:28:57:391[0m [34m[interceptor-source:setup][0m applying "XMLHttpRequestInterceptor" interceptor...
[90m12:28:57:391[0m [34m[xhr:apply][0m applying the interceptor...
[90m12:28:57:392[0m [34m[xhr:apply][0m no running instance found, setting up a new instance...
[90m12:28:57:392[0m [34m[xhr:setup][0m patching "XMLHttpRequest" module...
[90m12:28:57:393[0m [34m[xhr:setup][0m native "XMLHttpRequest" module patched! XMLHttpRequest
[90m12:28:57:393[0m [34m[interceptor-source:setup][0m adding interceptor dispose subscription
[90m12:28:57:393[0m [34m[interceptor-source:setup][0m applying "FetchInterceptor" interceptor...
[90m12:28:57:394[0m [34m[fetch:apply][0m applying the interceptor...
[90m12:28:57:394[0m [34m[fetch:apply][0m no running instance found, setting up a new instance...
[90m12:28:57:394[0m [34m[interceptor-source:setup][0m adding interceptor dispose subscription
[90m12:28:57:394[0m [34m[interceptor-source:setup][0m applying "WebSocketInterceptor" interceptor...
[90m12:28:57:395[0m [34m[websocket:apply][0m applying the interceptor...
[90m12:28:57:395[0m [34m[websocket:apply][0m no running instance found, setting up a new instance...
[90m12:28:57:396[0m [34m[interceptor-source:setup][0m adding interceptor dispose subscription
[90m12:28:57:396[0m [34m[client-request-interceptor:on][0m adding "request" event listener: function () { [native code] }
[90m12:28:57:397[0m [34m[xhr:on][0m adding "request" event listener: function () { [native code] }
[90m12:28:57:397[0m [34m[fetch:on][0m adding "request" event listener: function () { [native code] }
[90m12:28:57:398[0m [34m[websocket:on][0m adding "request" event listener: function () { [native code] }
[90m12:28:57:398[0m [34m[client-request-interceptor:on][0m adding "response" event listener: function () { [native code] }
[90m12:28:57:399[0m [34m[xhr:on][0m adding "response" event listener: function () { [native code] }
[90m12:28:57:399[0m [34m[fetch:on][0m adding "response" event listener: function () { [native code] }
[90m12:28:57:399[0m [34m[websocket:on][0m adding "response" event listener: function () { [native code] }
[90m12:28:57:399[0m [34m[client-request-interceptor:on][0m adding "connection" event listener: function () { [native code] }
[90m12:28:57:399[0m [34m[xhr:on][0m adding "connection" event listener: function () { [native code] }
[90m12:28:57:400[0m [34m[fetch:on][0m adding "connection" event listener: function () { [native code] }
[90m12:28:57:400[0m [34m[websocket:on][0m adding "connection" event listener: function () { [native code] }
[90m12:28:57:422[0m [34m[interceptor-source:dispose][0m disposing the interceptor...
[90m12:28:57:423[0m [34m[interceptor-source:dispose][0m global symbol deleted: undefined
[90m12:28:57:423[0m [34m[interceptor-source:dispose][0m disposing of 4 subscriptions...
[90m12:28:57:423[0m [34m[client-request-interceptor:dispose][0m disposing the interceptor...
[90m12:28:57:423[0m [34m[client-request-interceptor:dispose][0m global symbol deleted: undefined
[90m12:28:57:423[0m [34m[client-request-interceptor:dispose][0m disposing of 1 subscriptions...
[90m12:28:57:424[0m [34m[client-request-interceptor:dispose][0m disposed of all subscriptions! 0
[90m12:28:57:424[0m [34m[client-request-interceptor:dispose][0m destroyed the listener!
[90m12:28:57:424[0m [34m[xhr:dispose][0m disposing the interceptor...
[90m12:28:57:424[0m [34m[xhr:dispose][0m global symbol deleted: undefined
[90m12:28:57:424[0m [34m[xhr:dispose][0m disposing of 1 subscriptions...
[90m12:28:57:424[0m [34m[xhr:setup][0m native "XMLHttpRequest" module restored! XMLHttpRequest
[90m12:28:57:424[0m [34m[xhr:dispose][0m disposed of all subscriptions! 0
[90m12:28:57:424[0m [34m[xhr:dispose][0m destroyed the listener!
[90m12:28:57:425[0m [34m[fetch:dispose][0m disposing the interceptor...
[90m12:28:57:425[0m [34m[fetch:dispose][0m global symbol deleted: undefined
[90m12:28:57:425[0m [34m[fetch:dispose][0m disposing of 1 subscriptions...
[90m12:28:57:425[0m [34m[fetch:dispose][0m disposed of all subscriptions! 0
[90m12:28:57:425[0m [34m[fetch:dispose][0m destroyed the listener!
[90m12:28:57:425[0m [34m[websocket:dispose][0m disposing the interceptor...
[90m12:28:57:425[0m [34m[websocket:dispose][0m global symbol deleted: undefined
[90m12:28:57:426[0m [34m[websocket:dispose][0m disposing of 1 subscriptions...
[90m12:28:57:426[0m [34m[websocket:dispose][0m disposed of all subscriptions! 0
[90m12:28:57:426[0m [34m[websocket:dispose][0m destroyed the listener!
[90m12:28:57:426[0m [34m[interceptor-source:dispose][0m disposed of all subscriptions! 0
[90m12:28:57:426[0m [34m[interceptor-source:dispose][0m destroyed the listener!
[90m12:28:57:679[0m [34m[interceptor-source:apply][0m applying the interceptor...
[90m12:28:57:741[0m [34m[interceptor-source:apply][0m no running instance found, setting up a new instance...
[90m12:28:57:741[0m [34m[interceptor-source:setup][0m applying all 4 interceptors...
[90m12:28:57:742[0m [34m[interceptor-source:setup][0m applying "ClientRequestInterceptor" interceptor...
[90m12:28:57:742[0m [34m[client-request-interceptor:apply][0m applying the interceptor...
[90m12:28:57:742[0m [34m[client-request-interceptor:apply][0m no running instance found, setting up a new instance...
[90m12:28:57:743[0m [34m[interceptor-source:setup][0m adding interceptor dispose subscription
[90m12:28:57:744[0m [34m[interceptor-source:setup][0m applying "XMLHttpRequestInterceptor" interceptor...
[90m12:28:57:744[0m [34m[xhr:apply][0m applying the interceptor...
[90m12:28:57:751[0m [34m[xhr:apply][0m no running instance found, setting up a new instance...
[90m12:28:57:752[0m [34m[xhr:setup][0m patching "XMLHttpRequest" module...
[90m12:28:57:752[0m [34m[xhr:setup][0m native "XMLHttpRequest" module patched! XMLHttpRequest
[90m12:28:57:753[0m [34m[interceptor-source:setup][0m adding interceptor dispose subscription
[90m12:28:57:753[0m [34m[interceptor-source:setup][0m applying "FetchInterceptor" interceptor...
[90m12:28:57:753[0m [34m[fetch:apply][0m applying the interceptor...
[90m12:28:57:753[0m [34m[fetch:apply][0m no running instance found, setting up a new instance...
[90m12:28:57:755[0m [34m[interceptor-source:setup][0m adding interceptor dispose subscription
[90m12:28:57:755[0m [34m[interceptor-source:setup][0m applying "WebSocketInterceptor" interceptor...
[90m12:28:57:755[0m [34m[websocket:apply][0m applying the interceptor...
[90m12:28:57:756[0m [34m[websocket:apply][0m no running instance found, setting up a new instance...
[90m12:28:57:756[0m [34m[interceptor-source:setup][0m adding interceptor dispose subscription
[90m12:28:57:757[0m [34m[client-request-interceptor:on][0m adding "request" event listener: function () { [native code] }
[90m12:28:57:758[0m [34m[xhr:on][0m adding "request" event listener: function () { [native code] }
[90m12:28:57:758[0m [34m[fetch:on][0m adding "request" event listener: function () { [native code] }
[90m12:28:57:758[0m [34m[websocket:on][0m adding "request" event listener: function () { [native code] }
[90m12:28:57:758[0m [34m[client-request-interceptor:on][0m adding "response" event listener: function () { [native code] }
[90m12:28:57:759[0m [34m[xhr:on][0m adding "response" event listener: function () { [native code] }
[90m12:28:57:759[0m [34m[fetch:on][0m adding "response" event listener: function () { [native code] }
[90m12:28:57:759[0m [34m[websocket:on][0m adding "response" event listener: function () { [native code] }
[90m12:28:57:759[0m [34m[client-request-interceptor:on][0m adding "connection" event listener: function () { [native code] }
[90m12:28:57:760[0m [34m[xhr:on][0m adding "connection" event listener: function () { [native code] }
[90m12:28:57:760[0m [34m[fetch:on][0m adding "connection" event listener: function () { [native code] }
[90m12:28:57:760[0m [34m[websocket:on][0m adding "connection" event listener: function () { [native code] }
[90m12:28:57:793[0m [34m[interceptor-source:dispose][0m disposing the interceptor...
[90m12:28:57:793[0m [34m[interceptor-source:dispose][0m global symbol deleted: undefined
[90m12:28:57:793[0m [34m[interceptor-source:dispose][0m disposing of 4 subscriptions...
[90m12:28:57:793[0m [34m[client-request-interceptor:dispose][0m disposing the interceptor...
[90m12:28:57:794[0m [34m[client-request-interceptor:dispose][0m global symbol deleted: undefined
[90m12:28:57:807[0m [34m[client-request-interceptor:dispose][0m disposing of 1 subscriptions...
[90m12:28:57:808[0m [34m[client-request-interceptor:dispose][0m disposed of all subscriptions! 0
[90m12:28:57:808[0m [34m[client-request-interceptor:dispose][0m destroyed the listener!
[90m12:28:57:808[0m [34m[xhr:dispose][0m disposing the interceptor...
[90m12:28:57:808[0m [34m[xhr:dispose][0m global symbol deleted: undefined
[90m12:28:57:808[0m [34m[xhr:dispose][0m disposing of 1 subscriptions...
[90m12:28:57:809[0m [34m[xhr:setup][0m native "XMLHttpRequest" module restored! XMLHttpRequest
[90m12:28:57:809[0m [34m[xhr:dispose][0m disposed of all subscriptions! 0
[90m12:28:57:809[0m [34m[xhr:dispose][0m destroyed the listener!
[90m12:28:57:809[0m [34m[fetch:dispose][0m disposing the interceptor...
[90m12:28:57:809[0m [34m[fetch:dispose][0m global symbol deleted: undefined
[90m12:28:57:809[0m [34m[fetch:dispose][0m disposing of 1 subscriptions...
[90m12:28:57:810[0m [34m[fetch:dispose][0m disposed of all subscriptions! 0
[90m12:28:57:810[0m [34m[fetch:dispose][0m destroyed the listener!
[90m12:28:57:810[0m [34m[websocket:dispose][0m disposing the interceptor...
[90m12:28:57:810[0m [34m[websocket:dispose][0m global symbol deleted: undefined
[90m12:28:57:810[0m [34m[websocket:dispose][0m disposing of 1 subscriptions...
[90m12:28:57:810[0m [34m[websocket:dispose][0m disposed of all subscriptions! 0
[90m12:28:57:810[0m [34m[websocket:dispose][0m destroyed the listener!
[90m12:28:57:811[0m [34m[interceptor-source:dispose][0m disposed of all subscriptions! 0
[90m12:28:57:811[0m [34m[interceptor-source:dispose][0m destroyed the listener!
[90m12:28:58:123[0m [34m[interceptor-source:apply][0m applying the interceptor...
[90m12:28:58:208[0m [34m[interceptor-source:apply][0m no running instance found, setting up a new instance...
[90m12:28:58:208[0m [34m[interceptor-source:setup][0m applying all 4 interceptors...
[90m12:28:58:209[0m [34m[interceptor-source:setup][0m applying "ClientRequestInterceptor" interceptor...
[90m12:28:58:209[0m [34m[client-request-interceptor:apply][0m applying the interceptor...
[90m12:28:58:209[0m [34m[client-request-interceptor:apply][0m no running instance found, setting up a new instance...
[90m12:28:58:210[0m [34m[interceptor-source:setup][0m adding interceptor dispose subscription
[90m12:28:58:211[0m [34m[interceptor-source:setup][0m applying "XMLHttpRequestInterceptor" interceptor...
[90m12:28:58:211[0m [34m[xhr:apply][0m applying the interceptor...
[90m12:28:58:211[0m [34m[xhr:apply][0m no running instance found, setting up a new instance...
[90m12:28:58:212[0m [34m[xhr:setup][0m patching "XMLHttpRequest" module...
[90m12:28:58:212[0m [34m[xhr:setup][0m native "XMLHttpRequest" module patched! XMLHttpRequest
[90m12:28:58:212[0m [34m[interceptor-source:setup][0m adding interceptor dispose subscription
[90m12:28:58:212[0m [34m[interceptor-source:setup][0m applying "FetchInterceptor" interceptor...
[90m12:28:58:212[0m [34m[fetch:apply][0m applying the interceptor...
[90m12:28:58:213[0m [34m[fetch:apply][0m no running instance found, setting up a new instance...
[90m12:28:58:213[0m [34m[interceptor-source:setup][0m adding interceptor dispose subscription
[90m12:28:58:213[0m [34m[interceptor-source:setup][0m applying "WebSocketInterceptor" interceptor...
[90m12:28:58:214[0m [34m[websocket:apply][0m applying the interceptor...
[90m12:28:58:214[0m [34m[websocket:apply][0m no running instance found, setting up a new instance...
[90m12:28:58:215[0m [34m[interceptor-source:setup][0m adding interceptor dispose subscription
[90m12:28:58:215[0m [34m[client-request-interceptor:on][0m adding "request" event listener: function () { [native code] }
[90m12:28:58:216[0m [34m[xhr:on][0m adding "request" event listener: function () { [native code] }
[90m12:28:58:216[0m [34m[fetch:on][0m adding "request" event listener: function () { [native code] }
[90m12:28:58:216[0m [34m[websocket:on][0m adding "request" event listener: function () { [native code] }
[90m12:28:58:217[0m [34m[client-request-interceptor:on][0m adding "response" event listener: function () { [native code] }
[90m12:28:58:217[0m [34m[xhr:on][0m adding "response" event listener: function () { [native code] }
[90m12:28:58:217[0m [34m[fetch:on][0m adding "response" event listener: function () { [native code] }
[90m12:28:58:217[0m [34m[websocket:on][0m adding "response" event listener: function () { [native code] }
[90m12:28:58:238[0m [34m[client-request-interceptor:on][0m adding "connection" event listener: function () { [native code] }
[90m12:28:58:238[0m [34m[xhr:on][0m adding "connection" event listener: function () { [native code] }
[90m12:28:58:238[0m [34m[fetch:on][0m adding "connection" event listener: function () { [native code] }
[90m12:28:58:238[0m [34m[websocket:on][0m adding "connection" event listener: function () { [native code] }
[90m12:28:58:266[0m [34m[interceptor-source:dispose][0m disposing the interceptor...
[90m12:28:58:267[0m [34m[interceptor-source:dispose][0m global symbol deleted: undefined
[90m12:28:58:267[0m [34m[interceptor-source:dispose][0m disposing of 4 subscriptions...
[90m12:28:58:267[0m [34m[client-request-interceptor:dispose][0m disposing the interceptor...
[90m12:28:58:267[0m [34m[client-request-interceptor:dispose][0m global symbol deleted: undefined
[90m12:28:58:267[0m [34m[client-request-interceptor:dispose][0m disposing of 1 subscriptions...
[90m12:28:58:268[0m [34m[client-request-interceptor:dispose][0m disposed of all subscriptions! 0
[90m12:28:58:268[0m [34m[client-request-interceptor:dispose][0m destroyed the listener!
[90m12:28:58:268[0m [34m[xhr:dispose][0m disposing the interceptor...
[90m12:28:58:268[0m [34m[xhr:dispose][0m global symbol deleted: undefined
[90m12:28:58:268[0m [34m[xhr:dispose][0m disposing of 1 subscriptions...
[90m12:28:58:268[0m [34m[xhr:setup][0m native "XMLHttpRequest" module restored! XMLHttpRequest
[90m12:28:58:268[0m [34m[xhr:dispose][0m disposed of all subscriptions! 0
[90m12:28:58:268[0m [34m[xhr:dispose][0m destroyed the listener!
[90m12:28:58:269[0m [34m[fetch:dispose][0m disposing the interceptor...
[90m12:28:58:269[0m [34m[fetch:dispose][0m global symbol deleted: undefined
[90m12:28:58:269[0m [34m[fetch:dispose][0m disposing of 1 subscriptions...
[90m12:28:58:269[0m [34m[fetch:dispose][0m disposed of all subscriptions! 0
[90m12:28:58:269[0m [34m[fetch:dispose][0m destroyed the listener!
[90m12:28:58:269[0m [34m[websocket:dispose][0m disposing the interceptor...
[90m12:28:58:269[0m [34m[websocket:dispose][0m global symbol deleted: undefined
[90m12:28:58:270[0m [34m[websocket:dispose][0m disposing of 1 subscriptions...
[90m12:28:58:270[0m [34m[websocket:dispose][0m disposed of all subscriptions! 0
[90m12:28:58:270[0m [34m[websocket:dispose][0m destroyed the listener!
[90m12:28:58:270[0m [34m[interceptor-source:dispose][0m disposed of all subscriptions! 0
[90m12:28:58:270[0m [34m[interceptor-source:dispose][0m destroyed the listener!
(node:5760) Warning: `--localstorage-file` was provided without a valid path
(Use `node --trace-warnings ...` to show where the warning was created)
[90m12:28:58:485[0m [34m[interceptor-source:apply][0m applying the interceptor...
[90m12:28:58:557[0m [34m[interceptor-source:apply][0m no running instance found, setting up a new instance...
[90m12:28:58:557[0m [34m[interceptor-source:setup][0m applying all 4 interceptors...
[90m12:28:58:558[0m [34m[interceptor-source:setup][0m applying "ClientRequestInterceptor" interceptor...
[90m12:28:58:558[0m [34m[client-request-interceptor:apply][0m applying the interceptor...
[90m12:28:58:558[0m [34m[client-request-interceptor:apply][0m no running instance found, setting up a new instance...
[90m12:28:58:559[0m [34m[interceptor-source:setup][0m adding interceptor dispose subscription
[90m12:28:58:560[0m [34m[interceptor-source:setup][0m applying "XMLHttpRequestInterceptor" interceptor...
[90m12:28:58:560[0m [34m[xhr:apply][0m applying the interceptor...
[90m12:28:58:561[0m [34m[xhr:apply][0m no running instance found, setting up a new instance...
[90m12:28:58:562[0m [34m[xhr:setup][0m patching "XMLHttpRequest" module...
[90m12:28:58:562[0m [34m[xhr:setup][0m native "XMLHttpRequest" module patched! XMLHttpRequest
[90m12:28:58:562[0m [34m[interceptor-source:setup][0m adding interceptor dispose subscription
[90m12:28:58:562[0m [34m[interceptor-source:setup][0m applying "FetchInterceptor" interceptor...
[90m12:28:58:562[0m [34m[fetch:apply][0m applying the interceptor...
[90m12:28:58:563[0m [34m[fetch:apply][0m no running instance found, setting up a new instance...
[90m12:28:58:563[0m [34m[interceptor-source:setup][0m adding interceptor dispose subscription
[90m12:28:58:563[0m [34m[interceptor-source:setup][0m applying "WebSocketInterceptor" interceptor...
[90m12:28:58:564[0m [34m[websocket:apply][0m applying the interceptor...
[90m12:28:58:564[0m [34m[websocket:apply][0m no running instance found, setting up a new instance...
[90m12:28:58:565[0m [34m[interceptor-source:setup][0m adding interceptor dispose subscription
[90m12:28:58:565[0m [34m[client-request-interceptor:on][0m adding "request" event listener: function () { [native code] }
[90m12:28:58:566[0m [34m[xhr:on][0m adding "request" event listener: function () { [native code] }
[90m12:28:58:567[0m [34m[fetch:on][0m adding "request" event listener: function () { [native code] }
[90m12:28:58:567[0m [34m[websocket:on][0m adding "request" event listener: function () { [native code] }
[90m12:28:58:567[0m [34m[client-request-interceptor:on][0m adding "response" event listener: function () { [native code] }
[90m12:28:58:567[0m [34m[xhr:on][0m adding "response" event listener: function () { [native code] }
[90m12:28:58:567[0m [34m[fetch:on][0m adding "response" event listener: function () { [native code] }
[90m12:28:58:567[0m [34m[websocket:on][0m adding "response" event listener: function () { [native code] }
[90m12:28:58:592[0m [34m[client-request-interceptor:on][0m adding "connection" event listener: function () { [native code] }
[90m12:28:58:592[0m [34m[xhr:on][0m adding "connection" event listener: function () { [native code] }
[90m12:28:58:592[0m [34m[fetch:on][0m adding "connection" event listener: function () { [native code] }
[90m12:28:58:593[0m [34m[websocket:on][0m adding "connection" event listener: function () { [native code] }
[90m12:28:58:678[0m [34m[interceptor-source:dispose][0m disposing the interceptor...
[90m12:28:58:678[0m [34m[interceptor-source:dispose][0m global symbol deleted: undefined
[90m12:28:58:679[0m [34m[interceptor-source:dispose][0m disposing of 4 subscriptions...
[90m12:28:58:679[0m [34m[client-request-interceptor:dispose][0m disposing the interceptor...
[90m12:28:58:679[0m [34m[client-request-interceptor:dispose][0m global symbol deleted: undefined
[90m12:28:58:679[0m [34m[client-request-interceptor:dispose][0m disposing of 1 subscriptions...
[90m12:28:58:679[0m [34m[client-request-interceptor:dispose][0m disposed of all subscriptions! 0
[90m12:28:58:679[0m [34m[client-request-interceptor:dispose][0m destroyed the listener!
[90m12:28:58:679[0m [34m[xhr:dispose][0m disposing the interceptor...
[90m12:28:58:680[0m [34m[xhr:dispose][0m global symbol deleted: undefined
[90m12:28:58:680[0m [34m[xhr:dispose][0m disposing of 1 subscriptions...
[90m12:28:58:680[0m [34m[xhr:setup][0m native "XMLHttpRequest" module restored! XMLHttpRequest
[90m12:28:58:680[0m [34m[xhr:dispose][0m disposed of all subscriptions! 0
[90m12:28:58:680[0m [34m[xhr:dispose][0m destroyed the listener!
[90m12:28:58:680[0m [34m[fetch:dispose][0m disposing the interceptor...
[90m12:28:58:680[0m [34m[fetch:dispose][0m global symbol deleted: undefined
[90m12:28:58:680[0m [34m[fetch:dispose][0m disposing of 1 subscriptions...
[90m12:28:58:680[0m [34m[fetch:dispose][0m disposed of all subscriptions! 0
[90m12:28:58:680[0m [34m[fetch:dispose][0m destroyed the listener!
[90m12:28:58:681[0m [34m[websocket:dispose][0m disposing the interceptor...
[90m12:28:58:681[0m [34m[websocket:dispose][0m global symbol deleted: undefined
[90m12:28:58:681[0m [34m[websocket:dispose][0m disposing of 1 subscriptions...
[90m12:28:58:681[0m [34m[websocket:dispose][0m disposed of all subscriptions! 0
[90m12:28:58:682[0m [34m[websocket:dispose][0m destroyed the listener!
[90m12:28:58:682[0m [34m[interceptor-source:dispose][0m disposed of all subscriptions! 0
[90m12:28:58:682[0m [34m[interceptor-source:dispose][0m destroyed the listener!
stdout | tests/unit/dal/user.dal.test.ts
◇ injected env (110) from .env.local // tip: ⌘ enable debugging { debug: true }

 ❯ tests/unit/dal/user.dal.test.ts (27 tests | 9 failed) 216ms
       × returns undefined on transaction failure 16ms
       × updates existing profile 3ms
       × creates new profile when none exists 2ms
       × toggles isAdmin from false to true 2ms
       × toggles isAdmin from true to false 2ms
       × returns undefined when user not found 2ms
       × toggles isActive from false to true 5ms
       × toggles isActive from true to false 2ms
       × returns undefined when user not found 2ms
[90m12:28:58:755[0m [34m[interceptor-source:apply][0m applying the interceptor...
[90m12:28:58:824[0m [34m[interceptor-source:apply][0m no running instance found, setting up a new instance...
[90m12:28:58:824[0m [34m[interceptor-source:setup][0m applying all 4 interceptors...
[90m12:28:58:825[0m [34m[interceptor-source:setup][0m applying "ClientRequestInterceptor" interceptor...
[90m12:28:58:826[0m [34m[client-request-interceptor:apply][0m applying the interceptor...
[90m12:28:58:826[0m [34m[client-request-interceptor:apply][0m no running instance found, setting up a new instance...
[90m12:28:58:827[0m [34m[interceptor-source:setup][0m adding interceptor dispose subscription
[90m12:28:58:827[0m [34m[interceptor-source:setup][0m applying "XMLHttpRequestInterceptor" interceptor...
[90m12:28:58:828[0m [34m[xhr:apply][0m applying the interceptor...
[90m12:28:58:828[0m [34m[xhr:apply][0m no running instance found, setting up a new instance...
[90m12:28:58:839[0m [34m[xhr:setup][0m patching "XMLHttpRequest" module...
[90m12:28:58:839[0m [34m[xhr:setup][0m native "XMLHttpRequest" module patched! XMLHttpRequest
[90m12:28:58:840[0m [34m[interceptor-source:setup][0m adding interceptor dispose subscription
[90m12:28:58:840[0m [34m[interceptor-source:setup][0m applying "FetchInterceptor" interceptor...
[90m12:28:58:840[0m [34m[fetch:apply][0m applying the interceptor...
[90m12:28:58:840[0m [34m[fetch:apply][0m no running instance found, setting up a new instance...
[90m12:28:58:840[0m [34m[interceptor-source:setup][0m adding interceptor dispose subscription
[90m12:28:58:840[0m [34m[interceptor-source:setup][0m applying "WebSocketInterceptor" interceptor...
[90m12:28:58:841[0m [34m[websocket:apply][0m applying the interceptor...
[90m12:28:58:841[0m [34m[websocket:apply][0m no running instance found, setting up a new instance...
[90m12:28:58:841[0m [34m[interceptor-source:setup][0m adding interceptor dispose subscription
[90m12:28:58:842[0m [34m[client-request-interceptor:on][0m adding "request" event listener: function () { [native code] }
[90m12:28:58:842[0m [34m[xhr:on][0m adding "request" event listener: function () { [native code] }
[90m12:28:58:843[0m [34m[fetch:on][0m adding "request" event listener: function () { [native code] }
[90m12:28:58:843[0m [34m[websocket:on][0m adding "request" event listener: function () { [native code] }
[90m12:28:58:843[0m [34m[client-request-interceptor:on][0m adding "response" event listener: function () { [native code] }
[90m12:28:58:843[0m [34m[xhr:on][0m adding "response" event listener: function () { [native code] }
[90m12:28:58:843[0m [34m[fetch:on][0m adding "response" event listener: function () { [native code] }
[90m12:28:58:843[0m [34m[websocket:on][0m adding "response" event listener: function () { [native code] }
[90m12:28:58:843[0m [34m[client-request-interceptor:on][0m adding "connection" event listener: function () { [native code] }
[90m12:28:58:843[0m [34m[xhr:on][0m adding "connection" event listener: function () { [native code] }
[90m12:28:58:844[0m [34m[fetch:on][0m adding "connection" event listener: function () { [native code] }
[90m12:28:58:844[0m [34m[websocket:on][0m adding "connection" event listener: function () { [native code] }
[90m12:28:58:864[0m [34m[interceptor-source:dispose][0m disposing the interceptor...
[90m12:28:58:864[0m [34m[interceptor-source:dispose][0m global symbol deleted: undefined
[90m12:28:58:864[0m [34m[interceptor-source:dispose][0m disposing of 4 subscriptions...
[90m12:28:58:865[0m [34m[client-request-interceptor:dispose][0m disposing the interceptor...
[90m12:28:58:865[0m [34m[client-request-interceptor:dispose][0m global symbol deleted: undefined
[90m12:28:58:865[0m [34m[client-request-interceptor:dispose][0m disposing of 1 subscriptions...
[90m12:28:58:866[0m [34m[client-request-interceptor:dispose][0m disposed of all subscriptions! 0
[90m12:28:58:866[0m [34m[client-request-interceptor:dispose][0m destroyed the listener!
[90m12:28:58:867[0m [34m[xhr:dispose][0m disposing the interceptor...
[90m12:28:58:867[0m [34m[xhr:dispose][0m global symbol deleted: undefined
[90m12:28:58:867[0m [34m[xhr:dispose][0m disposing of 1 subscriptions...
[90m12:28:58:867[0m [34m[xhr:setup][0m native "XMLHttpRequest" module restored! XMLHttpRequest
[90m12:28:58:867[0m [34m[xhr:dispose][0m disposed of all subscriptions! 0
[90m12:28:58:867[0m [34m[xhr:dispose][0m destroyed the listener!
[90m12:28:58:867[0m [34m[fetch:dispose][0m disposing the interceptor...
[90m12:28:58:867[0m [34m[fetch:dispose][0m global symbol deleted: undefined
[90m12:28:58:867[0m [34m[fetch:dispose][0m disposing of 1 subscriptions...
[90m12:28:58:868[0m [34m[fetch:dispose][0m disposed of all subscriptions! 0
[90m12:28:58:868[0m [34m[fetch:dispose][0m destroyed the listener!
[90m12:28:58:868[0m [34m[websocket:dispose][0m disposing the interceptor...
[90m12:28:58:868[0m [34m[websocket:dispose][0m global symbol deleted: undefined
[90m12:28:58:868[0m [34m[websocket:dispose][0m disposing of 1 subscriptions...
[90m12:28:58:868[0m [34m[websocket:dispose][0m disposed of all subscriptions! 0
[90m12:28:58:869[0m [34m[websocket:dispose][0m destroyed the listener!
[90m12:28:58:869[0m [34m[interceptor-source:dispose][0m disposed of all subscriptions! 0
[90m12:28:58:869[0m [34m[interceptor-source:dispose][0m destroyed the listener!
(node:3580) Warning: `--localstorage-file` was provided without a valid path
(Use `node --trace-warnings ...` to show where the warning was created)
[90m12:28:59:431[0m [34m[interceptor-source:apply][0m applying the interceptor...
[90m12:28:59:492[0m [34m[interceptor-source:apply][0m no running instance found, setting up a new instance...
[90m12:28:59:492[0m [34m[interceptor-source:setup][0m applying all 4 interceptors...
[90m12:28:59:493[0m [34m[interceptor-source:setup][0m applying "ClientRequestInterceptor" interceptor...
[90m12:28:59:493[0m [34m[client-request-interceptor:apply][0m applying the interceptor...
[90m12:28:59:494[0m [34m[client-request-interceptor:apply][0m no running instance found, setting up a new instance...
[90m12:28:59:495[0m [34m[interceptor-source:setup][0m adding interceptor dispose subscription
[90m12:28:59:497[0m [34m[interceptor-source:setup][0m applying "XMLHttpRequestInterceptor" interceptor...
[90m12:28:59:498[0m [34m[xhr:apply][0m applying the interceptor...
[90m12:28:59:498[0m [34m[xhr:apply][0m no running instance found, setting up a new instance...
[90m12:28:59:499[0m [34m[xhr:setup][0m patching "XMLHttpRequest" module...
[90m12:28:59:499[0m [34m[xhr:setup][0m native "XMLHttpRequest" module patched! XMLHttpRequest
[90m12:28:59:499[0m [34m[interceptor-source:setup][0m adding interceptor dispose subscription
[90m12:28:59:499[0m [34m[interceptor-source:setup][0m applying "FetchInterceptor" interceptor...
[90m12:28:59:499[0m [34m[fetch:apply][0m applying the interceptor...
[90m12:28:59:500[0m [34m[fetch:apply][0m no running instance found, setting up a new instance...
[90m12:28:59:500[0m [34m[interceptor-source:setup][0m adding interceptor dispose subscription
[90m12:28:59:500[0m [34m[interceptor-source:setup][0m applying "WebSocketInterceptor" interceptor...
[90m12:28:59:501[0m [34m[websocket:apply][0m applying the interceptor...
[90m12:28:59:501[0m [34m[websocket:apply][0m no running instance found, setting up a new instance...
[90m12:28:59:501[0m [34m[interceptor-source:setup][0m adding interceptor dispose subscription
[90m12:28:59:502[0m [34m[client-request-interceptor:on][0m adding "request" event listener: function () { [native code] }
[90m12:28:59:503[0m [34m[xhr:on][0m adding "request" event listener: function () { [native code] }
[90m12:28:59:503[0m [34m[fetch:on][0m adding "request" event listener: function () { [native code] }
[90m12:28:59:503[0m [34m[websocket:on][0m adding "request" event listener: function () { [native code] }
[90m12:28:59:503[0m [34m[client-request-interceptor:on][0m adding "response" event listener: function () { [native code] }
[90m12:28:59:503[0m [34m[xhr:on][0m adding "response" event listener: function () { [native code] }
[90m12:28:59:504[0m [34m[fetch:on][0m adding "response" event listener: function () { [native code] }
[90m12:28:59:504[0m [34m[websocket:on][0m adding "response" event listener: function () { [native code] }
[90m12:28:59:504[0m [34m[client-request-interceptor:on][0m adding "connection" event listener: function () { [native code] }
[90m12:28:59:504[0m [34m[xhr:on][0m adding "connection" event listener: function () { [native code] }
[90m12:28:59:504[0m [34m[fetch:on][0m adding "connection" event listener: function () { [native code] }
[90m12:28:59:504[0m [34m[websocket:on][0m adding "connection" event listener: function () { [native code] }
[90m12:28:59:544[0m [34m[interceptor-source:dispose][0m disposing the interceptor...
[90m12:28:59:545[0m [34m[interceptor-source:dispose][0m global symbol deleted: undefined
[90m12:28:59:545[0m [34m[interceptor-source:dispose][0m disposing of 4 subscriptions...
[90m12:28:59:545[0m [34m[client-request-interceptor:dispose][0m disposing the interceptor...
[90m12:28:59:546[0m [34m[client-request-interceptor:dispose][0m global symbol deleted: undefined
[90m12:28:59:546[0m [34m[client-request-interceptor:dispose][0m disposing of 1 subscriptions...
[90m12:28:59:547[0m [34m[client-request-interceptor:dispose][0m disposed of all subscriptions! 0
[90m12:28:59:547[0m [34m[client-request-interceptor:dispose][0m destroyed the listener!
[90m12:28:59:547[0m [34m[xhr:dispose][0m disposing the interceptor...
[90m12:28:59:547[0m [34m[xhr:dispose][0m global symbol deleted: undefined
[90m12:28:59:547[0m [34m[xhr:dispose][0m disposing of 1 subscriptions...
[90m12:28:59:547[0m [34m[xhr:setup][0m native "XMLHttpRequest" module restored! XMLHttpRequest
[90m12:28:59:548[0m [34m[xhr:dispose][0m disposed of all subscriptions! 0
[90m12:28:59:548[0m [34m[xhr:dispose][0m destroyed the listener!
[90m12:28:59:548[0m [34m[fetch:dispose][0m disposing the interceptor...
[90m12:28:59:550[0m [34m[fetch:dispose][0m global symbol deleted: undefined
[90m12:28:59:550[0m [34m[fetch:dispose][0m disposing of 1 subscriptions...
[90m12:28:59:550[0m [34m[fetch:dispose][0m disposed of all subscriptions! 0
[90m12:28:59:551[0m [34m[fetch:dispose][0m destroyed the listener!
[90m12:28:59:551[0m [34m[websocket:dispose][0m disposing the interceptor...
[90m12:28:59:551[0m [34m[websocket:dispose][0m global symbol deleted: undefined
[90m12:28:59:551[0m [34m[websocket:dispose][0m disposing of 1 subscriptions...
[90m12:28:59:551[0m [34m[websocket:dispose][0m disposed of all subscriptions! 0
[90m12:28:59:551[0m [34m[websocket:dispose][0m destroyed the listener!
[90m12:28:59:551[0m [34m[interceptor-source:dispose][0m disposed of all subscriptions! 0
[90m12:28:59:552[0m [34m[interceptor-source:dispose][0m destroyed the listener!
(node:3736) Warning: `--localstorage-file` was provided without a valid path
(Use `node --trace-warnings ...` to show where the warning was created)
(node:9148) Warning: `--localstorage-file` was provided without a valid path
(Use `node --trace-warnings ...` to show where the warning was created)
[90m12:29:00:790[0m [34m[interceptor-source:apply][0m applying the interceptor...
[90m12:29:00:858[0m [34m[interceptor-source:apply][0m no running instance found, setting up a new instance...
[90m12:29:00:859[0m [34m[interceptor-source:setup][0m applying all 4 interceptors...
[90m12:29:00:859[0m [34m[interceptor-source:setup][0m applying "ClientRequestInterceptor" interceptor...
[90m12:29:00:861[0m [34m[client-request-interceptor:apply][0m applying the interceptor...
[90m12:29:00:862[0m [34m[client-request-interceptor:apply][0m no running instance found, setting up a new instance...
[90m12:29:00:863[0m [34m[interceptor-source:setup][0m adding interceptor dispose subscription
[90m12:29:00:863[0m [34m[interceptor-source:setup][0m applying "XMLHttpRequestInterceptor" interceptor...
[90m12:29:00:863[0m [34m[xhr:apply][0m applying the interceptor...
[90m12:29:00:864[0m [34m[xhr:apply][0m no running instance found, setting up a new instance...
[90m12:29:00:865[0m [34m[xhr:setup][0m patching "XMLHttpRequest" module...
[90m12:29:00:865[0m [34m[xhr:setup][0m native "XMLHttpRequest" module patched! XMLHttpRequest
[90m12:29:00:865[0m [34m[interceptor-source:setup][0m adding interceptor dispose subscription
[90m12:29:00:866[0m [34m[interceptor-source:setup][0m applying "FetchInterceptor" interceptor...
[90m12:29:00:866[0m [34m[fetch:apply][0m applying the interceptor...
[90m12:29:00:866[0m [34m[fetch:apply][0m no running instance found, setting up a new instance...
[90m12:29:00:866[0m [34m[interceptor-source:setup][0m adding interceptor dispose subscription
[90m12:29:00:866[0m [34m[interceptor-source:setup][0m applying "WebSocketInterceptor" interceptor...
[90m12:29:00:867[0m [34m[websocket:apply][0m applying the interceptor...
[90m12:29:00:867[0m [34m[websocket:apply][0m no running instance found, setting up a new instance...
[90m12:29:00:868[0m [34m[interceptor-source:setup][0m adding interceptor dispose subscription
[90m12:29:00:869[0m [34m[client-request-interceptor:on][0m adding "request" event listener: function () { [native code] }
[90m12:29:00:871[0m [34m[xhr:on][0m adding "request" event listener: function () { [native code] }
[90m12:29:00:871[0m [34m[fetch:on][0m adding "request" event listener: function () { [native code] }
[90m12:29:00:872[0m [34m[websocket:on][0m adding "request" event listener: function () { [native code] }
[90m12:29:00:872[0m [34m[client-request-interceptor:on][0m adding "response" event listener: function () { [native code] }
[90m12:29:00:872[0m [34m[xhr:on][0m adding "response" event listener: function () { [native code] }
[90m12:29:00:872[0m [34m[fetch:on][0m adding "response" event listener: function () { [native code] }
[90m12:29:00:872[0m [34m[websocket:on][0m adding "response" event listener: function () { [native code] }
[90m12:29:00:872[0m [34m[client-request-interceptor:on][0m adding "connection" event listener: function () { [native code] }
[90m12:29:00:873[0m [34m[xhr:on][0m adding "connection" event listener: function () { [native code] }
[90m12:29:00:873[0m [34m[fetch:on][0m adding "connection" event listener: function () { [native code] }
[90m12:29:00:873[0m [34m[websocket:on][0m adding "connection" event listener: function () { [native code] }
[90m12:29:00:892[0m [34m[interceptor-source:dispose][0m disposing the interceptor...
[90m12:29:00:892[0m [34m[interceptor-source:dispose][0m global symbol deleted: undefined
[90m12:29:00:892[0m [34m[interceptor-source:dispose][0m disposing of 4 subscriptions...
[90m12:29:00:893[0m [34m[client-request-interceptor:dispose][0m disposing the interceptor...
[90m12:29:00:893[0m [34m[client-request-interceptor:dispose][0m global symbol deleted: undefined
[90m12:29:00:893[0m [34m[client-request-interceptor:dispose][0m disposing of 1 subscriptions...
[90m12:29:00:893[0m [34m[client-request-interceptor:dispose][0m disposed of all subscriptions! 0
[90m12:29:00:893[0m [34m[client-request-interceptor:dispose][0m destroyed the listener!
[90m12:29:00:894[0m [34m[xhr:dispose][0m disposing the interceptor...
[90m12:29:00:894[0m [34m[xhr:dispose][0m global symbol deleted: undefined
[90m12:29:00:894[0m [34m[xhr:dispose][0m disposing of 1 subscriptions...
[90m12:29:00:894[0m [34m[xhr:setup][0m native "XMLHttpRequest" module restored! XMLHttpRequest
[90m12:29:00:894[0m [34m[xhr:dispose][0m disposed of all subscriptions! 0
[90m12:29:00:894[0m [34m[xhr:dispose][0m destroyed the listener!
[90m12:29:00:894[0m [34m[fetch:dispose][0m disposing the interceptor...
[90m12:29:00:894[0m [34m[fetch:dispose][0m global symbol deleted: undefined
[90m12:29:00:894[0m [34m[fetch:dispose][0m disposing of 1 subscriptions...
[90m12:29:00:894[0m [34m[fetch:dispose][0m disposed of all subscriptions! 0
[90m12:29:00:895[0m [34m[fetch:dispose][0m destroyed the listener!
[90m12:29:00:895[0m [34m[websocket:dispose][0m disposing the interceptor...
[90m12:29:00:895[0m [34m[websocket:dispose][0m global symbol deleted: undefined
[90m12:29:00:895[0m [34m[websocket:dispose][0m disposing of 1 subscriptions...
[90m12:29:00:895[0m [34m[websocket:dispose][0m disposed of all subscriptions! 0
[90m12:29:00:895[0m [34m[websocket:dispose][0m destroyed the listener!
[90m12:29:00:895[0m [34m[interceptor-source:dispose][0m disposed of all subscriptions! 0
[90m12:29:00:895[0m [34m[interceptor-source:dispose][0m destroyed the listener!
(node:6992) Warning: `--localstorage-file` was provided without a valid path
(Use `node --trace-warnings ...` to show where the warning was created)
(node:18712) Warning: `--localstorage-file` was provided without a valid path
(Use `node --trace-warnings ...` to show where the warning was created)
(node:16032) Warning: `--localstorage-file` was provided without a valid path
(Use `node --trace-warnings ...` to show where the warning was created)
(node:4412) Warning: `--localstorage-file` was provided without a valid path
(Use `node --trace-warnings ...` to show where the warning was created)
[90m12:29:03:94[0m [34m[interceptor-source:apply][0m applying the interceptor...
[90m12:29:03:154[0m [34m[interceptor-source:apply][0m no running instance found, setting up a new instance...
[90m12:29:03:155[0m [34m[interceptor-source:setup][0m applying all 4 interceptors...
[90m12:29:03:155[0m [34m[interceptor-source:setup][0m applying "ClientRequestInterceptor" interceptor...
[90m12:29:03:155[0m [34m[client-request-interceptor:apply][0m applying the interceptor...
[90m12:29:03:155[0m [34m[client-request-interceptor:apply][0m no running instance found, setting up a new instance...
[90m12:29:03:156[0m [34m[interceptor-source:setup][0m adding interceptor dispose subscription
[90m12:29:03:156[0m [34m[interceptor-source:setup][0m applying "XMLHttpRequestInterceptor" interceptor...
[90m12:29:03:157[0m [34m[xhr:apply][0m applying the interceptor...
[90m12:29:03:157[0m [34m[xhr:apply][0m no running instance found, setting up a new instance...
[90m12:29:03:158[0m [34m[xhr:setup][0m patching "XMLHttpRequest" module...
[90m12:29:03:158[0m [34m[xhr:setup][0m native "XMLHttpRequest" module patched! XMLHttpRequest
[90m12:29:03:158[0m [34m[interceptor-source:setup][0m adding interceptor dispose subscription
[90m12:29:03:158[0m [34m[interceptor-source:setup][0m applying "FetchInterceptor" interceptor...
[90m12:29:03:158[0m [34m[fetch:apply][0m applying the interceptor...
[90m12:29:03:158[0m [34m[fetch:apply][0m no running instance found, setting up a new instance...
[90m12:29:03:159[0m [34m[interceptor-source:setup][0m adding interceptor dispose subscription
[90m12:29:03:159[0m [34m[interceptor-source:setup][0m applying "WebSocketInterceptor" interceptor...
[90m12:29:03:159[0m [34m[websocket:apply][0m applying the interceptor...
[90m12:29:03:160[0m [34m[websocket:apply][0m no running instance found, setting up a new instance...
[90m12:29:03:160[0m [34m[interceptor-source:setup][0m adding interceptor dispose subscription
[90m12:29:03:160[0m [34m[client-request-interceptor:on][0m adding "request" event listener: function () { [native code] }
[90m12:29:03:161[0m [34m[xhr:on][0m adding "request" event listener: function () { [native code] }
[90m12:29:03:161[0m [34m[fetch:on][0m adding "request" event listener: function () { [native code] }
[90m12:29:03:161[0m [34m[websocket:on][0m adding "request" event listener: function () { [native code] }
[90m12:29:03:161[0m [34m[client-request-interceptor:on][0m adding "response" event listener: function () { [native code] }
[90m12:29:03:161[0m [34m[xhr:on][0m adding "response" event listener: function () { [native code] }
[90m12:29:03:161[0m [34m[fetch:on][0m adding "response" event listener: function () { [native code] }
[90m12:29:03:162[0m [34m[websocket:on][0m adding "response" event listener: function () { [native code] }
[90m12:29:03:162[0m [34m[client-request-interceptor:on][0m adding "connection" event listener: function () { [native code] }
[90m12:29:03:162[0m [34m[xhr:on][0m adding "connection" event listener: function () { [native code] }
[90m12:29:03:162[0m [34m[fetch:on][0m adding "connection" event listener: function () { [native code] }
[90m12:29:03:163[0m [34m[websocket:on][0m adding "connection" event listener: function () { [native code] }
[90m12:29:03:122[0m [34m[interceptor-source:apply][0m applying the interceptor...
[90m12:29:03:194[0m [34m[interceptor-source:apply][0m no running instance found, setting up a new instance...
[90m12:29:03:194[0m [34m[interceptor-source:setup][0m applying all 4 interceptors...
[90m12:29:03:195[0m [34m[interceptor-source:setup][0m applying "ClientRequestInterceptor" interceptor...
[90m12:29:03:195[0m [34m[client-request-interceptor:apply][0m applying the interceptor...
[90m12:29:03:195[0m [34m[client-request-interceptor:apply][0m no running instance found, setting up a new instance...
[90m12:29:03:197[0m [34m[interceptor-source:setup][0m adding interceptor dispose subscription
[90m12:29:03:197[0m [34m[interceptor-source:setup][0m applying "XMLHttpRequestInterceptor" interceptor...
[90m12:29:03:197[0m [34m[xhr:apply][0m applying the interceptor...
[90m12:29:03:197[0m [34m[xhr:apply][0m no running instance found, setting up a new instance...
[90m12:29:03:198[0m [34m[xhr:setup][0m patching "XMLHttpRequest" module...
[90m12:29:03:198[0m [34m[xhr:setup][0m native "XMLHttpRequest" module patched! XMLHttpRequest
[90m12:29:03:198[0m [34m[interceptor-source:setup][0m adding interceptor dispose subscription
[90m12:29:03:198[0m [34m[interceptor-source:setup][0m applying "FetchInterceptor" interceptor...
[90m12:29:03:199[0m [34m[fetch:apply][0m applying the interceptor...
[90m12:29:03:199[0m [34m[fetch:apply][0m no running instance found, setting up a new instance...
[90m12:29:03:199[0m [34m[interceptor-source:setup][0m adding interceptor dispose subscription
[90m12:29:03:200[0m [34m[interceptor-source:setup][0m applying "WebSocketInterceptor" interceptor...
[90m12:29:03:200[0m [34m[websocket:apply][0m applying the interceptor...
[90m12:29:03:200[0m [34m[websocket:apply][0m no running instance found, setting up a new instance...
[90m12:29:03:201[0m [34m[interceptor-source:setup][0m adding interceptor dispose subscription
[90m12:29:03:201[0m [34m[client-request-interceptor:on][0m adding "request" event listener: function () { [native code] }
[90m12:29:03:202[0m [34m[xhr:on][0m adding "request" event listener: function () { [native code] }
[90m12:29:03:202[0m [34m[fetch:on][0m adding "request" event listener: function () { [native code] }
[90m12:29:03:202[0m [34m[websocket:on][0m adding "request" event listener: function () { [native code] }
[90m12:29:03:202[0m [34m[client-request-interceptor:on][0m adding "response" event listener: function () { [native code] }
[90m12:29:03:203[0m [34m[xhr:on][0m adding "response" event listener: function () { [native code] }
[90m12:29:03:203[0m [34m[fetch:on][0m adding "response" event listener: function () { [native code] }
[90m12:29:03:203[0m [34m[websocket:on][0m adding "response" event listener: function () { [native code] }
[90m12:29:03:231[0m [34m[client-request-interceptor:on][0m adding "connection" event listener: function () { [native code] }
[90m12:29:03:231[0m [34m[xhr:on][0m adding "connection" event listener: function () { [native code] }
[90m12:29:03:231[0m [34m[fetch:on][0m adding "connection" event listener: function () { [native code] }
[90m12:29:03:231[0m [34m[websocket:on][0m adding "connection" event listener: function () { [native code] }
[90m12:29:03:248[0m [34m[interceptor-source:dispose][0m disposing the interceptor...
[90m12:29:03:248[0m [34m[interceptor-source:dispose][0m global symbol deleted: undefined
[90m12:29:03:249[0m [34m[interceptor-source:dispose][0m disposing of 4 subscriptions...
[90m12:29:03:249[0m [34m[client-request-interceptor:dispose][0m disposing the interceptor...
[90m12:29:03:249[0m [34m[client-request-interceptor:dispose][0m global symbol deleted: undefined
[90m12:29:03:249[0m [34m[client-request-interceptor:dispose][0m disposing of 1 subscriptions...
[90m12:29:03:249[0m [34m[client-request-interceptor:dispose][0m disposed of all subscriptions! 0
[90m12:29:03:250[0m [34m[client-request-interceptor:dispose][0m destroyed the listener!
[90m12:29:03:250[0m [34m[xhr:dispose][0m disposing the interceptor...
[90m12:29:03:250[0m [34m[xhr:dispose][0m global symbol deleted: undefined
[90m12:29:03:250[0m [34m[xhr:dispose][0m disposing of 1 subscriptions...
[90m12:29:03:250[0m [34m[xhr:setup][0m native "XMLHttpRequest" module restored! XMLHttpRequest
[90m12:29:03:250[0m [34m[xhr:dispose][0m disposed of all subscriptions! 0
[90m12:29:03:250[0m [34m[xhr:dispose][0m destroyed the listener!
[90m12:29:03:250[0m [34m[fetch:dispose][0m disposing the interceptor...
[90m12:29:03:250[0m [34m[fetch:dispose][0m global symbol deleted: undefined
[90m12:29:03:250[0m [34m[interceptor-source:dispose][0m disposing the interceptor...
[90m12:29:03:251[0m [34m[fetch:dispose][0m disposing of 1 subscriptions...
[90m12:29:03:251[0m [34m[interceptor-source:dispose][0m global symbol deleted: undefined
[90m12:29:03:251[0m [34m[fetch:dispose][0m disposed of all subscriptions! 0
[90m12:29:03:251[0m [34m[interceptor-source:dispose][0m disposing of 4 subscriptions...
[90m12:29:03:251[0m [34m[fetch:dispose][0m destroyed the listener!
[90m12:29:03:251[0m [34m[client-request-interceptor:dispose][0m disposing the interceptor...
[90m12:29:03:251[0m [34m[client-request-interceptor:dispose][0m global symbol deleted: undefined
[90m12:29:03:251[0m [34m[client-request-interceptor:dispose][0m disposing of 1 subscriptions...
[90m12:29:03:251[0m [34m[websocket:dispose][0m disposing the interceptor...
[90m12:29:03:251[0m [34m[websocket:dispose][0m global symbol deleted: undefined
[90m12:29:03:251[0m [34m[client-request-interceptor:dispose][0m disposed of all subscriptions! 0
[90m12:29:03:252[0m [34m[websocket:dispose][0m disposing of 1 subscriptions...
[90m12:29:03:251[0m [34m[client-request-interceptor:dispose][0m destroyed the listener!
[90m12:29:03:251[0m [34m[xhr:dispose][0m disposing the interceptor...
[90m12:29:03:252[0m [34m[xhr:dispose][0m global symbol deleted: undefined
[90m12:29:03:252[0m [34m[websocket:dispose][0m disposed of all subscriptions! 0
[90m12:29:03:252[0m [34m[xhr:dispose][0m disposing of 1 subscriptions...
[90m12:29:03:252[0m [34m[websocket:dispose][0m destroyed the listener!
[90m12:29:03:252[0m [34m[interceptor-source:dispose][0m disposed of all subscriptions! 0
[90m12:29:03:252[0m [34m[xhr:setup][0m native "XMLHttpRequest" module restored! XMLHttpRequest
[90m12:29:03:252[0m [34m[xhr:dispose][0m disposed of all subscriptions! 0
[90m12:29:03:252[0m [34m[interceptor-source:dispose][0m destroyed the listener!
[90m12:29:03:252[0m [34m[xhr:dispose][0m destroyed the listener!
[90m12:29:03:252[0m [34m[fetch:dispose][0m disposing the interceptor...
[90m12:29:03:252[0m [34m[fetch:dispose][0m global symbol deleted: undefined
[90m12:29:03:252[0m [34m[fetch:dispose][0m disposing of 1 subscriptions...
[90m12:29:03:252[0m [34m[fetch:dispose][0m disposed of all subscriptions! 0
[90m12:29:03:252[0m [34m[fetch:dispose][0m destroyed the listener!
[90m12:29:03:253[0m [34m[websocket:dispose][0m disposing the interceptor...
[90m12:29:03:253[0m [34m[websocket:dispose][0m global symbol deleted: undefined
[90m12:29:03:253[0m [34m[websocket:dispose][0m disposing of 1 subscriptions...
[90m12:29:03:253[0m [34m[websocket:dispose][0m disposed of all subscriptions! 0
[90m12:29:03:253[0m [34m[websocket:dispose][0m destroyed the listener!
[90m12:29:03:253[0m [34m[interceptor-source:dispose][0m disposed of all subscriptions! 0
[90m12:29:03:253[0m [34m[interceptor-source:dispose][0m destroyed the listener!
[90m12:29:03:243[0m [34m[interceptor-source:apply][0m applying the interceptor...
[90m12:29:03:319[0m [34m[interceptor-source:apply][0m no running instance found, setting up a new instance...
[90m12:29:03:319[0m [34m[interceptor-source:setup][0m applying all 4 interceptors...
[90m12:29:03:320[0m [34m[interceptor-source:setup][0m applying "ClientRequestInterceptor" interceptor...
[90m12:29:03:321[0m [34m[client-request-interceptor:apply][0m applying the interceptor...
[90m12:29:03:321[0m [34m[client-request-interceptor:apply][0m no running instance found, setting up a new instance...
[90m12:29:03:322[0m [34m[interceptor-source:setup][0m adding interceptor dispose subscription
[90m12:29:03:322[0m [34m[interceptor-source:setup][0m applying "XMLHttpRequestInterceptor" interceptor...
[90m12:29:03:323[0m [34m[xhr:apply][0m applying the interceptor...
[90m12:29:03:323[0m [34m[xhr:apply][0m no running instance found, setting up a new instance...
[90m12:29:03:324[0m [34m[xhr:setup][0m patching "XMLHttpRequest" module...
[90m12:29:03:324[0m [34m[xhr:setup][0m native "XMLHttpRequest" module patched! XMLHttpRequest
[90m12:29:03:324[0m [34m[interceptor-source:setup][0m adding interceptor dispose subscription
[90m12:29:03:324[0m [34m[interceptor-source:setup][0m applying "FetchInterceptor" interceptor...
[90m12:29:03:325[0m [34m[fetch:apply][0m applying the interceptor...
[90m12:29:03:325[0m [34m[fetch:apply][0m no running instance found, setting up a new instance...
[90m12:29:03:325[0m [34m[interceptor-source:setup][0m adding interceptor dispose subscription
[90m12:29:03:325[0m [34m[interceptor-source:setup][0m applying "WebSocketInterceptor" interceptor...
[90m12:29:03:329[0m [34m[websocket:apply][0m applying the interceptor...
[90m12:29:03:331[0m [34m[websocket:apply][0m no running instance found, setting up a new instance...
[90m12:29:03:332[0m [34m[interceptor-source:setup][0m adding interceptor dispose subscription
[90m12:29:03:333[0m [34m[client-request-interceptor:on][0m adding "request" event listener: function () { [native code] }
[90m12:29:03:334[0m [34m[xhr:on][0m adding "request" event listener: function () { [native code] }
[90m12:29:03:334[0m [34m[fetch:on][0m adding "request" event listener: function () { [native code] }
[90m12:29:03:335[0m [34m[websocket:on][0m adding "request" event listener: function () { [native code] }
[90m12:29:03:335[0m [34m[client-request-interceptor:on][0m adding "response" event listener: function () { [native code] }
[90m12:29:03:335[0m [34m[xhr:on][0m adding "response" event listener: function () { [native code] }
[90m12:29:03:335[0m [34m[fetch:on][0m adding "response" event listener: function () { [native code] }
[90m12:29:03:336[0m [34m[websocket:on][0m adding "response" event listener: function () { [native code] }
[90m12:29:03:336[0m [34m[client-request-interceptor:on][0m adding "connection" event listener: function () { [native code] }
[90m12:29:03:337[0m [34m[xhr:on][0m adding "connection" event listener: function () { [native code] }
[90m12:29:03:337[0m [34m[fetch:on][0m adding "connection" event listener: function () { [native code] }
[90m12:29:03:337[0m [34m[websocket:on][0m adding "connection" event listener: function () { [native code] }
[90m12:29:03:360[0m [34m[interceptor-source:dispose][0m disposing the interceptor...
[90m12:29:03:360[0m [34m[interceptor-source:dispose][0m global symbol deleted: undefined
[90m12:29:03:360[0m [34m[interceptor-source:dispose][0m disposing of 4 subscriptions...
[90m12:29:03:361[0m [34m[client-request-interceptor:dispose][0m disposing the interceptor...
[90m12:29:03:361[0m [34m[client-request-interceptor:dispose][0m global symbol deleted: undefined
[90m12:29:03:361[0m [34m[client-request-interceptor:dispose][0m disposing of 1 subscriptions...
[90m12:29:03:361[0m [34m[client-request-interceptor:dispose][0m disposed of all subscriptions! 0
[90m12:29:03:361[0m [34m[client-request-interceptor:dispose][0m destroyed the listener!
[90m12:29:03:361[0m [34m[xhr:dispose][0m disposing the interceptor...
[90m12:29:03:362[0m [34m[xhr:dispose][0m global symbol deleted: undefined
[90m12:29:03:362[0m [34m[xhr:dispose][0m disposing of 1 subscriptions...
[90m12:29:03:362[0m [34m[xhr:setup][0m native "XMLHttpRequest" module restored! XMLHttpRequest
[90m12:29:03:362[0m [34m[xhr:dispose][0m disposed of all subscriptions! 0
[90m12:29:03:362[0m [34m[xhr:dispose][0m destroyed the listener!
[90m12:29:03:362[0m [34m[fetch:dispose][0m disposing the interceptor...
[90m12:29:03:362[0m [34m[fetch:dispose][0m global symbol deleted: undefined
[90m12:29:03:362[0m [34m[fetch:dispose][0m disposing of 1 subscriptions...
[90m12:29:03:362[0m [34m[fetch:dispose][0m disposed of all subscriptions! 0
[90m12:29:03:362[0m [34m[fetch:dispose][0m destroyed the listener!
[90m12:29:03:363[0m [34m[websocket:dispose][0m disposing the interceptor...
[90m12:29:03:363[0m [34m[websocket:dispose][0m global symbol deleted: undefined
[90m12:29:03:363[0m [34m[websocket:dispose][0m disposing of 1 subscriptions...
[90m12:29:03:363[0m [34m[websocket:dispose][0m disposed of all subscriptions! 0
[90m12:29:03:363[0m [34m[websocket:dispose][0m destroyed the listener!
[90m12:29:03:363[0m [34m[interceptor-source:dispose][0m disposed of all subscriptions! 0
[90m12:29:03:363[0m [34m[interceptor-source:dispose][0m destroyed the listener!
[90m12:29:03:558[0m [34m[interceptor-source:apply][0m applying the interceptor...
[90m12:29:03:620[0m [34m[interceptor-source:apply][0m no running instance found, setting up a new instance...
[90m12:29:03:620[0m [34m[interceptor-source:setup][0m applying all 4 interceptors...
[90m12:29:03:620[0m [34m[interceptor-source:setup][0m applying "ClientRequestInterceptor" interceptor...
[90m12:29:03:621[0m [34m[client-request-interceptor:apply][0m applying the interceptor...
[90m12:29:03:621[0m [34m[client-request-interceptor:apply][0m no running instance found, setting up a new instance...
[90m12:29:03:622[0m [34m[interceptor-source:setup][0m adding interceptor dispose subscription
[90m12:29:03:622[0m [34m[interceptor-source:setup][0m applying "XMLHttpRequestInterceptor" interceptor...
[90m12:29:03:622[0m [34m[xhr:apply][0m applying the interceptor...
[90m12:29:03:623[0m [34m[xhr:apply][0m no running instance found, setting up a new instance...
[90m12:29:03:623[0m [34m[xhr:setup][0m patching "XMLHttpRequest" module...
[90m12:29:03:623[0m [34m[xhr:setup][0m native "XMLHttpRequest" module patched! XMLHttpRequest
[90m12:29:03:623[0m [34m[interceptor-source:setup][0m adding interceptor dispose subscription
[90m12:29:03:624[0m [34m[interceptor-source:setup][0m applying "FetchInterceptor" interceptor...
[90m12:29:03:624[0m [34m[fetch:apply][0m applying the interceptor...
[90m12:29:03:624[0m [34m[fetch:apply][0m no running instance found, setting up a new instance...
[90m12:29:03:624[0m [34m[interceptor-source:setup][0m adding interceptor dispose subscription
[90m12:29:03:625[0m [34m[interceptor-source:setup][0m applying "WebSocketInterceptor" interceptor...
[90m12:29:03:625[0m [34m[websocket:apply][0m applying the interceptor...
[90m12:29:03:625[0m [34m[websocket:apply][0m no running instance found, setting up a new instance...
[90m12:29:03:626[0m [34m[interceptor-source:setup][0m adding interceptor dispose subscription
[90m12:29:03:626[0m [34m[client-request-interceptor:on][0m adding "request" event listener: function () { [native code] }
[90m12:29:03:627[0m [34m[xhr:on][0m adding "request" event listener: function () { [native code] }
[90m12:29:03:627[0m [34m[fetch:on][0m adding "request" event listener: function () { [native code] }
[90m12:29:03:627[0m [34m[websocket:on][0m adding "request" event listener: function () { [native code] }
[90m12:29:03:627[0m [34m[client-request-interceptor:on][0m adding "response" event listener: function () { [native code] }
[90m12:29:03:627[0m [34m[xhr:on][0m adding "response" event listener: function () { [native code] }
[90m12:29:03:627[0m [34m[fetch:on][0m adding "response" event listener: function () { [native code] }
[90m12:29:03:627[0m [34m[websocket:on][0m adding "response" event listener: function () { [native code] }
[90m12:29:03:627[0m [34m[client-request-interceptor:on][0m adding "connection" event listener: function () { [native code] }
[90m12:29:03:627[0m [34m[xhr:on][0m adding "connection" event listener: function () { [native code] }
[90m12:29:03:628[0m [34m[fetch:on][0m adding "connection" event listener: function () { [native code] }
[90m12:29:03:628[0m [34m[websocket:on][0m adding "connection" event listener: function () { [native code] }
[90m12:29:03:649[0m [34m[interceptor-source:dispose][0m disposing the interceptor...
[90m12:29:03:650[0m [34m[interceptor-source:dispose][0m global symbol deleted: undefined
[90m12:29:03:650[0m [34m[interceptor-source:dispose][0m disposing of 4 subscriptions...
[90m12:29:03:650[0m [34m[client-request-interceptor:dispose][0m disposing the interceptor...
[90m12:29:03:650[0m [34m[client-request-interceptor:dispose][0m global symbol deleted: undefined
[90m12:29:03:650[0m [34m[client-request-interceptor:dispose][0m disposing of 1 subscriptions...
[90m12:29:03:650[0m [34m[client-request-interceptor:dispose][0m disposed of all subscriptions! 0
[90m12:29:03:651[0m [34m[client-request-interceptor:dispose][0m destroyed the listener!
[90m12:29:03:651[0m [34m[xhr:dispose][0m disposing the interceptor...
[90m12:29:03:651[0m [34m[xhr:dispose][0m global symbol deleted: undefined
[90m12:29:03:651[0m [34m[xhr:dispose][0m disposing of 1 subscriptions...
[90m12:29:03:651[0m [34m[xhr:setup][0m native "XMLHttpRequest" module restored! XMLHttpRequest
[90m12:29:03:651[0m [34m[xhr:dispose][0m disposed of all subscriptions! 0
[90m12:29:03:651[0m [34m[xhr:dispose][0m destroyed the listener!
[90m12:29:03:651[0m [34m[fetch:dispose][0m disposing the interceptor...
[90m12:29:03:651[0m [34m[fetch:dispose][0m global symbol deleted: undefined
[90m12:29:03:651[0m [34m[fetch:dispose][0m disposing of 1 subscriptions...
[90m12:29:03:651[0m [34m[fetch:dispose][0m disposed of all subscriptions! 0
[90m12:29:03:651[0m [34m[fetch:dispose][0m destroyed the listener!
[90m12:29:03:652[0m [34m[websocket:dispose][0m disposing the interceptor...
[90m12:29:03:652[0m [34m[websocket:dispose][0m global symbol deleted: undefined
[90m12:29:03:652[0m [34m[websocket:dispose][0m disposing of 1 subscriptions...
[90m12:29:03:652[0m [34m[websocket:dispose][0m disposed of all subscriptions! 0
[90m12:29:03:652[0m [34m[websocket:dispose][0m destroyed the listener!
[90m12:29:03:652[0m [34m[interceptor-source:dispose][0m disposed of all subscriptions! 0
[90m12:29:03:652[0m [34m[interceptor-source:dispose][0m destroyed the listener!
(node:17792) Warning: `--localstorage-file` was provided without a valid path
(Use `node --trace-warnings ...` to show where the warning was created)
[90m12:29:04:20[0m [34m[interceptor-source:apply][0m applying the interceptor...
[90m12:29:04:91[0m [34m[interceptor-source:apply][0m no running instance found, setting up a new instance...
[90m12:29:04:91[0m [34m[interceptor-source:setup][0m applying all 4 interceptors...
[90m12:29:04:91[0m [34m[interceptor-source:setup][0m applying "ClientRequestInterceptor" interceptor...
[90m12:29:04:92[0m [34m[client-request-interceptor:apply][0m applying the interceptor...
[90m12:29:04:92[0m [34m[client-request-interceptor:apply][0m no running instance found, setting up a new instance...
[90m12:29:04:93[0m [34m[interceptor-source:setup][0m adding interceptor dispose subscription
[90m12:29:04:93[0m [34m[interceptor-source:setup][0m applying "XMLHttpRequestInterceptor" interceptor...
[90m12:29:04:93[0m [34m[xhr:apply][0m applying the interceptor...
[90m12:29:04:94[0m [34m[xhr:apply][0m no running instance found, setting up a new instance...
[90m12:29:04:94[0m [34m[xhr:setup][0m patching "XMLHttpRequest" module...
[90m12:29:04:95[0m [34m[xhr:setup][0m native "XMLHttpRequest" module patched! XMLHttpRequest
[90m12:29:04:95[0m [34m[interceptor-source:setup][0m adding interceptor dispose subscription
[90m12:29:04:95[0m [34m[interceptor-source:setup][0m applying "FetchInterceptor" interceptor...
[90m12:29:04:95[0m [34m[fetch:apply][0m applying the interceptor...
[90m12:29:04:95[0m [34m[fetch:apply][0m no running instance found, setting up a new instance...
[90m12:29:04:96[0m [34m[interceptor-source:setup][0m adding interceptor dispose subscription
[90m12:29:04:96[0m [34m[interceptor-source:setup][0m applying "WebSocketInterceptor" interceptor...
[90m12:29:04:97[0m [34m[websocket:apply][0m applying the interceptor...
[90m12:29:04:98[0m [34m[websocket:apply][0m no running instance found, setting up a new instance...
[90m12:29:04:99[0m [34m[interceptor-source:setup][0m adding interceptor dispose subscription
[90m12:29:04:101[0m [34m[client-request-interceptor:on][0m adding "request" event listener: function () { [native code] }
[90m12:29:04:102[0m [34m[xhr:on][0m adding "request" event listener: function () { [native code] }
[90m12:29:04:102[0m [34m[fetch:on][0m adding "request" event listener: function () { [native code] }
[90m12:29:04:102[0m [34m[websocket:on][0m adding "request" event listener: function () { [native code] }
[90m12:29:04:103[0m [34m[client-request-interceptor:on][0m adding "response" event listener: function () { [native code] }
[90m12:29:04:103[0m [34m[xhr:on][0m adding "response" event listener: function () { [native code] }
[90m12:29:04:103[0m [34m[fetch:on][0m adding "response" event listener: function () { [native code] }
[90m12:29:04:103[0m [34m[websocket:on][0m adding "response" event listener: function () { [native code] }
[90m12:29:04:103[0m [34m[client-request-interceptor:on][0m adding "connection" event listener: function () { [native code] }
[90m12:29:04:103[0m [34m[xhr:on][0m adding "connection" event listener: function () { [native code] }
[90m12:29:04:103[0m [34m[fetch:on][0m adding "connection" event listener: function () { [native code] }
[90m12:29:04:104[0m [34m[websocket:on][0m adding "connection" event listener: function () { [native code] }
[90m12:29:04:127[0m [34m[interceptor-source:dispose][0m disposing the interceptor...
[90m12:29:04:128[0m [34m[interceptor-source:dispose][0m global symbol deleted: undefined
[90m12:29:04:128[0m [34m[interceptor-source:dispose][0m disposing of 4 subscriptions...
[90m12:29:04:128[0m [34m[client-request-interceptor:dispose][0m disposing the interceptor...
[90m12:29:04:128[0m [34m[client-request-interceptor:dispose][0m global symbol deleted: undefined
[90m12:29:04:128[0m [34m[client-request-interceptor:dispose][0m disposing of 1 subscriptions...
[90m12:29:04:128[0m [34m[client-request-interceptor:dispose][0m disposed of all subscriptions! 0
[90m12:29:04:129[0m [34m[client-request-interceptor:dispose][0m destroyed the listener!
[90m12:29:04:129[0m [34m[xhr:dispose][0m disposing the interceptor...
[90m12:29:04:129[0m [34m[xhr:dispose][0m global symbol deleted: undefined
[90m12:29:04:129[0m [34m[xhr:dispose][0m disposing of 1 subscriptions...
[90m12:29:04:129[0m [34m[xhr:setup][0m native "XMLHttpRequest" module restored! XMLHttpRequest
[90m12:29:04:129[0m [34m[xhr:dispose][0m disposed of all subscriptions! 0
[90m12:29:04:129[0m [34m[xhr:dispose][0m destroyed the listener!
[90m12:29:04:129[0m [34m[fetch:dispose][0m disposing the interceptor...
[90m12:29:04:130[0m [34m[fetch:dispose][0m global symbol deleted: undefined
[90m12:29:04:130[0m [34m[fetch:dispose][0m disposing of 1 subscriptions...
[90m12:29:04:131[0m [34m[fetch:dispose][0m disposed of all subscriptions! 0
[90m12:29:04:131[0m [34m[fetch:dispose][0m destroyed the listener!
[90m12:29:04:132[0m [34m[websocket:dispose][0m disposing the interceptor...
[90m12:29:04:132[0m [34m[websocket:dispose][0m global symbol deleted: undefined
[90m12:29:04:133[0m [34m[websocket:dispose][0m disposing of 1 subscriptions...
[90m12:29:04:133[0m [34m[websocket:dispose][0m disposed of all subscriptions! 0
[90m12:29:04:133[0m [34m[websocket:dispose][0m destroyed the listener!
[90m12:29:04:133[0m [34m[interceptor-source:dispose][0m disposed of all subscriptions! 0
[90m12:29:04:135[0m [34m[interceptor-source:dispose][0m destroyed the listener!
(node:16952) Warning: `--localstorage-file` was provided without a valid path
(Use `node --trace-warnings ...` to show where the warning was created)
(node:4300) Warning: `--localstorage-file` was provided without a valid path
(Use `node --trace-warnings ...` to show where the warning was created)
(node:14972) Warning: `--localstorage-file` was provided without a valid path
(Use `node --trace-warnings ...` to show where the warning was created)
[90m12:29:06:351[0m [34m[interceptor-source:apply][0m applying the interceptor...
[90m12:29:06:416[0m [34m[interceptor-source:apply][0m no running instance found, setting up a new instance...
[90m12:29:06:416[0m [34m[interceptor-source:setup][0m applying all 4 interceptors...
[90m12:29:06:417[0m [34m[interceptor-source:setup][0m applying "ClientRequestInterceptor" interceptor...
[90m12:29:06:417[0m [34m[client-request-interceptor:apply][0m applying the interceptor...
[90m12:29:06:417[0m [34m[client-request-interceptor:apply][0m no running instance found, setting up a new instance...
[90m12:29:06:419[0m [34m[interceptor-source:setup][0m adding interceptor dispose subscription
[90m12:29:06:420[0m [34m[interceptor-source:setup][0m applying "XMLHttpRequestInterceptor" interceptor...
[90m12:29:06:420[0m [34m[xhr:apply][0m applying the interceptor...
[90m12:29:06:422[0m [34m[xhr:apply][0m no running instance found, setting up a new instance...
[90m12:29:06:424[0m [34m[xhr:setup][0m patching "XMLHttpRequest" module...
[90m12:29:06:424[0m [34m[xhr:setup][0m native "XMLHttpRequest" module patched! XMLHttpRequest
[90m12:29:06:425[0m [34m[interceptor-source:setup][0m adding interceptor dispose subscription
[90m12:29:06:425[0m [34m[interceptor-source:setup][0m applying "FetchInterceptor" interceptor...
[90m12:29:06:425[0m [34m[fetch:apply][0m applying the interceptor...
[90m12:29:06:425[0m [34m[fetch:apply][0m no running instance found, setting up a new instance...
[90m12:29:06:425[0m [34m[interceptor-source:setup][0m adding interceptor dispose subscription
[90m12:29:06:426[0m [34m[interceptor-source:setup][0m applying "WebSocketInterceptor" interceptor...
[90m12:29:06:426[0m [34m[websocket:apply][0m applying the interceptor...
[90m12:29:06:427[0m [34m[websocket:apply][0m no running instance found, setting up a new instance...
[90m12:29:06:427[0m [34m[interceptor-source:setup][0m adding interceptor dispose subscription
[90m12:29:06:428[0m [34m[client-request-interceptor:on][0m adding "request" event listener: function () { [native code] }
[90m12:29:06:428[0m [34m[xhr:on][0m adding "request" event listener: function () { [native code] }
[90m12:29:06:428[0m [34m[fetch:on][0m adding "request" event listener: function () { [native code] }
[90m12:29:06:429[0m [34m[websocket:on][0m adding "request" event listener: function () { [native code] }
[90m12:29:06:429[0m [34m[client-request-interceptor:on][0m adding "response" event listener: function () { [native code] }
[90m12:29:06:429[0m [34m[xhr:on][0m adding "response" event listener: function () { [native code] }
[90m12:29:06:429[0m [34m[fetch:on][0m adding "response" event listener: function () { [native code] }
[90m12:29:06:429[0m [34m[websocket:on][0m adding "response" event listener: function () { [native code] }
[90m12:29:06:429[0m [34m[client-request-interceptor:on][0m adding "connection" event listener: function () { [native code] }
[90m12:29:06:430[0m [34m[xhr:on][0m adding "connection" event listener: function () { [native code] }
[90m12:29:06:430[0m [34m[fetch:on][0m adding "connection" event listener: function () { [native code] }
[90m12:29:06:430[0m [34m[websocket:on][0m adding "connection" event listener: function () { [native code] }
(node:15756) Warning: `--localstorage-file` was provided without a valid path
(Use `node --trace-warnings ...` to show where the warning was created)
[90m12:29:06:470[0m [34m[interceptor-source:dispose][0m disposing the interceptor...
[90m12:29:06:471[0m [34m[interceptor-source:dispose][0m global symbol deleted: undefined
[90m12:29:06:471[0m [34m[interceptor-source:dispose][0m disposing of 4 subscriptions...
[90m12:29:06:471[0m [34m[client-request-interceptor:dispose][0m disposing the interceptor...
[90m12:29:06:471[0m [34m[client-request-interceptor:dispose][0m global symbol deleted: undefined
[90m12:29:06:471[0m [34m[client-request-interceptor:dispose][0m disposing of 1 subscriptions...
[90m12:29:06:472[0m [34m[client-request-interceptor:dispose][0m disposed of all subscriptions! 0
[90m12:29:06:472[0m [34m[client-request-interceptor:dispose][0m destroyed the listener!
[90m12:29:06:472[0m [34m[xhr:dispose][0m disposing the interceptor...
[90m12:29:06:472[0m [34m[xhr:dispose][0m global symbol deleted: undefined
[90m12:29:06:472[0m [34m[xhr:dispose][0m disposing of 1 subscriptions...
[90m12:29:06:473[0m [34m[xhr:setup][0m native "XMLHttpRequest" module restored! XMLHttpRequest
[90m12:29:06:476[0m [34m[xhr:dispose][0m disposed of all subscriptions! 0
[90m12:29:06:476[0m [34m[xhr:dispose][0m destroyed the listener!
[90m12:29:06:476[0m [34m[fetch:dispose][0m disposing the interceptor...
[90m12:29:06:476[0m [34m[fetch:dispose][0m global symbol deleted: undefined
[90m12:29:06:477[0m [34m[fetch:dispose][0m disposing of 1 subscriptions...
[90m12:29:06:477[0m [34m[fetch:dispose][0m disposed of all subscriptions! 0
[90m12:29:06:477[0m [34m[fetch:dispose][0m destroyed the listener!
[90m12:29:06:477[0m [34m[websocket:dispose][0m disposing the interceptor...
[90m12:29:06:478[0m [34m[websocket:dispose][0m global symbol deleted: undefined
[90m12:29:06:478[0m [34m[websocket:dispose][0m disposing of 1 subscriptions...
[90m12:29:06:478[0m [34m[websocket:dispose][0m disposed of all subscriptions! 0
[90m12:29:06:479[0m [34m[websocket:dispose][0m destroyed the listener!
[90m12:29:06:479[0m [34m[interceptor-source:dispose][0m disposed of all subscriptions! 0
[90m12:29:06:479[0m [34m[interceptor-source:dispose][0m destroyed the listener!
[90m12:29:06:533[0m [34m[interceptor-source:apply][0m applying the interceptor...
[90m12:29:06:609[0m [34m[interceptor-source:apply][0m no running instance found, setting up a new instance...
[90m12:29:06:609[0m [34m[interceptor-source:setup][0m applying all 4 interceptors...
[90m12:29:06:610[0m [34m[interceptor-source:setup][0m applying "ClientRequestInterceptor" interceptor...
[90m12:29:06:610[0m [34m[client-request-interceptor:apply][0m applying the interceptor...
[90m12:29:06:610[0m [34m[client-request-interceptor:apply][0m no running instance found, setting up a new instance...
[90m12:29:06:611[0m [34m[interceptor-source:setup][0m adding interceptor dispose subscription
[90m12:29:06:611[0m [34m[interceptor-source:setup][0m applying "XMLHttpRequestInterceptor" interceptor...
[90m12:29:06:612[0m [34m[xhr:apply][0m applying the interceptor...
[90m12:29:06:612[0m [34m[xhr:apply][0m no running instance found, setting up a new instance...
[90m12:29:06:612[0m [34m[xhr:setup][0m patching "XMLHttpRequest" module...
[90m12:29:06:613[0m [34m[xhr:setup][0m native "XMLHttpRequest" module patched! XMLHttpRequest
[90m12:29:06:613[0m [34m[interceptor-source:setup][0m adding interceptor dispose subscription
[90m12:29:06:613[0m [34m[interceptor-source:setup][0m applying "FetchInterceptor" interceptor...
[90m12:29:06:613[0m [34m[fetch:apply][0m applying the interceptor...
[90m12:29:06:613[0m [34m[fetch:apply][0m no running instance found, setting up a new instance...
[90m12:29:06:614[0m [34m[interceptor-source:setup][0m adding interceptor dispose subscription
[90m12:29:06:614[0m [34m[interceptor-source:setup][0m applying "WebSocketInterceptor" interceptor...
[90m12:29:06:614[0m [34m[websocket:apply][0m applying the interceptor...
[90m12:29:06:614[0m [34m[websocket:apply][0m no running instance found, setting up a new instance...
[90m12:29:06:615[0m [34m[interceptor-source:setup][0m adding interceptor dispose subscription
[90m12:29:06:615[0m [34m[client-request-interceptor:on][0m adding "request" event listener: function () { [native code] }
[90m12:29:06:616[0m [34m[xhr:on][0m adding "request" event listener: function () { [native code] }
[90m12:29:06:616[0m [34m[fetch:on][0m adding "request" event listener: function () { [native code] }
[90m12:29:06:616[0m [34m[websocket:on][0m adding "request" event listener: function () { [native code] }
[90m12:29:06:616[0m [34m[client-request-interceptor:on][0m adding "response" event listener: function () { [native code] }
[90m12:29:06:616[0m [34m[xhr:on][0m adding "response" event listener: function () { [native code] }
[90m12:29:06:616[0m [34m[fetch:on][0m adding "response" event listener: function () { [native code] }
[90m12:29:06:616[0m [34m[websocket:on][0m adding "response" event listener: function () { [native code] }
[90m12:29:06:616[0m [34m[client-request-interceptor:on][0m adding "connection" event listener: function () { [native code] }
[90m12:29:06:616[0m [34m[xhr:on][0m adding "connection" event listener: function () { [native code] }
[90m12:29:06:617[0m [34m[fetch:on][0m adding "connection" event listener: function () { [native code] }
[90m12:29:06:617[0m [34m[websocket:on][0m adding "connection" event listener: function () { [native code] }
[90m12:29:06:640[0m [34m[interceptor-source:dispose][0m disposing the interceptor...
[90m12:29:06:640[0m [34m[interceptor-source:dispose][0m global symbol deleted: undefined
[90m12:29:06:640[0m [34m[interceptor-source:dispose][0m disposing of 4 subscriptions...
[90m12:29:06:640[0m [34m[client-request-interceptor:dispose][0m disposing the interceptor...
[90m12:29:06:641[0m [34m[client-request-interceptor:dispose][0m global symbol deleted: undefined
[90m12:29:06:641[0m [34m[client-request-interceptor:dispose][0m disposing of 1 subscriptions...
[90m12:29:06:641[0m [34m[client-request-interceptor:dispose][0m disposed of all subscriptions! 0
[90m12:29:06:641[0m [34m[client-request-interceptor:dispose][0m destroyed the listener!
[90m12:29:06:641[0m [34m[xhr:dispose][0m disposing the interceptor...
[90m12:29:06:641[0m [34m[xhr:dispose][0m global symbol deleted: undefined
[90m12:29:06:641[0m [34m[xhr:dispose][0m disposing of 1 subscriptions...
[90m12:29:06:641[0m [34m[xhr:setup][0m native "XMLHttpRequest" module restored! XMLHttpRequest
[90m12:29:06:641[0m [34m[xhr:dispose][0m disposed of all subscriptions! 0
[90m12:29:06:642[0m [34m[xhr:dispose][0m destroyed the listener!
[90m12:29:06:642[0m [34m[fetch:dispose][0m disposing the interceptor...
[90m12:29:06:642[0m [34m[fetch:dispose][0m global symbol deleted: undefined
[90m12:29:06:642[0m [34m[fetch:dispose][0m disposing of 1 subscriptions...
[90m12:29:06:642[0m [34m[fetch:dispose][0m disposed of all subscriptions! 0
[90m12:29:06:642[0m [34m[fetch:dispose][0m destroyed the listener!
[90m12:29:06:642[0m [34m[websocket:dispose][0m disposing the interceptor...
[90m12:29:06:642[0m [34m[websocket:dispose][0m global symbol deleted: undefined
[90m12:29:06:643[0m [34m[websocket:dispose][0m disposing of 1 subscriptions...
[90m12:29:06:643[0m [34m[websocket:dispose][0m disposed of all subscriptions! 0
[90m12:29:06:643[0m [34m[websocket:dispose][0m destroyed the listener!
[90m12:29:06:643[0m [34m[interceptor-source:dispose][0m disposed of all subscriptions! 0
[90m12:29:06:643[0m [34m[interceptor-source:dispose][0m destroyed the listener!
(node:8084) Warning: `--localstorage-file` was provided without a valid path
(Use `node --trace-warnings ...` to show where the warning was created)
[90m12:29:08:345[0m [34m[interceptor-source:apply][0m applying the interceptor...
[90m12:29:08:403[0m [34m[interceptor-source:apply][0m no running instance found, setting up a new instance...
[90m12:29:08:404[0m [34m[interceptor-source:setup][0m applying all 4 interceptors...
[90m12:29:08:404[0m [34m[interceptor-source:setup][0m applying "ClientRequestInterceptor" interceptor...
[90m12:29:08:404[0m [34m[client-request-interceptor:apply][0m applying the interceptor...
[90m12:29:08:405[0m [34m[client-request-interceptor:apply][0m no running instance found, setting up a new instance...
[90m12:29:08:406[0m [34m[interceptor-source:setup][0m adding interceptor dispose subscription
[90m12:29:08:406[0m [34m[interceptor-source:setup][0m applying "XMLHttpRequestInterceptor" interceptor...
[90m12:29:08:406[0m [34m[xhr:apply][0m applying the interceptor...
[90m12:29:08:416[0m [34m[xhr:apply][0m no running instance found, setting up a new instance...
[90m12:29:08:416[0m [34m[xhr:setup][0m patching "XMLHttpRequest" module...
[90m12:29:08:417[0m [34m[xhr:setup][0m native "XMLHttpRequest" module patched! XMLHttpRequest
[90m12:29:08:417[0m [34m[interceptor-source:setup][0m adding interceptor dispose subscription
[90m12:29:08:417[0m [34m[interceptor-source:setup][0m applying "FetchInterceptor" interceptor...
[90m12:29:08:417[0m [34m[fetch:apply][0m applying the interceptor...
[90m12:29:08:417[0m [34m[fetch:apply][0m no running instance found, setting up a new instance...
[90m12:29:08:418[0m [34m[interceptor-source:setup][0m adding interceptor dispose subscription
[90m12:29:08:418[0m [34m[interceptor-source:setup][0m applying "WebSocketInterceptor" interceptor...
[90m12:29:08:418[0m [34m[websocket:apply][0m applying the interceptor...
[90m12:29:08:418[0m [34m[websocket:apply][0m no running instance found, setting up a new instance...
[90m12:29:08:419[0m [34m[interceptor-source:setup][0m adding interceptor dispose subscription
[90m12:29:08:420[0m [34m[client-request-interceptor:on][0m adding "request" event listener: function () { [native code] }
[90m12:29:08:420[0m [34m[xhr:on][0m adding "request" event listener: function () { [native code] }
[90m12:29:08:420[0m [34m[fetch:on][0m adding "request" event listener: function () { [native code] }
[90m12:29:08:421[0m [34m[websocket:on][0m adding "request" event listener: function () { [native code] }
[90m12:29:08:421[0m [34m[client-request-interceptor:on][0m adding "response" event listener: function () { [native code] }
[90m12:29:08:421[0m [34m[xhr:on][0m adding "response" event listener: function () { [native code] }
[90m12:29:08:421[0m [34m[fetch:on][0m adding "response" event listener: function () { [native code] }
[90m12:29:08:421[0m [34m[websocket:on][0m adding "response" event listener: function () { [native code] }
[90m12:29:08:421[0m [34m[client-request-interceptor:on][0m adding "connection" event listener: function () { [native code] }
[90m12:29:08:421[0m [34m[xhr:on][0m adding "connection" event listener: function () { [native code] }
[90m12:29:08:421[0m [34m[fetch:on][0m adding "connection" event listener: function () { [native code] }
[90m12:29:08:422[0m [34m[websocket:on][0m adding "connection" event listener: function () { [native code] }
[90m12:29:08:358[0m [34m[interceptor-source:apply][0m applying the interceptor...
[90m12:29:08:436[0m [34m[interceptor-source:apply][0m no running instance found, setting up a new instance...
[90m12:29:08:436[0m [34m[interceptor-source:setup][0m applying all 4 interceptors...
[90m12:29:08:437[0m [34m[interceptor-source:setup][0m applying "ClientRequestInterceptor" interceptor...
[90m12:29:08:437[0m [34m[client-request-interceptor:apply][0m applying the interceptor...
[90m12:29:08:437[0m [34m[client-request-interceptor:apply][0m no running instance found, setting up a new instance...
[90m12:29:08:438[0m [34m[interceptor-source:setup][0m adding interceptor dispose subscription
[90m12:29:08:438[0m [34m[interceptor-source:setup][0m applying "XMLHttpRequestInterceptor" interceptor...
[90m12:29:08:439[0m [34m[xhr:apply][0m applying the interceptor...
[90m12:29:08:439[0m [34m[xhr:apply][0m no running instance found, setting up a new instance...
[90m12:29:08:439[0m [34m[xhr:setup][0m patching "XMLHttpRequest" module...
[90m12:29:08:440[0m [34m[xhr:setup][0m native "XMLHttpRequest" module patched! XMLHttpRequest
[90m12:29:08:440[0m [34m[interceptor-source:setup][0m adding interceptor dispose subscription
[90m12:29:08:440[0m [34m[interceptor-source:setup][0m applying "FetchInterceptor" interceptor...
[90m12:29:08:440[0m [34m[fetch:apply][0m applying the interceptor...
[90m12:29:08:440[0m [34m[fetch:apply][0m no running instance found, setting up a new instance...
[90m12:29:08:441[0m [34m[interceptor-source:setup][0m adding interceptor dispose subscription
[90m12:29:08:441[0m [34m[interceptor-source:setup][0m applying "WebSocketInterceptor" interceptor...
[90m12:29:08:441[0m [34m[websocket:apply][0m applying the interceptor...
[90m12:29:08:441[0m [34m[websocket:apply][0m no running instance found, setting up a new instance...
[90m12:29:08:442[0m [34m[interceptor-source:setup][0m adding interceptor dispose subscription
[90m12:29:08:442[0m [34m[client-request-interceptor:on][0m adding "request" event listener: function () { [native code] }
[90m12:29:08:443[0m [34m[xhr:on][0m adding "request" event listener: function () { [native code] }
[90m12:29:08:443[0m [34m[fetch:on][0m adding "request" event listener: function () { [native code] }
[90m12:29:08:443[0m [34m[websocket:on][0m adding "request" event listener: function () { [native code] }
[90m12:29:08:443[0m [34m[client-request-interceptor:on][0m adding "response" event listener: function () { [native code] }
[90m12:29:08:443[0m [34m[xhr:on][0m adding "response" event listener: function () { [native code] }
[90m12:29:08:444[0m [34m[fetch:on][0m adding "response" event listener: function () { [native code] }
[90m12:29:08:444[0m [34m[websocket:on][0m adding "response" event listener: function () { [native code] }
[90m12:29:08:444[0m [34m[client-request-interceptor:on][0m adding "connection" event listener: function () { [native code] }
[90m12:29:08:444[0m [34m[xhr:on][0m adding "connection" event listener: function () { [native code] }
[90m12:29:08:444[0m [34m[fetch:on][0m adding "connection" event listener: function () { [native code] }
[90m12:29:08:444[0m [34m[websocket:on][0m adding "connection" event listener: function () { [native code] }
[90m12:29:08:450[0m [34m[interceptor-source:dispose][0m disposing the interceptor...
[90m12:29:08:450[0m [34m[interceptor-source:dispose][0m global symbol deleted: undefined
[90m12:29:08:450[0m [34m[interceptor-source:dispose][0m disposing of 4 subscriptions...
[90m12:29:08:450[0m [34m[client-request-interceptor:dispose][0m disposing the interceptor...
[90m12:29:08:450[0m [34m[client-request-interceptor:dispose][0m global symbol deleted: undefined
[90m12:29:08:450[0m [34m[client-request-interceptor:dispose][0m disposing of 1 subscriptions...
[90m12:29:08:451[0m [34m[client-request-interceptor:dispose][0m disposed of all subscriptions! 0
[90m12:29:08:451[0m [34m[client-request-interceptor:dispose][0m destroyed the listener!
[90m12:29:08:451[0m [34m[xhr:dispose][0m disposing the interceptor...
[90m12:29:08:451[0m [34m[xhr:dispose][0m global symbol deleted: undefined
[90m12:29:08:451[0m [34m[xhr:dispose][0m disposing of 1 subscriptions...
[90m12:29:08:451[0m [34m[xhr:setup][0m native "XMLHttpRequest" module restored! XMLHttpRequest
[90m12:29:08:451[0m [34m[xhr:dispose][0m disposed of all subscriptions! 0
[90m12:29:08:452[0m [34m[xhr:dispose][0m destroyed the listener!
[90m12:29:08:452[0m [34m[fetch:dispose][0m disposing the interceptor...
[90m12:29:08:452[0m [34m[fetch:dispose][0m global symbol deleted: undefined
[90m12:29:08:452[0m [34m[fetch:dispose][0m disposing of 1 subscriptions...
[90m12:29:08:452[0m [34m[fetch:dispose][0m disposed of all subscriptions! 0
[90m12:29:08:452[0m [34m[fetch:dispose][0m destroyed the listener!
[90m12:29:08:452[0m [34m[websocket:dispose][0m disposing the interceptor...
[90m12:29:08:453[0m [34m[websocket:dispose][0m global symbol deleted: undefined
[90m12:29:08:453[0m [34m[websocket:dispose][0m disposing of 1 subscriptions...
[90m12:29:08:453[0m [34m[websocket:dispose][0m disposed of all subscriptions! 0
[90m12:29:08:453[0m [34m[websocket:dispose][0m destroyed the listener!
[90m12:29:08:454[0m [34m[interceptor-source:dispose][0m disposed of all subscriptions! 0
[90m12:29:08:454[0m [34m[interceptor-source:dispose][0m destroyed the listener!
[90m12:29:08:471[0m [34m[interceptor-source:dispose][0m disposing the interceptor...
[90m12:29:08:471[0m [34m[interceptor-source:dispose][0m global symbol deleted: undefined
[90m12:29:08:471[0m [34m[interceptor-source:dispose][0m disposing of 4 subscriptions...
[90m12:29:08:472[0m [34m[client-request-interceptor:dispose][0m disposing the interceptor...
[90m12:29:08:472[0m [34m[client-request-interceptor:dispose][0m global symbol deleted: undefined
[90m12:29:08:472[0m [34m[client-request-interceptor:dispose][0m disposing of 1 subscriptions...
[90m12:29:08:472[0m [34m[client-request-interceptor:dispose][0m disposed of all subscriptions! 0
[90m12:29:08:472[0m [34m[client-request-interceptor:dispose][0m destroyed the listener!
[90m12:29:08:472[0m [34m[xhr:dispose][0m disposing the interceptor...
[90m12:29:08:472[0m [34m[xhr:dispose][0m global symbol deleted: undefined
[90m12:29:08:472[0m [34m[xhr:dispose][0m disposing of 1 subscriptions...
[90m12:29:08:473[0m [34m[xhr:setup][0m native "XMLHttpRequest" module restored! XMLHttpRequest
[90m12:29:08:473[0m [34m[xhr:dispose][0m disposed of all subscriptions! 0
[90m12:29:08:473[0m [34m[xhr:dispose][0m destroyed the listener!
[90m12:29:08:473[0m [34m[fetch:dispose][0m disposing the interceptor...
[90m12:29:08:473[0m [34m[fetch:dispose][0m global symbol deleted: undefined
[90m12:29:08:473[0m [34m[fetch:dispose][0m disposing of 1 subscriptions...
[90m12:29:08:473[0m [34m[fetch:dispose][0m disposed of all subscriptions! 0
[90m12:29:08:473[0m [34m[fetch:dispose][0m destroyed the listener!
[90m12:29:08:473[0m [34m[websocket:dispose][0m disposing the interceptor...
[90m12:29:08:473[0m [34m[websocket:dispose][0m global symbol deleted: undefined
[90m12:29:08:474[0m [34m[websocket:dispose][0m disposing of 1 subscriptions...
[90m12:29:08:474[0m [34m[websocket:dispose][0m disposed of all subscriptions! 0
[90m12:29:08:474[0m [34m[websocket:dispose][0m destroyed the listener!
[90m12:29:08:474[0m [34m[interceptor-source:dispose][0m disposed of all subscriptions! 0
[90m12:29:08:474[0m [34m[interceptor-source:dispose][0m destroyed the listener!
[90m12:29:08:662[0m [34m[interceptor-source:apply][0m applying the interceptor...
[90m12:29:08:726[0m [34m[interceptor-source:apply][0m no running instance found, setting up a new instance...
[90m12:29:08:727[0m [34m[interceptor-source:setup][0m applying all 4 interceptors...
[90m12:29:08:727[0m [34m[interceptor-source:setup][0m applying "ClientRequestInterceptor" interceptor...
[90m12:29:08:728[0m [34m[client-request-interceptor:apply][0m applying the interceptor...
[90m12:29:08:728[0m [34m[client-request-interceptor:apply][0m no running instance found, setting up a new instance...
[90m12:29:08:729[0m [34m[interceptor-source:setup][0m adding interceptor dispose subscription
[90m12:29:08:729[0m [34m[interceptor-source:setup][0m applying "XMLHttpRequestInterceptor" interceptor...
[90m12:29:08:729[0m [34m[xhr:apply][0m applying the interceptor...
[90m12:29:08:729[0m [34m[xhr:apply][0m no running instance found, setting up a new instance...
[90m12:29:08:730[0m [34m[xhr:setup][0m patching "XMLHttpRequest" module...
[90m12:29:08:730[0m [34m[xhr:setup][0m native "XMLHttpRequest" module patched! XMLHttpRequest
[90m12:29:08:730[0m [34m[interceptor-source:setup][0m adding interceptor dispose subscription
[90m12:29:08:731[0m [34m[interceptor-source:setup][0m applying "FetchInterceptor" interceptor...
[90m12:29:08:731[0m [34m[fetch:apply][0m applying the interceptor...
[90m12:29:08:731[0m [34m[fetch:apply][0m no running instance found, setting up a new instance...
[90m12:29:08:731[0m [34m[interceptor-source:setup][0m adding interceptor dispose subscription
[90m12:29:08:732[0m [34m[interceptor-source:setup][0m applying "WebSocketInterceptor" interceptor...
[90m12:29:08:732[0m [34m[websocket:apply][0m applying the interceptor...
[90m12:29:08:732[0m [34m[websocket:apply][0m no running instance found, setting up a new instance...
[90m12:29:08:733[0m [34m[interceptor-source:setup][0m adding interceptor dispose subscription
[90m12:29:08:733[0m [34m[client-request-interceptor:on][0m adding "request" event listener: function () { [native code] }
[90m12:29:08:734[0m [34m[xhr:on][0m adding "request" event listener: function () { [native code] }
[90m12:29:08:734[0m [34m[fetch:on][0m adding "request" event listener: function () { [native code] }
[90m12:29:08:734[0m [34m[websocket:on][0m adding "request" event listener: function () { [native code] }
[90m12:29:08:734[0m [34m[client-request-interceptor:on][0m adding "response" event listener: function () { [native code] }
[90m12:29:08:734[0m [34m[xhr:on][0m adding "response" event listener: function () { [native code] }
[90m12:29:08:735[0m [34m[fetch:on][0m adding "response" event listener: function () { [native code] }
[90m12:29:08:735[0m [34m[websocket:on][0m adding "response" event listener: function () { [native code] }
[90m12:29:08:735[0m [34m[client-request-interceptor:on][0m adding "connection" event listener: function () { [native code] }
[90m12:29:08:735[0m [34m[xhr:on][0m adding "connection" event listener: function () { [native code] }
[90m12:29:08:735[0m [34m[fetch:on][0m adding "connection" event listener: function () { [native code] }
[90m12:29:08:735[0m [34m[websocket:on][0m adding "connection" event listener: function () { [native code] }
[90m12:29:08:746[0m [34m[interceptor-source:dispose][0m disposing the interceptor...
[90m12:29:08:746[0m [34m[interceptor-source:dispose][0m global symbol deleted: undefined
[90m12:29:08:747[0m [34m[interceptor-source:dispose][0m disposing of 4 subscriptions...
[90m12:29:08:747[0m [34m[client-request-interceptor:dispose][0m disposing the interceptor...
[90m12:29:08:747[0m [34m[client-request-interceptor:dispose][0m global symbol deleted: undefined
[90m12:29:08:747[0m [34m[client-request-interceptor:dispose][0m disposing of 1 subscriptions...
[90m12:29:08:747[0m [34m[client-request-interceptor:dispose][0m disposed of all subscriptions! 0
[90m12:29:08:748[0m [34m[client-request-interceptor:dispose][0m destroyed the listener!
[90m12:29:08:748[0m [34m[xhr:dispose][0m disposing the interceptor...
[90m12:29:08:748[0m [34m[xhr:dispose][0m global symbol deleted: undefined
[90m12:29:08:748[0m [34m[xhr:dispose][0m disposing of 1 subscriptions...
[90m12:29:08:748[0m [34m[xhr:setup][0m native "XMLHttpRequest" module restored! XMLHttpRequest
[90m12:29:08:748[0m [34m[xhr:dispose][0m disposed of all subscriptions! 0
[90m12:29:08:748[0m [34m[xhr:dispose][0m destroyed the listener!
[90m12:29:08:748[0m [34m[fetch:dispose][0m disposing the interceptor...
[90m12:29:08:748[0m [34m[fetch:dispose][0m global symbol deleted: undefined
[90m12:29:08:748[0m [34m[fetch:dispose][0m disposing of 1 subscriptions...
[90m12:29:08:749[0m [34m[fetch:dispose][0m disposed of all subscriptions! 0
[90m12:29:08:749[0m [34m[fetch:dispose][0m destroyed the listener!
[90m12:29:08:749[0m [34m[websocket:dispose][0m disposing the interceptor...
[90m12:29:08:749[0m [34m[websocket:dispose][0m global symbol deleted: undefined
[90m12:29:08:750[0m [34m[websocket:dispose][0m disposing of 1 subscriptions...
[90m12:29:08:750[0m [34m[websocket:dispose][0m disposed of all subscriptions! 0
[90m12:29:08:750[0m [34m[websocket:dispose][0m destroyed the listener!
[90m12:29:08:750[0m [34m[interceptor-source:dispose][0m disposed of all subscriptions! 0
[90m12:29:08:750[0m [34m[interceptor-source:dispose][0m destroyed the listener!
[90m12:29:08:839[0m [34m[interceptor-source:apply][0m applying the interceptor...
[90m12:29:08:901[0m [34m[interceptor-source:apply][0m no running instance found, setting up a new instance...
[90m12:29:08:901[0m [34m[interceptor-source:setup][0m applying all 4 interceptors...
[90m12:29:08:902[0m [34m[interceptor-source:setup][0m applying "ClientRequestInterceptor" interceptor...
[90m12:29:08:902[0m [34m[client-request-interceptor:apply][0m applying the interceptor...
[90m12:29:08:902[0m [34m[client-request-interceptor:apply][0m no running instance found, setting up a new instance...
[90m12:29:08:903[0m [34m[interceptor-source:setup][0m adding interceptor dispose subscription
[90m12:29:08:904[0m [34m[interceptor-source:setup][0m applying "XMLHttpRequestInterceptor" interceptor...
[90m12:29:08:904[0m [34m[xhr:apply][0m applying the interceptor...
[90m12:29:08:904[0m [34m[xhr:apply][0m no running instance found, setting up a new instance...
[90m12:29:08:905[0m [34m[xhr:setup][0m patching "XMLHttpRequest" module...
[90m12:29:08:905[0m [34m[xhr:setup][0m native "XMLHttpRequest" module patched! XMLHttpRequest
[90m12:29:08:905[0m [34m[interceptor-source:setup][0m adding interceptor dispose subscription
[90m12:29:08:905[0m [34m[interceptor-source:setup][0m applying "FetchInterceptor" interceptor...
[90m12:29:08:905[0m [34m[fetch:apply][0m applying the interceptor...
[90m12:29:08:905[0m [34m[fetch:apply][0m no running instance found, setting up a new instance...
[90m12:29:08:906[0m [34m[interceptor-source:setup][0m adding interceptor dispose subscription
[90m12:29:08:906[0m [34m[interceptor-source:setup][0m applying "WebSocketInterceptor" interceptor...
[90m12:29:08:906[0m [34m[websocket:apply][0m applying the interceptor...
[90m12:29:08:907[0m [34m[websocket:apply][0m no running instance found, setting up a new instance...
[90m12:29:08:908[0m [34m[interceptor-source:setup][0m adding interceptor dispose subscription
[90m12:29:08:909[0m [34m[client-request-interceptor:on][0m adding "request" event listener: function () { [native code] }
[90m12:29:08:910[0m [34m[xhr:on][0m adding "request" event listener: function () { [native code] }
[90m12:29:08:910[0m [34m[fetch:on][0m adding "request" event listener: function () { [native code] }
[90m12:29:08:910[0m [34m[websocket:on][0m adding "request" event listener: function () { [native code] }
[90m12:29:08:910[0m [34m[client-request-interceptor:on][0m adding "response" event listener: function () { [native code] }
[90m12:29:08:911[0m [34m[xhr:on][0m adding "response" event listener: function () { [native code] }
[90m12:29:08:911[0m [34m[fetch:on][0m adding "response" event listener: function () { [native code] }
[90m12:29:08:911[0m [34m[websocket:on][0m adding "response" event listener: function () { [native code] }
[90m12:29:08:911[0m [34m[client-request-interceptor:on][0m adding "connection" event listener: function () { [native code] }
[90m12:29:08:911[0m [34m[xhr:on][0m adding "connection" event listener: function () { [native code] }
[90m12:29:08:912[0m [34m[fetch:on][0m adding "connection" event listener: function () { [native code] }
[90m12:29:08:912[0m [34m[websocket:on][0m adding "connection" event listener: function () { [native code] }
[90m12:29:08:925[0m [34m[interceptor-source:dispose][0m disposing the interceptor...
[90m12:29:08:926[0m [34m[interceptor-source:dispose][0m global symbol deleted: undefined
[90m12:29:08:926[0m [34m[interceptor-source:dispose][0m disposing of 4 subscriptions...
[90m12:29:08:926[0m [34m[client-request-interceptor:dispose][0m disposing the interceptor...
[90m12:29:08:926[0m [34m[client-request-interceptor:dispose][0m global symbol deleted: undefined
[90m12:29:08:926[0m [34m[client-request-interceptor:dispose][0m disposing of 1 subscriptions...
[90m12:29:08:927[0m [34m[client-request-interceptor:dispose][0m disposed of all subscriptions! 0
[90m12:29:08:927[0m [34m[client-request-interceptor:dispose][0m destroyed the listener!
[90m12:29:08:928[0m [34m[xhr:dispose][0m disposing the interceptor...
[90m12:29:08:928[0m [34m[xhr:dispose][0m global symbol deleted: undefined
[90m12:29:08:929[0m [34m[xhr:dispose][0m disposing of 1 subscriptions...
[90m12:29:08:929[0m [34m[xhr:setup][0m native "XMLHttpRequest" module restored! XMLHttpRequest
[90m12:29:08:929[0m [34m[xhr:dispose][0m disposed of all subscriptions! 0
[90m12:29:08:929[0m [34m[xhr:dispose][0m destroyed the listener!
[90m12:29:08:929[0m [34m[fetch:dispose][0m disposing the interceptor...
[90m12:29:08:929[0m [34m[fetch:dispose][0m global symbol deleted: undefined
[90m12:29:08:930[0m [34m[fetch:dispose][0m disposing of 1 subscriptions...
[90m12:29:08:930[0m [34m[fetch:dispose][0m disposed of all subscriptions! 0
[90m12:29:08:930[0m [34m[fetch:dispose][0m destroyed the listener!
[90m12:29:08:930[0m [34m[websocket:dispose][0m disposing the interceptor...
[90m12:29:08:931[0m [34m[websocket:dispose][0m global symbol deleted: undefined
[90m12:29:08:931[0m [34m[websocket:dispose][0m disposing of 1 subscriptions...
[90m12:29:08:931[0m [34m[websocket:dispose][0m disposed of all subscriptions! 0
[90m12:29:08:931[0m [34m[websocket:dispose][0m destroyed the listener!
[90m12:29:08:931[0m [34m[interceptor-source:dispose][0m disposed of all subscriptions! 0
[90m12:29:08:931[0m [34m[interceptor-source:dispose][0m destroyed the listener!
(node:15448) Warning: `--localstorage-file` was provided without a valid path
(Use `node --trace-warnings ...` to show where the warning was created)
(node:11812) Warning: `--localstorage-file` was provided without a valid path
(Use `node --trace-warnings ...` to show where the warning was created)
[90m12:29:10:229[0m [34m[interceptor-source:apply][0m applying the interceptor...
[90m12:29:10:277[0m [34m[interceptor-source:apply][0m no running instance found, setting up a new instance...
[90m12:29:10:277[0m [34m[interceptor-source:setup][0m applying all 4 interceptors...
[90m12:29:10:278[0m [34m[interceptor-source:setup][0m applying "ClientRequestInterceptor" interceptor...
[90m12:29:10:278[0m [34m[client-request-interceptor:apply][0m applying the interceptor...
[90m12:29:10:278[0m [34m[client-request-interceptor:apply][0m no running instance found, setting up a new instance...
[90m12:29:10:279[0m [34m[interceptor-source:setup][0m adding interceptor dispose subscription
[90m12:29:10:279[0m [34m[interceptor-source:setup][0m applying "XMLHttpRequestInterceptor" interceptor...
[90m12:29:10:279[0m [34m[xhr:apply][0m applying the interceptor...
[90m12:29:10:280[0m [34m[xhr:apply][0m no running instance found, setting up a new instance...
[90m12:29:10:280[0m [34m[xhr:setup][0m patching "XMLHttpRequest" module...
[90m12:29:10:280[0m [34m[xhr:setup][0m native "XMLHttpRequest" module patched! XMLHttpRequest
[90m12:29:10:281[0m [34m[interceptor-source:setup][0m adding interceptor dispose subscription
[90m12:29:10:281[0m [34m[interceptor-source:setup][0m applying "FetchInterceptor" interceptor...
[90m12:29:10:281[0m [34m[fetch:apply][0m applying the interceptor...
[90m12:29:10:281[0m [34m[fetch:apply][0m no running instance found, setting up a new instance...
[90m12:29:10:281[0m [34m[interceptor-source:setup][0m adding interceptor dispose subscription
[90m12:29:10:281[0m [34m[interceptor-source:setup][0m applying "WebSocketInterceptor" interceptor...
[90m12:29:10:282[0m [34m[websocket:apply][0m applying the interceptor...
[90m12:29:10:282[0m [34m[websocket:apply][0m no running instance found, setting up a new instance...
[90m12:29:10:282[0m [34m[interceptor-source:setup][0m adding interceptor dispose subscription
[90m12:29:10:283[0m [34m[client-request-interceptor:on][0m adding "request" event listener: function () { [native code] }
[90m12:29:10:283[0m [34m[xhr:on][0m adding "request" event listener: function () { [native code] }
[90m12:29:10:283[0m [34m[fetch:on][0m adding "request" event listener: function () { [native code] }
[90m12:29:10:283[0m [34m[websocket:on][0m adding "request" event listener: function () { [native code] }
[90m12:29:10:283[0m [34m[client-request-interceptor:on][0m adding "response" event listener: function () { [native code] }
[90m12:29:10:283[0m [34m[xhr:on][0m adding "response" event listener: function () { [native code] }
[90m12:29:10:284[0m [34m[fetch:on][0m adding "response" event listener: function () { [native code] }
[90m12:29:10:284[0m [34m[websocket:on][0m adding "response" event listener: function () { [native code] }
[90m12:29:10:284[0m [34m[client-request-interceptor:on][0m adding "connection" event listener: function () { [native code] }
[90m12:29:10:284[0m [34m[xhr:on][0m adding "connection" event listener: function () { [native code] }
[90m12:29:10:284[0m [34m[fetch:on][0m adding "connection" event listener: function () { [native code] }
[90m12:29:10:284[0m [34m[websocket:on][0m adding "connection" event listener: function () { [native code] }
[90m12:29:10:299[0m [34m[interceptor-source:dispose][0m disposing the interceptor...
[90m12:29:10:299[0m [34m[interceptor-source:dispose][0m global symbol deleted: undefined
[90m12:29:10:299[0m [34m[interceptor-source:dispose][0m disposing of 4 subscriptions...
[90m12:29:10:299[0m [34m[client-request-interceptor:dispose][0m disposing the interceptor...
[90m12:29:10:299[0m [34m[client-request-interceptor:dispose][0m global symbol deleted: undefined
[90m12:29:10:299[0m [34m[client-request-interceptor:dispose][0m disposing of 1 subscriptions...
[90m12:29:10:300[0m [34m[client-request-interceptor:dispose][0m disposed of all subscriptions! 0
[90m12:29:10:300[0m [34m[client-request-interceptor:dispose][0m destroyed the listener!
[90m12:29:10:300[0m [34m[xhr:dispose][0m disposing the interceptor...
[90m12:29:10:300[0m [34m[xhr:dispose][0m global symbol deleted: undefined
[90m12:29:10:300[0m [34m[xhr:dispose][0m disposing of 1 subscriptions...
[90m12:29:10:300[0m [34m[xhr:setup][0m native "XMLHttpRequest" module restored! XMLHttpRequest
[90m12:29:10:300[0m [34m[xhr:dispose][0m disposed of all subscriptions! 0
[90m12:29:10:300[0m [34m[xhr:dispose][0m destroyed the listener!
[90m12:29:10:300[0m [34m[fetch:dispose][0m disposing the interceptor...
[90m12:29:10:301[0m [34m[fetch:dispose][0m global symbol deleted: undefined
[90m12:29:10:301[0m [34m[fetch:dispose][0m disposing of 1 subscriptions...
[90m12:29:10:301[0m [34m[fetch:dispose][0m disposed of all subscriptions! 0
[90m12:29:10:301[0m [34m[fetch:dispose][0m destroyed the listener!
[90m12:29:10:301[0m [34m[websocket:dispose][0m disposing the interceptor...
[90m12:29:10:301[0m [34m[websocket:dispose][0m global symbol deleted: undefined
[90m12:29:10:301[0m [34m[websocket:dispose][0m disposing of 1 subscriptions...
[90m12:29:10:301[0m [34m[websocket:dispose][0m disposed of all subscriptions! 0
[90m12:29:10:302[0m [34m[websocket:dispose][0m destroyed the listener!
[90m12:29:10:302[0m [34m[interceptor-source:dispose][0m disposed of all subscriptions! 0
[90m12:29:10:302[0m [34m[interceptor-source:dispose][0m destroyed the listener!
[90m12:29:10:714[0m [34m[interceptor-source:apply][0m applying the interceptor...
[90m12:29:10:757[0m [34m[interceptor-source:apply][0m no running instance found, setting up a new instance...
[90m12:29:10:757[0m [34m[interceptor-source:setup][0m applying all 4 interceptors...
[90m12:29:10:758[0m [34m[interceptor-source:setup][0m applying "ClientRequestInterceptor" interceptor...
[90m12:29:10:758[0m [34m[client-request-interceptor:apply][0m applying the interceptor...
[90m12:29:10:758[0m [34m[client-request-interceptor:apply][0m no running instance found, setting up a new instance...
[90m12:29:10:759[0m [34m[interceptor-source:setup][0m adding interceptor dispose subscription
[90m12:29:10:759[0m [34m[interceptor-source:setup][0m applying "XMLHttpRequestInterceptor" interceptor...
[90m12:29:10:759[0m [34m[xhr:apply][0m applying the interceptor...
[90m12:29:10:760[0m [34m[xhr:apply][0m no running instance found, setting up a new instance...
[90m12:29:10:760[0m [34m[xhr:setup][0m patching "XMLHttpRequest" module...
[90m12:29:10:760[0m [34m[xhr:setup][0m native "XMLHttpRequest" module patched! XMLHttpRequest
[90m12:29:10:760[0m [34m[interceptor-source:setup][0m adding interceptor dispose subscription
[90m12:29:10:760[0m [34m[interceptor-source:setup][0m applying "FetchInterceptor" interceptor...
[90m12:29:10:761[0m [34m[fetch:apply][0m applying the interceptor...
[90m12:29:10:761[0m [34m[fetch:apply][0m no running instance found, setting up a new instance...
[90m12:29:10:761[0m [34m[interceptor-source:setup][0m adding interceptor dispose subscription
[90m12:29:10:761[0m [34m[interceptor-source:setup][0m applying "WebSocketInterceptor" interceptor...
[90m12:29:10:762[0m [34m[websocket:apply][0m applying the interceptor...
[90m12:29:10:762[0m [34m[websocket:apply][0m no running instance found, setting up a new instance...
[90m12:29:10:762[0m [34m[interceptor-source:setup][0m adding interceptor dispose subscription
[90m12:29:10:762[0m [34m[client-request-interceptor:on][0m adding "request" event listener: function () { [native code] }
[90m12:29:10:763[0m [34m[xhr:on][0m adding "request" event listener: function () { [native code] }
[90m12:29:10:763[0m [34m[fetch:on][0m adding "request" event listener: function () { [native code] }
[90m12:29:10:763[0m [34m[websocket:on][0m adding "request" event listener: function () { [native code] }
[90m12:29:10:763[0m [34m[client-request-interceptor:on][0m adding "response" event listener: function () { [native code] }
[90m12:29:10:763[0m [34m[xhr:on][0m adding "response" event listener: function () { [native code] }
[90m12:29:10:763[0m [34m[fetch:on][0m adding "response" event listener: function () { [native code] }
[90m12:29:10:763[0m [34m[websocket:on][0m adding "response" event listener: function () { [native code] }
[90m12:29:10:764[0m [34m[client-request-interceptor:on][0m adding "connection" event listener: function () { [native code] }
[90m12:29:10:764[0m [34m[xhr:on][0m adding "connection" event listener: function () { [native code] }
[90m12:29:10:764[0m [34m[fetch:on][0m adding "connection" event listener: function () { [native code] }
[90m12:29:10:764[0m [34m[websocket:on][0m adding "connection" event listener: function () { [native code] }
[90m12:29:10:777[0m [34m[interceptor-source:dispose][0m disposing the interceptor...
[90m12:29:10:777[0m [34m[interceptor-source:dispose][0m global symbol deleted: undefined
[90m12:29:10:778[0m [34m[interceptor-source:dispose][0m disposing of 4 subscriptions...
[90m12:29:10:778[0m [34m[client-request-interceptor:dispose][0m disposing the interceptor...
[90m12:29:10:778[0m [34m[client-request-interceptor:dispose][0m global symbol deleted: undefined
[90m12:29:10:778[0m [34m[client-request-interceptor:dispose][0m disposing of 1 subscriptions...
[90m12:29:10:778[0m [34m[client-request-interceptor:dispose][0m disposed of all subscriptions! 0
[90m12:29:10:778[0m [34m[client-request-interceptor:dispose][0m destroyed the listener!
[90m12:29:10:779[0m [34m[xhr:dispose][0m disposing the interceptor...
[90m12:29:10:779[0m [34m[xhr:dispose][0m global symbol deleted: undefined
[90m12:29:10:779[0m [34m[xhr:dispose][0m disposing of 1 subscriptions...
[90m12:29:10:779[0m [34m[xhr:setup][0m native "XMLHttpRequest" module restored! XMLHttpRequest
[90m12:29:10:779[0m [34m[xhr:dispose][0m disposed of all subscriptions! 0
[90m12:29:10:779[0m [34m[xhr:dispose][0m destroyed the listener!
[90m12:29:10:779[0m [34m[fetch:dispose][0m disposing the interceptor...
[90m12:29:10:779[0m [34m[fetch:dispose][0m global symbol deleted: undefined
[90m12:29:10:779[0m [34m[fetch:dispose][0m disposing of 1 subscriptions...
[90m12:29:10:779[0m [34m[fetch:dispose][0m disposed of all subscriptions! 0
[90m12:29:10:779[0m [34m[fetch:dispose][0m destroyed the listener!
[90m12:29:10:780[0m [34m[websocket:dispose][0m disposing the interceptor...
[90m12:29:10:780[0m [34m[websocket:dispose][0m global symbol deleted: undefined
[90m12:29:10:780[0m [34m[websocket:dispose][0m disposing of 1 subscriptions...
[90m12:29:10:780[0m [34m[websocket:dispose][0m disposed of all subscriptions! 0
[90m12:29:10:780[0m [34m[websocket:dispose][0m destroyed the listener!
[90m12:29:10:780[0m [34m[interceptor-source:dispose][0m disposed of all subscriptions! 0
[90m12:29:10:780[0m [34m[interceptor-source:dispose][0m destroyed the listener!
(node:17048) Warning: `--localstorage-file` was provided without a valid path
(Use `node --trace-warnings ...` to show where the warning was created)
(node:5292) Warning: `--localstorage-file` was provided without a valid path
(Use `node --trace-warnings ...` to show where the warning was created)
[90m12:29:11:920[0m [34m[interceptor-source:apply][0m applying the interceptor...
[90m12:29:11:929[0m [34m[interceptor-source:apply][0m no running instance found, setting up a new instance...
[90m12:29:11:929[0m [34m[interceptor-source:setup][0m applying all 4 interceptors...
[90m12:29:11:930[0m [34m[interceptor-source:setup][0m applying "ClientRequestInterceptor" interceptor...
[90m12:29:11:930[0m [34m[client-request-interceptor:apply][0m applying the interceptor...
[90m12:29:11:930[0m [34m[client-request-interceptor:apply][0m no running instance found, setting up a new instance...
[90m12:29:11:931[0m [34m[interceptor-source:setup][0m adding interceptor dispose subscription
[90m12:29:11:931[0m [34m[interceptor-source:setup][0m applying "XMLHttpRequestInterceptor" interceptor...
[90m12:29:11:932[0m [34m[xhr:apply][0m applying the interceptor...
[90m12:29:11:932[0m [34m[xhr:apply][0m no running instance found, setting up a new instance...
[90m12:29:11:932[0m [34m[xhr:setup][0m patching "XMLHttpRequest" module...
[90m12:29:11:933[0m [34m[xhr:setup][0m native "XMLHttpRequest" module patched! XMLHttpRequest
[90m12:29:11:933[0m [34m[interceptor-source:setup][0m adding interceptor dispose subscription
[90m12:29:11:933[0m [34m[interceptor-source:setup][0m applying "FetchInterceptor" interceptor...
[90m12:29:11:933[0m [34m[fetch:apply][0m applying the interceptor...
[90m12:29:11:933[0m [34m[fetch:apply][0m no running instance found, setting up a new instance...
[90m12:29:11:933[0m [34m[interceptor-source:setup][0m adding interceptor dispose subscription
[90m12:29:11:933[0m [34m[interceptor-source:setup][0m applying "WebSocketInterceptor" interceptor...
[90m12:29:11:934[0m [34m[websocket:apply][0m applying the interceptor...
[90m12:29:11:934[0m [34m[websocket:apply][0m no running instance found, setting up a new instance...
[90m12:29:11:934[0m [34m[interceptor-source:setup][0m adding interceptor dispose subscription
[90m12:29:11:935[0m [34m[client-request-interceptor:on][0m adding "request" event listener: function () { [native code] }
[90m12:29:11:935[0m [34m[xhr:on][0m adding "request" event listener: function () { [native code] }
[90m12:29:11:935[0m [34m[fetch:on][0m adding "request" event listener: function () { [native code] }
[90m12:29:11:935[0m [34m[websocket:on][0m adding "request" event listener: function () { [native code] }
[90m12:29:11:936[0m [34m[client-request-interceptor:on][0m adding "response" event listener: function () { [native code] }
[90m12:29:11:936[0m [34m[xhr:on][0m adding "response" event listener: function () { [native code] }
[90m12:29:11:936[0m [34m[fetch:on][0m adding "response" event listener: function () { [native code] }
[90m12:29:11:936[0m [34m[websocket:on][0m adding "response" event listener: function () { [native code] }
[90m12:29:11:936[0m [34m[client-request-interceptor:on][0m adding "connection" event listener: function () { [native code] }
[90m12:29:11:936[0m [34m[xhr:on][0m adding "connection" event listener: function () { [native code] }
[90m12:29:11:936[0m [34m[fetch:on][0m adding "connection" event listener: function () { [native code] }
[90m12:29:11:936[0m [34m[websocket:on][0m adding "connection" event listener: function () { [native code] }
[90m12:29:11:950[0m [34m[interceptor-source:dispose][0m disposing the interceptor...
[90m12:29:11:950[0m [34m[interceptor-source:dispose][0m global symbol deleted: undefined
[90m12:29:11:950[0m [34m[interceptor-source:dispose][0m disposing of 4 subscriptions...
[90m12:29:11:951[0m [34m[client-request-interceptor:dispose][0m disposing the interceptor...
[90m12:29:11:951[0m [34m[client-request-interceptor:dispose][0m global symbol deleted: undefined
[90m12:29:11:951[0m [34m[client-request-interceptor:dispose][0m disposing of 1 subscriptions...
[90m12:29:11:951[0m [34m[client-request-interceptor:dispose][0m disposed of all subscriptions! 0
[90m12:29:11:951[0m [34m[client-request-interceptor:dispose][0m destroyed the listener!
[90m12:29:11:951[0m [34m[xhr:dispose][0m disposing the interceptor...
[90m12:29:11:951[0m [34m[xhr:dispose][0m global symbol deleted: undefined
[90m12:29:11:951[0m [34m[xhr:dispose][0m disposing of 1 subscriptions...
[90m12:29:11:951[0m [34m[xhr:setup][0m native "XMLHttpRequest" module restored! XMLHttpRequest
[90m12:29:11:952[0m [34m[xhr:dispose][0m disposed of all subscriptions! 0
[90m12:29:11:952[0m [34m[xhr:dispose][0m destroyed the listener!
[90m12:29:11:952[0m [34m[fetch:dispose][0m disposing the interceptor...
[90m12:29:11:952[0m [34m[fetch:dispose][0m global symbol deleted: undefined
[90m12:29:11:952[0m [34m[fetch:dispose][0m disposing of 1 subscriptions...
[90m12:29:11:952[0m [34m[fetch:dispose][0m disposed of all subscriptions! 0
[90m12:29:11:952[0m [34m[fetch:dispose][0m destroyed the listener!
[90m12:29:11:952[0m [34m[websocket:dispose][0m disposing the interceptor...
[90m12:29:11:952[0m [34m[websocket:dispose][0m global symbol deleted: undefined
[90m12:29:11:952[0m [34m[websocket:dispose][0m disposing of 1 subscriptions...
[90m12:29:11:953[0m [34m[websocket:dispose][0m disposed of all subscriptions! 0
[90m12:29:11:953[0m [34m[websocket:dispose][0m destroyed the listener!
[90m12:29:11:953[0m [34m[interceptor-source:dispose][0m disposed of all subscriptions! 0
[90m12:29:11:953[0m [34m[interceptor-source:dispose][0m destroyed the listener!
[90m12:29:12:121[0m [34m[interceptor-source:apply][0m applying the interceptor...
[90m12:29:12:156[0m [34m[interceptor-source:apply][0m no running instance found, setting up a new instance...
[90m12:29:12:156[0m [34m[interceptor-source:setup][0m applying all 4 interceptors...
[90m12:29:12:157[0m [34m[interceptor-source:setup][0m applying "ClientRequestInterceptor" interceptor...
[90m12:29:12:157[0m [34m[client-request-interceptor:apply][0m applying the interceptor...
[90m12:29:12:157[0m [34m[client-request-interceptor:apply][0m no running instance found, setting up a new instance...
[90m12:29:12:158[0m [34m[interceptor-source:setup][0m adding interceptor dispose subscription
[90m12:29:12:158[0m [34m[interceptor-source:setup][0m applying "XMLHttpRequestInterceptor" interceptor...
[90m12:29:12:158[0m [34m[xhr:apply][0m applying the interceptor...
[90m12:29:12:158[0m [34m[xhr:apply][0m no running instance found, setting up a new instance...
[90m12:29:12:158[0m [34m[xhr:setup][0m patching "XMLHttpRequest" module...
[90m12:29:12:158[0m [34m[xhr:setup][0m native "XMLHttpRequest" module patched! XMLHttpRequest
[90m12:29:12:159[0m [34m[interceptor-source:setup][0m adding interceptor dispose subscription
[90m12:29:12:159[0m [34m[interceptor-source:setup][0m applying "FetchInterceptor" interceptor...
[90m12:29:12:159[0m [34m[fetch:apply][0m applying the interceptor...
[90m12:29:12:159[0m [34m[fetch:apply][0m no running instance found, setting up a new instance...
[90m12:29:12:159[0m [34m[interceptor-source:setup][0m adding interceptor dispose subscription
[90m12:29:12:159[0m [34m[interceptor-source:setup][0m applying "WebSocketInterceptor" interceptor...
[90m12:29:12:159[0m [34m[websocket:apply][0m applying the interceptor...
[90m12:29:12:160[0m [34m[websocket:apply][0m no running instance found, setting up a new instance...
[90m12:29:12:160[0m [34m[interceptor-source:setup][0m adding interceptor dispose subscription
[90m12:29:12:160[0m [34m[client-request-interceptor:on][0m adding "request" event listener: function () { [native code] }
[90m12:29:12:160[0m [34m[xhr:on][0m adding "request" event listener: function () { [native code] }
[90m12:29:12:160[0m [34m[fetch:on][0m adding "request" event listener: function () { [native code] }
[90m12:29:12:160[0m [34m[websocket:on][0m adding "request" event listener: function () { [native code] }
[90m12:29:12:161[0m [34m[client-request-interceptor:on][0m adding "response" event listener: function () { [native code] }
[90m12:29:12:161[0m [34m[xhr:on][0m adding "response" event listener: function () { [native code] }
[90m12:29:12:161[0m [34m[fetch:on][0m adding "response" event listener: function () { [native code] }
[90m12:29:12:161[0m [34m[websocket:on][0m adding "response" event listener: function () { [native code] }
[90m12:29:12:161[0m [34m[client-request-interceptor:on][0m adding "connection" event listener: function () { [native code] }
[90m12:29:12:161[0m [34m[xhr:on][0m adding "connection" event listener: function () { [native code] }
[90m12:29:12:161[0m [34m[fetch:on][0m adding "connection" event listener: function () { [native code] }
[90m12:29:12:161[0m [34m[websocket:on][0m adding "connection" event listener: function () { [native code] }
[90m12:29:12:167[0m [34m[interceptor-source:dispose][0m disposing the interceptor...
[90m12:29:12:167[0m [34m[interceptor-source:dispose][0m global symbol deleted: undefined
[90m12:29:12:167[0m [34m[interceptor-source:dispose][0m disposing of 4 subscriptions...
[90m12:29:12:167[0m [34m[client-request-interceptor:dispose][0m disposing the interceptor...
[90m12:29:12:167[0m [34m[client-request-interceptor:dispose][0m global symbol deleted: undefined
[90m12:29:12:167[0m [34m[client-request-interceptor:dispose][0m disposing of 1 subscriptions...
[90m12:29:12:167[0m [34m[client-request-interceptor:dispose][0m disposed of all subscriptions! 0
[90m12:29:12:167[0m [34m[client-request-interceptor:dispose][0m destroyed the listener!
[90m12:29:12:167[0m [34m[xhr:dispose][0m disposing the interceptor...
[90m12:29:12:167[0m [34m[xhr:dispose][0m global symbol deleted: undefined
[90m12:29:12:168[0m [34m[xhr:dispose][0m disposing of 1 subscriptions...
[90m12:29:12:168[0m [34m[xhr:setup][0m native "XMLHttpRequest" module restored! XMLHttpRequest
[90m12:29:12:168[0m [34m[xhr:dispose][0m disposed of all subscriptions! 0
[90m12:29:12:168[0m [34m[xhr:dispose][0m destroyed the listener!
[90m12:29:12:168[0m [34m[fetch:dispose][0m disposing the interceptor...
[90m12:29:12:168[0m [34m[fetch:dispose][0m global symbol deleted: undefined
[90m12:29:12:168[0m [34m[fetch:dispose][0m disposing of 1 subscriptions...
[90m12:29:12:168[0m [34m[fetch:dispose][0m disposed of all subscriptions! 0
[90m12:29:12:168[0m [34m[fetch:dispose][0m destroyed the listener!
[90m12:29:12:168[0m [34m[websocket:dispose][0m disposing the interceptor...
[90m12:29:12:168[0m [34m[websocket:dispose][0m global symbol deleted: undefined
[90m12:29:12:168[0m [34m[websocket:dispose][0m disposing of 1 subscriptions...
[90m12:29:12:168[0m [34m[websocket:dispose][0m disposed of all subscriptions! 0
[90m12:29:12:169[0m [34m[websocket:dispose][0m destroyed the listener!
[90m12:29:12:169[0m [34m[interceptor-source:dispose][0m disposed of all subscriptions! 0
[90m12:29:12:169[0m [34m[interceptor-source:dispose][0m destroyed the listener!
[90m12:29:18:714[0m [34m[interceptor-source:dispose][0m disposing the interceptor...
[90m12:29:18:714[0m [34m[interceptor-source:dispose][0m global symbol deleted: undefined
[90m12:29:18:715[0m [34m[interceptor-source:dispose][0m disposing of 4 subscriptions...
[90m12:29:18:715[0m [34m[client-request-interceptor:dispose][0m disposing the interceptor...
[90m12:29:18:715[0m [34m[client-request-interceptor:dispose][0m global symbol deleted: undefined
[90m12:29:18:715[0m [34m[client-request-interceptor:dispose][0m disposing of 1 subscriptions...
[90m12:29:18:715[0m [34m[client-request-interceptor:dispose][0m disposed of all subscriptions! 0
[90m12:29:18:715[0m [34m[client-request-interceptor:dispose][0m destroyed the listener!
[90m12:29:18:715[0m [34m[xhr:dispose][0m disposing the interceptor...
[90m12:29:18:715[0m [34m[xhr:dispose][0m global symbol deleted: undefined
[90m12:29:18:715[0m [34m[xhr:dispose][0m disposing of 1 subscriptions...
[90m12:29:18:715[0m [34m[xhr:setup][0m native "XMLHttpRequest" module restored! XMLHttpRequest
[90m12:29:18:715[0m [34m[xhr:dispose][0m disposed of all subscriptions! 0
[90m12:29:18:716[0m [34m[xhr:dispose][0m destroyed the listener!
[90m12:29:18:716[0m [34m[fetch:dispose][0m disposing the interceptor...
[90m12:29:18:716[0m [34m[fetch:dispose][0m global symbol deleted: undefined
[90m12:29:18:716[0m [34m[fetch:dispose][0m disposing of 1 subscriptions...
[90m12:29:18:716[0m [34m[fetch:dispose][0m disposed of all subscriptions! 0
[90m12:29:18:716[0m [34m[fetch:dispose][0m destroyed the listener!
[90m12:29:18:716[0m [34m[websocket:dispose][0m disposing the interceptor...
[90m12:29:18:716[0m [34m[websocket:dispose][0m global symbol deleted: undefined
[90m12:29:18:716[0m [34m[websocket:dispose][0m disposing of 1 subscriptions...
[90m12:29:18:717[0m [34m[websocket:dispose][0m disposed of all subscriptions! 0
[90m12:29:18:717[0m [34m[websocket:dispose][0m destroyed the listener!
[90m12:29:18:717[0m [34m[interceptor-source:dispose][0m disposed of all subscriptions! 0
[90m12:29:18:717[0m [34m[interceptor-source:dispose][0m destroyed the listener!
stdout | tests/unit/lib/encryption.test.ts
◇ injected env (110) from .env.local // tip: ⌘ multiple files { path: ['.env.local', '.env'] }

 ❯ tests/unit/lib/encryption.test.ts (29 tests | 1 failed) 24642ms
       × encrypts and decrypts quickly 246ms

⎯⎯⎯⎯⎯⎯ Failed Tests 24 ⎯⎯⎯⎯⎯⎯⎯

 FAIL  tests/unit/plan-ensure-comprehensive.test.ts > plan-ensure: scoreCandidate > matches partial path prefixes
AssertionError: expected 0.6 to be greater than 0.8
 ❯ tests/unit/plan-ensure-comprehensive.test.ts:122:19
    120|
    121|     const score = scoreCandidate(changed, cand);
    122|     expect(score).toBeGreaterThan(0.8); // Both files match
       |                   ^
    123|   });
    124|

⎯⎯⎯⎯⎯⎯⎯⎯⎯⎯⎯⎯⎯⎯⎯⎯⎯⎯⎯⎯⎯⎯⎯[1/24]⎯

 FAIL  tests/unit/plan-ensure-comprehensive.test.ts > plan-ensure: readPlanFile > parses plan title from frontmatter
AssertionError: expected undefined to be 'test-plan' // Object.is equality

- Expected:
"test-plan"

+ Received:
undefined

 ❯ tests/unit/plan-ensure-comprehensive.test.ts:173:26
    171|     const result = readPlanFile(testPlanFile);
    172|
    173|     expect(result.title).toBe("test-plan");
       |                          ^
    174|   });
    175|

⎯⎯⎯⎯⎯⎯⎯⎯⎯⎯⎯⎯⎯⎯⎯⎯⎯⎯⎯⎯⎯⎯⎯[2/24]⎯

 FAIL  tests/unit/plan-ensure-comprehensive.test.ts > plan-ensure: readPlanFile > parses plan description from frontmatter
AssertionError: expected '' to contain 'This is a test description'

- Expected
+ Received

- This is a test description

 ❯ tests/unit/plan-ensure-comprehensive.test.ts:190:26
    188|     const result = readPlanFile(testPlanFile);
    189|
    190|     expect(result.goals).toContain("This is a test description");
       |                          ^
    191|   });
    192|

⎯⎯⎯⎯⎯⎯⎯⎯⎯⎯⎯⎯⎯⎯⎯⎯⎯⎯⎯⎯⎯⎯⎯[3/24]⎯

 FAIL  tests/unit/plan-ensure-comprehensive.test.ts > plan-ensure: readPlanFile > extracts metadata from well-formed plan file
AssertionError: expected undefined to be 'comprehensive-test' // Object.is equality

- Expected:
"comprehensive-test"

+ Received:
undefined

 ❯ tests/unit/plan-ensure-comprehensive.test.ts:291:26
    289|     const result = readPlanFile(testPlanFile);
    290|
    291|     expect(result.title).toBe("comprehensive-test");
       |                          ^
    292|     expect(result.goals).toContain("comprehensive test plan");
    293|   });

⎯⎯⎯⎯⎯⎯⎯⎯⎯⎯⎯⎯⎯⎯⎯⎯⎯⎯⎯⎯⎯⎯⎯[4/24]⎯

 FAIL  tests/unit/components/settings-content.test.tsx > DangerZone Component > renders the danger zone section
TestingLibraryElementError: Found multiple elements with the text: /Delete your account permanently/i

Here are the matching elements:

Ignored nodes: comments, script, style
[36m<p[39m
  [33mclass[39m=[32m"text-sm text-muted-foreground"[39m
[36m>[39m
  [0mDelete your account permanently. This action will remove all your data and cannot be undone[0m
  [0m [0m
  [36m<a[39m
    [33mclass[39m=[32m"font-medium text-card-foreground hover:underline"[39m
    [33mhref[39m=[32m"/help/account-deletion"[39m
  [36m>[39m
    [0mLearn more[0m
  [36m</a>[39m
[36m</p>[39m

Ignored nodes: comments, script, style
[36m<p[39m
  [33mclass[39m=[32m"text-sm text-muted-foreground"[39m
[36m>[39m
  [0mDelete your account permanently. This action will remove all your data and cannot be undone.[0m
[36m</p>[39m

(If this is intentional, then use the `*AllBy*` variant of the query (like `queryAllByText`, `getAllByText`, or `findAllByText`)).

Ignored nodes: comments, script, style
[36m<body>[39m
  [36m<div>[39m
    [36m<div[39m
      [33mclass[39m=[32m"grid grid-cols-1 gap-10 lg:grid-cols-3"[39m
    [36m>[39m
      [36m<div[39m
        [33mclass[39m=[32m"flex flex-col space-y-1"[39m
      [36m>[39m
        [36m<h3[39m
          [33mclass[39m=[32m"font-semibold"[39m
        [36m>[39m
          [0mDanger Zone[0m
        [36m</h3>[39m
        [36m<p[39m
          [33mclass[39m=[32m"text-sm text-muted-foreground"[39m
        [36m>[39m
          [0mDelete your account permanently. This action will remove all your data and cannot be undone[0m
          [0m [0m
          [36m<a[39m
            [33mclass[39m=[32m"font-medium text-card-foreground hover:underline"[39m
            [33mhref[39m=[32m"/help/account-deletion"[39m
          [36m>[39m
            [0mLearn more[0m
          [36m</a>[39m
        [36m</p>[39m
      [36m</div>[39m
      [36m<div[39m
        [33mclass[39m=[32m"space-y-6 lg:col-span-2"[39m
      [36m>[39m
        [36m<div[39m
          [33mclass[39m=[32m"flex flex-col gap-6 rounded-xl border bg-card py-6 text-card-foreground shadow-sm"[39m
          [33mdata-slot[39m=[32m"card"[39m
        [36m>[39m
          [36m<div[39m
            [33mclass[39m=[32m"px-6"[39m
            [33mdata-slot[39m=[32m"card-content"[39m
          [36m>[39m
            [36m<div[39m
              [33mclass[39m=[32m"flex items-center justify-between gap-4 max-lg:flex-col"[39m
            [36m>[39m
              [36m<div[39m
                [33mclass[39m=[32m"space-y-1"[39m
              [36m>[39m
                [36m<h3[39m
                  [33mclass[39m=[32m"text-sm font-medium"[39m
                [36m>[39m
                  [0mDelete account[0m
                [36m</h3>[39m
                [36m<p[39m
                  [33mclass[39m=[32m"text-sm text-muted-foreground"[39m
                [36m>[39m
                  [0mDelete your account permanently. This action will remove all your data and cannot be undone.[0m
                [36m</p>[39m
              [36m</div>[39m
              [36m<button[39m
                [33maria-controls[39m=[32m"radix-_r_0_"[39m
                [33maria-expanded[39m=[32m"false"[39m
                [33maria-haspopup[39m=[32m"dialog"[39m
                [33mclass[39m=[32m"inline-flex shrink-0 items-center justify-center gap-2 rounded-md text-sm font-medium whitespace-nowrap transition-all outline-none focus-visible:border-ring focus-visible:ring-[3px] disabled:pointer-events-none disabled:opacity-50 aria-invalid:border-destructive aria-invalid:ring-destructive/20 dark:aria-invalid:ring-destructive/40 [&_svg]:pointer-events-none [&_svg]:shrink-0 [&_svg:not([class*='size-'])]:size-4 h-9 px-4 py-2 has-[>svg]:px-3 border bg-background shadow-xs hover:bg-accent hover:text-accent-foreground dark:border-input dark:bg-input/30 dark:hover:bg-input/50 border-destructive! text-destructive! hover:bg-destructive/10! focus-visible:ring-destructive/20 max-lg:w-full dark:focus-visible:ring-destructive/40"[39m
                [33mdata-size[39m=[32m"default"[39m
                [33mdata-slot[39m=[32m"dialog-trigger"[39m
                [33mdata-state[39m=[32m"closed"[39m
                [33mdata-variant[39m=[32m"outline"[39m
                [33mtype[39m=[32m"button"[39m
              [36m>[39m
                [36m<svg[39m
                  [33maria-hidden[39m=[32m"true"[39m
                  [33mclass[39m=[32m"lucide lucide-trash2 lucide-trash-2"[39m
                  [33mfill[39m=[32m"none"[39m
                  [33mheight[39m=[32m"24"[39m
                  [33mstroke[39m=[32m"currentColor"[39m
                  [33mstroke-linecap[39m=[32m"round"[39m
                  [33mstroke-linejoin[39m=[32m"round"[39m
                  [33mstroke-width[39m=[32m"2"[39m
                  [33mviewBox[39m=[32m"0 0 24 24"[39m
                  [33mwidth[39m=[32m"24"[39m
                  [33mxmlns[39m=[32m"http://www.w3.org/2000/svg"[39m
                [36m>[39m
                  [36m<path[39m
                    [33md[39m=[32m"M10 11v6"[39m
                  [36m/>[39m
                  [36m<path[39m
                    [33md[39m=[32m"M14 11v6"[39m
                  [36m/>[39m
                  [36m<path[39m
                    [33md[39m=[32m"M19 6v14a2 2 0 0 1-2 2H7a2 2 0 0 1-2-2V6"[39m
                  [36m/>[39m
                  [36m<path[39m
                    [33md[39m=[32m"M3 6h18"[39m
                  [36m/>[39m
                  [36m<path[39m
                    [33md[39m=[32m"M8 6V4a2 2 0 0 1 2-2h4a2 2 0 0 1 2 2v2"[39m
                  [36m/>[39m
                [36m</svg>[39m
                [0mDelete[0m
              [36m</button>[39m
            [36m</div>[39m
          [36m</div>[39m
        [36m</div>[39m
      [36m</div>[39m
    [36m</div>[39m
  [36m</div>[39m
[36m</body>[39m
 ❯ Object.getElementError node_modules/@testing-library/dom/dist/config.js:37:19
 ❯ getElementError node_modules/@testing-library/dom/dist/query-helpers.js:20:35
 ❯ getMultipleElementsFoundError node_modules/@testing-library/dom/dist/query-helpers.js:23:10
 ❯ node_modules/@testing-library/dom/dist/query-helpers.js:55:13
 ❯ node_modules/@testing-library/dom/dist/query-helpers.js:95:19
 ❯ tests/unit/components/settings-content.test.tsx:14:19
     12|
     13|     expect(screen.getByText("Danger Zone")).toBeInTheDocument();
     14|     expect(screen.getByText(/Delete your account permanently/i)).toBeI…
       |                   ^
     15|   });
     16|

⎯⎯⎯⎯⎯⎯⎯⎯⎯⎯⎯⎯⎯⎯⎯⎯⎯⎯⎯⎯⎯⎯⎯[5/24]⎯

 FAIL  tests/unit/components/settings-content.test.tsx > DangerZone Component > shows confirmation dialog with cancel and delete options
AssertionError: expected 1 to be greater than or equal to 2

Ignored nodes: comments, script, style
[36m<html>[39m
  [36m<head />[39m
  [36m<body[39m
    [33mdata-scroll-locked[39m=[32m"1"[39m
    [33mstyle[39m=[32m"pointer-events: none;"[39m
  [36m>[39m
    [36m<span[39m
      [33maria-hidden[39m=[32m"true"[39m
      [33mdata-aria-hidden[39m=[32m"true"[39m
      [33mdata-radix-focus-guard[39m=[32m""[39m
      [33mstyle[39m=[32m"opacity: 0; position: fixed; pointer-events: none; outline-color: none; outline-style: none; outline-width: initial;"[39m
      [33mtabindex[39m=[32m"0"[39m
    [36m/>[39m
    [36m<div[39m
      [33maria-hidden[39m=[32m"true"[39m
      [33mdata-aria-hidden[39m=[32m"true"[39m
    [36m>[39m
      [36m<div[39m
        [33mclass[39m=[32m"grid grid-cols-1 gap-10 lg:grid-cols-3"[39m
      [36m>[39m
        [36m<div[39m
          [33mclass[39m=[32m"flex flex-col space-y-1"[39m
        [36m>[39m
          [36m<h3[39m
            [33mclass[39m=[32m"font-semibold"[39m
          [36m>[39m
            [0mDanger Zone[0m
          [36m</h3>[39m
          [36m<p[39m
            [33mclass[39m=[32m"text-sm text-muted-foreground"[39m
          [36m>[39m
            [0mDelete your account permanently. This action will remove all your data and cannot be undone[0m
            [0m [0m
            [36m<a[39m
              [33mclass[39m=[32m"font-medium text-card-foreground hover:underline"[39m
              [33mhref[39m=[32m"/help/account-deletion"[39m
            [36m>[39m
              [0mLearn more[0m
            [36m</a>[39m
          [36m</p>[39m
        [36m</div>[39m
        [36m<div[39m
          [33mclass[39m=[32m"space-y-6 lg:col-span-2"[39m
        [36m>[39m
          [36m<div[39m
            [33mclass[39m=[32m"flex flex-col gap-6 rounded-xl border bg-card py-6 text-card-foreground shadow-sm"[39m
            [33mdata-slot[39m=[32m"card"[39m
          [36m>[39m
            [36m<div[39m
              [33mclass[39m=[32m"px-6"[39m
              [33mdata-slot[39m=[32m"card-content"[39m
            [36m>[39m
              [36m<div[39m
                [33mclass[39m=[32m"flex items-center justify-between gap-4 max-lg:flex-col"[39m
              [36m>[39m
                [36m<div[39m
                  [33mclass[39m=[32m"space-y-1"[39m
                [36m>[39m
                  [36m<h3[39m
                    [33mclass[39m=[32m"text-sm font-medium"[39m
                  [36m>[39m
                    [0mDelete account[0m
                  [36m</h3>[39m
                  [36m<p[39m
                    [33mclass[39m=[32m"text-sm text-muted-foreground"[39m
                  [36m>[39m
                    [0mDelete your account permanently. This action will remove all your data and cannot be undone.[0m
                  [36m</p>[39m
                [36m</div>[39m
                [36m<button[39m
                  [33maria-controls[39m=[32m"radix-_r_c_"[39m
                  [33maria-expanded[39m=[32m"true"[39m
                  [33maria-haspopup[39m=[32m"dialog"[39m
                  [33mclass[39m=[32m"inline-flex shrink-0 items-center justify-center gap-2 rounded-md text-sm font-medium whitespace-nowrap transition-all outline-none focus-visible:border-ring focus-visible:ring-[3px] disabled:pointer-events-none disabled:opacity-50 aria-invalid:border-destructive aria-invalid:ring-destructive/20 dark:aria-invalid:ring-destructive/40 [&_svg]:pointer-events-none [&_svg]:shrink-0 [&_svg:not([class*='size-'])]:size-4 h-9 px-4 py-2 has-[>svg]:px-3 border bg-background shadow-xs hover:bg-accent hover:text-accent-foreground dark:border-input dark:bg-input/30 dark:hover:bg-input/50 border-destructive! text-destructive! hover:bg-destructive/10! focus-visible:ring-destructive/20 max-lg:w-full dark:focus-visible:ring-destructive/40"[39m
                  [33mdata-size[39m=[32m"default"[39m
                  [33mdata-slot[39m=[32m"dialog-trigger"[39m
                  [33mdata-state[39m=[32m"open"[39m
                  [33mdata-variant[39m=[32m"outline"[39m
                  [33mtype[39m=[32m"button"[39m
                [36m>[39m
                  [36m<svg[39m
                    [33maria-hidden[39m=[32m"true"[39m
                    [33mclass[39m=[32m"lucide lucide-trash2 lucide-trash-2"[39m
                    [33mfill[39m=[32m"none"[39m
                    [33mheight[39m=[32m"24"[39m
                    [33mstroke[39m=[32m"currentColor"[39m
                    [33mstroke-linecap[39m=[32m"round"[39m
                    [33mstroke-linejoin[39m=[32m"round"[39m
                    [33mstroke-width[39m=[32m"2"[39m
                    [33mviewBox[39m=[32m"0 0 24 24"[39m
                    [33mwidth[39m=[32m"24"[39m
                    [33mxmlns[39m=[32m"http://www.w3.org/2000/svg"[39m
                  [36m>[39m
                    [36m<path[39m
                      [33md[39m=[32m"M10 11v6"[39m
                    [36m/>[39m
                    [36m<path[39m
                      [33md[39m=[32m"M14 11v6"[39m
                    [36m/>[39m
                    [36m<path[39m
                      [33md[39m=[32m"M19 6v14a2 2 0 0 1-2 2H7a2 2 0 0 1-2-2V6"[39m
                    [36m/>[39m
                    [36m<path[39m
                      [33md[39m=[32m"M3 6h18"[39m
                    [36m/>[39m
                    [36m<path[39m
                      [33md[39m=[32m"M8 6V4a2 2 0 0 1 2-2h4a2 2 0 0 1 2 2v2"[39m
                    [36m/>[39m
                  [36m</svg>[39m
                  [0mDelete[0m
                [36m</button>[39m
              [36m</div>[39m
            [36m</div>[39m
          [36m</div>[39m
        [36m</div>[39m
      [36m</div>[39m
    [36m</div>[39m
    [36m<div[39m
      [33maria-hidden[39m=[32m"true"[39m
      [33mclass[39m=[32m"fixed inset-0 z-50 bg-black/50 data-[state=closed]:animate-out data-[state=closed]:fade-out-0 data-[state=open]:animate-in data-[state=open]:fade-in-0"[39m
      [33mdata-aria-hidden[39m=[32m"true"[39m
      [33mdata-slot[39m=[32m"dialog-overlay"[39m
      [33mdata-state[39m=[32m"open"[39m
      [33mstyle[39m=[32m"pointer-events: auto;"[39m
    [36m/>[39m
    [36m<div[39m
      [33maria-describedby[39m=[32m"radix-_r_e_"[39m
      [33maria-labelledby[39m=[32m"radix-_r_d_"[39m
      [33mclass[39m=[32m"fixed start-[50%] top-[50%] z-50 grid w-full max-w-[calc(100%-2rem)] translate-[-50%] gap-4 rounded-lg border bg-background p-6 shadow-lg duration-200 outline-none data-[state=closed]:animate-out data-[state=closed]:fade-out-0 data-[state=closed]:zoom-out-95 data-[state=open]:animate-in data-[state=open]:fade-in-0 data-[state=open]:zoom-in-95 rtl:-translate-x-[-50%] sm:max-w-md"[39m
      [33mdata-slot[39m=[32m"dialog-content"[39m
      [33mdata-state[39m=[32m"...
 ❯ tests/unit/components/settings-content.test.tsx:48:73
     46|
     47|     await waitFor(() => {
     48|       expect(screen.getAllByRole("button", { name: /delete/i }).length…
       |                                                                         ^
     49|       expect(screen.getByRole("button", { name: /cancel/i })).toBeInTh…
     50|     });
 ❯ runWithExpensiveErrorDiagnosticsDisabled node_modules/@testing-library/dom/dist/config.js:47:12
 ❯ checkCallback node_modules/@testing-library/dom/dist/wait-for.js:124:77
 ❯ Timeout.checkRealTimersCallback node_modules/@testing-library/dom/dist/wait-for.js:118:16

⎯⎯⎯⎯⎯⎯⎯⎯⎯⎯⎯⎯⎯⎯⎯⎯⎯⎯⎯⎯⎯⎯⎯[6/24]⎯

 FAIL  tests/unit/components/settings-content.test.tsx > DangerZone Component > displays warning text about account deletion
TestingLibraryElementError: Found multiple elements with the text: /Delete your account permanently. This action will remove all your data/

Here are the matching elements:

Ignored nodes: comments, script, style
[36m<p[39m
  [33mclass[39m=[32m"text-sm text-muted-foreground"[39m
[36m>[39m
  [0mDelete your account permanently. This action will remove all your data and cannot be undone[0m
  [0m [0m
  [36m<a[39m
    [33mclass[39m=[32m"font-medium text-card-foreground hover:underline"[39m
    [33mhref[39m=[32m"/help/account-deletion"[39m
  [36m>[39m
    [0mLearn more[0m
  [36m</a>[39m
[36m</p>[39m

Ignored nodes: comments, script, style
[36m<p[39m
  [33mclass[39m=[32m"text-sm text-muted-foreground"[39m
[36m>[39m
  [0mDelete your account permanently. This action will remove all your data and cannot be undone.[0m
[36m</p>[39m

(If this is intentional, then use the `*AllBy*` variant of the query (like `queryAllByText`, `getAllByText`, or `findAllByText`)).

Ignored nodes: comments, script, style
[36m<body>[39m
  [36m<div>[39m
    [36m<div[39m
      [33mclass[39m=[32m"grid grid-cols-1 gap-10 lg:grid-cols-3"[39m
    [36m>[39m
      [36m<div[39m
        [33mclass[39m=[32m"flex flex-col space-y-1"[39m
      [36m>[39m
        [36m<h3[39m
          [33mclass[39m=[32m"font-semibold"[39m
        [36m>[39m
          [0mDanger Zone[0m
        [36m</h3>[39m
        [36m<p[39m
          [33mclass[39m=[32m"text-sm text-muted-foreground"[39m
        [36m>[39m
          [0mDelete your account permanently. This action will remove all your data and cannot be undone[0m
          [0m [0m
          [36m<a[39m
            [33mclass[39m=[32m"font-medium text-card-foreground hover:underline"[39m
            [33mhref[39m=[32m"/help/account-deletion"[39m
          [36m>[39m
            [0mLearn more[0m
          [36m</a>[39m
        [36m</p>[39m
      [36m</div>[39m
      [36m<div[39m
        [33mclass[39m=[32m"space-y-6 lg:col-span-2"[39m
      [36m>[39m
        [36m<div[39m
          [33mclass[39m=[32m"flex flex-col gap-6 rounded-xl border bg-card py-6 text-card-foreground shadow-sm"[39m
          [33mdata-slot[39m=[32m"card"[39m
        [36m>[39m
          [36m<div[39m
            [33mclass[39m=[32m"px-6"[39m
            [33mdata-slot[39m=[32m"card-content"[39m
          [36m>[39m
            [36m<div[39m
              [33mclass[39m=[32m"flex items-center justify-between gap-4 max-lg:flex-col"[39m
            [36m>[39m
              [36m<div[39m
                [33mclass[39m=[32m"space-y-1"[39m
              [36m>[39m
                [36m<h3[39m
                  [33mclass[39m=[32m"text-sm font-medium"[39m
                [36m>[39m
                  [0mDelete account[0m
                [36m</h3>[39m
                [36m<p[39m
                  [33mclass[39m=[32m"text-sm text-muted-foreground"[39m
                [36m>[39m
                  [0mDelete your account permanently. This action will remove all your data and cannot be undone.[0m
                [36m</p>[39m
              [36m</div>[39m
              [36m<button[39m
                [33maria-controls[39m=[32m"radix-_r_l_"[39m
                [33maria-expanded[39m=[32m"false"[39m
                [33maria-haspopup[39m=[32m"dialog"[39m
                [33mclass[39m=[32m"inline-flex shrink-0 items-center justify-center gap-2 rounded-md text-sm font-medium whitespace-nowrap transition-all outline-none focus-visible:border-ring focus-visible:ring-[3px] disabled:pointer-events-none disabled:opacity-50 aria-invalid:border-destructive aria-invalid:ring-destructive/20 dark:aria-invalid:ring-destructive/40 [&_svg]:pointer-events-none [&_svg]:shrink-0 [&_svg:not([class*='size-'])]:size-4 h-9 px-4 py-2 has-[>svg]:px-3 border bg-background shadow-xs hover:bg-accent hover:text-accent-foreground dark:border-input dark:bg-input/30 dark:hover:bg-input/50 border-destructive! text-destructive! hover:bg-destructive/10! focus-visible:ring-destructive/20 max-lg:w-full dark:focus-visible:ring-destructive/40"[39m
                [33mdata-size[39m=[32m"default"[39m
                [33mdata-slot[39m=[32m"dialog-trigger"[39m
                [33mdata-state[39m=[32m"closed"[39m
                [33mdata-variant[39m=[32m"outline"[39m
                [33mtype[39m=[32m"button"[39m
              [36m>[39m
                [36m<svg[39m
                  [33maria-hidden[39m=[32m"true"[39m
                  [33mclass[39m=[32m"lucide lucide-trash2 lucide-trash-2"[39m
                  [33mfill[39m=[32m"none"[39m
                  [33mheight[39m=[32m"24"[39m
                  [33mstroke[39m=[32m"currentColor"[39m
                  [33mstroke-linecap[39m=[32m"round"[39m
                  [33mstroke-linejoin[39m=[32m"round"[39m
                  [33mstroke-width[39m=[32m"2"[39m
                  [33mviewBox[39m=[32m"0 0 24 24"[39m
                  [33mwidth[39m=[32m"24"[39m
                  [33mxmlns[39m=[32m"http://www.w3.org/2000/svg"[39m
                [36m>[39m
                  [36m<path[39m
                    [33md[39m=[32m"M10 11v6"[39m
                  [36m/>[39m
                  [36m<path[39m
                    [33md[39m=[32m"M14 11v6"[39m
                  [36m/>[39m
                  [36m<path[39m
                    [33md[39m=[32m"M19 6v14a2 2 0 0 1-2 2H7a2 2 0 0 1-2-2V6"[39m
                  [36m/>[39m
                  [36m<path[39m
                    [33md[39m=[32m"M3 6h18"[39m
                  [36m/>[39m
                  [36m<path[39m
                    [33md[39m=[32m"M8 6V4a2 2 0 0 1 2-2h4a2 2 0 0 1 2 2v2"[39m
                  [36m/>[39m
                [36m</svg>[39m
                [0mDelete[0m
              [36m</button>[39m
            [36m</div>[39m
          [36m</div>[39m
        [36m</div>[39m
      [36m</div>[39m
    [36m</div>[39m
  [36m</div>[39m
[36m</body>[39m
 ❯ Object.getElementError node_modules/@testing-library/dom/dist/config.js:37:19
 ❯ getElementError node_modules/@testing-library/dom/dist/query-helpers.js:20:35
 ❯ getMultipleElementsFoundError node_modules/@testing-library/dom/dist/query-helpers.js:23:10
 ❯ node_modules/@testing-library/dom/dist/query-helpers.js:55:13
 ❯ node_modules/@testing-library/dom/dist/query-helpers.js:95:19
 ❯ tests/unit/components/settings-content.test.tsx:83:14
     81|
     82|     expect(
     83|       screen.getByText(/Delete your account permanently. This action w…
       |              ^
     84|     ).toBeInTheDocument();
     85|   });

⎯⎯⎯⎯⎯⎯⎯⎯⎯⎯⎯⎯⎯⎯⎯⎯⎯⎯⎯⎯⎯⎯⎯[7/24]⎯

 FAIL  tests/unit/components/settings-content.test.tsx > ConnectedAccount Component > shows form fields in connect dialog
TestingLibraryElementError: Found a label with the text of: App Name, however no form control was found associated to that label. Make sure you're using the "for" attribute or "aria-labelledby" attribute correctly.

Ignored nodes: comments, script, style
[36m<body[39m
  [33mdata-scroll-locked[39m=[32m"1"[39m
  [33mstyle[39m=[32m"pointer-events: none;"[39m
[36m>[39m
  [36m<span[39m
    [33maria-hidden[39m=[32m"true"[39m
    [33mdata-aria-hidden[39m=[32m"true"[39m
    [33mdata-radix-focus-guard[39m=[32m""[39m
    [33mstyle[39m=[32m"opacity: 0; position: fixed; pointer-events: none; outline-color: none; outline-style: none; outline-width: initial;"[39m
    [33mtabindex[39m=[32m"0"[39m
  [36m/>[39m
  [36m<div[39m
    [33maria-hidden[39m=[32m"true"[39m
    [33mdata-aria-hidden[39m=[32m"true"[39m
  [36m>[39m
    [36m<div[39m
      [33mclass[39m=[32m"grid grid-cols-1 gap-10 lg:grid-cols-3"[39m
    [36m>[39m
      [36m<div[39m
        [33mclass[39m=[32m"flex flex-col"[39m
      [36m>[39m
        [36m<h3[39m
          [33mclass[39m=[32m"font-semibold text-foreground"[39m
        [36m>[39m
          [0mConnect Accounts[0m
        [36m</h3>[39m
        [36m<p[39m
          [33mclass[39m=[32m"text-sm text-muted-foreground"[39m
        [36m>[39m
          [0mManage your connected accounts.[0m
        [36m</p>[39m
      [36m</div>[39m
      [36m<div[39m
        [33mclass[39m=[32m"space-y-4 lg:col-span-2"[39m
      [36m>[39m
        [36m<div[39m
          [33mclass[39m=[32m"flex flex-wrap items-center gap-4"[39m
        [36m>[39m
          [36m<div[39m
            [33mclass[39m=[32m"flex w-fit items-center gap-3 rounded-md border p-2"[39m
          [36m>[39m
            [36m<img[39m
              [33malt[39m=[32m"Google"[39m
              [33mclass[39m=[32m"size-4 rounded-sm"[39m
              [33msrc[39m=[32m"https://cdn.shadcnstudio.com/ss-assets/brand-logo/google-icon.png"[39m
            [36m/>[39m
            [36m<p[39m
              [33mclass[39m=[32m"text-sm font-medium"[39m
            [36m>[39m
              [0mGoogle[0m
            [36m</p>[39m
            [36m<button[39m
              [33maria-label[39m=[32m"Remove Google"[39m
              [33mclass[39m=[32m"inline-flex shrink-0 items-center justify-center text-sm font-medium whitespace-nowrap outline-none focus-visible:border-ring focus-visible:ring-[3px] focus-visible:ring-ring/50 disabled:pointer-events-none disabled:opacity-50 aria-invalid:border-destructive aria-invalid:ring-destructive/20 dark:aria-invalid:ring-destructive/40 [&_svg]:pointer-events-none [&_svg]:shrink-0 [&_svg:not([class*='size-'])]:size-4 h-8 gap-1.5 px-3 has-[>svg]:px-2.5 hover:bg-accent hover:text-accent-foreground dark:hover:bg-accent/50 rounded-md bg-primary/10 text-primary transition-colors focus:ring-2 focus:ring-offset-2 focus:outline-none"[39m
              [33mdata-size[39m=[32m"sm"[39m
              [33mdata-slot[39m=[32m"button"[39m
              [33mdata-variant[39m=[32m"ghost"[39m
            [36m>[39m
              [36m<svg[39m
                [33maria-hidden[39m=[32m"true"[39m
                [33mclass[39m=[32m"lucide lucide-x size-3"[39m
                [33mfill[39m=[32m"none"[39m
                [33mheight[39m=[32m"24"[39m
                [33mstroke[39m=[32m"currentColor"[39m
                [33mstroke-linecap[39m=[32m"round"[39m
                [33mstroke-linejoin[39m=[32m"round"[39m
                [33mstroke-width[39m=[32m"2"[39m
                [33mviewBox[39m=[32m"0 0 24 24"[39m
                [33mwidth[39m=[32m"24"[39m
                [33mxmlns[39m=[32m"http://www.w3.org/2000/svg"[39m
              [36m>[39m
                [36m<path[39m
                  [33md[39m=[32m"M18 6 6 18"[39m
                [36m/>[39m
                [36m<path[39m
                  [33md[39m=[32m"m6 6 12 12"[39m
                [36m/>[39m
              [36m</svg>[39m
            [36m</button>[39m
          [36m</div>[39m
          [36m<div[39m
            [33mclass[39m=[32m"flex w-fit items-center gap-3 rounded-md border p-2"[39m
          [36m>[39m
            [36m<img[39m
              [33malt[39m=[32m"Slack"[39m
              [33mclass[39m=[32m"size-4 rounded-sm"[39m
              [33msrc[39m=[32m"https://cdn.shadcnstudio.com/ss-assets/brand-logo/slack-icon.png"[39m
            [36m/>[39m
            [36m<p[39m
              [33mclass[39m=[32m"text-sm font-medium"[39m
            [36m>[39m
              [0mSlack[0m
            [36m</p>[39m
            [36m<button[39m
              [33maria-label[39m=[32m"Remove Slack"[39m
              [33mclass[39m=[32m"inline-flex shrink-0 items-center justify-center text-sm font-medium whitespace-nowrap outline-none focus-visible:border-ring focus-visible:ring-[3px] focus-visible:ring-ring/50 disabled:pointer-events-none disabled:opacity-50 aria-invalid:border-destructive aria-invalid:ring-destructive/20 dark:aria-invalid:ring-destructive/40 [&_svg]:pointer-events-none [&_svg]:shrink-0 [&_svg:not([class*='size-'])]:size-4 h-8 gap-1.5 px-3 has-[>svg]:px-2.5 hover:bg-accent hover:text-accent-foreground dark:hover:bg-accent/50 rounded-md bg-primary/10 text-primary transition-colors focus:ring-2 focus:ring-offset-2 focus:outline-none"[39m
              [33mdata-size[39m=[32m"sm"[39m
              [33mdata-slot[39m=[32m"button"[39m
              [33mdata-variant[39m=[32m"ghost"[39m
            [36m>[39m
              [36m<svg[39m
                [33maria-hidden[39m=[32m"true"[39m
                [33mclass[39m=[32m"lucide lucide-x size-3"[39m
                [33mfill[39m=[32m"none"[39m
                [33mheight[39m=[32m"24"[39m
                [33mstroke[39m=[32m"currentColor"[39m
                [33mstroke-linecap[39m=[32m"round"[39m
                [33mstroke-linejoin[39m=[32m"round"[39m
                [33mstroke-width[39m=[32m"2"[39m
                [33mviewBox[39m=[32m"0 0 24 24"[39m
                [33mwidth[39m=[32m"24"[39m
                [33mxmlns[39m=[32m"http://www.w3.org/2000/svg"[39m
              [36m>[39m
                [36m<path[39m
                  [33md[39m=[32m"M18 6 6 18"[39m
                [36m/>[39m
                [36m<path[39m
                  [33md[39m=[32m"m6 6 12 12"[39m
                [36m/>[39m
              [36m</svg>[39m
            [36m</button>[39m
          [36m</div>[39m
          [36m<button[39m
            [33maria-controls[39m=[32m"radix-_r_17_"[39m
            [33maria-expanded[39m=[32m"true"[39m
            [33maria-haspopup[39m=[32m"dialog"[39m
            [33mclass[39m=[32m"inline-flex shrink-0 items-center justify-center gap-2 rounded-md text-sm font-medium whitespace-nowrap transition-all outline-none focus-visible:border-ring focus-visible:ring-[3px] focus-visible:ring-ring/50 disabled:pointer-events-none disabled:opacity-50 aria-invalid:border-destructive aria-invalid:ring-destructive/20 dark:aria-invalid:ring-destructive/40 [&_svg]:poi...

Ignored nodes: comments, script, style
[36m<html>[39m
  [36m<head />[39m
  [36m<body[39m
    [33mdata-scroll-locked[39m=[32m"1"[39m
    [33mstyle[39m=[32m"pointer-events: none;"[39m
  [36m>[39m
    [36m<span[39m
      [33maria-hidden[39m=[32m"true"[39m
      [33mdata-aria-hidden[39m=[32m"true"[39m
      [33mdata-radix-focus-guard[39m=[32m""[39m
      [33mstyle[39m=[32m"opacity: 0; position: fixed; pointer-events: none; outline-color: none; outline-style: none; outline-width: initial;"[39m
      [33mtabindex[39m=[32m"0"[39m
    [36m/>[39m
    [36m<div[39m
      [33maria-hidden[39m=[32m"true"[39m
      [33mdata-aria-hidden[39m=[32m"true"[39m
    [36m>[39m
      [36m<div[39m
        [33mclass[39m=[32m"grid grid-cols-1 gap-10 lg:grid-cols-3"[39m
      [36m>[39m
        [36m<div[39m
          [33mclass[39m=[32m"flex flex-col"[39m
        [36m>[39m
          [36m<h3[39m
            [33mclass[39m=[32m"font-semibold text-foreground"[39m
          [36m>[39m
            [0mConnect Accounts[0m
          [36m</h3>[39m
          [36m<p[39m
            [33mclass[39m=[32m"text-sm text-muted-foreground"[39m
          [36m>[39m
            [0mManage your connected accounts.[0m
          [36m</p>[39m
        [36m</div>[39m
        [36m<div[39m
          [33mclass[39m=[32m"space-y-4 lg:col-span-2"[39m
        [36m>[39m
          [36m<div[39m
            [33mclass[39m=[32m"flex flex-wrap items-center gap-4"[39m
          [36m>[39m
            [36m<div[39m
              [33mclass[39m=[32m"flex w-fit items-center gap-3 rounded-md border p-2"[39m
            [36m>[39m
              [36m<img[39m
                [33malt[39m=[32m"Google"[39m
                [33mclass[39m=[32m"size-4 rounded-sm"[39m
                [33msrc[39m=[32m"https://cdn.shadcnstudio.com/ss-assets/brand-logo/google-icon.png"[39m
              [36m/>[39m
              [36m<p[39m
                [33mclass[39m=[32m"text-sm font-medium"[39m
              [36m>[39m
                [0mGoogle[0m
              [36m</p>[39m
              [36m<button[39m
                [33maria-label[39m=[32m"Remove Google"[39m
                [33mclass[39m=[32m"inline-flex shrink-0 items-center justify-center text-sm font-medium whitespace-nowrap outline-none focus-visible:border-ring focus-visible:ring-[3px] focus-visible:ring-ring/50 disabled:pointer-events-none disabled:opacity-50 aria-invalid:border-destructive aria-invalid:ring-destructive/20 dark:aria-invalid:ring-destructive/40 [&_svg]:pointer-events-none [&_svg]:shrink-0 [&_svg:not([class*='size-'])]:size-4 h-8 gap-1.5 px-3 has-[>svg]:px-2.5 hover:bg-accent hover:text-accent-foreground dark:hover:bg-accent/50 rounded-md bg-primary/10 text-primary transition-colors focus:ring-2 focus:ring-offset-2 focus:outline-none"[39m
                [33mdata-size[39m=[32m"sm"[39m
                [33mdata-slot[39m=[32m"button"[39m
                [33mdata-variant[39m=[32m"ghost"[39m
              [36m>[39m
                [36m<svg[39m
                  [33maria-hidden[39m=[32m"true"[39m
                  [33mclass[39m=[32m"lucide lucide-x size-3"[39m
                  [33mfill[39m=[32m"none"[39m
                  [33mheight[39m=[32m"24"[39m
                  [33mstroke[39m=[32m"currentColor"[39m
                  [33mstroke-linecap[39m=[32m"round"[39m
                  [33mstroke-linejoin[39m=[32m"round"[39m
                  [33mstroke-width[39m=[32m"2"[39m
                  [33mviewBox[39m=[32m"0 0 24 24"[39m
                  [33mwidth[39m=[32m"24"[39m
                  [33mxmlns[39m=[32m"http://www.w3.org/2000/svg"[39m
                [36m>[39m
                  [36m<path[39m
                    [33md[39m=[32m"M18 6 6 18"[39m
                  [36m/>[39m
                  [36m<path[39m
                    [33md[39m=[32m"m6 6 12 12"[39m
                  [36m/>[39m
                [36m</svg>[39m
              [36m</button>[39m
            [36m</div>[39m
            [36m<div[39m
              [33mclass[39m=[32m"flex w-fit items-center gap-3 rounded-md border p-2"[39m
            [36m>[39m
              [36m<img[39m
                [33malt[39m=[32m"Slack"[39m
                [33mclass[39m=[32m"size-4 rounded-sm"[39m
                [33msrc[39m=[32m"https://cdn.shadcnstudio.com/ss-assets/brand-logo/slack-icon.png"[39m
              [36m/>[39m
              [36m<p[39m
                [33mclass[39m=[32m"text-sm font-medium"[39m
              [36m>[39m
                [0mSlack[0m
              [36m</p>[39m
              [36m<button[39m
                [33maria-label[39m=[32m"Remove Slack"[39m
                [33mclass[39m=[32m"inline-flex shrink-0 items-center justify-center text-sm font-medium whitespace-nowrap outline-none focus-visible:border-ring focus-visible:ring-[3px] focus-visible:ring-ring/50 disabled:pointer-events-none disabled:opacity-50 aria-invalid:border-destructive aria-invalid:ring-destructive/20 dark:aria-invalid:ring-destructive/40 [&_svg]:pointer-events-none [&_svg]:shrink-0 [&_svg:not([class*='size-'])]:size-4 h-8 gap-1.5 px-3 has-[>svg]:px-2.5 hover:bg-accent hover:text-accent-foreground dark:hover:bg-accent/50 rounded-md bg-primary/10 text-primary transition-colors focus:ring-2 focus:ring-offset-2 focus:outline-none"[39m
                [33mdata-size[39m=[32m"sm"[39m
                [33mdata-slot[39m=[32m"button"[39m
                [33mdata-variant[39m=[32m"ghost"[39m
              [36m>[39m
                [36m<svg[39m
                  [33maria-hidden[39m=[32m"true"[39m
                  [33mclass[39m=[32m"lucide lucide-x size-3"[39m
                  [33mfill[39m=[32m"none"[39m
                  [33mheight[39m=[32m"24"[39m
                  [33mstroke[39m=[32m"currentColor"[39m
                  [33mstroke-linecap[39m=[32m"round"[39m
                  [33mstroke-linejoin[39m=[32m"round"[39m
                  [33mstroke-width[39m=[32m"2"[39m
                  [33mviewBox[39m=[32m"0 0 24 24"[39m
                  [33mwidth[39m=[32m"24"[39m
                  [33mxmlns[39m=[32m"http://www.w3.org/2000/svg"[39m
                [36m>[39m
                  [36m<path[39m
                    [33md[39m=[32m"M18 6 6 18"[39m
                  [36m/>[39m
                  [36m<path[39m
                    [33md[39m=[32m"m6 6 12 12"[39m
                  [36m/>[39m
                [36m</svg>[39m
              [36m</button>[39m
            [36m</div>[39m
            [36m<button[39m
              [33maria-controls[39m=[32m"radix-_r_17_"[39m
              [33maria-expanded[39m=[32m"true"[39m
              [33maria-haspopup[39m=[32m"dialog"[39m
              [33mclass[39m=[32m"inline-flex shrink-0 items-center justify-center gap-2 rounded-md text-sm font-me...
 ❯ waitForWrapper node_modules/@testing-library/dom/dist/wait-for.js:163:27
 ❯ tests/unit/components/settings-content.test.tsx:252:11
    250|     fireEvent.click(addAppButton);
    251|
    252|     await waitFor(() => {
       |           ^
    253|       expect(screen.getByLabelText("App Name")).toBeInTheDocument();
    254|       expect(screen.getByLabelText("App URL or Integration Key")).toBe…

⎯⎯⎯⎯⎯⎯⎯⎯⎯⎯⎯⎯⎯⎯⎯⎯⎯⎯⎯⎯⎯⎯⎯[8/24]⎯

 FAIL  tests/unit/components/settings-content.test.tsx > ConnectedAccount Component > allows typing in form fields
TestingLibraryElementError: Found a label with the text of: App Name, however no form control was found associated to that label. Make sure you're using the "for" attribute or "aria-labelledby" attribute correctly.

Ignored nodes: comments, script, style
[36m<body[39m
  [33mdata-scroll-locked[39m=[32m"1"[39m
  [33mstyle[39m=[32m"pointer-events: none;"[39m
[36m>[39m
  [36m<span[39m
    [33maria-hidden[39m=[32m"true"[39m
    [33mdata-aria-hidden[39m=[32m"true"[39m
    [33mdata-radix-focus-guard[39m=[32m""[39m
    [33mstyle[39m=[32m"opacity: 0; position: fixed; pointer-events: none; outline-color: none; outline-style: none; outline-width: initial;"[39m
    [33mtabindex[39m=[32m"0"[39m
  [36m/>[39m
  [36m<div[39m
    [33maria-hidden[39m=[32m"true"[39m
    [33mdata-aria-hidden[39m=[32m"true"[39m
  [36m>[39m
    [36m<div[39m
      [33mclass[39m=[32m"grid grid-cols-1 gap-10 lg:grid-cols-3"[39m
    [36m>[39m
      [36m<div[39m
        [33mclass[39m=[32m"flex flex-col"[39m
      [36m>[39m
        [36m<h3[39m
          [33mclass[39m=[32m"font-semibold text-foreground"[39m
        [36m>[39m
          [0mConnect Accounts[0m
        [36m</h3>[39m
        [36m<p[39m
          [33mclass[39m=[32m"text-sm text-muted-foreground"[39m
        [36m>[39m
          [0mManage your connected accounts.[0m
        [36m</p>[39m
      [36m</div>[39m
      [36m<div[39m
        [33mclass[39m=[32m"space-y-4 lg:col-span-2"[39m
      [36m>[39m
        [36m<div[39m
          [33mclass[39m=[32m"flex flex-wrap items-center gap-4"[39m
        [36m>[39m
          [36m<div[39m
            [33mclass[39m=[32m"flex w-fit items-center gap-3 rounded-md border p-2"[39m
          [36m>[39m
            [36m<img[39m
              [33malt[39m=[32m"Google"[39m
              [33mclass[39m=[32m"size-4 rounded-sm"[39m
              [33msrc[39m=[32m"https://cdn.shadcnstudio.com/ss-assets/brand-logo/google-icon.png"[39m
            [36m/>[39m
            [36m<p[39m
              [33mclass[39m=[32m"text-sm font-medium"[39m
            [36m>[39m
              [0mGoogle[0m
            [36m</p>[39m
            [36m<button[39m
              [33maria-label[39m=[32m"Remove Google"[39m
              [33mclass[39m=[32m"inline-flex shrink-0 items-center justify-center text-sm font-medium whitespace-nowrap outline-none focus-visible:border-ring focus-visible:ring-[3px] focus-visible:ring-ring/50 disabled:pointer-events-none disabled:opacity-50 aria-invalid:border-destructive aria-invalid:ring-destructive/20 dark:aria-invalid:ring-destructive/40 [&_svg]:pointer-events-none [&_svg]:shrink-0 [&_svg:not([class*='size-'])]:size-4 h-8 gap-1.5 px-3 has-[>svg]:px-2.5 hover:bg-accent hover:text-accent-foreground dark:hover:bg-accent/50 rounded-md bg-primary/10 text-primary transition-colors focus:ring-2 focus:ring-offset-2 focus:outline-none"[39m
              [33mdata-size[39m=[32m"sm"[39m
              [33mdata-slot[39m=[32m"button"[39m
              [33mdata-variant[39m=[32m"ghost"[39m
            [36m>[39m
              [36m<svg[39m
                [33maria-hidden[39m=[32m"true"[39m
                [33mclass[39m=[32m"lucide lucide-x size-3"[39m
                [33mfill[39m=[32m"none"[39m
                [33mheight[39m=[32m"24"[39m
                [33mstroke[39m=[32m"currentColor"[39m
                [33mstroke-linecap[39m=[32m"round"[39m
                [33mstroke-linejoin[39m=[32m"round"[39m
                [33mstroke-width[39m=[32m"2"[39m
                [33mviewBox[39m=[32m"0 0 24 24"[39m
                [33mwidth[39m=[32m"24"[39m
                [33mxmlns[39m=[32m"http://www.w3.org/2000/svg"[39m
              [36m>[39m
                [36m<path[39m
                  [33md[39m=[32m"M18 6 6 18"[39m
                [36m/>[39m
                [36m<path[39m
                  [33md[39m=[32m"m6 6 12 12"[39m
                [36m/>[39m
              [36m</svg>[39m
            [36m</button>[39m
          [36m</div>[39m
          [36m<div[39m
            [33mclass[39m=[32m"flex w-fit items-center gap-3 rounded-md border p-2"[39m
          [36m>[39m
            [36m<img[39m
              [33malt[39m=[32m"Slack"[39m
              [33mclass[39m=[32m"size-4 rounded-sm"[39m
              [33msrc[39m=[32m"https://cdn.shadcnstudio.com/ss-assets/brand-logo/slack-icon.png"[39m
            [36m/>[39m
            [36m<p[39m
              [33mclass[39m=[32m"text-sm font-medium"[39m
            [36m>[39m
              [0mSlack[0m
            [36m</p>[39m
            [36m<button[39m
              [33maria-label[39m=[32m"Remove Slack"[39m
              [33mclass[39m=[32m"inline-flex shrink-0 items-center justify-center text-sm font-medium whitespace-nowrap outline-none focus-visible:border-ring focus-visible:ring-[3px] focus-visible:ring-ring/50 disabled:pointer-events-none disabled:opacity-50 aria-invalid:border-destructive aria-invalid:ring-destructive/20 dark:aria-invalid:ring-destructive/40 [&_svg]:pointer-events-none [&_svg]:shrink-0 [&_svg:not([class*='size-'])]:size-4 h-8 gap-1.5 px-3 has-[>svg]:px-2.5 hover:bg-accent hover:text-accent-foreground dark:hover:bg-accent/50 rounded-md bg-primary/10 text-primary transition-colors focus:ring-2 focus:ring-offset-2 focus:outline-none"[39m
              [33mdata-size[39m=[32m"sm"[39m
              [33mdata-slot[39m=[32m"button"[39m
              [33mdata-variant[39m=[32m"ghost"[39m
            [36m>[39m
              [36m<svg[39m
                [33maria-hidden[39m=[32m"true"[39m
                [33mclass[39m=[32m"lucide lucide-x size-3"[39m
                [33mfill[39m=[32m"none"[39m
                [33mheight[39m=[32m"24"[39m
                [33mstroke[39m=[32m"currentColor"[39m
                [33mstroke-linecap[39m=[32m"round"[39m
                [33mstroke-linejoin[39m=[32m"round"[39m
                [33mstroke-width[39m=[32m"2"[39m
                [33mviewBox[39m=[32m"0 0 24 24"[39m
                [33mwidth[39m=[32m"24"[39m
                [33mxmlns[39m=[32m"http://www.w3.org/2000/svg"[39m
              [36m>[39m
                [36m<path[39m
                  [33md[39m=[32m"M18 6 6 18"[39m
                [36m/>[39m
                [36m<path[39m
                  [33md[39m=[32m"m6 6 12 12"[39m
                [36m/>[39m
              [36m</svg>[39m
            [36m</button>[39m
          [36m</div>[39m
          [36m<button[39m
            [33maria-controls[39m=[32m"radix-_r_1a_"[39m
            [33maria-expanded[39m=[32m"true"[39m
            [33maria-haspopup[39m=[32m"dialog"[39m
            [33mclass[39m=[32m"inline-flex shrink-0 items-center justify-center gap-2 rounded-md text-sm font-medium whitespace-nowrap transition-all outline-none focus-visible:border-ring focus-visible:ring-[3px] focus-visible:ring-ring/50 disabled:pointer-events-none disabled:opacity-50 aria-invalid:border-destructive aria-invalid:ring-destructive/20 dark:aria-invalid:ring-destructive/40 [&_svg]:poi...

Ignored nodes: comments, script, style
[36m<html>[39m
  [36m<head />[39m
  [36m<body[39m
    [33mdata-scroll-locked[39m=[32m"1"[39m
    [33mstyle[39m=[32m"pointer-events: none;"[39m
  [36m>[39m
    [36m<span[39m
      [33maria-hidden[39m=[32m"true"[39m
      [33mdata-aria-hidden[39m=[32m"true"[39m
      [33mdata-radix-focus-guard[39m=[32m""[39m
      [33mstyle[39m=[32m"opacity: 0; position: fixed; pointer-events: none; outline-color: none; outline-style: none; outline-width: initial;"[39m
      [33mtabindex[39m=[32m"0"[39m
    [36m/>[39m
    [36m<div[39m
      [33maria-hidden[39m=[32m"true"[39m
      [33mdata-aria-hidden[39m=[32m"true"[39m
    [36m>[39m
      [36m<div[39m
        [33mclass[39m=[32m"grid grid-cols-1 gap-10 lg:grid-cols-3"[39m
      [36m>[39m
        [36m<div[39m
          [33mclass[39m=[32m"flex flex-col"[39m
        [36m>[39m
          [36m<h3[39m
            [33mclass[39m=[32m"font-semibold text-foreground"[39m
          [36m>[39m
            [0mConnect Accounts[0m
          [36m</h3>[39m
          [36m<p[39m
            [33mclass[39m=[32m"text-sm text-muted-foreground"[39m
          [36m>[39m
            [0mManage your connected accounts.[0m
          [36m</p>[39m
        [36m</div>[39m
        [36m<div[39m
          [33mclass[39m=[32m"space-y-4 lg:col-span-2"[39m
        [36m>[39m
          [36m<div[39m
            [33mclass[39m=[32m"flex flex-wrap items-center gap-4"[39m
          [36m>[39m
            [36m<div[39m
              [33mclass[39m=[32m"flex w-fit items-center gap-3 rounded-md border p-2"[39m
            [36m>[39m
              [36m<img[39m
                [33malt[39m=[32m"Google"[39m
                [33mclass[39m=[32m"size-4 rounded-sm"[39m
                [33msrc[39m=[32m"https://cdn.shadcnstudio.com/ss-assets/brand-logo/google-icon.png"[39m
              [36m/>[39m
              [36m<p[39m
                [33mclass[39m=[32m"text-sm font-medium"[39m
              [36m>[39m
                [0mGoogle[0m
              [36m</p>[39m
              [36m<button[39m
                [33maria-label[39m=[32m"Remove Google"[39m
                [33mclass[39m=[32m"inline-flex shrink-0 items-center justify-center text-sm font-medium whitespace-nowrap outline-none focus-visible:border-ring focus-visible:ring-[3px] focus-visible:ring-ring/50 disabled:pointer-events-none disabled:opacity-50 aria-invalid:border-destructive aria-invalid:ring-destructive/20 dark:aria-invalid:ring-destructive/40 [&_svg]:pointer-events-none [&_svg]:shrink-0 [&_svg:not([class*='size-'])]:size-4 h-8 gap-1.5 px-3 has-[>svg]:px-2.5 hover:bg-accent hover:text-accent-foreground dark:hover:bg-accent/50 rounded-md bg-primary/10 text-primary transition-colors focus:ring-2 focus:ring-offset-2 focus:outline-none"[39m
                [33mdata-size[39m=[32m"sm"[39m
                [33mdata-slot[39m=[32m"button"[39m
                [33mdata-variant[39m=[32m"ghost"[39m
              [36m>[39m
                [36m<svg[39m
                  [33maria-hidden[39m=[32m"true"[39m
                  [33mclass[39m=[32m"lucide lucide-x size-3"[39m
                  [33mfill[39m=[32m"none"[39m
                  [33mheight[39m=[32m"24"[39m
                  [33mstroke[39m=[32m"currentColor"[39m
                  [33mstroke-linecap[39m=[32m"round"[39m
                  [33mstroke-linejoin[39m=[32m"round"[39m
                  [33mstroke-width[39m=[32m"2"[39m
                  [33mviewBox[39m=[32m"0 0 24 24"[39m
                  [33mwidth[39m=[32m"24"[39m
                  [33mxmlns[39m=[32m"http://www.w3.org/2000/svg"[39m
                [36m>[39m
                  [36m<path[39m
                    [33md[39m=[32m"M18 6 6 18"[39m
                  [36m/>[39m
                  [36m<path[39m
                    [33md[39m=[32m"m6 6 12 12"[39m
                  [36m/>[39m
                [36m</svg>[39m
              [36m</button>[39m
            [36m</div>[39m
            [36m<div[39m
              [33mclass[39m=[32m"flex w-fit items-center gap-3 rounded-md border p-2"[39m
            [36m>[39m
              [36m<img[39m
                [33malt[39m=[32m"Slack"[39m
                [33mclass[39m=[32m"size-4 rounded-sm"[39m
                [33msrc[39m=[32m"https://cdn.shadcnstudio.com/ss-assets/brand-logo/slack-icon.png"[39m
              [36m/>[39m
              [36m<p[39m
                [33mclass[39m=[32m"text-sm font-medium"[39m
              [36m>[39m
                [0mSlack[0m
              [36m</p>[39m
              [36m<button[39m
                [33maria-label[39m=[32m"Remove Slack"[39m
                [33mclass[39m=[32m"inline-flex shrink-0 items-center justify-center text-sm font-medium whitespace-nowrap outline-none focus-visible:border-ring focus-visible:ring-[3px] focus-visible:ring-ring/50 disabled:pointer-events-none disabled:opacity-50 aria-invalid:border-destructive aria-invalid:ring-destructive/20 dark:aria-invalid:ring-destructive/40 [&_svg]:pointer-events-none [&_svg]:shrink-0 [&_svg:not([class*='size-'])]:size-4 h-8 gap-1.5 px-3 has-[>svg]:px-2.5 hover:bg-accent hover:text-accent-foreground dark:hover:bg-accent/50 rounded-md bg-primary/10 text-primary transition-colors focus:ring-2 focus:ring-offset-2 focus:outline-none"[39m
                [33mdata-size[39m=[32m"sm"[39m
                [33mdata-slot[39m=[32m"button"[39m
                [33mdata-variant[39m=[32m"ghost"[39m
              [36m>[39m
                [36m<svg[39m
                  [33maria-hidden[39m=[32m"true"[39m
                  [33mclass[39m=[32m"lucide lucide-x size-3"[39m
                  [33mfill[39m=[32m"none"[39m
                  [33mheight[39m=[32m"24"[39m
                  [33mstroke[39m=[32m"currentColor"[39m
                  [33mstroke-linecap[39m=[32m"round"[39m
                  [33mstroke-linejoin[39m=[32m"round"[39m
                  [33mstroke-width[39m=[32m"2"[39m
                  [33mviewBox[39m=[32m"0 0 24 24"[39m
                  [33mwidth[39m=[32m"24"[39m
                  [33mxmlns[39m=[32m"http://www.w3.org/2000/svg"[39m
                [36m>[39m
                  [36m<path[39m
                    [33md[39m=[32m"M18 6 6 18"[39m
                  [36m/>[39m
                  [36m<path[39m
                    [33md[39m=[32m"m6 6 12 12"[39m
                  [36m/>[39m
                [36m</svg>[39m
              [36m</button>[39m
            [36m</div>[39m
            [36m<button[39m
              [33maria-controls[39m=[32m"radix-_r_1a_"[39m
              [33maria-expanded[39m=[32m"true"[39m
              [33maria-haspopup[39m=[32m"dialog"[39m
              [33mclass[39m=[32m"inline-flex shrink-0 items-center justify-center gap-2 rounded-md text-sm font-me...
 ❯ waitForWrapper node_modules/@testing-library/dom/dist/wait-for.js:163:27
 ❯ tests/unit/components/settings-content.test.tsx:266:11
    264|     fireEvent.click(addAppButton);
    265|
    266|     await waitFor(async () => {
       |           ^
    267|       const nameInput = screen.getByLabelText("App Name");
    268|       await user.type(nameInput, "Zoom");

⎯⎯⎯⎯⎯⎯⎯⎯⎯⎯⎯⎯⎯⎯⎯⎯⎯⎯⎯⎯⎯⎯⎯[9/24]⎯

 FAIL  tests/unit/components/settings-content.test.tsx > ConnectedAccount Component > enables Connect button when required fields are filled
TestingLibraryElementError: Found a label with the text of: App Name, however no form control was found associated to that label. Make sure you're using the "for" attribute or "aria-labelledby" attribute correctly.

Ignored nodes: comments, script, style
[36m<body[39m
  [33mdata-scroll-locked[39m=[32m"1"[39m
  [33mstyle[39m=[32m"pointer-events: none;"[39m
[36m>[39m
  [36m<span[39m
    [33maria-hidden[39m=[32m"true"[39m
    [33mdata-aria-hidden[39m=[32m"true"[39m
    [33mdata-radix-focus-guard[39m=[32m""[39m
    [33mstyle[39m=[32m"opacity: 0; position: fixed; pointer-events: none; outline-color: none; outline-style: none; outline-width: initial;"[39m
    [33mtabindex[39m=[32m"0"[39m
  [36m/>[39m
  [36m<div[39m
    [33maria-hidden[39m=[32m"true"[39m
    [33mdata-aria-hidden[39m=[32m"true"[39m
  [36m>[39m
    [36m<div[39m
      [33mclass[39m=[32m"grid grid-cols-1 gap-10 lg:grid-cols-3"[39m
    [36m>[39m
      [36m<div[39m
        [33mclass[39m=[32m"flex flex-col"[39m
      [36m>[39m
        [36m<h3[39m
          [33mclass[39m=[32m"font-semibold text-foreground"[39m
        [36m>[39m
          [0mConnect Accounts[0m
        [36m</h3>[39m
        [36m<p[39m
          [33mclass[39m=[32m"text-sm text-muted-foreground"[39m
        [36m>[39m
          [0mManage your connected accounts.[0m
        [36m</p>[39m
      [36m</div>[39m
      [36m<div[39m
        [33mclass[39m=[32m"space-y-4 lg:col-span-2"[39m
      [36m>[39m
        [36m<div[39m
          [33mclass[39m=[32m"flex flex-wrap items-center gap-4"[39m
        [36m>[39m
          [36m<div[39m
            [33mclass[39m=[32m"flex w-fit items-center gap-3 rounded-md border p-2"[39m
          [36m>[39m
            [36m<img[39m
              [33malt[39m=[32m"Google"[39m
              [33mclass[39m=[32m"size-4 rounded-sm"[39m
              [33msrc[39m=[32m"https://cdn.shadcnstudio.com/ss-assets/brand-logo/google-icon.png"[39m
            [36m/>[39m
            [36m<p[39m
              [33mclass[39m=[32m"text-sm font-medium"[39m
            [36m>[39m
              [0mGoogle[0m
            [36m</p>[39m
            [36m<button[39m
              [33maria-label[39m=[32m"Remove Google"[39m
              [33mclass[39m=[32m"inline-flex shrink-0 items-center justify-center text-sm font-medium whitespace-nowrap outline-none focus-visible:border-ring focus-visible:ring-[3px] focus-visible:ring-ring/50 disabled:pointer-events-none disabled:opacity-50 aria-invalid:border-destructive aria-invalid:ring-destructive/20 dark:aria-invalid:ring-destructive/40 [&_svg]:pointer-events-none [&_svg]:shrink-0 [&_svg:not([class*='size-'])]:size-4 h-8 gap-1.5 px-3 has-[>svg]:px-2.5 hover:bg-accent hover:text-accent-foreground dark:hover:bg-accent/50 rounded-md bg-primary/10 text-primary transition-colors focus:ring-2 focus:ring-offset-2 focus:outline-none"[39m
              [33mdata-size[39m=[32m"sm"[39m
              [33mdata-slot[39m=[32m"button"[39m
              [33mdata-variant[39m=[32m"ghost"[39m
            [36m>[39m
              [36m<svg[39m
                [33maria-hidden[39m=[32m"true"[39m
                [33mclass[39m=[32m"lucide lucide-x size-3"[39m
                [33mfill[39m=[32m"none"[39m
                [33mheight[39m=[32m"24"[39m
                [33mstroke[39m=[32m"currentColor"[39m
                [33mstroke-linecap[39m=[32m"round"[39m
                [33mstroke-linejoin[39m=[32m"round"[39m
                [33mstroke-width[39m=[32m"2"[39m
                [33mviewBox[39m=[32m"0 0 24 24"[39m
                [33mwidth[39m=[32m"24"[39m
                [33mxmlns[39m=[32m"http://www.w3.org/2000/svg"[39m
              [36m>[39m
                [36m<path[39m
                  [33md[39m=[32m"M18 6 6 18"[39m
                [36m/>[39m
                [36m<path[39m
                  [33md[39m=[32m"m6 6 12 12"[39m
                [36m/>[39m
              [36m</svg>[39m
            [36m</button>[39m
          [36m</div>[39m
          [36m<div[39m
            [33mclass[39m=[32m"flex w-fit items-center gap-3 rounded-md border p-2"[39m
          [36m>[39m
            [36m<img[39m
              [33malt[39m=[32m"Slack"[39m
              [33mclass[39m=[32m"size-4 rounded-sm"[39m
              [33msrc[39m=[32m"https://cdn.shadcnstudio.com/ss-assets/brand-logo/slack-icon.png"[39m
            [36m/>[39m
            [36m<p[39m
              [33mclass[39m=[32m"text-sm font-medium"[39m
            [36m>[39m
              [0mSlack[0m
            [36m</p>[39m
            [36m<button[39m
              [33maria-label[39m=[32m"Remove Slack"[39m
              [33mclass[39m=[32m"inline-flex shrink-0 items-center justify-center text-sm font-medium whitespace-nowrap outline-none focus-visible:border-ring focus-visible:ring-[3px] focus-visible:ring-ring/50 disabled:pointer-events-none disabled:opacity-50 aria-invalid:border-destructive aria-invalid:ring-destructive/20 dark:aria-invalid:ring-destructive/40 [&_svg]:pointer-events-none [&_svg]:shrink-0 [&_svg:not([class*='size-'])]:size-4 h-8 gap-1.5 px-3 has-[>svg]:px-2.5 hover:bg-accent hover:text-accent-foreground dark:hover:bg-accent/50 rounded-md bg-primary/10 text-primary transition-colors focus:ring-2 focus:ring-offset-2 focus:outline-none"[39m
              [33mdata-size[39m=[32m"sm"[39m
              [33mdata-slot[39m=[32m"button"[39m
              [33mdata-variant[39m=[32m"ghost"[39m
            [36m>[39m
              [36m<svg[39m
                [33maria-hidden[39m=[32m"true"[39m
                [33mclass[39m=[32m"lucide lucide-x size-3"[39m
                [33mfill[39m=[32m"none"[39m
                [33mheight[39m=[32m"24"[39m
                [33mstroke[39m=[32m"currentColor"[39m
                [33mstroke-linecap[39m=[32m"round"[39m
                [33mstroke-linejoin[39m=[32m"round"[39m
                [33mstroke-width[39m=[32m"2"[39m
                [33mviewBox[39m=[32m"0 0 24 24"[39m
                [33mwidth[39m=[32m"24"[39m
                [33mxmlns[39m=[32m"http://www.w3.org/2000/svg"[39m
              [36m>[39m
                [36m<path[39m
                  [33md[39m=[32m"M18 6 6 18"[39m
                [36m/>[39m
                [36m<path[39m
                  [33md[39m=[32m"m6 6 12 12"[39m
                [36m/>[39m
              [36m</svg>[39m
            [36m</button>[39m
          [36m</div>[39m
          [36m<button[39m
            [33maria-controls[39m=[32m"radix-_r_1g_"[39m
            [33maria-expanded[39m=[32m"true"[39m
            [33maria-haspopup[39m=[32m"dialog"[39m
            [33mclass[39m=[32m"inline-flex shrink-0 items-center justify-center gap-2 rounded-md text-sm font-medium whitespace-nowrap transition-all outline-none focus-visible:border-ring focus-visible:ring-[3px] focus-visible:ring-ring/50 disabled:pointer-events-none disabled:opacity-50 aria-invalid:border-destructive aria-invalid:ring-destructive/20 dark:aria-invalid:ring-destructive/40 [&_svg]:poi...

Ignored nodes: comments, script, style
[36m<html>[39m
  [36m<head />[39m
  [36m<body[39m
    [33mdata-scroll-locked[39m=[32m"1"[39m
    [33mstyle[39m=[32m"pointer-events: none;"[39m
  [36m>[39m
    [36m<span[39m
      [33maria-hidden[39m=[32m"true"[39m
      [33mdata-aria-hidden[39m=[32m"true"[39m
      [33mdata-radix-focus-guard[39m=[32m""[39m
      [33mstyle[39m=[32m"opacity: 0; position: fixed; pointer-events: none; outline-color: none; outline-style: none; outline-width: initial;"[39m
      [33mtabindex[39m=[32m"0"[39m
    [36m/>[39m
    [36m<div[39m
      [33maria-hidden[39m=[32m"true"[39m
      [33mdata-aria-hidden[39m=[32m"true"[39m
    [36m>[39m
      [36m<div[39m
        [33mclass[39m=[32m"grid grid-cols-1 gap-10 lg:grid-cols-3"[39m
      [36m>[39m
        [36m<div[39m
          [33mclass[39m=[32m"flex flex-col"[39m
        [36m>[39m
          [36m<h3[39m
            [33mclass[39m=[32m"font-semibold text-foreground"[39m
          [36m>[39m
            [0mConnect Accounts[0m
          [36m</h3>[39m
          [36m<p[39m
            [33mclass[39m=[32m"text-sm text-muted-foreground"[39m
          [36m>[39m
            [0mManage your connected accounts.[0m
          [36m</p>[39m
        [36m</div>[39m
        [36m<div[39m
          [33mclass[39m=[32m"space-y-4 lg:col-span-2"[39m
        [36m>[39m
          [36m<div[39m
            [33mclass[39m=[32m"flex flex-wrap items-center gap-4"[39m
          [36m>[39m
            [36m<div[39m
              [33mclass[39m=[32m"flex w-fit items-center gap-3 rounded-md border p-2"[39m
            [36m>[39m
              [36m<img[39m
                [33malt[39m=[32m"Google"[39m
                [33mclass[39m=[32m"size-4 rounded-sm"[39m
                [33msrc[39m=[32m"https://cdn.shadcnstudio.com/ss-assets/brand-logo/google-icon.png"[39m
              [36m/>[39m
              [36m<p[39m
                [33mclass[39m=[32m"text-sm font-medium"[39m
              [36m>[39m
                [0mGoogle[0m
              [36m</p>[39m
              [36m<button[39m
                [33maria-label[39m=[32m"Remove Google"[39m
                [33mclass[39m=[32m"inline-flex shrink-0 items-center justify-center text-sm font-medium whitespace-nowrap outline-none focus-visible:border-ring focus-visible:ring-[3px] focus-visible:ring-ring/50 disabled:pointer-events-none disabled:opacity-50 aria-invalid:border-destructive aria-invalid:ring-destructive/20 dark:aria-invalid:ring-destructive/40 [&_svg]:pointer-events-none [&_svg]:shrink-0 [&_svg:not([class*='size-'])]:size-4 h-8 gap-1.5 px-3 has-[>svg]:px-2.5 hover:bg-accent hover:text-accent-foreground dark:hover:bg-accent/50 rounded-md bg-primary/10 text-primary transition-colors focus:ring-2 focus:ring-offset-2 focus:outline-none"[39m
                [33mdata-size[39m=[32m"sm"[39m
                [33mdata-slot[39m=[32m"button"[39m
                [33mdata-variant[39m=[32m"ghost"[39m
              [36m>[39m
                [36m<svg[39m
                  [33maria-hidden[39m=[32m"true"[39m
                  [33mclass[39m=[32m"lucide lucide-x size-3"[39m
                  [33mfill[39m=[32m"none"[39m
                  [33mheight[39m=[32m"24"[39m
                  [33mstroke[39m=[32m"currentColor"[39m
                  [33mstroke-linecap[39m=[32m"round"[39m
                  [33mstroke-linejoin[39m=[32m"round"[39m
                  [33mstroke-width[39m=[32m"2"[39m
                  [33mviewBox[39m=[32m"0 0 24 24"[39m
                  [33mwidth[39m=[32m"24"[39m
                  [33mxmlns[39m=[32m"http://www.w3.org/2000/svg"[39m
                [36m>[39m
                  [36m<path[39m
                    [33md[39m=[32m"M18 6 6 18"[39m
                  [36m/>[39m
                  [36m<path[39m
                    [33md[39m=[32m"m6 6 12 12"[39m
                  [36m/>[39m
                [36m</svg>[39m
              [36m</button>[39m
            [36m</div>[39m
            [36m<div[39m
              [33mclass[39m=[32m"flex w-fit items-center gap-3 rounded-md border p-2"[39m
            [36m>[39m
              [36m<img[39m
                [33malt[39m=[32m"Slack"[39m
                [33mclass[39m=[32m"size-4 rounded-sm"[39m
                [33msrc[39m=[32m"https://cdn.shadcnstudio.com/ss-assets/brand-logo/slack-icon.png"[39m
              [36m/>[39m
              [36m<p[39m
                [33mclass[39m=[32m"text-sm font-medium"[39m
              [36m>[39m
                [0mSlack[0m
              [36m</p>[39m
              [36m<button[39m
                [33maria-label[39m=[32m"Remove Slack"[39m
                [33mclass[39m=[32m"inline-flex shrink-0 items-center justify-center text-sm font-medium whitespace-nowrap outline-none focus-visible:border-ring focus-visible:ring-[3px] focus-visible:ring-ring/50 disabled:pointer-events-none disabled:opacity-50 aria-invalid:border-destructive aria-invalid:ring-destructive/20 dark:aria-invalid:ring-destructive/40 [&_svg]:pointer-events-none [&_svg]:shrink-0 [&_svg:not([class*='size-'])]:size-4 h-8 gap-1.5 px-3 has-[>svg]:px-2.5 hover:bg-accent hover:text-accent-foreground dark:hover:bg-accent/50 rounded-md bg-primary/10 text-primary transition-colors focus:ring-2 focus:ring-offset-2 focus:outline-none"[39m
                [33mdata-size[39m=[32m"sm"[39m
                [33mdata-slot[39m=[32m"button"[39m
                [33mdata-variant[39m=[32m"ghost"[39m
              [36m>[39m
                [36m<svg[39m
                  [33maria-hidden[39m=[32m"true"[39m
                  [33mclass[39m=[32m"lucide lucide-x size-3"[39m
                  [33mfill[39m=[32m"none"[39m
                  [33mheight[39m=[32m"24"[39m
                  [33mstroke[39m=[32m"currentColor"[39m
                  [33mstroke-linecap[39m=[32m"round"[39m
                  [33mstroke-linejoin[39m=[32m"round"[39m
                  [33mstroke-width[39m=[32m"2"[39m
                  [33mviewBox[39m=[32m"0 0 24 24"[39m
                  [33mwidth[39m=[32m"24"[39m
                  [33mxmlns[39m=[32m"http://www.w3.org/2000/svg"[39m
                [36m>[39m
                  [36m<path[39m
                    [33md[39m=[32m"M18 6 6 18"[39m
                  [36m/>[39m
                  [36m<path[39m
                    [33md[39m=[32m"m6 6 12 12"[39m
                  [36m/>[39m
                [36m</svg>[39m
              [36m</button>[39m
            [36m</div>[39m
            [36m<button[39m
              [33maria-controls[39m=[32m"radix-_r_1g_"[39m
              [33maria-expanded[39m=[32m"true"[39m
              [33maria-haspopup[39m=[32m"dialog"[39m
              [33mclass[39m=[32m"inline-flex shrink-0 items-center justify-center gap-2 rounded-md text-sm font-me...
 ❯ waitForWrapper node_modules/@testing-library/dom/dist/wait-for.js:163:27
 ❯ tests/unit/components/settings-content.test.tsx:292:11
    290|     fireEvent.click(addAppButton);
    291|
    292|     await waitFor(async () => {
       |           ^
    293|       const nameInput = screen.getByLabelText("App Name");
    294|       const urlInput = screen.getByLabelText("App URL or Integration K…

⎯⎯⎯⎯⎯⎯⎯⎯⎯⎯⎯⎯⎯⎯⎯⎯⎯⎯⎯⎯⎯⎯[10/24]⎯

 FAIL  tests/unit/components/settings-content.test.tsx > ConnectedAccount Component > adds new account when Connect button is clicked
TestingLibraryElementError: Found a label with the text of: App Name, however no form control was found associated to that label. Make sure you're using the "for" attribute or "aria-labelledby" attribute correctly.

Ignored nodes: comments, script, style
[36m<body[39m
  [33mdata-scroll-locked[39m=[32m"1"[39m
  [33mstyle[39m=[32m"pointer-events: none;"[39m
[36m>[39m
  [36m<span[39m
    [33maria-hidden[39m=[32m"true"[39m
    [33mdata-aria-hidden[39m=[32m"true"[39m
    [33mdata-radix-focus-guard[39m=[32m""[39m
    [33mstyle[39m=[32m"opacity: 0; position: fixed; pointer-events: none; outline-color: none; outline-style: none; outline-width: initial;"[39m
    [33mtabindex[39m=[32m"0"[39m
  [36m/>[39m
  [36m<div[39m
    [33maria-hidden[39m=[32m"true"[39m
    [33mdata-aria-hidden[39m=[32m"true"[39m
  [36m>[39m
    [36m<div[39m
      [33mclass[39m=[32m"grid grid-cols-1 gap-10 lg:grid-cols-3"[39m
    [36m>[39m
      [36m<div[39m
        [33mclass[39m=[32m"flex flex-col"[39m
      [36m>[39m
        [36m<h3[39m
          [33mclass[39m=[32m"font-semibold text-foreground"[39m
        [36m>[39m
          [0mConnect Accounts[0m
        [36m</h3>[39m
        [36m<p[39m
          [33mclass[39m=[32m"text-sm text-muted-foreground"[39m
        [36m>[39m
          [0mManage your connected accounts.[0m
        [36m</p>[39m
      [36m</div>[39m
      [36m<div[39m
        [33mclass[39m=[32m"space-y-4 lg:col-span-2"[39m
      [36m>[39m
        [36m<div[39m
          [33mclass[39m=[32m"flex flex-wrap items-center gap-4"[39m
        [36m>[39m
          [36m<div[39m
            [33mclass[39m=[32m"flex w-fit items-center gap-3 rounded-md border p-2"[39m
          [36m>[39m
            [36m<img[39m
              [33malt[39m=[32m"Google"[39m
              [33mclass[39m=[32m"size-4 rounded-sm"[39m
              [33msrc[39m=[32m"https://cdn.shadcnstudio.com/ss-assets/brand-logo/google-icon.png"[39m
            [36m/>[39m
            [36m<p[39m
              [33mclass[39m=[32m"text-sm font-medium"[39m
            [36m>[39m
              [0mGoogle[0m
            [36m</p>[39m
            [36m<button[39m
              [33maria-label[39m=[32m"Remove Google"[39m
              [33mclass[39m=[32m"inline-flex shrink-0 items-center justify-center text-sm font-medium whitespace-nowrap outline-none focus-visible:border-ring focus-visible:ring-[3px] focus-visible:ring-ring/50 disabled:pointer-events-none disabled:opacity-50 aria-invalid:border-destructive aria-invalid:ring-destructive/20 dark:aria-invalid:ring-destructive/40 [&_svg]:pointer-events-none [&_svg]:shrink-0 [&_svg:not([class*='size-'])]:size-4 h-8 gap-1.5 px-3 has-[>svg]:px-2.5 hover:bg-accent hover:text-accent-foreground dark:hover:bg-accent/50 rounded-md bg-primary/10 text-primary transition-colors focus:ring-2 focus:ring-offset-2 focus:outline-none"[39m
              [33mdata-size[39m=[32m"sm"[39m
              [33mdata-slot[39m=[32m"button"[39m
              [33mdata-variant[39m=[32m"ghost"[39m
            [36m>[39m
              [36m<svg[39m
                [33maria-hidden[39m=[32m"true"[39m
                [33mclass[39m=[32m"lucide lucide-x size-3"[39m
                [33mfill[39m=[32m"none"[39m
                [33mheight[39m=[32m"24"[39m
                [33mstroke[39m=[32m"currentColor"[39m
                [33mstroke-linecap[39m=[32m"round"[39m
                [33mstroke-linejoin[39m=[32m"round"[39m
                [33mstroke-width[39m=[32m"2"[39m
                [33mviewBox[39m=[32m"0 0 24 24"[39m
                [33mwidth[39m=[32m"24"[39m
                [33mxmlns[39m=[32m"http://www.w3.org/2000/svg"[39m
              [36m>[39m
                [36m<path[39m
                  [33md[39m=[32m"M18 6 6 18"[39m
                [36m/>[39m
                [36m<path[39m
                  [33md[39m=[32m"m6 6 12 12"[39m
                [36m/>[39m
              [36m</svg>[39m
            [36m</button>[39m
          [36m</div>[39m
          [36m<div[39m
            [33mclass[39m=[32m"flex w-fit items-center gap-3 rounded-md border p-2"[39m
          [36m>[39m
            [36m<img[39m
              [33malt[39m=[32m"Slack"[39m
              [33mclass[39m=[32m"size-4 rounded-sm"[39m
              [33msrc[39m=[32m"https://cdn.shadcnstudio.com/ss-assets/brand-logo/slack-icon.png"[39m
            [36m/>[39m
            [36m<p[39m
              [33mclass[39m=[32m"text-sm font-medium"[39m
            [36m>[39m
              [0mSlack[0m
            [36m</p>[39m
            [36m<button[39m
              [33maria-label[39m=[32m"Remove Slack"[39m
              [33mclass[39m=[32m"inline-flex shrink-0 items-center justify-center text-sm font-medium whitespace-nowrap outline-none focus-visible:border-ring focus-visible:ring-[3px] focus-visible:ring-ring/50 disabled:pointer-events-none disabled:opacity-50 aria-invalid:border-destructive aria-invalid:ring-destructive/20 dark:aria-invalid:ring-destructive/40 [&_svg]:pointer-events-none [&_svg]:shrink-0 [&_svg:not([class*='size-'])]:size-4 h-8 gap-1.5 px-3 has-[>svg]:px-2.5 hover:bg-accent hover:text-accent-foreground dark:hover:bg-accent/50 rounded-md bg-primary/10 text-primary transition-colors focus:ring-2 focus:ring-offset-2 focus:outline-none"[39m
              [33mdata-size[39m=[32m"sm"[39m
              [33mdata-slot[39m=[32m"button"[39m
              [33mdata-variant[39m=[32m"ghost"[39m
            [36m>[39m
              [36m<svg[39m
                [33maria-hidden[39m=[32m"true"[39m
                [33mclass[39m=[32m"lucide lucide-x size-3"[39m
                [33mfill[39m=[32m"none"[39m
                [33mheight[39m=[32m"24"[39m
                [33mstroke[39m=[32m"currentColor"[39m
                [33mstroke-linecap[39m=[32m"round"[39m
                [33mstroke-linejoin[39m=[32m"round"[39m
                [33mstroke-width[39m=[32m"2"[39m
                [33mviewBox[39m=[32m"0 0 24 24"[39m
                [33mwidth[39m=[32m"24"[39m
                [33mxmlns[39m=[32m"http://www.w3.org/2000/svg"[39m
              [36m>[39m
                [36m<path[39m
                  [33md[39m=[32m"M18 6 6 18"[39m
                [36m/>[39m
                [36m<path[39m
                  [33md[39m=[32m"m6 6 12 12"[39m
                [36m/>[39m
              [36m</svg>[39m
            [36m</button>[39m
          [36m</div>[39m
          [36m<button[39m
            [33maria-controls[39m=[32m"radix-_r_1j_"[39m
            [33maria-expanded[39m=[32m"true"[39m
            [33maria-haspopup[39m=[32m"dialog"[39m
            [33mclass[39m=[32m"inline-flex shrink-0 items-center justify-center gap-2 rounded-md text-sm font-medium whitespace-nowrap transition-all outline-none focus-visible:border-ring focus-visible:ring-[3px] focus-visible:ring-ring/50 disabled:pointer-events-none disabled:opacity-50 aria-invalid:border-destructive aria-invalid:ring-destructive/20 dark:aria-invalid:ring-destructive/40 [&_svg]:poi...

Ignored nodes: comments, script, style
[36m<html>[39m
  [36m<head />[39m
  [36m<body[39m
    [33mdata-scroll-locked[39m=[32m"1"[39m
    [33mstyle[39m=[32m"pointer-events: none;"[39m
  [36m>[39m
    [36m<span[39m
      [33maria-hidden[39m=[32m"true"[39m
      [33mdata-aria-hidden[39m=[32m"true"[39m
      [33mdata-radix-focus-guard[39m=[32m""[39m
      [33mstyle[39m=[32m"opacity: 0; position: fixed; pointer-events: none; outline-color: none; outline-style: none; outline-width: initial;"[39m
      [33mtabindex[39m=[32m"0"[39m
    [36m/>[39m
    [36m<div[39m
      [33maria-hidden[39m=[32m"true"[39m
      [33mdata-aria-hidden[39m=[32m"true"[39m
    [36m>[39m
      [36m<div[39m
        [33mclass[39m=[32m"grid grid-cols-1 gap-10 lg:grid-cols-3"[39m
      [36m>[39m
        [36m<div[39m
          [33mclass[39m=[32m"flex flex-col"[39m
        [36m>[39m
          [36m<h3[39m
            [33mclass[39m=[32m"font-semibold text-foreground"[39m
          [36m>[39m
            [0mConnect Accounts[0m
          [36m</h3>[39m
          [36m<p[39m
            [33mclass[39m=[32m"text-sm text-muted-foreground"[39m
          [36m>[39m
            [0mManage your connected accounts.[0m
          [36m</p>[39m
        [36m</div>[39m
        [36m<div[39m
          [33mclass[39m=[32m"space-y-4 lg:col-span-2"[39m
        [36m>[39m
          [36m<div[39m
            [33mclass[39m=[32m"flex flex-wrap items-center gap-4"[39m
          [36m>[39m
            [36m<div[39m
              [33mclass[39m=[32m"flex w-fit items-center gap-3 rounded-md border p-2"[39m
            [36m>[39m
              [36m<img[39m
                [33malt[39m=[32m"Google"[39m
                [33mclass[39m=[32m"size-4 rounded-sm"[39m
                [33msrc[39m=[32m"https://cdn.shadcnstudio.com/ss-assets/brand-logo/google-icon.png"[39m
              [36m/>[39m
              [36m<p[39m
                [33mclass[39m=[32m"text-sm font-medium"[39m
              [36m>[39m
                [0mGoogle[0m
              [36m</p>[39m
              [36m<button[39m
                [33maria-label[39m=[32m"Remove Google"[39m
                [33mclass[39m=[32m"inline-flex shrink-0 items-center justify-center text-sm font-medium whitespace-nowrap outline-none focus-visible:border-ring focus-visible:ring-[3px] focus-visible:ring-ring/50 disabled:pointer-events-none disabled:opacity-50 aria-invalid:border-destructive aria-invalid:ring-destructive/20 dark:aria-invalid:ring-destructive/40 [&_svg]:pointer-events-none [&_svg]:shrink-0 [&_svg:not([class*='size-'])]:size-4 h-8 gap-1.5 px-3 has-[>svg]:px-2.5 hover:bg-accent hover:text-accent-foreground dark:hover:bg-accent/50 rounded-md bg-primary/10 text-primary transition-colors focus:ring-2 focus:ring-offset-2 focus:outline-none"[39m
                [33mdata-size[39m=[32m"sm"[39m
                [33mdata-slot[39m=[32m"button"[39m
                [33mdata-variant[39m=[32m"ghost"[39m
              [36m>[39m
                [36m<svg[39m
                  [33maria-hidden[39m=[32m"true"[39m
                  [33mclass[39m=[32m"lucide lucide-x size-3"[39m
                  [33mfill[39m=[32m"none"[39m
                  [33mheight[39m=[32m"24"[39m
                  [33mstroke[39m=[32m"currentColor"[39m
                  [33mstroke-linecap[39m=[32m"round"[39m
                  [33mstroke-linejoin[39m=[32m"round"[39m
                  [33mstroke-width[39m=[32m"2"[39m
                  [33mviewBox[39m=[32m"0 0 24 24"[39m
                  [33mwidth[39m=[32m"24"[39m
                  [33mxmlns[39m=[32m"http://www.w3.org/2000/svg"[39m
                [36m>[39m
                  [36m<path[39m
                    [33md[39m=[32m"M18 6 6 18"[39m
                  [36m/>[39m
                  [36m<path[39m
                    [33md[39m=[32m"m6 6 12 12"[39m
                  [36m/>[39m
                [36m</svg>[39m
              [36m</button>[39m
            [36m</div>[39m
            [36m<div[39m
              [33mclass[39m=[32m"flex w-fit items-center gap-3 rounded-md border p-2"[39m
            [36m>[39m
              [36m<img[39m
                [33malt[39m=[32m"Slack"[39m
                [33mclass[39m=[32m"size-4 rounded-sm"[39m
                [33msrc[39m=[32m"https://cdn.shadcnstudio.com/ss-assets/brand-logo/slack-icon.png"[39m
              [36m/>[39m
              [36m<p[39m
                [33mclass[39m=[32m"text-sm font-medium"[39m
              [36m>[39m
                [0mSlack[0m
              [36m</p>[39m
              [36m<button[39m
                [33maria-label[39m=[32m"Remove Slack"[39m
                [33mclass[39m=[32m"inline-flex shrink-0 items-center justify-center text-sm font-medium whitespace-nowrap outline-none focus-visible:border-ring focus-visible:ring-[3px] focus-visible:ring-ring/50 disabled:pointer-events-none disabled:opacity-50 aria-invalid:border-destructive aria-invalid:ring-destructive/20 dark:aria-invalid:ring-destructive/40 [&_svg]:pointer-events-none [&_svg]:shrink-0 [&_svg:not([class*='size-'])]:size-4 h-8 gap-1.5 px-3 has-[>svg]:px-2.5 hover:bg-accent hover:text-accent-foreground dark:hover:bg-accent/50 rounded-md bg-primary/10 text-primary transition-colors focus:ring-2 focus:ring-offset-2 focus:outline-none"[39m
                [33mdata-size[39m=[32m"sm"[39m
                [33mdata-slot[39m=[32m"button"[39m
                [33mdata-variant[39m=[32m"ghost"[39m
              [36m>[39m
                [36m<svg[39m
                  [33maria-hidden[39m=[32m"true"[39m
                  [33mclass[39m=[32m"lucide lucide-x size-3"[39m
                  [33mfill[39m=[32m"none"[39m
                  [33mheight[39m=[32m"24"[39m
                  [33mstroke[39m=[32m"currentColor"[39m
                  [33mstroke-linecap[39m=[32m"round"[39m
                  [33mstroke-linejoin[39m=[32m"round"[39m
                  [33mstroke-width[39m=[32m"2"[39m
                  [33mviewBox[39m=[32m"0 0 24 24"[39m
                  [33mwidth[39m=[32m"24"[39m
                  [33mxmlns[39m=[32m"http://www.w3.org/2000/svg"[39m
                [36m>[39m
                  [36m<path[39m
                    [33md[39m=[32m"M18 6 6 18"[39m
                  [36m/>[39m
                  [36m<path[39m
                    [33md[39m=[32m"m6 6 12 12"[39m
                  [36m/>[39m
                [36m</svg>[39m
              [36m</button>[39m
            [36m</div>[39m
            [36m<button[39m
              [33maria-controls[39m=[32m"radix-_r_1j_"[39m
              [33maria-expanded[39m=[32m"true"[39m
              [33maria-haspopup[39m=[32m"dialog"[39m
              [33mclass[39m=[32m"inline-flex shrink-0 items-center justify-center gap-2 rounded-md text-sm font-me...
 ❯ waitForWrapper node_modules/@testing-library/dom/dist/wait-for.js:163:27
 ❯ tests/unit/components/settings-content.test.tsx:313:11
    311|     fireEvent.click(addAppButton);
    312|
    313|     await waitFor(async () => {
       |           ^
    314|       const nameInput = screen.getByLabelText("App Name");
    315|       const urlInput = screen.getByLabelText("App URL or Integration K…

⎯⎯⎯⎯⎯⎯⎯⎯⎯⎯⎯⎯⎯⎯⎯⎯⎯⎯⎯⎯⎯⎯[11/24]⎯

 FAIL  tests/unit/components/settings-content.test.tsx > ConnectedAccount Component > closes dialog after successful connection
TestingLibraryElementError: Found a label with the text of: App Name, however no form control was found associated to that label. Make sure you're using the "for" attribute or "aria-labelledby" attribute correctly.

Ignored nodes: comments, script, style
[36m<body[39m
  [33mdata-scroll-locked[39m=[32m"1"[39m
  [33mstyle[39m=[32m"pointer-events: none;"[39m
[36m>[39m
  [36m<span[39m
    [33maria-hidden[39m=[32m"true"[39m
    [33mdata-aria-hidden[39m=[32m"true"[39m
    [33mdata-radix-focus-guard[39m=[32m""[39m
    [33mstyle[39m=[32m"opacity: 0; position: fixed; pointer-events: none; outline-color: none; outline-style: none; outline-width: initial;"[39m
    [33mtabindex[39m=[32m"0"[39m
  [36m/>[39m
  [36m<div[39m
    [33maria-hidden[39m=[32m"true"[39m
    [33mdata-aria-hidden[39m=[32m"true"[39m
  [36m>[39m
    [36m<div[39m
      [33mclass[39m=[32m"grid grid-cols-1 gap-10 lg:grid-cols-3"[39m
    [36m>[39m
      [36m<div[39m
        [33mclass[39m=[32m"flex flex-col"[39m
      [36m>[39m
        [36m<h3[39m
          [33mclass[39m=[32m"font-semibold text-foreground"[39m
        [36m>[39m
          [0mConnect Accounts[0m
        [36m</h3>[39m
        [36m<p[39m
          [33mclass[39m=[32m"text-sm text-muted-foreground"[39m
        [36m>[39m
          [0mManage your connected accounts.[0m
        [36m</p>[39m
      [36m</div>[39m
      [36m<div[39m
        [33mclass[39m=[32m"space-y-4 lg:col-span-2"[39m
      [36m>[39m
        [36m<div[39m
          [33mclass[39m=[32m"flex flex-wrap items-center gap-4"[39m
        [36m>[39m
          [36m<div[39m
            [33mclass[39m=[32m"flex w-fit items-center gap-3 rounded-md border p-2"[39m
          [36m>[39m
            [36m<img[39m
              [33malt[39m=[32m"Google"[39m
              [33mclass[39m=[32m"size-4 rounded-sm"[39m
              [33msrc[39m=[32m"https://cdn.shadcnstudio.com/ss-assets/brand-logo/google-icon.png"[39m
            [36m/>[39m
            [36m<p[39m
              [33mclass[39m=[32m"text-sm font-medium"[39m
            [36m>[39m
              [0mGoogle[0m
            [36m</p>[39m
            [36m<button[39m
              [33maria-label[39m=[32m"Remove Google"[39m
              [33mclass[39m=[32m"inline-flex shrink-0 items-center justify-center text-sm font-medium whitespace-nowrap outline-none focus-visible:border-ring focus-visible:ring-[3px] focus-visible:ring-ring/50 disabled:pointer-events-none disabled:opacity-50 aria-invalid:border-destructive aria-invalid:ring-destructive/20 dark:aria-invalid:ring-destructive/40 [&_svg]:pointer-events-none [&_svg]:shrink-0 [&_svg:not([class*='size-'])]:size-4 h-8 gap-1.5 px-3 has-[>svg]:px-2.5 hover:bg-accent hover:text-accent-foreground dark:hover:bg-accent/50 rounded-md bg-primary/10 text-primary transition-colors focus:ring-2 focus:ring-offset-2 focus:outline-none"[39m
              [33mdata-size[39m=[32m"sm"[39m
              [33mdata-slot[39m=[32m"button"[39m
              [33mdata-variant[39m=[32m"ghost"[39m
            [36m>[39m
              [36m<svg[39m
                [33maria-hidden[39m=[32m"true"[39m
                [33mclass[39m=[32m"lucide lucide-x size-3"[39m
                [33mfill[39m=[32m"none"[39m
                [33mheight[39m=[32m"24"[39m
                [33mstroke[39m=[32m"currentColor"[39m
                [33mstroke-linecap[39m=[32m"round"[39m
                [33mstroke-linejoin[39m=[32m"round"[39m
                [33mstroke-width[39m=[32m"2"[39m
                [33mviewBox[39m=[32m"0 0 24 24"[39m
                [33mwidth[39m=[32m"24"[39m
                [33mxmlns[39m=[32m"http://www.w3.org/2000/svg"[39m
              [36m>[39m
                [36m<path[39m
                  [33md[39m=[32m"M18 6 6 18"[39m
                [36m/>[39m
                [36m<path[39m
                  [33md[39m=[32m"m6 6 12 12"[39m
                [36m/>[39m
              [36m</svg>[39m
            [36m</button>[39m
          [36m</div>[39m
          [36m<div[39m
            [33mclass[39m=[32m"flex w-fit items-center gap-3 rounded-md border p-2"[39m
          [36m>[39m
            [36m<img[39m
              [33malt[39m=[32m"Slack"[39m
              [33mclass[39m=[32m"size-4 rounded-sm"[39m
              [33msrc[39m=[32m"https://cdn.shadcnstudio.com/ss-assets/brand-logo/slack-icon.png"[39m
            [36m/>[39m
            [36m<p[39m
              [33mclass[39m=[32m"text-sm font-medium"[39m
            [36m>[39m
              [0mSlack[0m
            [36m</p>[39m
            [36m<button[39m
              [33maria-label[39m=[32m"Remove Slack"[39m
              [33mclass[39m=[32m"inline-flex shrink-0 items-center justify-center text-sm font-medium whitespace-nowrap outline-none focus-visible:border-ring focus-visible:ring-[3px] focus-visible:ring-ring/50 disabled:pointer-events-none disabled:opacity-50 aria-invalid:border-destructive aria-invalid:ring-destructive/20 dark:aria-invalid:ring-destructive/40 [&_svg]:pointer-events-none [&_svg]:shrink-0 [&_svg:not([class*='size-'])]:size-4 h-8 gap-1.5 px-3 has-[>svg]:px-2.5 hover:bg-accent hover:text-accent-foreground dark:hover:bg-accent/50 rounded-md bg-primary/10 text-primary transition-colors focus:ring-2 focus:ring-offset-2 focus:outline-none"[39m
              [33mdata-size[39m=[32m"sm"[39m
              [33mdata-slot[39m=[32m"button"[39m
              [33mdata-variant[39m=[32m"ghost"[39m
            [36m>[39m
              [36m<svg[39m
                [33maria-hidden[39m=[32m"true"[39m
                [33mclass[39m=[32m"lucide lucide-x size-3"[39m
                [33mfill[39m=[32m"none"[39m
                [33mheight[39m=[32m"24"[39m
                [33mstroke[39m=[32m"currentColor"[39m
                [33mstroke-linecap[39m=[32m"round"[39m
                [33mstroke-linejoin[39m=[32m"round"[39m
                [33mstroke-width[39m=[32m"2"[39m
                [33mviewBox[39m=[32m"0 0 24 24"[39m
                [33mwidth[39m=[32m"24"[39m
                [33mxmlns[39m=[32m"http://www.w3.org/2000/svg"[39m
              [36m>[39m
                [36m<path[39m
                  [33md[39m=[32m"M18 6 6 18"[39m
                [36m/>[39m
                [36m<path[39m
                  [33md[39m=[32m"m6 6 12 12"[39m
                [36m/>[39m
              [36m</svg>[39m
            [36m</button>[39m
          [36m</div>[39m
          [36m<button[39m
            [33maria-controls[39m=[32m"radix-_r_1m_"[39m
            [33maria-expanded[39m=[32m"true"[39m
            [33maria-haspopup[39m=[32m"dialog"[39m
            [33mclass[39m=[32m"inline-flex shrink-0 items-center justify-center gap-2 rounded-md text-sm font-medium whitespace-nowrap transition-all outline-none focus-visible:border-ring focus-visible:ring-[3px] focus-visible:ring-ring/50 disabled:pointer-events-none disabled:opacity-50 aria-invalid:border-destructive aria-invalid:ring-destructive/20 dark:aria-invalid:ring-destructive/40 [&_svg]:poi...

Ignored nodes: comments, script, style
[36m<html>[39m
  [36m<head />[39m
  [36m<body[39m
    [33mdata-scroll-locked[39m=[32m"1"[39m
    [33mstyle[39m=[32m"pointer-events: none;"[39m
  [36m>[39m
    [36m<span[39m
      [33maria-hidden[39m=[32m"true"[39m
      [33mdata-aria-hidden[39m=[32m"true"[39m
      [33mdata-radix-focus-guard[39m=[32m""[39m
      [33mstyle[39m=[32m"opacity: 0; position: fixed; pointer-events: none; outline-color: none; outline-style: none; outline-width: initial;"[39m
      [33mtabindex[39m=[32m"0"[39m
    [36m/>[39m
    [36m<div[39m
      [33maria-hidden[39m=[32m"true"[39m
      [33mdata-aria-hidden[39m=[32m"true"[39m
    [36m>[39m
      [36m<div[39m
        [33mclass[39m=[32m"grid grid-cols-1 gap-10 lg:grid-cols-3"[39m
      [36m>[39m
        [36m<div[39m
          [33mclass[39m=[32m"flex flex-col"[39m
        [36m>[39m
          [36m<h3[39m
            [33mclass[39m=[32m"font-semibold text-foreground"[39m
          [36m>[39m
            [0mConnect Accounts[0m
          [36m</h3>[39m
          [36m<p[39m
            [33mclass[39m=[32m"text-sm text-muted-foreground"[39m
          [36m>[39m
            [0mManage your connected accounts.[0m
          [36m</p>[39m
        [36m</div>[39m
        [36m<div[39m
          [33mclass[39m=[32m"space-y-4 lg:col-span-2"[39m
        [36m>[39m
          [36m<div[39m
            [33mclass[39m=[32m"flex flex-wrap items-center gap-4"[39m
          [36m>[39m
            [36m<div[39m
              [33mclass[39m=[32m"flex w-fit items-center gap-3 rounded-md border p-2"[39m
            [36m>[39m
              [36m<img[39m
                [33malt[39m=[32m"Google"[39m
                [33mclass[39m=[32m"size-4 rounded-sm"[39m
                [33msrc[39m=[32m"https://cdn.shadcnstudio.com/ss-assets/brand-logo/google-icon.png"[39m
              [36m/>[39m
              [36m<p[39m
                [33mclass[39m=[32m"text-sm font-medium"[39m
              [36m>[39m
                [0mGoogle[0m
              [36m</p>[39m
              [36m<button[39m
                [33maria-label[39m=[32m"Remove Google"[39m
                [33mclass[39m=[32m"inline-flex shrink-0 items-center justify-center text-sm font-medium whitespace-nowrap outline-none focus-visible:border-ring focus-visible:ring-[3px] focus-visible:ring-ring/50 disabled:pointer-events-none disabled:opacity-50 aria-invalid:border-destructive aria-invalid:ring-destructive/20 dark:aria-invalid:ring-destructive/40 [&_svg]:pointer-events-none [&_svg]:shrink-0 [&_svg:not([class*='size-'])]:size-4 h-8 gap-1.5 px-3 has-[>svg]:px-2.5 hover:bg-accent hover:text-accent-foreground dark:hover:bg-accent/50 rounded-md bg-primary/10 text-primary transition-colors focus:ring-2 focus:ring-offset-2 focus:outline-none"[39m
                [33mdata-size[39m=[32m"sm"[39m
                [33mdata-slot[39m=[32m"button"[39m
                [33mdata-variant[39m=[32m"ghost"[39m
              [36m>[39m
                [36m<svg[39m
                  [33maria-hidden[39m=[32m"true"[39m
                  [33mclass[39m=[32m"lucide lucide-x size-3"[39m
                  [33mfill[39m=[32m"none"[39m
                  [33mheight[39m=[32m"24"[39m
                  [33mstroke[39m=[32m"currentColor"[39m
                  [33mstroke-linecap[39m=[32m"round"[39m
                  [33mstroke-linejoin[39m=[32m"round"[39m
                  [33mstroke-width[39m=[32m"2"[39m
                  [33mviewBox[39m=[32m"0 0 24 24"[39m
                  [33mwidth[39m=[32m"24"[39m
                  [33mxmlns[39m=[32m"http://www.w3.org/2000/svg"[39m
                [36m>[39m
                  [36m<path[39m
                    [33md[39m=[32m"M18 6 6 18"[39m
                  [36m/>[39m
                  [36m<path[39m
                    [33md[39m=[32m"m6 6 12 12"[39m
                  [36m/>[39m
                [36m</svg>[39m
              [36m</button>[39m
            [36m</div>[39m
            [36m<div[39m
              [33mclass[39m=[32m"flex w-fit items-center gap-3 rounded-md border p-2"[39m
            [36m>[39m
              [36m<img[39m
                [33malt[39m=[32m"Slack"[39m
                [33mclass[39m=[32m"size-4 rounded-sm"[39m
                [33msrc[39m=[32m"https://cdn.shadcnstudio.com/ss-assets/brand-logo/slack-icon.png"[39m
              [36m/>[39m
              [36m<p[39m
                [33mclass[39m=[32m"text-sm font-medium"[39m
              [36m>[39m
                [0mSlack[0m
              [36m</p>[39m
              [36m<button[39m
                [33maria-label[39m=[32m"Remove Slack"[39m
                [33mclass[39m=[32m"inline-flex shrink-0 items-center justify-center text-sm font-medium whitespace-nowrap outline-none focus-visible:border-ring focus-visible:ring-[3px] focus-visible:ring-ring/50 disabled:pointer-events-none disabled:opacity-50 aria-invalid:border-destructive aria-invalid:ring-destructive/20 dark:aria-invalid:ring-destructive/40 [&_svg]:pointer-events-none [&_svg]:shrink-0 [&_svg:not([class*='size-'])]:size-4 h-8 gap-1.5 px-3 has-[>svg]:px-2.5 hover:bg-accent hover:text-accent-foreground dark:hover:bg-accent/50 rounded-md bg-primary/10 text-primary transition-colors focus:ring-2 focus:ring-offset-2 focus:outline-none"[39m
                [33mdata-size[39m=[32m"sm"[39m
                [33mdata-slot[39m=[32m"button"[39m
                [33mdata-variant[39m=[32m"ghost"[39m
              [36m>[39m
                [36m<svg[39m
                  [33maria-hidden[39m=[32m"true"[39m
                  [33mclass[39m=[32m"lucide lucide-x size-3"[39m
                  [33mfill[39m=[32m"none"[39m
                  [33mheight[39m=[32m"24"[39m
                  [33mstroke[39m=[32m"currentColor"[39m
                  [33mstroke-linecap[39m=[32m"round"[39m
                  [33mstroke-linejoin[39m=[32m"round"[39m
                  [33mstroke-width[39m=[32m"2"[39m
                  [33mviewBox[39m=[32m"0 0 24 24"[39m
                  [33mwidth[39m=[32m"24"[39m
                  [33mxmlns[39m=[32m"http://www.w3.org/2000/svg"[39m
                [36m>[39m
                  [36m<path[39m
                    [33md[39m=[32m"M18 6 6 18"[39m
                  [36m/>[39m
                  [36m<path[39m
                    [33md[39m=[32m"m6 6 12 12"[39m
                  [36m/>[39m
                [36m</svg>[39m
              [36m</button>[39m
            [36m</div>[39m
            [36m<button[39m
              [33maria-controls[39m=[32m"radix-_r_1m_"[39m
              [33maria-expanded[39m=[32m"true"[39m
              [33maria-haspopup[39m=[32m"dialog"[39m
              [33mclass[39m=[32m"inline-flex shrink-0 items-center justify-center gap-2 rounded-md text-sm font-me...
 ❯ waitForWrapper node_modules/@testing-library/dom/dist/wait-for.js:163:27
 ❯ tests/unit/components/settings-content.test.tsx:339:11
    337|     fireEvent.click(addAppButton);
    338|
    339|     await waitFor(async () => {
       |           ^
    340|       const nameInput = screen.getByLabelText("App Name");
    341|       const urlInput = screen.getByLabelText("App URL or Integration K…

⎯⎯⎯⎯⎯⎯⎯⎯⎯⎯⎯⎯⎯⎯⎯⎯⎯⎯⎯⎯⎯⎯[12/24]⎯

 FAIL  tests/unit/components/settings-content.test.tsx > ConnectedAccount Component > resets form fields after connection
TestingLibraryElementError: Found a label with the text of: App Name, however no form control was found associated to that label. Make sure you're using the "for" attribute or "aria-labelledby" attribute correctly.

Ignored nodes: comments, script, style
[36m<body[39m
  [33mdata-scroll-locked[39m=[32m"1"[39m
  [33mstyle[39m=[32m"pointer-events: none;"[39m
[36m>[39m
  [36m<span[39m
    [33maria-hidden[39m=[32m"true"[39m
    [33mdata-aria-hidden[39m=[32m"true"[39m
    [33mdata-radix-focus-guard[39m=[32m""[39m
    [33mstyle[39m=[32m"opacity: 0; position: fixed; pointer-events: none; outline-color: none; outline-style: none; outline-width: initial;"[39m
    [33mtabindex[39m=[32m"0"[39m
  [36m/>[39m
  [36m<div[39m
    [33maria-hidden[39m=[32m"true"[39m
    [33mdata-aria-hidden[39m=[32m"true"[39m
  [36m>[39m
    [36m<div[39m
      [33mclass[39m=[32m"grid grid-cols-1 gap-10 lg:grid-cols-3"[39m
    [36m>[39m
      [36m<div[39m
        [33mclass[39m=[32m"flex flex-col"[39m
      [36m>[39m
        [36m<h3[39m
          [33mclass[39m=[32m"font-semibold text-foreground"[39m
        [36m>[39m
          [0mConnect Accounts[0m
        [36m</h3>[39m
        [36m<p[39m
          [33mclass[39m=[32m"text-sm text-muted-foreground"[39m
        [36m>[39m
          [0mManage your connected accounts.[0m
        [36m</p>[39m
      [36m</div>[39m
      [36m<div[39m
        [33mclass[39m=[32m"space-y-4 lg:col-span-2"[39m
      [36m>[39m
        [36m<div[39m
          [33mclass[39m=[32m"flex flex-wrap items-center gap-4"[39m
        [36m>[39m
          [36m<div[39m
            [33mclass[39m=[32m"flex w-fit items-center gap-3 rounded-md border p-2"[39m
          [36m>[39m
            [36m<img[39m
              [33malt[39m=[32m"Google"[39m
              [33mclass[39m=[32m"size-4 rounded-sm"[39m
              [33msrc[39m=[32m"https://cdn.shadcnstudio.com/ss-assets/brand-logo/google-icon.png"[39m
            [36m/>[39m
            [36m<p[39m
              [33mclass[39m=[32m"text-sm font-medium"[39m
            [36m>[39m
              [0mGoogle[0m
            [36m</p>[39m
            [36m<button[39m
              [33maria-label[39m=[32m"Remove Google"[39m
              [33mclass[39m=[32m"inline-flex shrink-0 items-center justify-center text-sm font-medium whitespace-nowrap outline-none focus-visible:border-ring focus-visible:ring-[3px] focus-visible:ring-ring/50 disabled:pointer-events-none disabled:opacity-50 aria-invalid:border-destructive aria-invalid:ring-destructive/20 dark:aria-invalid:ring-destructive/40 [&_svg]:pointer-events-none [&_svg]:shrink-0 [&_svg:not([class*='size-'])]:size-4 h-8 gap-1.5 px-3 has-[>svg]:px-2.5 hover:bg-accent hover:text-accent-foreground dark:hover:bg-accent/50 rounded-md bg-primary/10 text-primary transition-colors focus:ring-2 focus:ring-offset-2 focus:outline-none"[39m
              [33mdata-size[39m=[32m"sm"[39m
              [33mdata-slot[39m=[32m"button"[39m
              [33mdata-variant[39m=[32m"ghost"[39m
            [36m>[39m
              [36m<svg[39m
                [33maria-hidden[39m=[32m"true"[39m
                [33mclass[39m=[32m"lucide lucide-x size-3"[39m
                [33mfill[39m=[32m"none"[39m
                [33mheight[39m=[32m"24"[39m
                [33mstroke[39m=[32m"currentColor"[39m
                [33mstroke-linecap[39m=[32m"round"[39m
                [33mstroke-linejoin[39m=[32m"round"[39m
                [33mstroke-width[39m=[32m"2"[39m
                [33mviewBox[39m=[32m"0 0 24 24"[39m
                [33mwidth[39m=[32m"24"[39m
                [33mxmlns[39m=[32m"http://www.w3.org/2000/svg"[39m
              [36m>[39m
                [36m<path[39m
                  [33md[39m=[32m"M18 6 6 18"[39m
                [36m/>[39m
                [36m<path[39m
                  [33md[39m=[32m"m6 6 12 12"[39m
                [36m/>[39m
              [36m</svg>[39m
            [36m</button>[39m
          [36m</div>[39m
          [36m<div[39m
            [33mclass[39m=[32m"flex w-fit items-center gap-3 rounded-md border p-2"[39m
          [36m>[39m
            [36m<img[39m
              [33malt[39m=[32m"Slack"[39m
              [33mclass[39m=[32m"size-4 rounded-sm"[39m
              [33msrc[39m=[32m"https://cdn.shadcnstudio.com/ss-assets/brand-logo/slack-icon.png"[39m
            [36m/>[39m
            [36m<p[39m
              [33mclass[39m=[32m"text-sm font-medium"[39m
            [36m>[39m
              [0mSlack[0m
            [36m</p>[39m
            [36m<button[39m
              [33maria-label[39m=[32m"Remove Slack"[39m
              [33mclass[39m=[32m"inline-flex shrink-0 items-center justify-center text-sm font-medium whitespace-nowrap outline-none focus-visible:border-ring focus-visible:ring-[3px] focus-visible:ring-ring/50 disabled:pointer-events-none disabled:opacity-50 aria-invalid:border-destructive aria-invalid:ring-destructive/20 dark:aria-invalid:ring-destructive/40 [&_svg]:pointer-events-none [&_svg]:shrink-0 [&_svg:not([class*='size-'])]:size-4 h-8 gap-1.5 px-3 has-[>svg]:px-2.5 hover:bg-accent hover:text-accent-foreground dark:hover:bg-accent/50 rounded-md bg-primary/10 text-primary transition-colors focus:ring-2 focus:ring-offset-2 focus:outline-none"[39m
              [33mdata-size[39m=[32m"sm"[39m
              [33mdata-slot[39m=[32m"button"[39m
              [33mdata-variant[39m=[32m"ghost"[39m
            [36m>[39m
              [36m<svg[39m
                [33maria-hidden[39m=[32m"true"[39m
                [33mclass[39m=[32m"lucide lucide-x size-3"[39m
                [33mfill[39m=[32m"none"[39m
                [33mheight[39m=[32m"24"[39m
                [33mstroke[39m=[32m"currentColor"[39m
                [33mstroke-linecap[39m=[32m"round"[39m
                [33mstroke-linejoin[39m=[32m"round"[39m
                [33mstroke-width[39m=[32m"2"[39m
                [33mviewBox[39m=[32m"0 0 24 24"[39m
                [33mwidth[39m=[32m"24"[39m
                [33mxmlns[39m=[32m"http://www.w3.org/2000/svg"[39m
              [36m>[39m
                [36m<path[39m
                  [33md[39m=[32m"M18 6 6 18"[39m
                [36m/>[39m
                [36m<path[39m
                  [33md[39m=[32m"m6 6 12 12"[39m
                [36m/>[39m
              [36m</svg>[39m
            [36m</button>[39m
          [36m</div>[39m
          [36m<button[39m
            [33maria-controls[39m=[32m"radix-_r_1p_"[39m
            [33maria-expanded[39m=[32m"true"[39m
            [33maria-haspopup[39m=[32m"dialog"[39m
            [33mclass[39m=[32m"inline-flex shrink-0 items-center justify-center gap-2 rounded-md text-sm font-medium whitespace-nowrap transition-all outline-none focus-visible:border-ring focus-visible:ring-[3px] focus-visible:ring-ring/50 disabled:pointer-events-none disabled:opacity-50 aria-invalid:border-destructive aria-invalid:ring-destructive/20 dark:aria-invalid:ring-destructive/40 [&_svg]:poi...

Ignored nodes: comments, script, style
[36m<html>[39m
  [36m<head />[39m
  [36m<body[39m
    [33mdata-scroll-locked[39m=[32m"1"[39m
    [33mstyle[39m=[32m"pointer-events: none;"[39m
  [36m>[39m
    [36m<span[39m
      [33maria-hidden[39m=[32m"true"[39m
      [33mdata-aria-hidden[39m=[32m"true"[39m
      [33mdata-radix-focus-guard[39m=[32m""[39m
      [33mstyle[39m=[32m"opacity: 0; position: fixed; pointer-events: none; outline-color: none; outline-style: none; outline-width: initial;"[39m
      [33mtabindex[39m=[32m"0"[39m
    [36m/>[39m
    [36m<div[39m
      [33maria-hidden[39m=[32m"true"[39m
      [33mdata-aria-hidden[39m=[32m"true"[39m
    [36m>[39m
      [36m<div[39m
        [33mclass[39m=[32m"grid grid-cols-1 gap-10 lg:grid-cols-3"[39m
      [36m>[39m
        [36m<div[39m
          [33mclass[39m=[32m"flex flex-col"[39m
        [36m>[39m
          [36m<h3[39m
            [33mclass[39m=[32m"font-semibold text-foreground"[39m
          [36m>[39m
            [0mConnect Accounts[0m
          [36m</h3>[39m
          [36m<p[39m
            [33mclass[39m=[32m"text-sm text-muted-foreground"[39m
          [36m>[39m
            [0mManage your connected accounts.[0m
          [36m</p>[39m
        [36m</div>[39m
        [36m<div[39m
          [33mclass[39m=[32m"space-y-4 lg:col-span-2"[39m
        [36m>[39m
          [36m<div[39m
            [33mclass[39m=[32m"flex flex-wrap items-center gap-4"[39m
          [36m>[39m
            [36m<div[39m
              [33mclass[39m=[32m"flex w-fit items-center gap-3 rounded-md border p-2"[39m
            [36m>[39m
              [36m<img[39m
                [33malt[39m=[32m"Google"[39m
                [33mclass[39m=[32m"size-4 rounded-sm"[39m
                [33msrc[39m=[32m"https://cdn.shadcnstudio.com/ss-assets/brand-logo/google-icon.png"[39m
              [36m/>[39m
              [36m<p[39m
                [33mclass[39m=[32m"text-sm font-medium"[39m
              [36m>[39m
                [0mGoogle[0m
              [36m</p>[39m
              [36m<button[39m
                [33maria-label[39m=[32m"Remove Google"[39m
                [33mclass[39m=[32m"inline-flex shrink-0 items-center justify-center text-sm font-medium whitespace-nowrap outline-none focus-visible:border-ring focus-visible:ring-[3px] focus-visible:ring-ring/50 disabled:pointer-events-none disabled:opacity-50 aria-invalid:border-destructive aria-invalid:ring-destructive/20 dark:aria-invalid:ring-destructive/40 [&_svg]:pointer-events-none [&_svg]:shrink-0 [&_svg:not([class*='size-'])]:size-4 h-8 gap-1.5 px-3 has-[>svg]:px-2.5 hover:bg-accent hover:text-accent-foreground dark:hover:bg-accent/50 rounded-md bg-primary/10 text-primary transition-colors focus:ring-2 focus:ring-offset-2 focus:outline-none"[39m
                [33mdata-size[39m=[32m"sm"[39m
                [33mdata-slot[39m=[32m"button"[39m
                [33mdata-variant[39m=[32m"ghost"[39m
              [36m>[39m
                [36m<svg[39m
                  [33maria-hidden[39m=[32m"true"[39m
                  [33mclass[39m=[32m"lucide lucide-x size-3"[39m
                  [33mfill[39m=[32m"none"[39m
                  [33mheight[39m=[32m"24"[39m
                  [33mstroke[39m=[32m"currentColor"[39m
                  [33mstroke-linecap[39m=[32m"round"[39m
                  [33mstroke-linejoin[39m=[32m"round"[39m
                  [33mstroke-width[39m=[32m"2"[39m
                  [33mviewBox[39m=[32m"0 0 24 24"[39m
                  [33mwidth[39m=[32m"24"[39m
                  [33mxmlns[39m=[32m"http://www.w3.org/2000/svg"[39m
                [36m>[39m
                  [36m<path[39m
                    [33md[39m=[32m"M18 6 6 18"[39m
                  [36m/>[39m
                  [36m<path[39m
                    [33md[39m=[32m"m6 6 12 12"[39m
                  [36m/>[39m
                [36m</svg>[39m
              [36m</button>[39m
            [36m</div>[39m
            [36m<div[39m
              [33mclass[39m=[32m"flex w-fit items-center gap-3 rounded-md border p-2"[39m
            [36m>[39m
              [36m<img[39m
                [33malt[39m=[32m"Slack"[39m
                [33mclass[39m=[32m"size-4 rounded-sm"[39m
                [33msrc[39m=[32m"https://cdn.shadcnstudio.com/ss-assets/brand-logo/slack-icon.png"[39m
              [36m/>[39m
              [36m<p[39m
                [33mclass[39m=[32m"text-sm font-medium"[39m
              [36m>[39m
                [0mSlack[0m
              [36m</p>[39m
              [36m<button[39m
                [33maria-label[39m=[32m"Remove Slack"[39m
                [33mclass[39m=[32m"inline-flex shrink-0 items-center justify-center text-sm font-medium whitespace-nowrap outline-none focus-visible:border-ring focus-visible:ring-[3px] focus-visible:ring-ring/50 disabled:pointer-events-none disabled:opacity-50 aria-invalid:border-destructive aria-invalid:ring-destructive/20 dark:aria-invalid:ring-destructive/40 [&_svg]:pointer-events-none [&_svg]:shrink-0 [&_svg:not([class*='size-'])]:size-4 h-8 gap-1.5 px-3 has-[>svg]:px-2.5 hover:bg-accent hover:text-accent-foreground dark:hover:bg-accent/50 rounded-md bg-primary/10 text-primary transition-colors focus:ring-2 focus:ring-offset-2 focus:outline-none"[39m
                [33mdata-size[39m=[32m"sm"[39m
                [33mdata-slot[39m=[32m"button"[39m
                [33mdata-variant[39m=[32m"ghost"[39m
              [36m>[39m
                [36m<svg[39m
                  [33maria-hidden[39m=[32m"true"[39m
                  [33mclass[39m=[32m"lucide lucide-x size-3"[39m
                  [33mfill[39m=[32m"none"[39m
                  [33mheight[39m=[32m"24"[39m
                  [33mstroke[39m=[32m"currentColor"[39m
                  [33mstroke-linecap[39m=[32m"round"[39m
                  [33mstroke-linejoin[39m=[32m"round"[39m
                  [33mstroke-width[39m=[32m"2"[39m
                  [33mviewBox[39m=[32m"0 0 24 24"[39m
                  [33mwidth[39m=[32m"24"[39m
                  [33mxmlns[39m=[32m"http://www.w3.org/2000/svg"[39m
                [36m>[39m
                  [36m<path[39m
                    [33md[39m=[32m"M18 6 6 18"[39m
                  [36m/>[39m
                  [36m<path[39m
                    [33md[39m=[32m"m6 6 12 12"[39m
                  [36m/>[39m
                [36m</svg>[39m
              [36m</button>[39m
            [36m</div>[39m
            [36m<button[39m
              [33maria-controls[39m=[32m"radix-_r_1p_"[39m
              [33maria-expanded[39m=[32m"true"[39m
              [33maria-haspopup[39m=[32m"dialog"[39m
              [33mclass[39m=[32m"inline-flex shrink-0 items-center justify-center gap-2 rounded-md text-sm font-me...
 ❯ waitForWrapper node_modules/@testing-library/dom/dist/wait-for.js:163:27
 ❯ tests/unit/components/settings-content.test.tsx:366:11
    364|     // First connection
    365|     fireEvent.click(addAppButton);
    366|     await waitFor(async () => {
       |           ^
    367|       const nameInput = screen.getByLabelText("App Name");
    368|       const urlInput = screen.getByLabelText("App URL or Integration K…

⎯⎯⎯⎯⎯⎯⎯⎯⎯⎯⎯⎯⎯⎯⎯⎯⎯⎯⎯⎯⎯⎯[13/24]⎯

 FAIL  tests/unit/components/settings-content.test.tsx > ConnectedAccount Component > handles adding and removing multiple accounts
TestingLibraryElementError: Found a label with the text of: App Name, however no form control was found associated to that label. Make sure you're using the "for" attribute or "aria-labelledby" attribute correctly.

Ignored nodes: comments, script, style
[36m<body[39m
  [33mdata-scroll-locked[39m=[32m"1"[39m
  [33mstyle[39m=[32m"pointer-events: none;"[39m
[36m>[39m
  [36m<span[39m
    [33maria-hidden[39m=[32m"true"[39m
    [33mdata-aria-hidden[39m=[32m"true"[39m
    [33mdata-radix-focus-guard[39m=[32m""[39m
    [33mstyle[39m=[32m"opacity: 0; position: fixed; pointer-events: none; outline-color: none; outline-style: none; outline-width: initial;"[39m
    [33mtabindex[39m=[32m"0"[39m
  [36m/>[39m
  [36m<div[39m
    [33maria-hidden[39m=[32m"true"[39m
    [33mdata-aria-hidden[39m=[32m"true"[39m
  [36m>[39m
    [36m<div[39m
      [33mclass[39m=[32m"grid grid-cols-1 gap-10 lg:grid-cols-3"[39m
    [36m>[39m
      [36m<div[39m
        [33mclass[39m=[32m"flex flex-col"[39m
      [36m>[39m
        [36m<h3[39m
          [33mclass[39m=[32m"font-semibold text-foreground"[39m
        [36m>[39m
          [0mConnect Accounts[0m
        [36m</h3>[39m
        [36m<p[39m
          [33mclass[39m=[32m"text-sm text-muted-foreground"[39m
        [36m>[39m
          [0mManage your connected accounts.[0m
        [36m</p>[39m
      [36m</div>[39m
      [36m<div[39m
        [33mclass[39m=[32m"space-y-4 lg:col-span-2"[39m
      [36m>[39m
        [36m<div[39m
          [33mclass[39m=[32m"flex flex-wrap items-center gap-4"[39m
        [36m>[39m
          [36m<div[39m
            [33mclass[39m=[32m"flex w-fit items-center gap-3 rounded-md border p-2"[39m
          [36m>[39m
            [36m<img[39m
              [33malt[39m=[32m"Google"[39m
              [33mclass[39m=[32m"size-4 rounded-sm"[39m
              [33msrc[39m=[32m"https://cdn.shadcnstudio.com/ss-assets/brand-logo/google-icon.png"[39m
            [36m/>[39m
            [36m<p[39m
              [33mclass[39m=[32m"text-sm font-medium"[39m
            [36m>[39m
              [0mGoogle[0m
            [36m</p>[39m
            [36m<button[39m
              [33maria-label[39m=[32m"Remove Google"[39m
              [33mclass[39m=[32m"inline-flex shrink-0 items-center justify-center text-sm font-medium whitespace-nowrap outline-none focus-visible:border-ring focus-visible:ring-[3px] focus-visible:ring-ring/50 disabled:pointer-events-none disabled:opacity-50 aria-invalid:border-destructive aria-invalid:ring-destructive/20 dark:aria-invalid:ring-destructive/40 [&_svg]:pointer-events-none [&_svg]:shrink-0 [&_svg:not([class*='size-'])]:size-4 h-8 gap-1.5 px-3 has-[>svg]:px-2.5 hover:bg-accent hover:text-accent-foreground dark:hover:bg-accent/50 rounded-md bg-primary/10 text-primary transition-colors focus:ring-2 focus:ring-offset-2 focus:outline-none"[39m
              [33mdata-size[39m=[32m"sm"[39m
              [33mdata-slot[39m=[32m"button"[39m
              [33mdata-variant[39m=[32m"ghost"[39m
            [36m>[39m
              [36m<svg[39m
                [33maria-hidden[39m=[32m"true"[39m
                [33mclass[39m=[32m"lucide lucide-x size-3"[39m
                [33mfill[39m=[32m"none"[39m
                [33mheight[39m=[32m"24"[39m
                [33mstroke[39m=[32m"currentColor"[39m
                [33mstroke-linecap[39m=[32m"round"[39m
                [33mstroke-linejoin[39m=[32m"round"[39m
                [33mstroke-width[39m=[32m"2"[39m
                [33mviewBox[39m=[32m"0 0 24 24"[39m
                [33mwidth[39m=[32m"24"[39m
                [33mxmlns[39m=[32m"http://www.w3.org/2000/svg"[39m
              [36m>[39m
                [36m<path[39m
                  [33md[39m=[32m"M18 6 6 18"[39m
                [36m/>[39m
                [36m<path[39m
                  [33md[39m=[32m"m6 6 12 12"[39m
                [36m/>[39m
              [36m</svg>[39m
            [36m</button>[39m
          [36m</div>[39m
          [36m<div[39m
            [33mclass[39m=[32m"flex w-fit items-center gap-3 rounded-md border p-2"[39m
          [36m>[39m
            [36m<img[39m
              [33malt[39m=[32m"Slack"[39m
              [33mclass[39m=[32m"size-4 rounded-sm"[39m
              [33msrc[39m=[32m"https://cdn.shadcnstudio.com/ss-assets/brand-logo/slack-icon.png"[39m
            [36m/>[39m
            [36m<p[39m
              [33mclass[39m=[32m"text-sm font-medium"[39m
            [36m>[39m
              [0mSlack[0m
            [36m</p>[39m
            [36m<button[39m
              [33maria-label[39m=[32m"Remove Slack"[39m
              [33mclass[39m=[32m"inline-flex shrink-0 items-center justify-center text-sm font-medium whitespace-nowrap outline-none focus-visible:border-ring focus-visible:ring-[3px] focus-visible:ring-ring/50 disabled:pointer-events-none disabled:opacity-50 aria-invalid:border-destructive aria-invalid:ring-destructive/20 dark:aria-invalid:ring-destructive/40 [&_svg]:pointer-events-none [&_svg]:shrink-0 [&_svg:not([class*='size-'])]:size-4 h-8 gap-1.5 px-3 has-[>svg]:px-2.5 hover:bg-accent hover:text-accent-foreground dark:hover:bg-accent/50 rounded-md bg-primary/10 text-primary transition-colors focus:ring-2 focus:ring-offset-2 focus:outline-none"[39m
              [33mdata-size[39m=[32m"sm"[39m
              [33mdata-slot[39m=[32m"button"[39m
              [33mdata-variant[39m=[32m"ghost"[39m
            [36m>[39m
              [36m<svg[39m
                [33maria-hidden[39m=[32m"true"[39m
                [33mclass[39m=[32m"lucide lucide-x size-3"[39m
                [33mfill[39m=[32m"none"[39m
                [33mheight[39m=[32m"24"[39m
                [33mstroke[39m=[32m"currentColor"[39m
                [33mstroke-linecap[39m=[32m"round"[39m
                [33mstroke-linejoin[39m=[32m"round"[39m
                [33mstroke-width[39m=[32m"2"[39m
                [33mviewBox[39m=[32m"0 0 24 24"[39m
                [33mwidth[39m=[32m"24"[39m
                [33mxmlns[39m=[32m"http://www.w3.org/2000/svg"[39m
              [36m>[39m
                [36m<path[39m
                  [33md[39m=[32m"M18 6 6 18"[39m
                [36m/>[39m
                [36m<path[39m
                  [33md[39m=[32m"m6 6 12 12"[39m
                [36m/>[39m
              [36m</svg>[39m
            [36m</button>[39m
          [36m</div>[39m
          [36m<button[39m
            [33maria-controls[39m=[32m"radix-_r_22_"[39m
            [33maria-expanded[39m=[32m"true"[39m
            [33maria-haspopup[39m=[32m"dialog"[39m
            [33mclass[39m=[32m"inline-flex shrink-0 items-center justify-center gap-2 rounded-md text-sm font-medium whitespace-nowrap transition-all outline-none focus-visible:border-ring focus-visible:ring-[3px] focus-visible:ring-ring/50 disabled:pointer-events-none disabled:opacity-50 aria-invalid:border-destructive aria-invalid:ring-destructive/20 dark:aria-invalid:ring-destructive/40 [&_svg]:poi...

Ignored nodes: comments, script, style
[36m<html>[39m
  [36m<head />[39m
  [36m<body[39m
    [33mdata-scroll-locked[39m=[32m"1"[39m
    [33mstyle[39m=[32m"pointer-events: none;"[39m
  [36m>[39m
    [36m<span[39m
      [33maria-hidden[39m=[32m"true"[39m
      [33mdata-aria-hidden[39m=[32m"true"[39m
      [33mdata-radix-focus-guard[39m=[32m""[39m
      [33mstyle[39m=[32m"opacity: 0; position: fixed; pointer-events: none; outline-color: none; outline-style: none; outline-width: initial;"[39m
      [33mtabindex[39m=[32m"0"[39m
    [36m/>[39m
    [36m<div[39m
      [33maria-hidden[39m=[32m"true"[39m
      [33mdata-aria-hidden[39m=[32m"true"[39m
    [36m>[39m
      [36m<div[39m
        [33mclass[39m=[32m"grid grid-cols-1 gap-10 lg:grid-cols-3"[39m
      [36m>[39m
        [36m<div[39m
          [33mclass[39m=[32m"flex flex-col"[39m
        [36m>[39m
          [36m<h3[39m
            [33mclass[39m=[32m"font-semibold text-foreground"[39m
          [36m>[39m
            [0mConnect Accounts[0m
          [36m</h3>[39m
          [36m<p[39m
            [33mclass[39m=[32m"text-sm text-muted-foreground"[39m
          [36m>[39m
            [0mManage your connected accounts.[0m
          [36m</p>[39m
        [36m</div>[39m
        [36m<div[39m
          [33mclass[39m=[32m"space-y-4 lg:col-span-2"[39m
        [36m>[39m
          [36m<div[39m
            [33mclass[39m=[32m"flex flex-wrap items-center gap-4"[39m
          [36m>[39m
            [36m<div[39m
              [33mclass[39m=[32m"flex w-fit items-center gap-3 rounded-md border p-2"[39m
            [36m>[39m
              [36m<img[39m
                [33malt[39m=[32m"Google"[39m
                [33mclass[39m=[32m"size-4 rounded-sm"[39m
                [33msrc[39m=[32m"https://cdn.shadcnstudio.com/ss-assets/brand-logo/google-icon.png"[39m
              [36m/>[39m
              [36m<p[39m
                [33mclass[39m=[32m"text-sm font-medium"[39m
              [36m>[39m
                [0mGoogle[0m
              [36m</p>[39m
              [36m<button[39m
                [33maria-label[39m=[32m"Remove Google"[39m
                [33mclass[39m=[32m"inline-flex shrink-0 items-center justify-center text-sm font-medium whitespace-nowrap outline-none focus-visible:border-ring focus-visible:ring-[3px] focus-visible:ring-ring/50 disabled:pointer-events-none disabled:opacity-50 aria-invalid:border-destructive aria-invalid:ring-destructive/20 dark:aria-invalid:ring-destructive/40 [&_svg]:pointer-events-none [&_svg]:shrink-0 [&_svg:not([class*='size-'])]:size-4 h-8 gap-1.5 px-3 has-[>svg]:px-2.5 hover:bg-accent hover:text-accent-foreground dark:hover:bg-accent/50 rounded-md bg-primary/10 text-primary transition-colors focus:ring-2 focus:ring-offset-2 focus:outline-none"[39m
                [33mdata-size[39m=[32m"sm"[39m
                [33mdata-slot[39m=[32m"button"[39m
                [33mdata-variant[39m=[32m"ghost"[39m
              [36m>[39m
                [36m<svg[39m
                  [33maria-hidden[39m=[32m"true"[39m
                  [33mclass[39m=[32m"lucide lucide-x size-3"[39m
                  [33mfill[39m=[32m"none"[39m
                  [33mheight[39m=[32m"24"[39m
                  [33mstroke[39m=[32m"currentColor"[39m
                  [33mstroke-linecap[39m=[32m"round"[39m
                  [33mstroke-linejoin[39m=[32m"round"[39m
                  [33mstroke-width[39m=[32m"2"[39m
                  [33mviewBox[39m=[32m"0 0 24 24"[39m
                  [33mwidth[39m=[32m"24"[39m
                  [33mxmlns[39m=[32m"http://www.w3.org/2000/svg"[39m
                [36m>[39m
                  [36m<path[39m
                    [33md[39m=[32m"M18 6 6 18"[39m
                  [36m/>[39m
                  [36m<path[39m
                    [33md[39m=[32m"m6 6 12 12"[39m
                  [36m/>[39m
                [36m</svg>[39m
              [36m</button>[39m
            [36m</div>[39m
            [36m<div[39m
              [33mclass[39m=[32m"flex w-fit items-center gap-3 rounded-md border p-2"[39m
            [36m>[39m
              [36m<img[39m
                [33malt[39m=[32m"Slack"[39m
                [33mclass[39m=[32m"size-4 rounded-sm"[39m
                [33msrc[39m=[32m"https://cdn.shadcnstudio.com/ss-assets/brand-logo/slack-icon.png"[39m
              [36m/>[39m
              [36m<p[39m
                [33mclass[39m=[32m"text-sm font-medium"[39m
              [36m>[39m
                [0mSlack[0m
              [36m</p>[39m
              [36m<button[39m
                [33maria-label[39m=[32m"Remove Slack"[39m
                [33mclass[39m=[32m"inline-flex shrink-0 items-center justify-center text-sm font-medium whitespace-nowrap outline-none focus-visible:border-ring focus-visible:ring-[3px] focus-visible:ring-ring/50 disabled:pointer-events-none disabled:opacity-50 aria-invalid:border-destructive aria-invalid:ring-destructive/20 dark:aria-invalid:ring-destructive/40 [&_svg]:pointer-events-none [&_svg]:shrink-0 [&_svg:not([class*='size-'])]:size-4 h-8 gap-1.5 px-3 has-[>svg]:px-2.5 hover:bg-accent hover:text-accent-foreground dark:hover:bg-accent/50 rounded-md bg-primary/10 text-primary transition-colors focus:ring-2 focus:ring-offset-2 focus:outline-none"[39m
                [33mdata-size[39m=[32m"sm"[39m
                [33mdata-slot[39m=[32m"button"[39m
                [33mdata-variant[39m=[32m"ghost"[39m
              [36m>[39m
                [36m<svg[39m
                  [33maria-hidden[39m=[32m"true"[39m
                  [33mclass[39m=[32m"lucide lucide-x size-3"[39m
                  [33mfill[39m=[32m"none"[39m
                  [33mheight[39m=[32m"24"[39m
                  [33mstroke[39m=[32m"currentColor"[39m
                  [33mstroke-linecap[39m=[32m"round"[39m
                  [33mstroke-linejoin[39m=[32m"round"[39m
                  [33mstroke-width[39m=[32m"2"[39m
                  [33mviewBox[39m=[32m"0 0 24 24"[39m
                  [33mwidth[39m=[32m"24"[39m
                  [33mxmlns[39m=[32m"http://www.w3.org/2000/svg"[39m
                [36m>[39m
                  [36m<path[39m
                    [33md[39m=[32m"M18 6 6 18"[39m
                  [36m/>[39m
                  [36m<path[39m
                    [33md[39m=[32m"m6 6 12 12"[39m
                  [36m/>[39m
                [36m</svg>[39m
              [36m</button>[39m
            [36m</div>[39m
            [36m<button[39m
              [33maria-controls[39m=[32m"radix-_r_22_"[39m
              [33maria-expanded[39m=[32m"true"[39m
              [33maria-haspopup[39m=[32m"dialog"[39m
              [33mclass[39m=[32m"inline-flex shrink-0 items-center justify-center gap-2 rounded-md text-sm font-me...
 ❯ waitForWrapper node_modules/@testing-library/dom/dist/wait-for.js:163:27
 ❯ tests/unit/components/settings-content.test.tsx:416:11
    414|     fireEvent.click(addAppButton);
    415|
    416|     await waitFor(async () => {
       |           ^
    417|       const nameInput = screen.getByLabelText("App Name");
    418|       const urlInput = screen.getByLabelText("App URL or Integration K…

⎯⎯⎯⎯⎯⎯⎯⎯⎯⎯⎯⎯⎯⎯⎯⎯⎯⎯⎯⎯⎯⎯[14/24]⎯

 FAIL  tests/unit/dal/user.dal.test.ts > UserDal > createWithProfile > returns undefined on transaction failure
TypeError: Cannot read properties of undefined (reading 'id')
 ❯ dal/user.dal.ts:178:21
    176|         .returning();
    177|
    178|       userId = user.id;
       |                     ^
    179|
    180|       if (data.profile) {
 ❯ Object.<anonymous> tests/unit/dal/user.dal.test.ts:565:11

⎯⎯⎯⎯⎯⎯⎯⎯⎯⎯⎯⎯⎯⎯⎯⎯⎯⎯⎯⎯⎯⎯[15/24]⎯

 FAIL  tests/unit/dal/user.dal.test.ts > UserDal > updateProfile > updates existing profile
TypeError: (intermediate value) is not iterable
 ❯ UserDal.updateProfile dal/user.dal.ts:206:23
    204|     profileData: Partial<NewUserProfile>,
    205|   ): Promise<UserProfile[]> {
    206|     const [profile] = await db
       |                       ^
    207|       .select()
    208|       .from(user_profiles)
 ❯ tests/unit/dal/user.dal.test.ts:614:22

⎯⎯⎯⎯⎯⎯⎯⎯⎯⎯⎯⎯⎯⎯⎯⎯⎯⎯⎯⎯⎯⎯[16/24]⎯

 FAIL  tests/unit/dal/user.dal.test.ts > UserDal > updateProfile > creates new profile when none exists
TypeError: (intermediate value) is not iterable
 ❯ UserDal.updateProfile dal/user.dal.ts:206:23
    204|     profileData: Partial<NewUserProfile>,
    205|   ): Promise<UserProfile[]> {
    206|     const [profile] = await db
       |                       ^
    207|       .select()
    208|       .from(user_profiles)
 ❯ tests/unit/dal/user.dal.test.ts:640:22

⎯⎯⎯⎯⎯⎯⎯⎯⎯⎯⎯⎯⎯⎯⎯⎯⎯⎯⎯⎯⎯⎯[17/24]⎯

 FAIL  tests/unit/dal/user.dal.test.ts > UserDal > toggleAdmin > toggles isAdmin from false to true
TypeError: (intermediate value) is not iterable
 ❯ UserDal.toggleAdmin dal/user.dal.ts:234:20
    232|    */
    233|   async toggleAdmin(id: string): Promise<undefined | User[]> {
    234|     const [user] = await db.select().from(users).where(eq(users.id, id…
       |                    ^
    235|
    236|     if (!user) return undefined;
 ❯ tests/unit/dal/user.dal.test.ts:670:22

⎯⎯⎯⎯⎯⎯⎯⎯⎯⎯⎯⎯⎯⎯⎯⎯⎯⎯⎯⎯⎯⎯[18/24]⎯

 FAIL  tests/unit/dal/user.dal.test.ts > UserDal > toggleAdmin > toggles isAdmin from true to false
TypeError: (intermediate value) is not iterable
 ❯ UserDal.toggleAdmin dal/user.dal.ts:234:20
    232|    */
    233|   async toggleAdmin(id: string): Promise<undefined | User[]> {
    234|     const [user] = await db.select().from(users).where(eq(users.id, id…
       |                    ^
    235|
    236|     if (!user) return undefined;
 ❯ tests/unit/dal/user.dal.test.ts:695:22

⎯⎯⎯⎯⎯⎯⎯⎯⎯⎯⎯⎯⎯⎯⎯⎯⎯⎯⎯⎯⎯⎯[19/24]⎯

 FAIL  tests/unit/dal/user.dal.test.ts > UserDal > toggleAdmin > returns undefined when user not found
TypeError: (intermediate value) is not iterable
 ❯ UserDal.toggleAdmin dal/user.dal.ts:234:20
    232|    */
    233|   async toggleAdmin(id: string): Promise<undefined | User[]> {
    234|     const [user] = await db.select().from(users).where(eq(users.id, id…
       |                    ^
    235|
    236|     if (!user) return undefined;
 ❯ tests/unit/dal/user.dal.test.ts:706:22

⎯⎯⎯⎯⎯⎯⎯⎯⎯⎯⎯⎯⎯⎯⎯⎯⎯⎯⎯⎯⎯⎯[20/24]⎯

 FAIL  tests/unit/dal/user.dal.test.ts > UserDal > toggleActive > toggles isActive from false to true
TypeError: (intermediate value) is not iterable
 ❯ UserDal.toggleActive dal/user.dal.ts:254:20
    252|    */
    253|   async toggleActive(id: string): Promise<undefined | User[]> {
    254|     const [user] = await db.select().from(users).where(eq(users.id, id…
       |                    ^
    255|
    256|     if (!user) return undefined;
 ❯ tests/unit/dal/user.dal.test.ts:732:22

⎯⎯⎯⎯⎯⎯⎯⎯⎯⎯⎯⎯⎯⎯⎯⎯⎯⎯⎯⎯⎯⎯[21/24]⎯

 FAIL  tests/unit/dal/user.dal.test.ts > UserDal > toggleActive > toggles isActive from true to false
TypeError: (intermediate value) is not iterable
 ❯ UserDal.toggleActive dal/user.dal.ts:254:20
    252|    */
    253|   async toggleActive(id: string): Promise<undefined | User[]> {
    254|     const [user] = await db.select().from(users).where(eq(users.id, id…
       |                    ^
    255|
    256|     if (!user) return undefined;
 ❯ tests/unit/dal/user.dal.test.ts:757:22

⎯⎯⎯⎯⎯⎯⎯⎯⎯⎯⎯⎯⎯⎯⎯⎯⎯⎯⎯⎯⎯⎯[22/24]⎯

 FAIL  tests/unit/dal/user.dal.test.ts > UserDal > toggleActive > returns undefined when user not found
TypeError: (intermediate value) is not iterable
 ❯ UserDal.toggleActive dal/user.dal.ts:254:20
    252|    */
    253|   async toggleActive(id: string): Promise<undefined | User[]> {
    254|     const [user] = await db.select().from(users).where(eq(users.id, id…
       |                    ^
    255|
    256|     if (!user) return undefined;
 ❯ tests/unit/dal/user.dal.test.ts:768:22

⎯⎯⎯⎯⎯⎯⎯⎯⎯⎯⎯⎯⎯⎯⎯⎯⎯⎯⎯⎯⎯⎯[23/24]⎯

 FAIL  tests/unit/lib/encryption.test.ts > Encryption Module > Performance and stress tests > encrypts and decrypts quickly
AssertionError: expected 121.93499999999949 to be less than 100
 ❯ tests/unit/lib/encryption.test.ts:339:23
    337|
    338|       // Should complete in reasonable time (< 100ms each on modern ha…
    339|       expect(encTime).toBeLessThan(100);
       |                       ^
    340|       expect(decTime).toBeLessThan(100);
    341|     });

⎯⎯⎯⎯⎯⎯⎯⎯⎯⎯⎯⎯⎯⎯⎯⎯⎯⎯⎯⎯⎯⎯[24/24]⎯


 Test Files  4 failed | 74 passed (78)
      Tests  24 failed | 455 passed (479)
   Start at  12:28:08
   Duration  70.35s (transform 8.29s, setup 105.50s, import 86.34s, tests 77.79s, environment 118.50s)

error: script "test:browser" exited with code 1
